[2026-09-29T21:01:44.795Z INFO  blacksilk_miner] mining on regtest at height 0 with 1 threads (light mode; prebuild On: on, 1 build threads)
[2026-09-29T21:01:45.983Z INFO  blacksilk_miner] RandomX key 087d6fd4efbc45eb: light context ready in 1.2s
[2026-09-29T21:01:47.182Z INFO  blacksilk_miner] found block 1 (reward 20.02716064 BLK, 0 txs)
[2026-09-29T21:01:48.586Z INFO  blacksilk_miner] found block 2 (reward 20.02714154 BLK, 0 txs)
[2026-09-29T21:01:49.885Z INFO  blacksilk_miner] found block 3 (reward 20.02712244 BLK, 0 txs)
[2026-09-29T21:01:51.112Z INFO  blacksilk_miner] found block 4 (reward 20.02710334 BLK, 0 txs)
[2026-09-29T21:01:52.369Z INFO  blacksilk_miner] found block 5 (reward 20.02708424 BLK, 0 txs)
[2026-09-29T21:01:53.620Z INFO  blacksilk_miner] found block 6 (reward 20.02706514 BLK, 0 txs)
[2026-09-29T21:01:54.894Z INFO  blacksilk_miner] found block 7 (reward 20.02704604 BLK, 0 txs)
[2026-09-29T21:01:56.144Z INFO  blacksilk_miner] found block 8 (reward 20.02702694 BLK, 0 txs)
[2026-09-29T21:01:57.448Z INFO  blacksilk_miner] found block 9 (reward 20.02700784 BLK, 0 txs)
[2026-09-29T21:01:58.739Z INFO  blacksilk_miner] found block 10 (reward 20.02698875 BLK, 0 txs)
[2026-09-29T21:02:00.302Z INFO  blacksilk_miner] found block 11 (reward 20.02696965 BLK, 0 txs)
[2026-09-29T21:02:01.619Z INFO  blacksilk_miner] found block 12 (reward 20.02695055 BLK, 0 txs)
[2026-09-29T21:02:02.854Z INFO  blacksilk_miner] found block 13 (reward 20.02693145 BLK, 0 txs)
[2026-09-29T21:02:04.073Z INFO  blacksilk_miner] found block 14 (reward 20.02691235 BLK, 0 txs)
[2026-09-29T21:02:05.336Z INFO  blacksilk_miner] found block 15 (reward 20.02689325 BLK, 0 txs)
[2026-09-29T21:02:06.600Z INFO  blacksilk_miner] found block 16 (reward 20.02687415 BLK, 0 txs)
[2026-09-29T21:02:07.778Z INFO  blacksilk_miner] found block 17 (reward 20.02685505 BLK, 0 txs)
[2026-09-29T21:02:08.936Z INFO  blacksilk_miner] found block 18 (reward 20.02683595 BLK, 0 txs)
[2026-09-29T21:02:10.053Z INFO  blacksilk_miner] found block 19 (reward 20.02681685 BLK, 0 txs)
[2026-09-29T21:02:11.187Z INFO  blacksilk_miner] found block 20 (reward 20.02679775 BLK, 0 txs)
[2026-09-29T21:02:12.342Z INFO  blacksilk_miner] found block 21 (reward 20.02677866 BLK, 0 txs)
[2026-09-29T21:02:13.501Z INFO  blacksilk_miner] found block 22 (reward 20.02675956 BLK, 0 txs)
[2026-09-29T21:02:14.677Z INFO  blacksilk_miner] found block 23 (reward 20.02674046 BLK, 0 txs)
[2026-09-29T21:02:15.747Z INFO  blacksilk_miner] found block 24 (reward 20.02672136 BLK, 0 txs)
[2026-09-29T21:02:16.953Z INFO  blacksilk_miner] found block 25 (reward 20.02670226 BLK, 0 txs)
[2026-09-29T21:02:18.056Z INFO  blacksilk_miner] found block 26 (reward 20.02668316 BLK, 0 txs)
[2026-09-29T21:02:19.176Z INFO  blacksilk_miner] found block 27 (reward 20.02666406 BLK, 0 txs)
[2026-09-29T21:02:20.295Z INFO  blacksilk_miner] found block 28 (reward 20.02664496 BLK, 0 txs)
[2026-09-29T21:02:21.522Z INFO  blacksilk_miner] found block 29 (reward 20.02662586 BLK, 0 txs)
[2026-09-29T21:02:22.650Z INFO  blacksilk_miner] found block 30 (reward 20.02660676 BLK, 0 txs)
[2026-09-29T21:02:23.781Z INFO  blacksilk_miner] found block 31 (reward 20.02658767 BLK, 0 txs)
[2026-09-29T21:02:24.930Z INFO  blacksilk_miner] found block 32 (reward 20.02656857 BLK, 0 txs)
[2026-09-29T21:02:26.059Z INFO  blacksilk_miner] found block 33 (reward 20.02654947 BLK, 0 txs)
[2026-09-29T21:02:27.248Z INFO  blacksilk_miner] found block 34 (reward 20.02653037 BLK, 0 txs)
[2026-09-29T21:02:28.390Z INFO  blacksilk_miner] found block 35 (reward 20.02651127 BLK, 0 txs)
[2026-09-29T21:02:29.644Z INFO  blacksilk_miner] found block 36 (reward 20.02649217 BLK, 0 txs)
[2026-09-29T21:02:30.883Z INFO  blacksilk_miner] found block 37 (reward 20.02647307 BLK, 0 txs)
[2026-09-29T21:02:32.082Z INFO  blacksilk_miner] found block 38 (reward 20.02645397 BLK, 0 txs)
[2026-09-29T21:02:33.357Z INFO  blacksilk_miner] found block 39 (reward 20.02643488 BLK, 0 txs)
[2026-09-29T21:02:34.498Z INFO  blacksilk_miner] found block 40 (reward 20.02641578 BLK, 0 txs)
[2026-09-29T21:02:35.844Z INFO  blacksilk_miner] found block 41 (reward 20.02639668 BLK, 0 txs)
[2026-09-29T21:02:36.997Z INFO  blacksilk_miner] found block 42 (reward 20.02637758 BLK, 0 txs)
[2026-09-29T21:02:38.341Z INFO  blacksilk_miner] found block 43 (reward 20.02635848 BLK, 0 txs)
[2026-09-29T21:02:39.654Z INFO  blacksilk_miner] found block 44 (reward 20.02633938 BLK, 0 txs)
[2026-09-29T21:02:40.900Z INFO  blacksilk_miner] found block 45 (reward 20.02632028 BLK, 0 txs)
[2026-09-29T21:02:42.047Z INFO  blacksilk_miner] found block 46 (reward 20.02630119 BLK, 0 txs)
[2026-09-29T21:02:43.214Z INFO  blacksilk_miner] found block 47 (reward 20.02628209 BLK, 0 txs)
[2026-09-29T21:02:44.416Z INFO  blacksilk_miner] found block 48 (reward 20.02626299 BLK, 0 txs)
[2026-09-29T21:02:45.049Z INFO  blacksilk_miner] hash rate 0.8 H/s (light mode)
[2026-09-29T21:02:45.641Z INFO  blacksilk_miner] found block 49 (reward 20.02624389 BLK, 0 txs)
[2026-09-29T21:02:46.776Z INFO  blacksilk_miner] found block 50 (reward 20.02622479 BLK, 0 txs)
[2026-09-29T21:02:47.946Z INFO  blacksilk_miner] found block 51 (reward 20.02620569 BLK, 0 txs)
[2026-09-29T21:02:49.218Z INFO  blacksilk_miner] found block 52 (reward 20.02618659 BLK, 0 txs)
[2026-09-29T21:02:50.347Z INFO  blacksilk_miner] found block 53 (reward 20.02616750 BLK, 0 txs)
[2026-09-29T21:02:51.529Z INFO  blacksilk_miner] found block 54 (reward 20.02614840 BLK, 0 txs)
[2026-09-29T21:02:52.742Z INFO  blacksilk_miner] found block 55 (reward 20.02612930 BLK, 0 txs)
[2026-09-29T21:02:53.912Z INFO  blacksilk_miner] found block 56 (reward 20.02611020 BLK, 0 txs)
[2026-09-29T21:02:55.035Z INFO  blacksilk_miner] found block 57 (reward 20.02609110 BLK, 0 txs)
[2026-09-29T21:02:56.121Z INFO  blacksilk_miner] found block 58 (reward 20.02607200 BLK, 0 txs)
[2026-09-29T21:02:57.278Z INFO  blacksilk_miner] found block 59 (reward 20.02605291 BLK, 0 txs)
[2026-09-29T21:02:58.397Z INFO  blacksilk_miner] found block 60 (reward 20.02603381 BLK, 0 txs)
[2026-09-29T21:02:59.492Z INFO  blacksilk_miner] found block 61 (reward 20.02601471 BLK, 0 txs)
[2026-09-29T21:03:00.747Z INFO  blacksilk_miner] found block 62 (reward 20.02599561 BLK, 0 txs)
[2026-09-29T21:03:01.952Z INFO  blacksilk_miner] found block 63 (reward 20.02597651 BLK, 0 txs)
[2026-09-29T21:03:03.205Z INFO  blacksilk_miner] found block 64 (reward 20.02595741 BLK, 0 txs)
[2026-09-29T21:03:04.494Z INFO  blacksilk_miner] found block 65 (reward 20.02593832 BLK, 0 txs)
[2026-09-29T21:03:05.748Z INFO  blacksilk_miner] found block 66 (reward 20.02591922 BLK, 0 txs)
[2026-09-29T21:03:07.075Z INFO  blacksilk_miner] found block 67 (reward 20.02590012 BLK, 0 txs)
[2026-09-29T21:03:08.356Z INFO  blacksilk_miner] found block 68 (reward 20.02588102 BLK, 0 txs)
[2026-09-29T21:03:09.641Z INFO  blacksilk_miner] found block 69 (reward 20.02586192 BLK, 0 txs)
[2026-09-29T21:03:10.849Z INFO  blacksilk_miner] found block 70 (reward 20.02584282 BLK, 0 txs)
[2026-09-29T21:03:12.053Z INFO  blacksilk_miner] found block 71 (reward 20.02582373 BLK, 0 txs)
[2026-09-29T21:03:13.341Z INFO  blacksilk_miner] found block 72 (reward 20.02580463 BLK, 0 txs)
[2026-09-29T21:03:14.626Z INFO  blacksilk_miner] found block 73 (reward 20.02578553 BLK, 0 txs)
[2026-09-29T21:03:15.970Z INFO  blacksilk_miner] found block 74 (reward 20.02576643 BLK, 0 txs)
[2026-09-29T21:03:17.207Z INFO  blacksilk_miner] found block 75 (reward 20.02574733 BLK, 0 txs)
[2026-09-29T21:03:18.455Z INFO  blacksilk_miner] found block 76 (reward 20.02572824 BLK, 0 txs)
[2026-09-29T21:03:20.406Z INFO  blacksilk_miner] found block 77 (reward 20.02570914 BLK, 0 txs)
[2026-09-29T21:03:22.258Z INFO  blacksilk_miner] found block 78 (reward 20.02569004 BLK, 0 txs)
[2026-09-29T21:03:24.783Z INFO  blacksilk_miner] found block 79 (reward 20.02567094 BLK, 0 txs)
[2026-09-29T21:03:26.027Z INFO  blacksilk_miner] found block 80 (reward 20.02565184 BLK, 0 txs)
[2026-09-29T21:03:27.274Z INFO  blacksilk_miner] found block 81 (reward 20.02563275 BLK, 0 txs)
[2026-09-29T21:03:29.049Z INFO  blacksilk_miner] found block 82 (reward 20.02561365 BLK, 0 txs)
[2026-09-29T21:03:31.553Z INFO  blacksilk_miner] found block 83 (reward 20.02559455 BLK, 0 txs)
[2026-09-29T21:03:34.606Z INFO  blacksilk_miner] found block 84 (reward 20.02557545 BLK, 0 txs)
[2026-09-29T21:03:36.864Z INFO  blacksilk_miner] found block 85 (reward 20.02555635 BLK, 0 txs)
[2026-09-29T21:03:38.022Z INFO  blacksilk_miner] found block 86 (reward 20.02553726 BLK, 0 txs)
[2026-09-29T21:03:40.282Z INFO  blacksilk_miner] found block 87 (reward 20.02551816 BLK, 0 txs)
[2026-09-29T21:03:41.578Z INFO  blacksilk_miner] found block 88 (reward 20.02549906 BLK, 0 txs)
[2026-09-29T21:03:43.948Z INFO  blacksilk_miner] found block 89 (reward 20.02547996 BLK, 0 txs)
[2026-09-29T21:03:45.207Z INFO  blacksilk_miner] found block 90 (reward 20.02546087 BLK, 0 txs)
[2026-09-29T21:03:48.057Z INFO  blacksilk_miner] hash rate 1.0 H/s (light mode)
[2026-09-29T21:03:48.636Z INFO  blacksilk_miner] found block 91 (reward 20.02544177 BLK, 0 txs)
[2026-09-29T21:03:51.067Z INFO  blacksilk_miner] found block 92 (reward 20.02542267 BLK, 0 txs)
[2026-09-29T21:03:54.094Z INFO  blacksilk_miner] found block 93 (reward 20.02540357 BLK, 0 txs)
[2026-09-29T21:03:55.887Z INFO  blacksilk_miner] found block 94 (reward 20.02538447 BLK, 0 txs)
[2026-09-29T21:03:57.250Z INFO  blacksilk_miner] found block 95 (reward 20.02536538 BLK, 0 txs)
[2026-09-29T21:03:59.544Z INFO  blacksilk_miner] found block 96 (reward 20.02534628 BLK, 0 txs)
[2026-09-29T21:04:01.229Z INFO  blacksilk_miner] found block 97 (reward 20.02532718 BLK, 0 txs)
[2026-09-29T21:04:03.050Z INFO  blacksilk_miner] found block 98 (reward 20.02530808 BLK, 0 txs)
[2026-09-29T21:04:04.255Z INFO  blacksilk_miner] found block 99 (reward 20.02528899 BLK, 0 txs)
[2026-09-29T21:04:05.481Z INFO  blacksilk_miner] found block 100 (reward 20.02526989 BLK, 0 txs)
[2026-09-29T21:04:07.264Z INFO  blacksilk_miner] found block 101 (reward 20.02525079 BLK, 0 txs)
[2026-09-29T21:04:08.394Z INFO  blacksilk_miner] found block 102 (reward 20.02523169 BLK, 0 txs)
[2026-09-29T21:04:09.576Z INFO  blacksilk_miner] found block 103 (reward 20.02521260 BLK, 0 txs)
[2026-09-29T21:04:12.004Z INFO  blacksilk_miner] found block 104 (reward 20.02519350 BLK, 0 txs)
[2026-09-29T21:04:13.106Z INFO  blacksilk_miner] found block 105 (reward 20.02517440 BLK, 0 txs)
[2026-09-29T21:04:14.226Z INFO  blacksilk_miner] found block 106 (reward 20.02515530 BLK, 0 txs)
[2026-09-29T21:04:15.332Z INFO  blacksilk_miner] found block 107 (reward 20.02513621 BLK, 0 txs)
[2026-09-29T21:04:17.533Z INFO  blacksilk_miner] found block 108 (reward 20.02511711 BLK, 0 txs)
[2026-09-29T21:04:18.694Z INFO  blacksilk_miner] found block 109 (reward 20.02509801 BLK, 0 txs)
[2026-09-29T21:04:19.856Z INFO  blacksilk_miner] found block 110 (reward 20.02507891 BLK, 0 txs)
[2026-09-29T21:04:22.306Z INFO  blacksilk_miner] found block 111 (reward 20.02505982 BLK, 0 txs)
[2026-09-29T21:04:23.430Z INFO  blacksilk_miner] found block 112 (reward 20.02504072 BLK, 0 txs)
[2026-09-29T21:04:24.578Z INFO  blacksilk_miner] found block 113 (reward 20.02502162 BLK, 0 txs)
[2026-09-29T21:04:26.230Z INFO  blacksilk_miner] found block 114 (reward 20.02500252 BLK, 0 txs)
[2026-09-29T21:04:27.354Z INFO  blacksilk_miner] found block 115 (reward 20.02498343 BLK, 0 txs)
[2026-09-29T21:04:29.064Z INFO  blacksilk_miner] found block 116 (reward 20.02496433 BLK, 0 txs)
[2026-09-29T21:04:33.111Z INFO  blacksilk_miner] found block 117 (reward 20.02494523 BLK, 0 txs)
[2026-09-29T21:04:35.239Z INFO  blacksilk_miner] found block 118 (reward 20.02492613 BLK, 0 txs)
[2026-09-29T21:04:36.462Z INFO  blacksilk_miner] found block 119 (reward 20.02490704 BLK, 0 txs)
[2026-09-29T21:04:40.658Z INFO  blacksilk_miner] found block 120 (reward 20.02488794 BLK, 0 txs)
[2026-09-29T21:04:42.273Z INFO  blacksilk_miner] found block 121 (reward 20.02486884 BLK, 0 txs)
[2026-09-29T21:04:44.911Z INFO  blacksilk_miner] found block 122 (reward 20.02484975 BLK, 0 txs)
[2026-09-29T21:04:47.693Z INFO  blacksilk_miner] found block 123 (reward 20.02483065 BLK, 0 txs)
[2026-09-29T21:04:50.773Z INFO  blacksilk_miner] hash rate 1.2 H/s (light mode)
[2026-09-29T21:04:51.289Z INFO  blacksilk_miner] found block 124 (reward 20.02481155 BLK, 0 txs)
[2026-09-29T21:04:52.461Z INFO  blacksilk_miner] found block 125 (reward 20.02479245 BLK, 0 txs)
[2026-09-29T21:04:54.171Z INFO  blacksilk_miner] found block 126 (reward 20.02477336 BLK, 0 txs)
[2026-09-29T21:04:55.908Z INFO  blacksilk_miner] found block 127 (reward 20.02475426 BLK, 0 txs)
[2026-09-29T21:04:59.688Z INFO  blacksilk_miner] found block 128 (reward 20.02473516 BLK, 0 txs)
[2026-09-29T21:05:00.896Z INFO  blacksilk_miner] found block 129 (reward 20.02471607 BLK, 0 txs)
[2026-09-29T21:05:02.083Z INFO  blacksilk_miner] found block 130 (reward 20.02469697 BLK, 0 txs)
[2026-09-29T21:05:03.749Z INFO  blacksilk_miner] found block 131 (reward 20.02467787 BLK, 0 txs)
[2026-09-29T21:05:11.282Z INFO  blacksilk_miner] found block 132 (reward 20.02465877 BLK, 0 txs)
[2026-09-29T21:05:12.927Z INFO  blacksilk_miner] found block 133 (reward 20.02463968 BLK, 0 txs)
[2026-09-29T21:05:16.157Z INFO  blacksilk_miner] found block 134 (reward 20.02462058 BLK, 0 txs)
[2026-09-29T21:05:17.798Z INFO  blacksilk_miner] found block 135 (reward 20.02460148 BLK, 0 txs)
[2026-09-29T21:05:20.416Z INFO  blacksilk_miner] found block 136 (reward 20.02458239 BLK, 0 txs)
[2026-09-29T21:05:21.569Z INFO  blacksilk_miner] found block 137 (reward 20.02456329 BLK, 0 txs)
[2026-09-29T21:05:23.702Z INFO  blacksilk_miner] found block 138 (reward 20.02454419 BLK, 0 txs)
[2026-09-29T21:05:25.369Z INFO  blacksilk_miner] found block 139 (reward 20.02452510 BLK, 0 txs)
[2026-09-29T21:05:28.507Z INFO  blacksilk_miner] found block 140 (reward 20.02450600 BLK, 0 txs)
[2026-09-29T21:05:29.678Z INFO  blacksilk_miner] found block 141 (reward 20.02448690 BLK, 0 txs)
[2026-09-29T21:05:33.845Z INFO  blacksilk_miner] found block 142 (reward 20.02446781 BLK, 0 txs)
[2026-09-29T21:05:34.999Z INFO  blacksilk_miner] found block 143 (reward 20.02444871 BLK, 0 txs)
[2026-09-29T21:05:36.133Z INFO  blacksilk_miner] found block 144 (reward 20.02442961 BLK, 0 txs)
[2026-09-29T21:05:37.252Z INFO  blacksilk_miner] found block 145 (reward 20.02441052 BLK, 0 txs)
[2026-09-29T21:05:39.363Z INFO  blacksilk_miner] found block 146 (reward 20.02439142 BLK, 0 txs)
[2026-09-29T21:05:41.098Z INFO  blacksilk_miner] found block 147 (reward 20.02437232 BLK, 0 txs)
[2026-09-29T21:05:46.802Z INFO  blacksilk_miner] found block 148 (reward 20.02435322 BLK, 0 txs)
[2026-09-29T21:05:51.875Z INFO  blacksilk_miner] hash rate 1.4 H/s (light mode)
[2026-09-29T21:05:52.952Z INFO  blacksilk_miner] found block 149 (reward 20.02433413 BLK, 0 txs)
[2026-09-29T21:05:59.157Z INFO  blacksilk_miner] found block 150 (reward 20.02431503 BLK, 0 txs)
[2026-09-29T21:06:00.832Z INFO  blacksilk_miner] found block 151 (reward 20.02429593 BLK, 0 txs)
[2026-09-29T21:06:01.961Z INFO  blacksilk_miner] found block 152 (reward 20.02427684 BLK, 0 txs)
[2026-09-29T21:06:03.093Z INFO  blacksilk_miner] found block 153 (reward 20.02425774 BLK, 0 txs)
[2026-09-29T21:06:14.863Z INFO  blacksilk_miner] found block 154 (reward 20.02423864 BLK, 0 txs)
[2026-09-29T21:06:17.003Z INFO  blacksilk_miner] found block 155 (reward 20.02421955 BLK, 0 txs)
[2026-09-29T21:06:22.730Z INFO  blacksilk_miner] found block 156 (reward 20.02420045 BLK, 0 txs)
[2026-09-29T21:06:24.866Z INFO  blacksilk_miner] found block 157 (reward 20.02418136 BLK, 0 txs)
[2026-09-29T21:06:26.066Z INFO  blacksilk_miner] found block 158 (reward 20.02416226 BLK, 0 txs)
[2026-09-29T21:06:31.386Z INFO  blacksilk_miner] found block 159 (reward 20.02414316 BLK, 0 txs)
[2026-09-29T21:06:33.098Z INFO  blacksilk_miner] found block 160 (reward 20.02412407 BLK, 0 txs)
[2026-09-29T21:06:38.992Z INFO  blacksilk_miner] found block 161 (reward 20.02410497 BLK, 0 txs)
[2026-09-29T21:06:45.818Z INFO  blacksilk_miner] found block 162 (reward 20.02408587 BLK, 0 txs)
[2026-09-29T21:06:52.428Z INFO  blacksilk_miner] hash rate 1.7 H/s (light mode)
[2026-09-29T21:06:52.960Z INFO  blacksilk_miner] found block 163 (reward 20.02406678 BLK, 0 txs)
[2026-09-29T21:06:56.186Z INFO  blacksilk_miner] found block 164 (reward 20.02404768 BLK, 0 txs)
[2026-09-29T21:07:04.008Z INFO  blacksilk_miner] found block 165 (reward 20.02402858 BLK, 0 txs)
[2026-09-29T21:07:05.666Z INFO  blacksilk_miner] found block 166 (reward 20.02400949 BLK, 0 txs)
[2026-09-29T21:07:06.829Z INFO  blacksilk_miner] found block 167 (reward 20.02399039 BLK, 0 txs)
[2026-09-29T21:07:11.813Z INFO  blacksilk_miner] found block 168 (reward 20.02397129 BLK, 0 txs)
[2026-09-29T21:07:17.277Z INFO  blacksilk_miner] found block 169 (reward 20.02395220 BLK, 0 txs)
[2026-09-29T21:07:25.388Z INFO  blacksilk_miner] found block 170 (reward 20.02393310 BLK, 0 txs)
[2026-09-29T21:07:28.987Z INFO  blacksilk_miner] found block 171 (reward 20.02391401 BLK, 0 txs)
[2026-09-29T21:07:30.678Z INFO  blacksilk_miner] found block 172 (reward 20.02389491 BLK, 0 txs)
[2026-09-29T21:07:31.811Z INFO  blacksilk_miner] found block 173 (reward 20.02387581 BLK, 0 txs)
[2026-09-29T21:07:36.459Z INFO  blacksilk_miner] found block 174 (reward 20.02385672 BLK, 0 txs)
[2026-09-29T21:07:45.305Z INFO  blacksilk_miner] found block 175 (reward 20.02383762 BLK, 0 txs)
[2026-09-29T21:07:46.563Z INFO  blacksilk_miner] found block 176 (reward 20.02381852 BLK, 0 txs)
[2026-09-29T21:07:49.317Z INFO  blacksilk_miner] found block 177 (reward 20.02379943 BLK, 0 txs)
[2026-09-29T21:07:50.447Z INFO  blacksilk_miner] found block 178 (reward 20.02378033 BLK, 0 txs)
[2026-09-29T21:07:55.613Z INFO  blacksilk_miner] hash rate 1.6 H/s (light mode)
[2026-09-29T21:08:00.064Z INFO  blacksilk_miner] found block 179 (reward 20.02376124 BLK, 0 txs)
[2026-09-29T21:08:07.209Z INFO  blacksilk_miner] found block 180 (reward 20.02374214 BLK, 0 txs)
[2026-09-29T21:08:09.368Z INFO  blacksilk_miner] found block 181 (reward 20.02372304 BLK, 0 txs)
[2026-09-29T21:08:12.026Z INFO  blacksilk_miner] found block 182 (reward 20.02370395 BLK, 0 txs)
[2026-09-29T21:08:17.228Z INFO  blacksilk_miner] found block 183 (reward 20.02368485 BLK, 0 txs)
[2026-09-29T21:08:20.479Z INFO  blacksilk_miner] found block 184 (reward 20.02366575 BLK, 0 txs)
[2026-09-29T21:08:34.072Z INFO  blacksilk_miner] found block 185 (reward 20.02364666 BLK, 0 txs)
[2026-09-29T21:08:38.715Z INFO  blacksilk_miner] found block 186 (reward 20.02362756 BLK, 0 txs)
[2026-09-29T21:08:40.374Z INFO  blacksilk_miner] found block 187 (reward 20.02360847 BLK, 0 txs)
[2026-09-29T21:08:53.989Z INFO  blacksilk_miner] found block 188 (reward 20.02358937 BLK, 0 txs)
[2026-09-29T21:08:56.092Z INFO  blacksilk_miner] hash rate 1.8 H/s (light mode)
[2026-09-29T21:08:56.620Z INFO  blacksilk_miner] found block 189 (reward 20.02357027 BLK, 0 txs)
[2026-09-29T21:08:59.231Z INFO  blacksilk_miner] found block 190 (reward 20.02355118 BLK, 0 txs)
[2026-09-29T21:09:00.870Z INFO  blacksilk_miner] found block 191 (reward 20.02353208 BLK, 0 txs)
[2026-09-29T21:09:13.985Z INFO  blacksilk_miner] found block 192 (reward 20.02351299 BLK, 0 txs)
[2026-09-29T21:09:15.561Z INFO  blacksilk_miner] found block 193 (reward 20.02349389 BLK, 0 txs)
[2026-09-29T21:09:37.309Z INFO  blacksilk_miner] found block 194 (reward 20.02347479 BLK, 0 txs)
[2026-09-29T21:09:39.981Z INFO  blacksilk_miner] found block 195 (reward 20.02345570 BLK, 0 txs)
[2026-09-29T21:09:56.307Z INFO  blacksilk_miner] found block 196 (reward 20.02343660 BLK, 0 txs)
[2026-09-29T21:09:58.989Z INFO  blacksilk_miner] hash rate 1.8 H/s (light mode)
[2026-09-29T21:09:59.482Z INFO  blacksilk_miner] found block 197 (reward 20.02341751 BLK, 0 txs)
[2026-09-29T21:10:17.307Z INFO  blacksilk_miner] found block 198 (reward 20.02339841 BLK, 0 txs)
[2026-09-29T21:10:24.233Z INFO  blacksilk_miner] found block 199 (reward 20.02337932 BLK, 0 txs)
[2026-09-29T21:10:30.586Z INFO  blacksilk_miner] found block 200 (reward 20.02336022 BLK, 0 txs)
[2026-09-29T21:10:57.571Z INFO  blacksilk_miner] found block 201 (reward 20.02334112 BLK, 0 txs)
[2026-09-29T21:11:02.682Z INFO  blacksilk_miner] hash rate 1.9 H/s (light mode)
[2026-09-29T21:11:09.274Z INFO  blacksilk_miner] found block 202 (reward 20.02332203 BLK, 0 txs)
[2026-09-29T21:11:13.435Z INFO  blacksilk_miner] found block 203 (reward 20.02330293 BLK, 0 txs)
[2026-09-29T21:11:18.536Z INFO  blacksilk_miner] found block 204 (reward 20.02328384 BLK, 0 txs)
[2026-09-29T21:11:23.137Z INFO  blacksilk_miner] found block 205 (reward 20.02326474 BLK, 0 txs)
[2026-09-29T21:11:35.442Z INFO  blacksilk_miner] found block 206 (reward 20.02324565 BLK, 0 txs)
[2026-09-29T21:11:39.348Z INFO  blacksilk_miner] found block 207 (reward 20.02322655 BLK, 0 txs)
[2026-09-29T21:11:47.481Z INFO  blacksilk_miner] found block 208 (reward 20.02320745 BLK, 0 txs)
[2026-09-29T21:11:52.077Z INFO  blacksilk_miner] new tip at height 209: work on template 209 abandoned after 4.6s
[2026-09-29T21:11:58.497Z INFO  blacksilk_miner] new tip at height 210: work on template 210 abandoned after 1.1s
[2026-09-29T21:11:59.552Z INFO  blacksilk_miner] found block 211 (reward 20.02315017 BLK, 0 txs)
[2026-09-29T21:12:04.778Z INFO  blacksilk_miner] hash rate 1.8 H/s (light mode)
[2026-09-29T21:12:15.889Z INFO  blacksilk_miner] found block 212 (reward 20.02313107 BLK, 0 txs)
[2026-09-29T21:12:17.555Z INFO  blacksilk_miner] found block 213 (reward 20.02311198 BLK, 0 txs)
[2026-09-29T21:12:26.255Z INFO  blacksilk_miner] found block 214 (reward 20.02309288 BLK, 0 txs); not on the node's best chain
[2026-09-29T21:12:27.963Z INFO  blacksilk_miner] new tip at height 215: work on template 215 abandoned after 1.7s
[2026-09-29T21:12:29.613Z INFO  blacksilk_miner] new tip at height 216: work on template 216 abandoned after 1.6s
[2026-09-29T21:12:33.872Z INFO  blacksilk_miner] new tip at height 217: work on template 217 abandoned after 4.3s
[2026-09-29T21:12:37.061Z INFO  blacksilk_miner] found block 218 (reward 20.02301650 BLK, 0 txs)
[2026-09-29T21:12:43.116Z INFO  blacksilk_miner] found block 219 (reward 20.02299740 BLK, 0 txs)
[2026-09-29T21:12:45.841Z INFO  blacksilk_miner] found block 220 (reward 20.02297831 BLK, 0 txs)
[2026-09-29T21:12:47.015Z INFO  blacksilk_miner] found block 221 (reward 20.02295921 BLK, 0 txs)
[2026-09-29T21:12:52.376Z INFO  blacksilk_miner] found block 222 (reward 20.02294012 BLK, 0 txs)
[2026-09-29T21:13:00.517Z INFO  blacksilk_miner] found block 223 (reward 20.02326562 BLK, 1 txs)
[2026-09-29T21:13:01.734Z INFO  blacksilk_miner] found block 224 (reward 20.02290193 BLK, 0 txs)
[2026-09-29T21:13:03.929Z INFO  blacksilk_miner] found block 225 (reward 20.02288283 BLK, 0 txs)
[2026-09-29T21:13:07.294Z INFO  blacksilk_miner] hash rate 1.7 H/s (light mode)
[2026-09-29T21:13:07.294Z INFO  blacksilk_miner] new tip at height 226: work on template 226 abandoned after 3.4s
[2026-09-29T21:13:09.007Z INFO  blacksilk_miner] new tip at height 227: work on template 227 abandoned after 1.7s
[2026-09-29T21:13:12.121Z INFO  blacksilk_miner] found block 228 (reward 20.02282555 BLK, 0 txs)
[2026-09-29T21:13:13.793Z INFO  blacksilk_miner] found block 229 (reward 20.02280645 BLK, 0 txs)
[2026-09-29T21:13:20.338Z INFO  blacksilk_miner] new tip at height 230: work on template 230 abandoned after 1.1s
[2026-09-29T21:13:23.545Z INFO  blacksilk_miner] found block 231 (reward 20.02276826 BLK, 0 txs)
[2026-09-29T21:13:25.868Z INFO  blacksilk_miner] found block 232 (reward 20.02274916 BLK, 0 txs)
[2026-09-29T21:13:29.213Z INFO  blacksilk_miner] new tip at height 233: work on template 233 abandoned after 3.3s
[2026-09-29T21:13:31.501Z INFO  blacksilk_miner] new tip at height 234: work on template 234 abandoned after 2.3s
[2026-09-29T21:13:38.942Z INFO  blacksilk_miner] found block 235 (reward 20.02269188 BLK, 0 txs)
[2026-09-29T21:13:42.797Z INFO  blacksilk_miner] found block 236 (reward 20.02267278 BLK, 0 txs)
[2026-09-29T21:14:04.746Z INFO  blacksilk_miner] new tip at height 237: work on template 237 abandoned after 620.6ms
[2026-09-29T21:14:10.153Z INFO  blacksilk_miner] hash rate 1.7 H/s (light mode)
[2026-09-29T21:14:11.369Z INFO  blacksilk_miner] new tip at height 238: work on template 238 abandoned after 1.2s
[2026-09-29T21:14:12.563Z INFO  blacksilk_miner] new tip at height 239: work on template 239 abandoned after 1.2s
[2026-09-29T21:14:13.729Z INFO  blacksilk_miner] new tip at height 240: work on template 240 abandoned after 1.2s
[2026-09-29T21:14:14.856Z INFO  blacksilk_miner] new tip at height 241: work on template 241 abandoned after 1.1s
[2026-09-29T21:14:23.507Z INFO  blacksilk_miner] new tip at height 242: work on template 242 abandoned after 3.3s
[2026-09-29T21:14:24.775Z INFO  blacksilk_miner] new tip at height 243: work on template 243 abandoned after 1.3s
[2026-09-29T21:14:29.724Z INFO  blacksilk_miner] new tip at height 244: work on template 244 abandoned after 4.9s
[2026-09-29T21:14:33.953Z INFO  blacksilk_miner] found block 245 (reward 20.02250093 BLK, 0 txs)
[2026-09-29T21:14:37.933Z INFO  blacksilk_miner] new tip at height 246: work on template 246 abandoned after 4.0s
[2026-09-29T21:14:39.681Z INFO  blacksilk_miner] new tip at height 247: work on template 247 abandoned after 1.7s
[2026-09-29T21:14:42.423Z INFO  blacksilk_miner] new tip at height 248: work on template 248 abandoned after 2.7s
[2026-09-29T21:14:54.499Z INFO  blacksilk_miner] found block 249 (reward 20.02242455 BLK, 0 txs)
[2026-09-29T21:15:10.026Z INFO  blacksilk_miner] found block 250 (reward 20.02240545 BLK, 0 txs)
[2026-09-29T21:15:15.538Z INFO  blacksilk_miner] hash rate 1.8 H/s (light mode)
[2026-09-29T21:15:30.989Z INFO  blacksilk_miner] new tip at height 251: work on template 251 abandoned after 4.6s
[2026-09-29T21:15:34.994Z INFO  blacksilk_miner] found block 252 (reward 20.02236726 BLK, 0 txs); not on the node's best chain
[2026-09-29T21:15:54.289Z INFO  blacksilk_miner] found block 253 (reward 20.02234817 BLK, 0 txs)
[2026-09-29T21:16:01.302Z INFO  blacksilk_miner] new tip at height 254: work on template 254 abandoned after 1.8s
[2026-09-29T21:16:06.077Z INFO  blacksilk_miner] found block 255 (reward 20.02230998 BLK, 0 txs)
[2026-09-29T21:16:12.523Z INFO  blacksilk_miner] found block 256 (reward 20.02263549 BLK, 1 txs)
[2026-09-29T21:16:17.954Z INFO  blacksilk_miner] hash rate 1.7 H/s (light mode)
[2026-09-29T21:16:31.093Z INFO  blacksilk_miner] found block 257 (reward 20.02227179 BLK, 0 txs)
[2026-09-29T21:16:32.856Z INFO  blacksilk_miner] found block 258 (reward 20.02225270 BLK, 0 txs)
[2026-09-29T21:16:39.488Z INFO  blacksilk_miner] found block 259 (reward 20.02223360 BLK, 0 txs)
[2026-09-29T21:16:41.219Z INFO  blacksilk_miner] found block 260 (reward 20.02221451 BLK, 0 txs)
[2026-09-29T21:16:45.558Z INFO  blacksilk_miner] found block 261 (reward 20.02219541 BLK, 0 txs)
[2026-09-29T21:16:55.855Z INFO  blacksilk_miner] found block 262 (reward 20.02217632 BLK, 0 txs)
[2026-09-29T21:16:58.167Z INFO  blacksilk_miner] found block 263 (reward 20.02215722 BLK, 0 txs)
[2026-09-29T21:17:08.334Z INFO  blacksilk_miner] found block 264 (reward 20.02248273 BLK, 1 txs)
[2026-09-29T21:17:19.049Z INFO  blacksilk_miner] hash rate 1.7 H/s (light mode)
[2026-09-29T21:17:22.250Z INFO  blacksilk_miner] found block 265 (reward 20.02211903 BLK, 0 txs)
[2026-09-29T21:17:30.424Z INFO  blacksilk_miner] found block 266 (reward 20.02209994 BLK, 0 txs)
[2026-09-29T21:17:46.591Z INFO  blacksilk_miner] found block 267 (reward 20.02208084 BLK, 0 txs)
[2026-09-29T21:18:10.794Z INFO  blacksilk_miner] new tip at height 269: work on template 269 abandoned after 2.8s
[2026-09-29T21:18:21.066Z INFO  blacksilk_miner] hash rate 1.8 H/s (light mode)
[2026-09-29T21:18:21.066Z INFO  blacksilk_miner] new tip at height 270: work on template 270 abandoned after 5.1s
[2026-09-29T21:18:23.301Z INFO  blacksilk_miner] new tip at height 271: work on template 271 abandoned after 2.2s
[2026-09-29T21:18:34.050Z INFO  blacksilk_miner] found block 272 (reward 20.02232997 BLK, 1 txs)
[2026-09-29T21:19:16.163Z INFO  blacksilk_miner] found block 273 (reward 20.02231088 BLK, 1 txs)
[2026-09-29T21:19:21.488Z INFO  blacksilk_miner] hash rate 1.8 H/s (light mode)
[2026-09-29T21:20:12.723Z INFO  blacksilk_miner] found block 274 (reward 20.02263638 BLK, 2 txs)
[2026-09-29T21:20:23.395Z INFO  blacksilk_miner] hash rate 1.9 H/s (light mode)
[2026-09-29T21:20:26.718Z INFO  blacksilk_miner] found block 275 (reward 20.02192809 BLK, 0 txs)
[2026-09-29T21:20:30.942Z INFO  blacksilk_miner] found block 276 (reward 20.02190899 BLK, 0 txs)
[2026-09-29T21:20:43.672Z INFO  blacksilk_miner] found block 277 (reward 20.02188990 BLK, 0 txs)
[2026-09-29T21:20:52.262Z INFO  blacksilk_miner] found block 278 (reward 20.02187081 BLK, 0 txs)
[2026-09-29T21:20:58.084Z INFO  blacksilk_miner] found block 279 (reward 20.02185171 BLK, 0 txs)
[2026-09-29T21:21:04.850Z INFO  blacksilk_miner] found block 280 (reward 20.02183262 BLK, 0 txs)
[2026-09-29T21:21:25.590Z INFO  blacksilk_miner] hash rate 1.7 H/s (light mode)
[2026-09-29T21:21:37.234Z INFO  blacksilk_miner] found block 281 (reward 20.02181352 BLK, 0 txs)
[2026-09-29T21:21:46.358Z INFO  blacksilk_miner] found block 282 (reward 20.02179443 BLK, 0 txs)
[2026-09-29T21:21:52.540Z INFO  blacksilk_miner] new tip at height 283: work on template 283 abandoned after 521.8ms
[2026-09-29T21:21:55.273Z INFO  blacksilk_miner] new tip at height 284: work on template 284 abandoned after 2.7s
[2026-09-29T21:21:58.016Z INFO  blacksilk_miner] found block 285 (reward 20.02173715 BLK, 0 txs)
[2026-09-29T21:22:05.117Z INFO  blacksilk_miner] new tip at height 286: work on template 286 abandoned after 1.7s
[2026-09-29T21:22:09.951Z INFO  blacksilk_miner] new tip at height 287: work on template 287 abandoned after 4.8s
[2026-09-29T21:22:17.306Z INFO  blacksilk_miner] new tip at height 288: work on template 288 abandoned after 1.8s
[2026-09-29T21:22:27.970Z INFO  blacksilk_miner] hash rate 1.7 H/s (light mode)
[2026-09-29T21:22:28.480Z INFO  blacksilk_miner] new tip at height 289: work on template 289 abandoned after 509.2ms
[2026-09-29T21:22:33.324Z INFO  blacksilk_miner] new tip at height 290: work on template 290 abandoned after 4.8s
[2026-09-29T21:22:44.677Z INFO  blacksilk_miner] found block 291 (reward 20.02162258 BLK, 0 txs)
[2026-09-29T21:22:48.032Z INFO  blacksilk_miner] new tip at height 292: work on template 292 abandoned after 3.4s
[2026-09-29T21:23:05.257Z INFO  blacksilk_miner] new tip at height 293: work on template 293 abandoned after 1.2s
[2026-09-29T21:23:21.656Z INFO  blacksilk_miner] new tip at height 294: work on template 294 abandoned after 643.0ms
[2026-09-29T21:23:23.418Z INFO  blacksilk_miner] found block 295 (reward 20.02154620 BLK, 0 txs)
[2026-09-29T21:23:28.629Z INFO  blacksilk_miner] hash rate 1.8 H/s (light mode)
[2026-09-29T21:23:34.944Z INFO  blacksilk_miner] found block 296 (reward 20.02152711 BLK, 0 txs)
[2026-09-29T21:23:40.799Z INFO  blacksilk_miner] found block 297 (reward 20.02150802 BLK, 0 txs)
[2026-09-29T21:23:50.794Z INFO  blacksilk_miner] found block 298 (reward 20.02148892 BLK, 0 txs)
[2026-09-29T21:23:56.479Z INFO  blacksilk_miner] found block 299 (reward 20.02146983 BLK, 0 txs)
[2026-09-29T21:23:58.289Z INFO  blacksilk_miner] found block 300 (reward 20.02145073 BLK, 0 txs)
[2026-09-29T21:24:01.581Z INFO  blacksilk_miner] found block 301 (reward 20.02143164 BLK, 0 txs)
[2026-09-29T21:24:03.415Z INFO  blacksilk_miner] found block 302 (reward 20.02141255 BLK, 0 txs)
[2026-09-29T21:24:08.801Z INFO  blacksilk_miner] found block 303 (reward 20.02139345 BLK, 0 txs)
[2026-09-29T21:24:28.767Z INFO  blacksilk_miner] found block 304 (reward 20.02171896 BLK, 1 txs)
[2026-09-29T21:24:32.688Z INFO  blacksilk_miner] hash rate 1.6 H/s (light mode)
[2026-09-29T21:24:33.200Z INFO  blacksilk_miner] found block 305 (reward 20.02135526 BLK, 0 txs)
[2026-09-29T21:24:41.514Z INFO  blacksilk_miner] new tip at height 306: work on template 306 abandoned after 2.8s
[2026-09-29T21:24:47.439Z INFO  blacksilk_miner] new tip at height 307: work on template 307 abandoned after 595.4ms
[2026-09-29T21:25:12.945Z INFO  blacksilk_miner] found block 309 (reward 20.02127889 BLK, 0 txs)
[2026-09-29T21:25:20.754Z INFO  blacksilk_miner] found block 310 (reward 20.02160440 BLK, 1 txs)
[2026-09-29T21:25:27.301Z INFO  blacksilk_miner] found block 311 (reward 20.02124070 BLK, 0 txs)
[2026-09-29T21:25:32.270Z INFO  blacksilk_miner] new tip at height 312: work on template 312 abandoned after 5.0s
[2026-09-29T21:25:34.442Z INFO  blacksilk_miner] hash rate 1.8 H/s (light mode)
[2026-09-29T21:25:35.005Z INFO  blacksilk_miner] found block 313 (reward 20.02120251 BLK, 0 txs)
[2026-09-29T21:25:37.874Z INFO  blacksilk_miner] found block 314 (reward 20.02118342 BLK, 0 txs)
[2026-09-29T21:25:40.611Z INFO  blacksilk_miner] found block 315 (reward 20.02116433 BLK, 0 txs)
[2026-09-29T21:26:05.726Z INFO  blacksilk_miner] new tip at height 316: work on template 316 abandoned after 3.3s
[2026-09-29T21:26:07.344Z INFO  blacksilk_miner] found block 317 (reward 20.02112614 BLK, 0 txs)
[2026-09-29T21:26:11.283Z INFO  blacksilk_miner] new tip at height 318: work on template 318 abandoned after 3.9s
[2026-09-29T21:26:23.544Z INFO  blacksilk_miner] new tip at height 319: work on template 319 abandoned after 1.7s
[2026-09-29T21:26:31.344Z INFO  blacksilk_miner] new tip at height 320: work on template 320 abandoned after 2.3s
[2026-09-29T21:26:36.659Z INFO  blacksilk_miner] hash rate 1.8 H/s (light mode)
[2026-09-29T21:26:50.359Z INFO  blacksilk_miner] found block 321 (reward 20.02104976 BLK, 0 txs)
[2026-09-29T21:26:53.656Z INFO  blacksilk_miner] new tip at height 322: work on template 322 abandoned after 3.3s
[2026-09-29T21:26:58.043Z INFO  blacksilk_miner] new tip at height 323: work on template 323 abandoned after 4.4s
[2026-09-29T21:27:00.964Z INFO  blacksilk_miner] new tip at height 324: work on template 324 abandoned after 2.9s
[2026-09-29T21:27:07.388Z INFO  blacksilk_miner] new tip at height 325: work on template 325 abandoned after 1.2s
[2026-09-29T21:27:37.164Z INFO  blacksilk_miner] hash rate 1.9 H/s (light mode)
[2026-09-29T21:27:37.164Z INFO  blacksilk_miner] new tip at height 326: work on template 326 abandoned after 3.4s
[2026-09-29T21:27:41.510Z INFO  blacksilk_miner] new tip at height 327: work on template 327 abandoned after 4.3s
