[2026-09-29T21:01:44.573Z INFO  blacksilk_node] blacksilk-node 0.1.0 commit 64d89d4a17e8abaa060c1146ea30a492c373f1c9
[2026-09-29T21:01:44.573Z INFO  blacksilk_node] regtest: genesis 087d6fd4efbc45eb0a895dd0680a7fd305208cae239b1b4275d7148b29a569b7, consensus fingerprint 5fb8ef8f74efa7631e2d9aa5f809fc0d9ab9273fdc54d45e5aad73f889c5e72b
[2026-09-29T21:01:44.573Z INFO  blacksilk_node] regtest: loading C:/bszkeval/w4-lab-scratch/run1\node0
[2026-09-29T21:01:44.578Z INFO  blacksilk_node] chain loaded in 5.0ms: height 0, tip 087d6fd4efbc45eb
[2026-09-29T21:01:44.582Z INFO  blacksilk_node] P2P listening on 127.0.0.1:51001
[2026-09-29T21:01:44.582Z INFO  blacksilk_node] RPC listening on http://127.0.0.1:51000
[2026-09-29T21:01:44.601Z WARN  blacksilk_node::cookie] the data directory C:/bszkeval/w4-lab-scratch/run1\node0 is outside your user profile: on Windows the RPC cookie is protected only by that directory's permissions; make sure other users cannot read it
[2026-09-29T21:01:44.603Z INFO  blacksilk_node::serve] RPC credential written to C:/bszkeval/w4-lab-scratch/run1\node0\rpc.cookie (clients read it: --rpc-cookie)
[2026-09-29T21:01:44.817Z INFO  blacksilk_chain::manager::template] caught up at height 0: block templates are served from now on
[2026-09-29T21:01:44.949Z INFO  blacksilk_p2p::net::conn] connected inbound peer 127.0.0.1:9667 (height 0)
[2026-09-29T21:01:44.949Z INFO  blacksilk_p2p::net::conn] connected inbound peer 127.0.0.1:9678 (height 0)
[2026-09-29T21:01:44.980Z INFO  blacksilk_p2p::net::conn] connected outbound peer 127.0.0.1:53001 (height 0)
[2026-09-29T21:01:44.981Z DEBUG blacksilk_p2p::net::addr_relay] peer 3: addr with 1 entries
[2026-09-29T21:01:44.981Z INFO  blacksilk_p2p::net::conn] connected outbound peer 127.0.0.1:53002 (height 0)
[2026-09-29T21:01:44.981Z DEBUG blacksilk_p2p::net::addr_relay] peer 4: addr with 1 entries
[2026-09-29T21:01:45.004Z DEBUG blacksilk_p2p::net::addr_relay] peer 1: getaddr answered with 4 addresses
[2026-09-29T21:01:45.004Z DEBUG blacksilk_p2p::net::addr_relay] peer 1: addr with 1 entries
[2026-09-29T21:01:45.019Z DEBUG blacksilk_p2p::net::addr_relay] peer 2: getaddr answered with 4 addresses
[2026-09-29T21:01:45.019Z DEBUG blacksilk_p2p::net::addr_relay] peer 2: addr with 1 entries
[2026-09-29T21:01:45.035Z DEBUG blacksilk_p2p::net::addr_relay] peer 1: addr with 1 entries
[2026-09-29T21:01:45.035Z DEBUG blacksilk_p2p::net::addr_relay] peer 127.0.0.1:9667: 1 addresses over the rate limit dropped
[2026-09-29T21:01:45.035Z DEBUG blacksilk_p2p::net::addr_relay] peer 2: addr with 1 entries
[2026-09-29T21:01:45.035Z DEBUG blacksilk_p2p::net::addr_relay] peer 127.0.0.1:9678: 1 addresses over the rate limit dropped
[2026-09-29T21:01:45.056Z DEBUG blacksilk_p2p::net::addr_relay] peer 4: addr with 4 entries
[2026-09-29T21:01:45.056Z DEBUG blacksilk_p2p::net::addr_relay] peer 4: addr with 1 entries
[2026-09-29T21:01:45.056Z DEBUG blacksilk_p2p::net::addr_relay] peer 3: addr with 4 entries
[2026-09-29T21:01:45.056Z DEBUG blacksilk_p2p::net::addr_relay] peer 3: addr with 1 entries
[2026-09-29T21:01:45.056Z DEBUG blacksilk_p2p::net::addr_relay] peer 2: addr with 1 entries
[2026-09-29T21:01:45.056Z DEBUG blacksilk_p2p::net::addr_relay] peer 127.0.0.1:9678: 1 addresses over the rate limit dropped
[2026-09-29T21:01:45.056Z DEBUG blacksilk_p2p::net::addr_relay] peer 1: addr with 1 entries
[2026-09-29T21:01:45.056Z DEBUG blacksilk_p2p::net::addr_relay] peer 127.0.0.1:9667: 1 addresses over the rate limit dropped
[2026-09-29T21:01:47.181Z INFO  blacksilk_node] block a744844cbdc5bef3 at height 1 accepted (tip 1)
[2026-09-29T21:01:48.585Z INFO  blacksilk_node] block 3b62880d511432a6 at height 2 accepted (tip 2)
[2026-09-29T21:01:49.884Z INFO  blacksilk_node] block c2de5319111cac16 at height 3 accepted (tip 3)
[2026-09-29T21:01:51.112Z INFO  blacksilk_node] block a02d53e70c25158b at height 4 accepted (tip 4)
[2026-09-29T21:01:52.368Z INFO  blacksilk_node] block d558e1dd347e594a at height 5 accepted (tip 5)
[2026-09-29T21:01:53.620Z INFO  blacksilk_node] block 276e1ea42d311d73 at height 6 accepted (tip 6)
[2026-09-29T21:01:54.894Z INFO  blacksilk_node] block b7a9cc59c9c98fc5 at height 7 accepted (tip 7)
[2026-09-29T21:01:56.144Z INFO  blacksilk_node] block 73b5835e936c1067 at height 8 accepted (tip 8)
[2026-09-29T21:01:57.448Z INFO  blacksilk_node] block 744b06a6f591b35a at height 9 accepted (tip 9)
[2026-09-29T21:01:58.738Z INFO  blacksilk_node] block 6a955bd1cb5ec052 at height 10 accepted (tip 10)
[2026-09-29T21:02:00.302Z INFO  blacksilk_node] block b8374e5b2bdc9cb7 at height 11 accepted (tip 11)
[2026-09-29T21:02:01.619Z INFO  blacksilk_node] block 537fbc9d2267ed61 at height 12 accepted (tip 12)
[2026-09-29T21:02:02.854Z INFO  blacksilk_node] block 565170f1ad89cd3b at height 13 accepted (tip 13)
[2026-09-29T21:02:04.073Z INFO  blacksilk_node] block 26fa5989db777a1e at height 14 accepted (tip 14)
[2026-09-29T21:02:05.336Z INFO  blacksilk_node] block cf6f7003e7e67392 at height 15 accepted (tip 15)
[2026-09-29T21:02:06.600Z INFO  blacksilk_node] block 041cc573c9fd124c at height 16 accepted (tip 16)
[2026-09-29T21:02:07.778Z INFO  blacksilk_node] block ac5be2000ba57d17 at height 17 accepted (tip 17)
[2026-09-29T21:02:08.936Z INFO  blacksilk_node] block 10505d042443633e at height 18 accepted (tip 18)
[2026-09-29T21:02:10.053Z INFO  blacksilk_node] block 469b6809e730793a at height 19 accepted (tip 19)
[2026-09-29T21:02:11.186Z INFO  blacksilk_node] block b5f33a9fdaa5f2b6 at height 20 accepted (tip 20)
[2026-09-29T21:02:12.341Z INFO  blacksilk_node] block 480cc32f8457ca38 at height 21 accepted (tip 21)
[2026-09-29T21:02:13.501Z INFO  blacksilk_node] block 67f83486e5b5c359 at height 22 accepted (tip 22)
[2026-09-29T21:02:14.676Z INFO  blacksilk_node] block e91ceda893b2bbc4 at height 23 accepted (tip 23)
[2026-09-29T21:02:15.747Z INFO  blacksilk_node] block 00f750ba0eb4b7e0 at height 24 accepted (tip 24)
[2026-09-29T21:02:16.953Z INFO  blacksilk_node] block c2fab0cd37e2d83c at height 25 accepted (tip 25)
[2026-09-29T21:02:18.055Z INFO  blacksilk_node] block ea7ff9bb1ea56422 at height 26 accepted (tip 26)
[2026-09-29T21:02:19.176Z INFO  blacksilk_node] block ff0ecdc421a675c1 at height 27 accepted (tip 27)
[2026-09-29T21:02:20.295Z INFO  blacksilk_node] block 0ce9000040afdab5 at height 28 accepted (tip 28)
[2026-09-29T21:02:21.522Z INFO  blacksilk_node] block a1da6e2377e12438 at height 29 accepted (tip 29)
[2026-09-29T21:02:22.649Z INFO  blacksilk_node] block 96b2e633f1a86da2 at height 30 accepted (tip 30)
[2026-09-29T21:02:23.781Z INFO  blacksilk_node] block 5a45557d17bc9f10 at height 31 accepted (tip 31)
[2026-09-29T21:02:24.930Z INFO  blacksilk_node] block 5e707b3f6160a8a2 at height 32 accepted (tip 32)
[2026-09-29T21:02:26.058Z INFO  blacksilk_node] block 1909d94e22b8a2b1 at height 33 accepted (tip 33)
[2026-09-29T21:02:27.248Z INFO  blacksilk_node] block b016ffa510993df6 at height 34 accepted (tip 34)
[2026-09-29T21:02:28.389Z INFO  blacksilk_node] block 244bdc7717219df0 at height 35 accepted (tip 35)
[2026-09-29T21:02:29.644Z INFO  blacksilk_node] block b176594ff6860f9f at height 36 accepted (tip 36)
[2026-09-29T21:02:30.882Z INFO  blacksilk_node] block 29e0a7325a9a48d0 at height 37 accepted (tip 37)
[2026-09-29T21:02:32.082Z INFO  blacksilk_node] block 9e90f74e027ca0fe at height 38 accepted (tip 38)
[2026-09-29T21:02:33.356Z INFO  blacksilk_node] block 4ae41ce77ffd39d3 at height 39 accepted (tip 39)
[2026-09-29T21:02:34.498Z INFO  blacksilk_node] block 84b10776222b26cc at height 40 accepted (tip 40)
[2026-09-29T21:02:35.843Z INFO  blacksilk_node] block a6f4a4acf365f927 at height 41 accepted (tip 41)
[2026-09-29T21:02:36.997Z INFO  blacksilk_node] block 7b8ebde84eacc7ed at height 42 accepted (tip 42)
[2026-09-29T21:02:38.340Z INFO  blacksilk_node] block ead4d5151da4fba0 at height 43 accepted (tip 43)
[2026-09-29T21:02:39.654Z INFO  blacksilk_node] block 3aedd0e1d782380c at height 44 accepted (tip 44)
[2026-09-29T21:02:40.899Z INFO  blacksilk_node] block f414bd348963cd43 at height 45 accepted (tip 45)
[2026-09-29T21:02:42.047Z INFO  blacksilk_node] block b440d137ad9a2322 at height 46 accepted (tip 46)
[2026-09-29T21:02:43.214Z INFO  blacksilk_node] block f2f5cb8e8b67f019 at height 47 accepted (tip 47)
[2026-09-29T21:02:44.416Z INFO  blacksilk_node] block f80557b2792c6bec at height 48 accepted (tip 48)
[2026-09-29T21:02:45.641Z INFO  blacksilk_node] block f30286704541aa15 at height 49 accepted (tip 49)
[2026-09-29T21:02:46.776Z INFO  blacksilk_node] block ff1f7a154b170d95 at height 50 accepted (tip 50)
[2026-09-29T21:02:47.946Z INFO  blacksilk_node] block 423e4fddd8f983cb at height 51 accepted (tip 51)
[2026-09-29T21:02:49.218Z INFO  blacksilk_node] block 0b800b0726a29c8f at height 52 accepted (tip 52)
[2026-09-29T21:02:50.347Z INFO  blacksilk_node] block c1e27511da957d52 at height 53 accepted (tip 53)
[2026-09-29T21:02:51.529Z INFO  blacksilk_node] block 95050cebcb041a82 at height 54 accepted (tip 54)
[2026-09-29T21:02:52.742Z INFO  blacksilk_node] block 36c0d5225dc12b28 at height 55 accepted (tip 55)
[2026-09-29T21:02:53.912Z INFO  blacksilk_node] block ef158d2822d80e5b at height 56 accepted (tip 56)
[2026-09-29T21:02:55.035Z INFO  blacksilk_node] block 558b2c75027d5243 at height 57 accepted (tip 57)
[2026-09-29T21:02:56.121Z INFO  blacksilk_node] block bd5fcc1f4730237d at height 58 accepted (tip 58)
[2026-09-29T21:02:57.277Z INFO  blacksilk_node] block 3cf3cdf8c7a023fe at height 59 accepted (tip 59)
[2026-09-29T21:02:58.397Z INFO  blacksilk_node] block f6970b466e1a4ba0 at height 60 accepted (tip 60)
[2026-09-29T21:02:59.491Z INFO  blacksilk_node] block ffcb7c18d0f0e79b at height 61 accepted (tip 61)
[2026-09-29T21:03:00.746Z INFO  blacksilk_node] block 93f491ae9fb92d3f at height 62 accepted (tip 62)
[2026-09-29T21:03:01.952Z INFO  blacksilk_node] block 1e3fe0c32df0ccd0 at height 63 accepted (tip 63)
[2026-09-29T21:03:03.205Z INFO  blacksilk_node] block 38e50b23768d19b7 at height 64 accepted (tip 64)
[2026-09-29T21:03:04.494Z INFO  blacksilk_node] block 9bf723cd1f4fde70 at height 65 accepted (tip 65)
[2026-09-29T21:03:05.748Z INFO  blacksilk_node] block bf0ceefcd1b99f82 at height 66 accepted (tip 66)
[2026-09-29T21:03:07.075Z INFO  blacksilk_node] block 9af7328998b9fd77 at height 67 accepted (tip 67)
[2026-09-29T21:03:08.356Z INFO  blacksilk_node] block 60c03c957a226624 at height 68 accepted (tip 68)
[2026-09-29T21:03:09.640Z INFO  blacksilk_node] block 5b208a1dd925e5f4 at height 69 accepted (tip 69)
[2026-09-29T21:03:10.849Z INFO  blacksilk_node] block b2b792c50483227d at height 70 accepted (tip 70)
[2026-09-29T21:03:12.053Z INFO  blacksilk_node] block e2ba2ff596f2f0a4 at height 71 accepted (tip 71)
[2026-09-29T21:03:13.341Z INFO  blacksilk_node] block 0a14dc5ea9ca5dc9 at height 72 accepted (tip 72)
[2026-09-29T21:03:14.626Z INFO  blacksilk_node] block b7e27fec84a8b6bf at height 73 accepted (tip 73)
[2026-09-29T21:03:15.969Z INFO  blacksilk_node] block a18435a49ab3ab08 at height 74 accepted (tip 74)
[2026-09-29T21:03:17.207Z INFO  blacksilk_node] block e8109729c1d251e4 at height 75 accepted (tip 75)
[2026-09-29T21:03:18.455Z INFO  blacksilk_node] block a6bfa3e655df9d5f at height 76 accepted (tip 76)
[2026-09-29T21:03:20.406Z INFO  blacksilk_node] block 2202da37dd06f14a at height 77 accepted (tip 77)
[2026-09-29T21:03:22.258Z INFO  blacksilk_node] block c4d91ba88692c86e at height 78 accepted (tip 78)
[2026-09-29T21:03:24.783Z INFO  blacksilk_node] block e7cf5c7eb42484f3 at height 79 accepted (tip 79)
[2026-09-29T21:03:26.026Z INFO  blacksilk_node] block 88ba23b781759e8f at height 80 accepted (tip 80)
[2026-09-29T21:03:27.273Z INFO  blacksilk_node] block 0ebd3d848e763d8d at height 81 accepted (tip 81)
[2026-09-29T21:03:29.049Z INFO  blacksilk_node] block 55334353ee29a24b at height 82 accepted (tip 82)
[2026-09-29T21:03:31.553Z INFO  blacksilk_node] block 49cb7608753cbc3a at height 83 accepted (tip 83)
[2026-09-29T21:03:34.606Z INFO  blacksilk_node] block 91a4263cc0fd4b7e at height 84 accepted (tip 84)
[2026-09-29T21:03:36.864Z INFO  blacksilk_node] block 0d17b964de530209 at height 85 accepted (tip 85)
[2026-09-29T21:03:38.022Z INFO  blacksilk_node] block 35a4f4ed21c95787 at height 86 accepted (tip 86)
[2026-09-29T21:03:40.282Z INFO  blacksilk_node] block 53186efa58d1dc56 at height 87 accepted (tip 87)
[2026-09-29T21:03:41.578Z INFO  blacksilk_node] block 51b45d156f54116e at height 88 accepted (tip 88)
[2026-09-29T21:03:43.948Z INFO  blacksilk_node] block 7123a0b2cac40080 at height 89 accepted (tip 89)
[2026-09-29T21:03:45.207Z INFO  blacksilk_node] block cfa678597f5db364 at height 90 accepted (tip 90)
[2026-09-29T21:03:48.636Z INFO  blacksilk_node] block 46985b35ac5d6ec6 at height 91 accepted (tip 91)
[2026-09-29T21:03:51.067Z INFO  blacksilk_node] block ebfd17920a388275 at height 92 accepted (tip 92)
[2026-09-29T21:03:54.094Z INFO  blacksilk_node] block edf88bc765925cb4 at height 93 accepted (tip 93)
[2026-09-29T21:03:55.887Z INFO  blacksilk_node] block b682bcd714885e3a at height 94 accepted (tip 94)
[2026-09-29T21:03:57.250Z INFO  blacksilk_node] block c1d96a356f92b70d at height 95 accepted (tip 95)
[2026-09-29T21:03:59.543Z INFO  blacksilk_node] block d02140cb177d4aab at height 96 accepted (tip 96)
[2026-09-29T21:04:01.229Z INFO  blacksilk_node] block 557c360e208abb8d at height 97 accepted (tip 97)
[2026-09-29T21:04:03.050Z INFO  blacksilk_node] block 8b66ba18f83d22b2 at height 98 accepted (tip 98)
[2026-09-29T21:04:04.255Z INFO  blacksilk_node] block 7e4f1fde9f12f42b at height 99 accepted (tip 99)
[2026-09-29T21:04:05.481Z INFO  blacksilk_node] block d0121c97b338e1d0 at height 100 accepted (tip 100)
[2026-09-29T21:04:07.264Z INFO  blacksilk_node] block d924d4ad073d1dd8 at height 101 accepted (tip 101)
[2026-09-29T21:04:08.394Z INFO  blacksilk_node] block 456ca957fc5ba03d at height 102 accepted (tip 102)
[2026-09-29T21:04:09.576Z INFO  blacksilk_node] block 206157839bf3af09 at height 103 accepted (tip 103)
[2026-09-29T21:04:12.004Z INFO  blacksilk_node] block d3c7c177d2dc43f1 at height 104 accepted (tip 104)
[2026-09-29T21:04:13.106Z INFO  blacksilk_node] block b05fbdb38070ea65 at height 105 accepted (tip 105)
[2026-09-29T21:04:14.226Z INFO  blacksilk_node] block 167a14076a495ebd at height 106 accepted (tip 106)
[2026-09-29T21:04:15.332Z INFO  blacksilk_node] block fd968082432d0250 at height 107 accepted (tip 107)
[2026-09-29T21:04:17.533Z INFO  blacksilk_node] block 1017a357213a14d9 at height 108 accepted (tip 108)
[2026-09-29T21:04:18.694Z INFO  blacksilk_node] block 81b9e20a114e4f40 at height 109 accepted (tip 109)
[2026-09-29T21:04:19.856Z INFO  blacksilk_node] block deab1ee93de4b21b at height 110 accepted (tip 110)
[2026-09-29T21:04:22.305Z INFO  blacksilk_node] block 72fc366a9a9fd2d2 at height 111 accepted (tip 111)
[2026-09-29T21:04:23.430Z INFO  blacksilk_node] block 342ac237d06cf991 at height 112 accepted (tip 112)
[2026-09-29T21:04:24.577Z INFO  blacksilk_node] block 939ae1b8a55dd656 at height 113 accepted (tip 113)
[2026-09-29T21:04:26.230Z INFO  blacksilk_node] block 34ba4d1b465d8b1e at height 114 accepted (tip 114)
[2026-09-29T21:04:27.353Z INFO  blacksilk_node] block a1cfe9cda27ca87b at height 115 accepted (tip 115)
[2026-09-29T21:04:29.064Z INFO  blacksilk_node] block daa1ba1db7847c8b at height 116 accepted (tip 116)
[2026-09-29T21:04:33.111Z INFO  blacksilk_node] block 241e32d2f80f08c6 at height 117 accepted (tip 117)
[2026-09-29T21:04:35.239Z INFO  blacksilk_node] block 65152fcfec7b0512 at height 118 accepted (tip 118)
[2026-09-29T21:04:36.462Z INFO  blacksilk_node] block 27321f001250a15e at height 119 accepted (tip 119)
[2026-09-29T21:04:40.658Z INFO  blacksilk_node] block 04c591829f12282c at height 120 accepted (tip 120)
[2026-09-29T21:04:42.273Z INFO  blacksilk_node] block 545c7273c86d8e0c at height 121 accepted (tip 121)
[2026-09-29T21:04:44.911Z INFO  blacksilk_node] block b713f6fb4cb00009 at height 122 accepted (tip 122)
[2026-09-29T21:04:47.693Z INFO  blacksilk_node] block 5449a53d77cf2087 at height 123 accepted (tip 123)
[2026-09-29T21:04:51.289Z INFO  blacksilk_node] block 0ecd72a23c927eef at height 124 accepted (tip 124)
[2026-09-29T21:04:52.460Z INFO  blacksilk_node] block 9c53957b0f74aeac at height 125 accepted (tip 125)
[2026-09-29T21:04:54.170Z INFO  blacksilk_node] block 0a80f92692b8974a at height 126 accepted (tip 126)
[2026-09-29T21:04:55.908Z INFO  blacksilk_node] block f10254cf44618442 at height 127 accepted (tip 127)
[2026-09-29T21:04:59.688Z INFO  blacksilk_node] block e331e06ff5aa6a9b at height 128 accepted (tip 128)
[2026-09-29T21:05:00.896Z INFO  blacksilk_node] block 2986f4462d6d341f at height 129 accepted (tip 129)
[2026-09-29T21:05:02.083Z INFO  blacksilk_node] block 84550aa7376446e5 at height 130 accepted (tip 130)
[2026-09-29T21:05:03.749Z INFO  blacksilk_node] block 594919411e13505a at height 131 accepted (tip 131)
[2026-09-29T21:05:11.282Z INFO  blacksilk_node] block daf20118ce4973ed at height 132 accepted (tip 132)
[2026-09-29T21:05:12.927Z INFO  blacksilk_node] block ab31fa7f8d12a4f5 at height 133 accepted (tip 133)
[2026-09-29T21:05:16.156Z INFO  blacksilk_node] block e7ff385ca1352c2c at height 134 accepted (tip 134)
[2026-09-29T21:05:17.798Z INFO  blacksilk_node] block e484e094d306ef95 at height 135 accepted (tip 135)
[2026-09-29T21:05:20.416Z INFO  blacksilk_node] block c4a9888552210596 at height 136 accepted (tip 136)
[2026-09-29T21:05:21.568Z INFO  blacksilk_node] block 67f69b1cbfeb2aa0 at height 137 accepted (tip 137)
[2026-09-29T21:05:23.701Z INFO  blacksilk_node] block 235b21190e913590 at height 138 accepted (tip 138)
[2026-09-29T21:05:25.368Z INFO  blacksilk_node] block 5d0c5076699c4235 at height 139 accepted (tip 139)
[2026-09-29T21:05:28.507Z INFO  blacksilk_node] block 1ac2d5ef285cb611 at height 140 accepted (tip 140)
[2026-09-29T21:05:29.677Z INFO  blacksilk_node] block 7553cf2045af3918 at height 141 accepted (tip 141)
[2026-09-29T21:05:33.845Z INFO  blacksilk_node] block 138fdde19e72ecb9 at height 142 accepted (tip 142)
[2026-09-29T21:05:34.999Z INFO  blacksilk_node] block be4fd5be8e2f51a0 at height 143 accepted (tip 143)
[2026-09-29T21:05:36.133Z INFO  blacksilk_node] block 34bc074ca4199c73 at height 144 accepted (tip 144)
[2026-09-29T21:05:37.252Z INFO  blacksilk_node] block 64a9b64bca636a67 at height 145 accepted (tip 145)
[2026-09-29T21:05:39.363Z INFO  blacksilk_node] block f3c249145c0da58f at height 146 accepted (tip 146)
[2026-09-29T21:05:41.098Z INFO  blacksilk_node] block e279f5e1916faab6 at height 147 accepted (tip 147)
[2026-09-29T21:05:46.802Z INFO  blacksilk_node] block aabdddc1f1c5ef82 at height 148 accepted (tip 148)
[2026-09-29T21:05:52.952Z INFO  blacksilk_node] block 43e38d7d3b503a26 at height 149 accepted (tip 149)
[2026-09-29T21:05:59.157Z INFO  blacksilk_node] block 2b0f1504b40930a2 at height 150 accepted (tip 150)
[2026-09-29T21:06:00.832Z INFO  blacksilk_node] block 3832682ba2468293 at height 151 accepted (tip 151)
[2026-09-29T21:06:01.961Z INFO  blacksilk_node] block 576de4f1a20c312a at height 152 accepted (tip 152)
[2026-09-29T21:06:03.093Z INFO  blacksilk_node] block beb40a1c5ae0cc54 at height 153 accepted (tip 153)
[2026-09-29T21:06:14.863Z INFO  blacksilk_node] block 697a72e382c19cb4 at height 154 accepted (tip 154)
[2026-09-29T21:06:17.003Z INFO  blacksilk_node] block 143c4a7959cbd6e3 at height 155 accepted (tip 155)
[2026-09-29T21:06:22.730Z INFO  blacksilk_node] block f1ef7b85d417222c at height 156 accepted (tip 156)
[2026-09-29T21:06:24.866Z INFO  blacksilk_node] block 7fb3e66ac22741ad at height 157 accepted (tip 157)
[2026-09-29T21:06:26.066Z INFO  blacksilk_node] block 3234544658209038 at height 158 accepted (tip 158)
[2026-09-29T21:06:31.385Z INFO  blacksilk_node] block dd64cb3aff296966 at height 159 accepted (tip 159)
[2026-09-29T21:06:33.098Z INFO  blacksilk_node] block c68aabc06e423317 at height 160 accepted (tip 160)
[2026-09-29T21:06:38.992Z INFO  blacksilk_node] block 9a7020281f8d5e69 at height 161 accepted (tip 161)
[2026-09-29T21:06:45.817Z INFO  blacksilk_node] block 67b1a2bd9c76cc18 at height 162 accepted (tip 162)
[2026-09-29T21:06:52.959Z INFO  blacksilk_node] block bdc9ddbaaed88d0e at height 163 accepted (tip 163)
[2026-09-29T21:06:56.186Z INFO  blacksilk_node] block a2879aec70c8689a at height 164 accepted (tip 164)
[2026-09-29T21:07:04.007Z INFO  blacksilk_node] block 73788cf51f785d28 at height 165 accepted (tip 165)
[2026-09-29T21:07:05.666Z INFO  blacksilk_node] block ec6b318f34bee360 at height 166 accepted (tip 166)
[2026-09-29T21:07:06.828Z INFO  blacksilk_node] block 88f668e463aae2fb at height 167 accepted (tip 167)
[2026-09-29T21:07:11.813Z INFO  blacksilk_node] block 439afe7e52b65a08 at height 168 accepted (tip 168)
[2026-09-29T21:07:17.277Z INFO  blacksilk_node] block b7b1bdcc78a8097e at height 169 accepted (tip 169)
[2026-09-29T21:07:25.388Z INFO  blacksilk_node] block 0b165d74008ef1ca at height 170 accepted (tip 170)
[2026-09-29T21:07:28.987Z INFO  blacksilk_node] block 9de0aafc3a5de737 at height 171 accepted (tip 171)
[2026-09-29T21:07:30.678Z INFO  blacksilk_node] block cc9304fa8c5720ce at height 172 accepted (tip 172)
[2026-09-29T21:07:31.811Z INFO  blacksilk_node] block 989ebaaf12277421 at height 173 accepted (tip 173)
[2026-09-29T21:07:36.459Z INFO  blacksilk_node] block 47c5625cd3d8e216 at height 174 accepted (tip 174)
[2026-09-29T21:07:45.305Z INFO  blacksilk_node] block 684e9465795d6d10 at height 175 accepted (tip 175)
[2026-09-29T21:07:46.562Z INFO  blacksilk_node] block 36d1c8827d0ed233 at height 176 accepted (tip 176)
[2026-09-29T21:07:49.317Z INFO  blacksilk_node] block fdb6ce2b1e4ac524 at height 177 accepted (tip 177)
[2026-09-29T21:07:50.447Z INFO  blacksilk_node] block d1c2c8a9ef88afb5 at height 178 accepted (tip 178)
[2026-09-29T21:08:00.063Z INFO  blacksilk_node] block b206b76cb37f6dcd at height 179 accepted (tip 179)
[2026-09-29T21:08:07.209Z INFO  blacksilk_node] block c449241697c75d5a at height 180 accepted (tip 180)
[2026-09-29T21:08:09.368Z INFO  blacksilk_node] block 4ca148411e1ab337 at height 181 accepted (tip 181)
[2026-09-29T21:08:12.026Z INFO  blacksilk_node] block 5bcef1b24ca35ca7 at height 182 accepted (tip 182)
[2026-09-29T21:08:17.227Z INFO  blacksilk_node] block 7efa33d8805f1393 at height 183 accepted (tip 183)
[2026-09-29T21:08:20.479Z INFO  blacksilk_node] block 286660f10538d0ef at height 184 accepted (tip 184)
[2026-09-29T21:08:34.071Z INFO  blacksilk_node] block 9f68295017161398 at height 185 accepted (tip 185)
[2026-09-29T21:08:38.715Z INFO  blacksilk_node] block a9ebbae045a94618 at height 186 accepted (tip 186)
[2026-09-29T21:08:40.374Z INFO  blacksilk_node] block 1f66b77041134803 at height 187 accepted (tip 187)
[2026-09-29T21:08:53.989Z INFO  blacksilk_node] block f56ea0181a5c6976 at height 188 accepted (tip 188)
[2026-09-29T21:08:56.620Z INFO  blacksilk_node] block db57c5c6ea53e0f2 at height 189 accepted (tip 189)
[2026-09-29T21:08:59.231Z INFO  blacksilk_node] block 74345f131362e188 at height 190 accepted (tip 190)
[2026-09-29T21:09:00.870Z INFO  blacksilk_node] block 40638d86dec87245 at height 191 accepted (tip 191)
[2026-09-29T21:09:13.984Z INFO  blacksilk_node] block 9288a6ea6390dd16 at height 192 accepted (tip 192)
[2026-09-29T21:09:15.560Z INFO  blacksilk_node] block d94e3a9fa0b0fed2 at height 193 accepted (tip 193)
[2026-09-29T21:09:37.309Z INFO  blacksilk_node] block 069f51189cc941aa at height 194 accepted (tip 194)
[2026-09-29T21:09:39.981Z INFO  blacksilk_node] block 9123afe32babe90b at height 195 accepted (tip 195)
[2026-09-29T21:09:56.307Z INFO  blacksilk_node] block 9eb21a8e8bbd3b21 at height 196 accepted (tip 196)
[2026-09-29T21:09:59.482Z INFO  blacksilk_node] block 809c135fda9473e3 at height 197 accepted (tip 197)
[2026-09-29T21:10:17.307Z INFO  blacksilk_node] block 57874e9bd6e5959b at height 198 accepted (tip 198)
[2026-09-29T21:10:24.232Z INFO  blacksilk_node] block a3cc514b74ba1c2f at height 199 accepted (tip 199)
[2026-09-29T21:10:30.586Z INFO  blacksilk_node] block 29cb42e84f634fd2 at height 200 accepted (tip 200)
[2026-09-29T21:10:57.571Z INFO  blacksilk_node] block 2dbf4f5708683ee1 at height 201 accepted (tip 201)
[2026-09-29T21:11:09.274Z INFO  blacksilk_node] block ce35d97a37aaf881 at height 202 accepted (tip 202)
[2026-09-29T21:11:13.435Z INFO  blacksilk_node] block 089647c52c4569ac at height 203 accepted (tip 203)
[2026-09-29T21:11:18.536Z INFO  blacksilk_node] block a737872de772cf36 at height 204 accepted (tip 204)
[2026-09-29T21:11:23.137Z INFO  blacksilk_node] block 01a730472735fa74 at height 205 accepted (tip 205)
[2026-09-29T21:11:35.441Z INFO  blacksilk_node] block b161260eaf2ffce3 at height 206 accepted (tip 206)
[2026-09-29T21:11:39.348Z INFO  blacksilk_node] block b7a160790f4e8178 at height 207 accepted (tip 207)
[2026-09-29T21:11:47.481Z INFO  blacksilk_node] block c682804c52c3891f at height 208 accepted (tip 208)
[2026-09-29T21:11:51.386Z DEBUG blacksilk_p2p::net::headers] peer 4: 1 headers up to height 209 accepted (new: true)
[2026-09-29T21:11:51.452Z DEBUG blacksilk_p2p::net::blocks] peer 4: block ada02d1281e5 at height 209 received
[2026-09-29T21:11:51.590Z DEBUG blacksilk_p2p::net::headers] peer 3: 1 headers up to height 209 accepted (new: false)
[2026-09-29T21:11:51.590Z DEBUG blacksilk_p2p::net::headers] peer 2: 1 headers up to height 209 accepted (new: false)
[2026-09-29T21:11:51.610Z DEBUG blacksilk_p2p::net::headers] peer 1: 1 headers up to height 209 accepted (new: false)
[2026-09-29T21:11:58.310Z DEBUG blacksilk_p2p::net::headers] peer 4: 1 headers up to height 210 accepted (new: true)
[2026-09-29T21:11:58.391Z DEBUG blacksilk_p2p::net::blocks] peer 4: block 08128b5c3c6e at height 210 received
[2026-09-29T21:11:58.414Z DEBUG blacksilk_p2p::net::headers] peer 1: 1 headers up to height 210 accepted (new: false)
[2026-09-29T21:11:58.421Z DEBUG blacksilk_p2p::net::headers] peer 3: 1 headers up to height 210 accepted (new: false)
[2026-09-29T21:11:59.552Z INFO  blacksilk_node] block 53e4e0c83e7628f8 at height 211 accepted (tip 211)
[2026-09-29T21:12:15.889Z INFO  blacksilk_node] block 1062fc9368047014 at height 212 accepted (tip 212)
[2026-09-29T21:12:17.554Z INFO  blacksilk_node] block 586c52a29bf5a9d3 at height 213 accepted (tip 213)
[2026-09-29T21:12:25.460Z DEBUG blacksilk_p2p::net::headers] peer 4: 1 headers up to height 214 accepted (new: true)
[2026-09-29T21:12:25.538Z DEBUG blacksilk_p2p::net::blocks] peer 4: block ccd94bbfd0b0 at height 214 received
[2026-09-29T21:12:25.623Z DEBUG blacksilk_p2p::net::headers] peer 3: 1 headers up to height 214 accepted (new: false)
[2026-09-29T21:12:25.623Z DEBUG blacksilk_p2p::net::headers] peer 2: 1 headers up to height 214 accepted (new: false)
[2026-09-29T21:12:26.255Z INFO  blacksilk_node] block c256b106b3070808 at height 214 accepted (tip 214)
[2026-09-29T21:12:27.530Z DEBUG blacksilk_p2p::net::headers] peer 4: 1 headers up to height 215 accepted (new: true)
[2026-09-29T21:12:27.591Z DEBUG blacksilk_p2p::net::blocks] peer 4: block e432ab801b5c at height 215 received
[2026-09-29T21:12:27.738Z DEBUG blacksilk_p2p::net::headers] peer 2: 1 headers up to height 215 accepted (new: false)
[2026-09-29T21:12:27.738Z DEBUG blacksilk_p2p::net::headers] peer 3: 1 headers up to height 215 accepted (new: false)
[2026-09-29T21:12:29.146Z DEBUG blacksilk_p2p::net::headers] peer 4: 1 headers up to height 216 accepted (new: true)
[2026-09-29T21:12:29.238Z DEBUG blacksilk_p2p::net::blocks] peer 4: block 25f51931f655 at height 216 received
[2026-09-29T21:12:29.315Z DEBUG blacksilk_p2p::net::headers] peer 3: 1 headers up to height 216 accepted (new: false)
[2026-09-29T21:12:29.315Z DEBUG blacksilk_p2p::net::headers] peer 2: 1 headers up to height 216 accepted (new: false)
[2026-09-29T21:12:33.528Z DEBUG blacksilk_p2p::net::headers] peer 4: 1 headers up to height 217 accepted (new: true)
[2026-09-29T21:12:33.590Z DEBUG blacksilk_p2p::net::blocks] peer 4: block 038fcdeef704 at height 217 received
[2026-09-29T21:12:33.713Z DEBUG blacksilk_p2p::net::headers] peer 3: 1 headers up to height 217 accepted (new: false)
[2026-09-29T21:12:33.735Z DEBUG blacksilk_p2p::net::headers] peer 2: 1 headers up to height 217 accepted (new: false)
[2026-09-29T21:12:36.275Z DEBUG blacksilk_p2p::net::stem] stem tx e8d729192da3 -> peer 3
[2026-09-29T21:12:37.060Z INFO  blacksilk_node] block 9083a1ac4d01c961 at height 218 accepted (tip 218)
[2026-09-29T21:12:43.116Z INFO  blacksilk_node] block 1418c0779dfca219 at height 219 accepted (tip 219)
[2026-09-29T21:12:45.841Z INFO  blacksilk_node] block dd366f69cb5798d7 at height 220 accepted (tip 220)
[2026-09-29T21:12:47.015Z INFO  blacksilk_node] block fec5b2a6339346d6 at height 221 accepted (tip 221)
[2026-09-29T21:12:52.376Z INFO  blacksilk_node] block d10c2629570eaa59 at height 222 accepted (tip 222)
[2026-09-29T21:13:00.516Z INFO  blacksilk_node] block 577bb07825fd2813 at height 223 accepted (tip 223)
[2026-09-29T21:13:01.734Z INFO  blacksilk_node] block b9ad90bb1f0ac376 at height 224 accepted (tip 224)
[2026-09-29T21:13:03.929Z INFO  blacksilk_node] block ccb13d89bbad49b5 at height 225 accepted (tip 225)
[2026-09-29T21:13:07.077Z DEBUG blacksilk_p2p::net::headers] peer 4: 1 headers up to height 226 accepted (new: true)
[2026-09-29T21:13:07.153Z DEBUG blacksilk_p2p::net::blocks] peer 4: block e0f445256eec at height 226 received
[2026-09-29T21:13:07.291Z DEBUG blacksilk_p2p::net::headers] peer 2: 1 headers up to height 226 accepted (new: false)
[2026-09-29T21:13:07.291Z DEBUG blacksilk_p2p::net::headers] peer 1: 1 headers up to height 226 accepted (new: false)
[2026-09-29T21:13:07.291Z DEBUG blacksilk_p2p::net::headers] peer 3: 1 headers up to height 226 accepted (new: false)
[2026-09-29T21:13:08.665Z DEBUG blacksilk_p2p::net::headers] peer 4: 1 headers up to height 227 accepted (new: true)
[2026-09-29T21:13:08.723Z DEBUG blacksilk_p2p::net::blocks] peer 4: block 073b20a0a8b1 at height 227 received
[2026-09-29T21:13:08.834Z DEBUG blacksilk_p2p::net::headers] peer 1: 1 headers up to height 227 accepted (new: false)
[2026-09-29T21:13:08.855Z DEBUG blacksilk_p2p::net::headers] peer 2: 1 headers up to height 227 accepted (new: false)
[2026-09-29T21:13:12.120Z INFO  blacksilk_node] block dd0d85f44d1564b7 at height 228 accepted (tip 228)
[2026-09-29T21:13:13.793Z INFO  blacksilk_node] block 8d2bd99eea1e5b5f at height 229 accepted (tip 229)
[2026-09-29T21:13:20.108Z DEBUG blacksilk_p2p::net::headers] peer 4: 1 headers up to height 230 accepted (new: true)
[2026-09-29T21:13:20.182Z DEBUG blacksilk_p2p::net::blocks] peer 4: block 680653cd03e7 at height 230 received
[2026-09-29T21:13:20.284Z DEBUG blacksilk_p2p::net::headers] peer 3: 1 headers up to height 230 accepted (new: false)
[2026-09-29T21:13:20.284Z DEBUG blacksilk_p2p::net::headers] peer 2: 1 headers up to height 230 accepted (new: false)
[2026-09-29T21:13:20.284Z DEBUG blacksilk_p2p::net::headers] peer 1: 1 headers up to height 230 accepted (new: false)
[2026-09-29T21:13:23.545Z INFO  blacksilk_node] block d0480a640fed2893 at height 231 accepted (tip 231)
[2026-09-29T21:13:24.327Z DEBUG blacksilk_p2p::net::headers] peer 4: 1 headers up to height 231 accepted (new: true)
[2026-09-29T21:13:24.497Z DEBUG blacksilk_p2p::net::headers] peer 3: 1 headers up to height 231 accepted (new: true)
[2026-09-29T21:13:24.497Z DEBUG blacksilk_p2p::net::headers] peer 2: 1 headers up to height 231 accepted (new: true)
[2026-09-29T21:13:25.868Z INFO  blacksilk_node] block 61a101bf7ed38258 at height 232 accepted (tip 232)
[2026-09-29T21:13:28.712Z DEBUG blacksilk_p2p::net::headers] peer 4: 1 headers up to height 233 accepted (new: true)
[2026-09-29T21:13:28.780Z DEBUG blacksilk_p2p::net::blocks] peer 4: block fadafcb68316 at height 233 received
[2026-09-29T21:13:28.963Z DEBUG blacksilk_p2p::net::headers] peer 3: 1 headers up to height 233 accepted (new: false)
[2026-09-29T21:13:28.963Z DEBUG blacksilk_p2p::net::headers] peer 1: 1 headers up to height 233 accepted (new: false)
[2026-09-29T21:13:28.964Z DEBUG blacksilk_p2p::net::headers] peer 2: 1 headers up to height 233 accepted (new: false)
[2026-09-29T21:13:31.309Z DEBUG blacksilk_p2p::net::headers] peer 4: 1 headers up to height 234 accepted (new: true)
[2026-09-29T21:13:31.384Z DEBUG blacksilk_p2p::net::blocks] peer 4: block d1eab085c51f at height 234 received
[2026-09-29T21:13:31.542Z DEBUG blacksilk_p2p::net::headers] peer 2: 1 headers up to height 234 accepted (new: false)
[2026-09-29T21:13:31.584Z DEBUG blacksilk_p2p::net::headers] peer 1: 1 headers up to height 234 accepted (new: false)
[2026-09-29T21:13:31.585Z DEBUG blacksilk_p2p::net::headers] peer 3: 1 headers up to height 234 accepted (new: false)
[2026-09-29T21:13:38.942Z INFO  blacksilk_node] block f251c4857e66ca17 at height 235 accepted (tip 235)
[2026-09-29T21:13:42.797Z INFO  blacksilk_node] block d9421c6b8a8150f0 at height 236 accepted (tip 236)
[2026-09-29T21:14:04.607Z DEBUG blacksilk_p2p::net::headers] peer 4: 1 headers up to height 237 accepted (new: true)
[2026-09-29T21:14:04.661Z DEBUG blacksilk_p2p::net::blocks] peer 4: block e55797d43203 at height 237 received
[2026-09-29T21:14:04.783Z DEBUG blacksilk_p2p::net::headers] peer 3: 1 headers up to height 237 accepted (new: false)
[2026-09-29T21:14:04.803Z DEBUG blacksilk_p2p::net::headers] peer 1: 1 headers up to height 237 accepted (new: false)
[2026-09-29T21:14:04.878Z DEBUG blacksilk_p2p::net::headers] peer 2: 1 headers up to height 237 accepted (new: false)
[2026-09-29T21:14:10.861Z DEBUG blacksilk_p2p::net::headers] peer 4: 1 headers up to height 238 accepted (new: true)
[2026-09-29T21:14:10.916Z DEBUG blacksilk_p2p::net::blocks] peer 4: block 8079eaf4e2fd at height 238 received
[2026-09-29T21:14:10.996Z DEBUG blacksilk_p2p::net::headers] peer 1: 1 headers up to height 238 accepted (new: false)
[2026-09-29T21:14:11.053Z DEBUG blacksilk_p2p::net::headers] peer 3: 1 headers up to height 238 accepted (new: false)
[2026-09-29T21:14:11.130Z DEBUG blacksilk_p2p::net::headers] peer 2: 1 headers up to height 238 accepted (new: false)
[2026-09-29T21:14:12.158Z DEBUG blacksilk_p2p::net::headers] peer 4: 1 headers up to height 239 accepted (new: true)
[2026-09-29T21:14:12.238Z DEBUG blacksilk_p2p::net::blocks] peer 4: block da99ff047e5a at height 239 received
[2026-09-29T21:14:12.321Z DEBUG blacksilk_p2p::net::headers] peer 1: 1 headers up to height 239 accepted (new: false)
[2026-09-29T21:14:12.338Z DEBUG blacksilk_p2p::net::headers] peer 3: 1 headers up to height 239 accepted (new: false)
[2026-09-29T21:14:12.424Z DEBUG blacksilk_p2p::net::headers] peer 2: 1 headers up to height 239 accepted (new: false)
[2026-09-29T21:14:13.444Z DEBUG blacksilk_p2p::net::headers] peer 4: 1 headers up to height 240 accepted (new: true)
[2026-09-29T21:14:13.510Z DEBUG blacksilk_p2p::net::blocks] peer 4: block 4fa28b5fd6fe at height 240 received
[2026-09-29T21:14:13.609Z DEBUG blacksilk_p2p::net::headers] peer 1: 1 headers up to height 240 accepted (new: false)
[2026-09-29T21:14:13.658Z DEBUG blacksilk_p2p::net::headers] peer 3: 1 headers up to height 240 accepted (new: false)
[2026-09-29T21:14:13.730Z DEBUG blacksilk_p2p::net::headers] peer 2: 1 headers up to height 240 accepted (new: false)
[2026-09-29T21:14:14.491Z DEBUG blacksilk_p2p::net::headers] peer 4: 1 headers up to height 241 accepted (new: true)
[2026-09-29T21:14:14.559Z DEBUG blacksilk_p2p::net::blocks] peer 4: block eeafca6ca058 at height 241 received
[2026-09-29T21:14:14.676Z DEBUG blacksilk_p2p::net::headers] peer 1: 1 headers up to height 241 accepted (new: false)
[2026-09-29T21:14:14.714Z DEBUG blacksilk_p2p::net::headers] peer 3: 1 headers up to height 241 accepted (new: false)
[2026-09-29T21:14:14.776Z DEBUG blacksilk_p2p::net::headers] peer 2: 1 headers up to height 241 accepted (new: false)
[2026-09-29T21:14:23.246Z DEBUG blacksilk_p2p::net::headers] peer 4: 1 headers up to height 242 accepted (new: true)
[2026-09-29T21:14:23.330Z DEBUG blacksilk_p2p::net::blocks] peer 4: block 5d43c17fdeae at height 242 received
[2026-09-29T21:14:23.361Z DEBUG blacksilk_p2p::net::headers] peer 1: 1 headers up to height 242 accepted (new: false)
[2026-09-29T21:14:23.392Z DEBUG blacksilk_p2p::net::headers] peer 2: 1 headers up to height 242 accepted (new: false)
[2026-09-29T21:14:24.535Z DEBUG blacksilk_p2p::net::headers] peer 4: 1 headers up to height 243 accepted (new: true)
[2026-09-29T21:14:24.622Z DEBUG blacksilk_p2p::net::blocks] peer 4: block 7dc70e919a77 at height 243 received
[2026-09-29T21:14:24.722Z DEBUG blacksilk_p2p::net::headers] peer 2: 1 headers up to height 243 accepted (new: false)
[2026-09-29T21:14:29.195Z DEBUG blacksilk_p2p::net::headers] peer 4: 1 headers up to height 244 accepted (new: true)
[2026-09-29T21:14:29.259Z DEBUG blacksilk_p2p::net::blocks] peer 4: block c3ea648451b3 at height 244 received
[2026-09-29T21:14:29.399Z DEBUG blacksilk_p2p::net::headers] peer 1: 1 headers up to height 244 accepted (new: false)
[2026-09-29T21:14:29.399Z DEBUG blacksilk_p2p::net::headers] peer 3: 1 headers up to height 244 accepted (new: false)
[2026-09-29T21:14:29.449Z DEBUG blacksilk_p2p::net::headers] peer 2: 1 headers up to height 244 accepted (new: false)
[2026-09-29T21:14:33.953Z INFO  blacksilk_node] block 83c8aae61a19a88f at height 245 accepted (tip 245)
[2026-09-29T21:14:37.326Z DEBUG blacksilk_p2p::net::headers] peer 4: 1 headers up to height 246 accepted (new: true)
[2026-09-29T21:14:37.409Z DEBUG blacksilk_p2p::net::blocks] peer 4: block b564a5598135 at height 246 received
[2026-09-29T21:14:37.462Z DEBUG blacksilk_p2p::net::headers] peer 3: 1 headers up to height 246 accepted (new: false)
[2026-09-29T21:14:37.462Z DEBUG blacksilk_p2p::net::headers] peer 1: 1 headers up to height 246 accepted (new: false)
[2026-09-29T21:14:37.545Z DEBUG blacksilk_p2p::net::headers] peer 2: 1 headers up to height 246 accepted (new: false)
[2026-09-29T21:14:39.089Z DEBUG blacksilk_p2p::net::headers] peer 4: 1 headers up to height 247 accepted (new: true)
[2026-09-29T21:14:39.167Z DEBUG blacksilk_p2p::net::blocks] peer 4: block 5cfdf1a0abc3 at height 247 received
[2026-09-29T21:14:39.268Z DEBUG blacksilk_p2p::net::headers] peer 1: 1 headers up to height 247 accepted (new: false)
[2026-09-29T21:14:39.268Z DEBUG blacksilk_p2p::net::headers] peer 3: 1 headers up to height 247 accepted (new: false)
[2026-09-29T21:14:39.363Z DEBUG blacksilk_p2p::net::headers] peer 2: 1 headers up to height 247 accepted (new: false)
[2026-09-29T21:14:41.760Z DEBUG blacksilk_p2p::net::headers] peer 4: 1 headers up to height 248 accepted (new: true)
[2026-09-29T21:14:41.848Z DEBUG blacksilk_p2p::net::blocks] peer 4: block b4fa3d758dcd at height 248 received
[2026-09-29T21:14:41.904Z DEBUG blacksilk_p2p::net::headers] peer 1: 1 headers up to height 248 accepted (new: false)
[2026-09-29T21:14:41.904Z DEBUG blacksilk_p2p::net::headers] peer 3: 1 headers up to height 248 accepted (new: false)
[2026-09-29T21:14:41.967Z DEBUG blacksilk_p2p::net::headers] peer 2: 1 headers up to height 248 accepted (new: false)
[2026-09-29T21:14:54.499Z INFO  blacksilk_node] block 0e09b4565a8743f0 at height 249 accepted (tip 249)
[2026-09-29T21:15:10.026Z INFO  blacksilk_node] block 16f9f692c812a7f0 at height 250 accepted (tip 250)
[2026-09-29T21:15:17.184Z DEBUG blacksilk_p2p::net::stem] stem tx 3dbaba44e48b -> peer 4
[2026-09-29T21:15:30.369Z DEBUG blacksilk_p2p::net::headers] peer 4: 1 headers up to height 251 accepted (new: true)
[2026-09-29T21:15:30.429Z DEBUG blacksilk_p2p::net::blocks] peer 4: block cc0629b0b61a at height 251 received
[2026-09-29T21:15:30.513Z DEBUG blacksilk_p2p::net::headers] peer 1: 1 headers up to height 251 accepted (new: false)
[2026-09-29T21:15:34.411Z DEBUG blacksilk_p2p::net::headers] peer 4: 1 headers up to height 252 accepted (new: true)
[2026-09-29T21:15:34.483Z DEBUG blacksilk_p2p::net::blocks] peer 4: block 24c73fc23acc at height 252 received
[2026-09-29T21:15:34.556Z DEBUG blacksilk_p2p::net::headers] peer 2: 1 headers up to height 252 accepted (new: false)
[2026-09-29T21:15:34.556Z DEBUG blacksilk_p2p::net::headers] peer 3: 1 headers up to height 252 accepted (new: false)
[2026-09-29T21:15:34.713Z DEBUG blacksilk_p2p::net::headers] peer 1: 1 headers up to height 252 accepted (new: false)
[2026-09-29T21:15:34.994Z INFO  blacksilk_node] block e698d227ffeabd7f at height 252 accepted (tip 252)
[2026-09-29T21:15:54.289Z INFO  blacksilk_node] block 699bfe25d14d9000 at height 253 accepted (tip 253)
[2026-09-29T21:16:00.751Z DEBUG blacksilk_p2p::net::headers] peer 4: 1 headers up to height 254 accepted (new: true)
[2026-09-29T21:16:00.824Z DEBUG blacksilk_p2p::net::blocks] peer 4: block da202ed2b420 at height 254 received
[2026-09-29T21:16:00.843Z DEBUG blacksilk_p2p::net::headers] peer 3: 1 headers up to height 254 accepted (new: false)
[2026-09-29T21:16:00.844Z DEBUG blacksilk_p2p::net::headers] peer 1: 1 headers up to height 254 accepted (new: false)
[2026-09-29T21:16:00.884Z DEBUG blacksilk_p2p::net::headers] peer 2: 1 headers up to height 254 accepted (new: false)
[2026-09-29T21:16:06.077Z INFO  blacksilk_node] block 9131b4bbc52690a3 at height 255 accepted (tip 255)
[2026-09-29T21:16:12.523Z INFO  blacksilk_node] block b78fcd2afbf7601e at height 256 accepted (tip 256)
[2026-09-29T21:16:31.093Z INFO  blacksilk_node] block 9e2280ca94186f17 at height 257 accepted (tip 257)
[2026-09-29T21:16:32.856Z INFO  blacksilk_node] block 3d93e150e7ee1ef8 at height 258 accepted (tip 258)
[2026-09-29T21:16:37.710Z DEBUG blacksilk_p2p::net::stem] stem tx 665cdfe07942 -> peer 4
[2026-09-29T21:16:39.488Z INFO  blacksilk_node] block 223a8556cfbf1f9b at height 259 accepted (tip 259)
[2026-09-29T21:16:41.219Z INFO  blacksilk_node] block e2b4dd65c78437ea at height 260 accepted (tip 260)
[2026-09-29T21:16:45.558Z INFO  blacksilk_node] block 8ee1d5e4c8d14e18 at height 261 accepted (tip 261)
[2026-09-29T21:16:55.855Z INFO  blacksilk_node] block c9272b197af78611 at height 262 accepted (tip 262)
[2026-09-29T21:16:58.166Z INFO  blacksilk_node] block 8d2ba24e490044b6 at height 263 accepted (tip 263)
[2026-09-29T21:17:08.334Z INFO  blacksilk_node] block dcb28f48e9aa14c7 at height 264 accepted (tip 264)
[2026-09-29T21:17:22.250Z INFO  blacksilk_node] block b6fb7c9330f153fd at height 265 accepted (tip 265)
[2026-09-29T21:17:30.424Z INFO  blacksilk_node] block 649e6e040e49a15a at height 266 accepted (tip 266)
[2026-09-29T21:17:37.929Z DEBUG blacksilk_p2p::net::stem] stem tx 1a468ee1778f -> peer 4
[2026-09-29T21:17:46.591Z INFO  blacksilk_node] block 5702670905a30477 at height 267 accepted (tip 267)
[2026-09-29T21:17:51.566Z DEBUG blacksilk_p2p::net::headers] peer 4: 1 headers up to height 268 accepted (new: true)
[2026-09-29T21:17:51.645Z DEBUG blacksilk_p2p::net::blocks] peer 4: block ea6451ad6396 at height 268 received
[2026-09-29T21:17:51.716Z DEBUG blacksilk_p2p::net::headers] peer 1: 1 headers up to height 268 accepted (new: false)
[2026-09-29T21:18:10.397Z DEBUG blacksilk_p2p::net::headers] peer 4: 1 headers up to height 269 accepted (new: true)
[2026-09-29T21:18:10.461Z DEBUG blacksilk_p2p::net::blocks] peer 4: block 64ce3d952af8 at height 269 received
[2026-09-29T21:18:10.529Z DEBUG blacksilk_p2p::net::headers] peer 3: 1 headers up to height 269 accepted (new: false)
[2026-09-29T21:18:10.529Z DEBUG blacksilk_p2p::net::headers] peer 2: 1 headers up to height 269 accepted (new: false)
[2026-09-29T21:18:10.529Z DEBUG blacksilk_p2p::net::headers] peer 1: 1 headers up to height 269 accepted (new: false)
[2026-09-29T21:18:17.970Z DEBUG blacksilk_p2p::net::stem] stem tx deb1a94c9bb1 -> peer 4
[2026-09-29T21:18:20.834Z DEBUG blacksilk_p2p::net::headers] peer 4: 1 headers up to height 270 accepted (new: true)
[2026-09-29T21:18:20.894Z DEBUG blacksilk_p2p::net::blocks] peer 4: block 7eccda8d0979 at height 270 received
[2026-09-29T21:18:20.988Z DEBUG blacksilk_p2p::net::headers] peer 2: 1 headers up to height 270 accepted (new: false)
[2026-09-29T21:18:20.988Z DEBUG blacksilk_p2p::net::headers] peer 1: 1 headers up to height 270 accepted (new: false)
[2026-09-29T21:18:20.988Z DEBUG blacksilk_p2p::net::headers] peer 3: 1 headers up to height 270 accepted (new: false)
[2026-09-29T21:18:23.155Z DEBUG blacksilk_p2p::net::headers] peer 4: 1 headers up to height 271 accepted (new: true)
[2026-09-29T21:18:23.229Z DEBUG blacksilk_p2p::net::blocks] peer 4: block e8b2f6a80ef5 at height 271 received
[2026-09-29T21:18:23.309Z DEBUG blacksilk_p2p::net::headers] peer 3: 1 headers up to height 271 accepted (new: false)
[2026-09-29T21:18:23.309Z DEBUG blacksilk_p2p::net::headers] peer 1: 1 headers up to height 271 accepted (new: false)
[2026-09-29T21:18:23.334Z DEBUG blacksilk_p2p::net::headers] peer 2: 1 headers up to height 271 accepted (new: false)
[2026-09-29T21:18:34.050Z INFO  blacksilk_node] block 74a685aa63a059e2 at height 272 accepted (tip 272)
[2026-09-29T21:18:34.124Z DEBUG blacksilk_p2p::net::headers] peer 4: 1 headers up to height 272 accepted (new: true)
[2026-09-29T21:18:34.329Z DEBUG blacksilk_p2p::net::headers] peer 2: 1 headers up to height 272 accepted (new: true)
[2026-09-29T21:18:34.330Z DEBUG blacksilk_p2p::net::headers] peer 3: 1 headers up to height 272 accepted (new: true)
[2026-09-29T21:18:34.330Z DEBUG blacksilk_p2p::net::headers] peer 1: 1 headers up to height 272 accepted (new: true)
[2026-09-29T21:18:36.224Z INFO  blacksilk_p2p::net::conn] disconnected peer 127.0.0.1:53002
[2026-09-29T21:18:36.224Z INFO  blacksilk_p2p::net::conn] disconnected peer 127.0.0.1:9667
[2026-09-29T21:18:36.224Z INFO  blacksilk_p2p::net::conn] disconnected peer 127.0.0.1:9678
[2026-09-29T21:18:37.729Z DEBUG blacksilk_p2p::net::conn] 127.0.0.1:53002: transport handshake failed: Io(Os { code: 10054, kind: ConnectionReset, message: "An existing connection was forcibly closed by the remote host." })
[2026-09-29T21:18:48.114Z DEBUG blacksilk_p2p::net::conn] 127.0.0.1:53002: transport handshake failed: Io(Os { code: 10054, kind: ConnectionReset, message: "An existing connection was forcibly closed by the remote host." })
[2026-09-29T21:18:58.607Z DEBUG blacksilk_p2p::net::conn] 127.0.0.1:53002: transport handshake failed: Io(Os { code: 10053, kind: ConnectionAborted, message: "An established connection was aborted by the software in your host machine." })
[2026-09-29T21:19:09.047Z DEBUG blacksilk_p2p::net::conn] 127.0.0.1:53002: transport handshake failed: Io(Os { code: 10053, kind: ConnectionAborted, message: "An established connection was aborted by the software in your host machine." })
[2026-09-29T21:19:16.163Z INFO  blacksilk_node] block 324e62efdffa8718 at height 273 accepted (tip 273)
[2026-09-29T21:19:18.292Z DEBUG blacksilk_p2p::net::stem] stem tx 8d716aa0e499 -> peer 3
[2026-09-29T21:19:19.453Z DEBUG blacksilk_p2p::net::conn] 127.0.0.1:53002: transport handshake failed: Io(Os { code: 10054, kind: ConnectionReset, message: "An existing connection was forcibly closed by the remote host." })
[2026-09-29T21:19:29.875Z DEBUG blacksilk_p2p::net::conn] 127.0.0.1:53002: transport handshake failed: Io(Os { code: 10053, kind: ConnectionAborted, message: "An established connection was aborted by the software in your host machine." })
[2026-09-29T21:19:40.298Z DEBUG blacksilk_p2p::net::conn] 127.0.0.1:53002: transport handshake failed: Io(Os { code: 10054, kind: ConnectionReset, message: "An existing connection was forcibly closed by the remote host." })
[2026-09-29T21:19:50.806Z DEBUG blacksilk_p2p::net::conn] 127.0.0.1:53002: transport handshake failed: Io(Os { code: 10053, kind: ConnectionAborted, message: "An established connection was aborted by the software in your host machine." })
[2026-09-29T21:19:58.496Z DEBUG blacksilk_p2p::net::stem] stem tx 0bf22d9d117c -> peer 3
[2026-09-29T21:20:01.181Z DEBUG blacksilk_p2p::net::conn] 127.0.0.1:53002: transport handshake failed: Io(Os { code: 10054, kind: ConnectionReset, message: "An existing connection was forcibly closed by the remote host." })
[2026-09-29T21:20:11.707Z DEBUG blacksilk_p2p::net::conn] 127.0.0.1:53002: transport handshake failed: Io(Os { code: 10054, kind: ConnectionReset, message: "An existing connection was forcibly closed by the remote host." })
[2026-09-29T21:20:12.723Z INFO  blacksilk_node] block 763c431fb6327f86 at height 274 accepted (tip 274)
[2026-09-29T21:20:22.121Z DEBUG blacksilk_p2p::net::conn] 127.0.0.1:53002: transport handshake failed: Io(Os { code: 10054, kind: ConnectionReset, message: "An existing connection was forcibly closed by the remote host." })
[2026-09-29T21:20:26.718Z INFO  blacksilk_node] block ce5110d4be66c547 at height 275 accepted (tip 275)
[2026-09-29T21:20:30.942Z INFO  blacksilk_node] block f5f39ad932956d9d at height 276 accepted (tip 276)
[2026-09-29T21:20:32.518Z DEBUG blacksilk_p2p::net::conn] 127.0.0.1:53002: transport handshake failed: Io(Os { code: 10054, kind: ConnectionReset, message: "An existing connection was forcibly closed by the remote host." })
[2026-09-29T21:20:42.917Z DEBUG blacksilk_p2p::net::conn] 127.0.0.1:53002: transport handshake failed: Io(Os { code: 10053, kind: ConnectionAborted, message: "An established connection was aborted by the software in your host machine." })
[2026-09-29T21:20:43.672Z INFO  blacksilk_node] block 5c8795eefc3b71bd at height 277 accepted (tip 277)
[2026-09-29T21:20:52.262Z INFO  blacksilk_node] block 5696e8dd9f6069fa at height 278 accepted (tip 278)
[2026-09-29T21:20:53.378Z DEBUG blacksilk_p2p::net::conn] 127.0.0.1:53002: transport handshake failed: Io(Os { code: 10054, kind: ConnectionReset, message: "An existing connection was forcibly closed by the remote host." })
[2026-09-29T21:20:58.084Z INFO  blacksilk_node] block a1973f2b69c55faf at height 279 accepted (tip 279)
[2026-09-29T21:20:58.785Z DEBUG blacksilk_p2p::net::stem] stem tx 913c3e02ecc1 -> peer 3
[2026-09-29T21:21:03.787Z DEBUG blacksilk_p2p::net::conn] 127.0.0.1:53002: transport handshake failed: Io(Os { code: 10054, kind: ConnectionReset, message: "An existing connection was forcibly closed by the remote host." })
[2026-09-29T21:21:04.849Z INFO  blacksilk_node] block 8a8a0f37d3ba6c8c at height 280 accepted (tip 280)
[2026-09-29T21:21:14.246Z DEBUG blacksilk_p2p::net::conn] 127.0.0.1:53002: transport handshake failed: Io(Os { code: 10053, kind: ConnectionAborted, message: "An established connection was aborted by the software in your host machine." })
[2026-09-29T21:21:24.756Z DEBUG blacksilk_p2p::net::conn] 127.0.0.1:53002: transport handshake failed: Io(Os { code: 10054, kind: ConnectionReset, message: "An existing connection was forcibly closed by the remote host." })
[2026-09-29T21:21:35.215Z DEBUG blacksilk_p2p::net::conn] 127.0.0.1:53002: transport handshake failed: Io(Os { code: 10053, kind: ConnectionAborted, message: "An established connection was aborted by the software in your host machine." })
[2026-09-29T21:21:37.233Z INFO  blacksilk_node] block 02131f627d86340c at height 281 accepted (tip 281)
[2026-09-29T21:21:44.690Z INFO  blacksilk_p2p::net::conn] connected inbound peer 127.0.0.1:10390 (height 278)
[2026-09-29T21:21:44.750Z DEBUG blacksilk_p2p::net::addr_relay] peer 5: getaddr answered with 4 addresses
[2026-09-29T21:21:44.750Z DEBUG blacksilk_p2p::net::addr_relay] peer 5: addr with 1 entries
[2026-09-29T21:21:45.331Z INFO  blacksilk_p2p::net::conn] connected inbound peer 127.0.0.1:10398 (height 278)
[2026-09-29T21:21:45.430Z DEBUG blacksilk_p2p::net::addr_relay] peer 6: getaddr answered with 4 addresses
[2026-09-29T21:21:45.430Z DEBUG blacksilk_p2p::net::addr_relay] peer 6: addr with 1 entries
[2026-09-29T21:21:45.964Z INFO  blacksilk_p2p::net::conn] connected outbound peer 127.0.0.1:53002 (height 279)
[2026-09-29T21:21:45.964Z DEBUG blacksilk_p2p::net::addr_relay] peer 7: addr with 1 entries
[2026-09-29T21:21:46.032Z DEBUG blacksilk_p2p::net::addr_relay] peer 7: addr with 4 entries
[2026-09-29T21:21:46.358Z INFO  blacksilk_node] block 25726292690934d4 at height 282 accepted (tip 282)
[2026-09-29T21:21:51.958Z DEBUG blacksilk_p2p::net::headers] peer 7: 1 headers up to height 283 accepted (new: true)
[2026-09-29T21:21:52.034Z DEBUG blacksilk_p2p::net::blocks] peer 7: block 939de6b8f575 at height 283 received
[2026-09-29T21:21:52.156Z DEBUG blacksilk_p2p::net::headers] peer 5: 1 headers up to height 283 accepted (new: false)
[2026-09-29T21:21:55.076Z DEBUG blacksilk_p2p::net::headers] peer 7: 1 headers up to height 284 accepted (new: true)
[2026-09-29T21:21:55.141Z DEBUG blacksilk_p2p::net::blocks] peer 7: block 24831acc3343 at height 284 received
[2026-09-29T21:21:55.238Z DEBUG blacksilk_p2p::net::headers] peer 5: 1 headers up to height 284 accepted (new: false)
[2026-09-29T21:21:58.015Z INFO  blacksilk_node] block 327cfc49d179869c at height 285 accepted (tip 285)
[2026-09-29T21:21:59.121Z DEBUG blacksilk_p2p::net::stem] stem tx 14b587264711 -> peer 7
[2026-09-29T21:22:04.801Z DEBUG blacksilk_p2p::net::headers] peer 7: 1 headers up to height 286 accepted (new: true)
[2026-09-29T21:22:04.881Z DEBUG blacksilk_p2p::net::blocks] peer 7: block a701f7c442f8 at height 286 received
[2026-09-29T21:22:04.921Z DEBUG blacksilk_p2p::net::headers] peer 5: 1 headers up to height 286 accepted (new: false)
[2026-09-29T21:22:05.046Z DEBUG blacksilk_p2p::net::headers] peer 6: 1 headers up to height 286 accepted (new: false)
[2026-09-29T21:22:05.110Z DEBUG blacksilk_p2p::net::headers] peer 3: 1 headers up to height 286 accepted (new: false)
[2026-09-29T21:22:09.757Z DEBUG blacksilk_p2p::net::headers] peer 7: 1 headers up to height 287 accepted (new: true)
[2026-09-29T21:22:09.836Z DEBUG blacksilk_p2p::net::blocks] peer 7: block 0a25b6055d39 at height 287 received
[2026-09-29T21:22:09.921Z DEBUG blacksilk_p2p::net::headers] peer 5: 1 headers up to height 287 accepted (new: false)
[2026-09-29T21:22:16.817Z DEBUG blacksilk_p2p::net::headers] peer 7: 1 headers up to height 288 accepted (new: true)
[2026-09-29T21:22:16.883Z DEBUG blacksilk_p2p::net::blocks] peer 7: block 1616734a24bf at height 288 received
[2026-09-29T21:22:16.948Z DEBUG blacksilk_p2p::net::headers] peer 5: 1 headers up to height 288 accepted (new: false)
[2026-09-29T21:22:17.046Z DEBUG blacksilk_p2p::net::headers] peer 6: 1 headers up to height 288 accepted (new: false)
[2026-09-29T21:22:17.165Z DEBUG blacksilk_p2p::net::headers] peer 3: 1 headers up to height 288 accepted (new: false)
[2026-09-29T21:22:27.945Z DEBUG blacksilk_p2p::net::headers] peer 7: 1 headers up to height 289 accepted (new: true)
[2026-09-29T21:22:28.027Z DEBUG blacksilk_p2p::net::blocks] peer 7: block 91375fa5aaa1 at height 289 received
[2026-09-29T21:22:28.152Z DEBUG blacksilk_p2p::net::headers] peer 5: 1 headers up to height 289 accepted (new: false)
[2026-09-29T21:22:28.152Z DEBUG blacksilk_p2p::net::headers] peer 3: 1 headers up to height 289 accepted (new: false)
[2026-09-29T21:22:33.166Z DEBUG blacksilk_p2p::net::headers] peer 7: 1 headers up to height 290 accepted (new: true)
[2026-09-29T21:22:33.238Z DEBUG blacksilk_p2p::net::blocks] peer 7: block abd1f82fd120 at height 290 received
[2026-09-29T21:22:33.407Z DEBUG blacksilk_p2p::net::headers] peer 3: 1 headers up to height 290 accepted (new: false)
[2026-09-29T21:22:33.407Z DEBUG blacksilk_p2p::net::headers] peer 5: 1 headers up to height 290 accepted (new: false)
[2026-09-29T21:22:33.426Z DEBUG blacksilk_p2p::net::headers] peer 6: 1 headers up to height 290 accepted (new: false)
[2026-09-29T21:22:39.436Z DEBUG blacksilk_p2p::net::stem] stem tx 068ef40de4a8 -> peer 7
[2026-09-29T21:22:44.623Z DEBUG blacksilk_p2p::net::maintenance] embargo expired for 913c3e02ecc1
[2026-09-29T21:22:44.629Z DEBUG blacksilk_p2p::net::stem] fluff tx 913c3e02ecc1
[2026-09-29T21:22:44.676Z INFO  blacksilk_node] block 7f2255c8e95e6b02 at height 291 accepted (tip 291)
[2026-09-29T21:22:47.788Z DEBUG blacksilk_p2p::net::headers] peer 7: 1 headers up to height 292 accepted (new: true)
[2026-09-29T21:22:47.845Z DEBUG blacksilk_p2p::net::blocks] peer 7: block eb4039c2a1e4 at height 292 received
[2026-09-29T21:22:48.029Z DEBUG blacksilk_p2p::net::headers] peer 5: 1 headers up to height 292 accepted (new: false)
[2026-09-29T21:22:48.029Z DEBUG blacksilk_p2p::net::headers] peer 6: 1 headers up to height 292 accepted (new: false)
[2026-09-29T21:22:48.029Z DEBUG blacksilk_p2p::net::headers] peer 3: 1 headers up to height 292 accepted (new: false)
[2026-09-29T21:23:05.012Z DEBUG blacksilk_p2p::net::headers] peer 7: 1 headers up to height 293 accepted (new: true)
[2026-09-29T21:23:05.089Z DEBUG blacksilk_p2p::net::blocks] peer 7: block ba7253f3adf1 at height 293 received
[2026-09-29T21:23:05.161Z DEBUG blacksilk_p2p::net::headers] peer 3: 1 headers up to height 293 accepted (new: false)
[2026-09-29T21:23:05.296Z DEBUG blacksilk_p2p::net::headers] peer 5: 1 headers up to height 293 accepted (new: false)
[2026-09-29T21:23:05.296Z DEBUG blacksilk_p2p::net::headers] peer 6: 1 headers up to height 293 accepted (new: false)
[2026-09-29T21:23:21.508Z DEBUG blacksilk_p2p::net::headers] peer 7: 1 headers up to height 294 accepted (new: true)
[2026-09-29T21:23:21.565Z DEBUG blacksilk_p2p::net::blocks] peer 7: block 783ad09b031e at height 294 received
[2026-09-29T21:23:21.631Z DEBUG blacksilk_p2p::net::headers] peer 3: 1 headers up to height 294 accepted (new: false)
[2026-09-29T21:23:21.753Z DEBUG blacksilk_p2p::net::headers] peer 5: 1 headers up to height 294 accepted (new: false)
[2026-09-29T21:23:21.773Z DEBUG blacksilk_p2p::net::headers] peer 6: 1 headers up to height 294 accepted (new: false)
[2026-09-29T21:23:23.418Z INFO  blacksilk_node] block a7e326dfdf38ef84 at height 295 accepted (tip 295)
[2026-09-29T21:23:34.943Z INFO  blacksilk_node] block 09b4f98ef612340e at height 296 accepted (tip 296)
[2026-09-29T21:23:40.799Z INFO  blacksilk_node] block 461f871787fa9402 at height 297 accepted (tip 297)
[2026-09-29T21:23:50.794Z INFO  blacksilk_node] block 7c6a851714a7abe7 at height 298 accepted (tip 298)
[2026-09-29T21:23:51.499Z DEBUG blacksilk_p2p::net::headers] peer 7: 1 headers up to height 298 accepted (new: true)
[2026-09-29T21:23:51.597Z DEBUG blacksilk_p2p::net::headers] peer 6: 1 headers up to height 298 accepted (new: true)
[2026-09-29T21:23:51.597Z DEBUG blacksilk_p2p::net::headers] peer 5: 1 headers up to height 298 accepted (new: true)
[2026-09-29T21:23:51.732Z DEBUG blacksilk_p2p::net::headers] peer 3: 1 headers up to height 298 accepted (new: true)
[2026-09-29T21:23:56.479Z INFO  blacksilk_node] block 999d3a3aa907e59d at height 299 accepted (tip 299)
[2026-09-29T21:23:58.289Z INFO  blacksilk_node] block 9d9f363af87c428b at height 300 accepted (tip 300)
[2026-09-29T21:24:01.581Z INFO  blacksilk_node] block 34a09e8983903c9e at height 301 accepted (tip 301)
[2026-09-29T21:24:03.415Z INFO  blacksilk_node] block 719528e39bd3d713 at height 302 accepted (tip 302)
[2026-09-29T21:24:08.801Z INFO  blacksilk_node] block 7f38517d88270aba at height 303 accepted (tip 303)
[2026-09-29T21:24:08.923Z DEBUG blacksilk_p2p::net::headers] peer 7: 1 headers up to height 303 accepted (new: true)
[2026-09-29T21:24:09.075Z DEBUG blacksilk_p2p::net::headers] peer 6: 1 headers up to height 303 accepted (new: true)
[2026-09-29T21:24:09.075Z DEBUG blacksilk_p2p::net::headers] peer 5: 1 headers up to height 303 accepted (new: true)
[2026-09-29T21:24:09.075Z DEBUG blacksilk_p2p::net::headers] peer 3: 1 headers up to height 303 accepted (new: true)
[2026-09-29T21:24:20.030Z DEBUG blacksilk_p2p::net::stem] stem tx 8320c4a1988b -> peer 7
[2026-09-29T21:24:28.767Z INFO  blacksilk_node] block fd0cb5089677bfc9 at height 304 accepted (tip 304)
[2026-09-29T21:24:33.200Z INFO  blacksilk_node] block fdf68057584bd568 at height 305 accepted (tip 305)
[2026-09-29T21:24:41.221Z DEBUG blacksilk_p2p::net::headers] peer 7: 2 headers up to height 306 accepted (new: true)
[2026-09-29T21:24:41.278Z DEBUG blacksilk_p2p::net::blocks] peer 7: block 74f27aa6e261 at height 305 received
[2026-09-29T21:24:41.278Z DEBUG blacksilk_p2p::net::blocks] peer 7: block 1855a302661b at height 306 received
[2026-09-29T21:24:41.282Z INFO  blacksilk_chain::manager::fork_choice] reorganization: disconnecting 1 block(s) above height 304
[2026-09-29T21:24:41.286Z INFO  blacksilk_chain::manager::fork_choice] mempool after the reorganization: Revalidation { checked: 0, invalid: 0, ring_changed: 0 }; returned transactions: Readmission { readmitted: 0, already_pooled: 0, other_rules: 0, conflicts: 0, invalid: 0, ring_changed: 0, no_room: 0, over_budget: 0 }; 0 beyond the readmission budget, not captured
[2026-09-29T21:24:41.556Z DEBUG blacksilk_p2p::net::headers] peer 3: 1 headers up to height 306 accepted (new: false)
[2026-09-29T21:24:47.112Z DEBUG blacksilk_p2p::net::headers] peer 7: 1 headers up to height 307 accepted (new: true)
[2026-09-29T21:24:47.178Z DEBUG blacksilk_p2p::net::blocks] peer 7: block 3db97fc40ace at height 307 received
[2026-09-29T21:24:47.249Z DEBUG blacksilk_p2p::net::headers] peer 5: 1 headers up to height 307 accepted (new: false)
[2026-09-29T21:24:52.639Z DEBUG blacksilk_p2p::net::headers] peer 7: 1 headers up to height 308 accepted (new: true)
[2026-09-29T21:24:52.701Z DEBUG blacksilk_p2p::net::blocks] peer 7: block 3150e7900e4f at height 308 received
[2026-09-29T21:24:52.762Z DEBUG blacksilk_p2p::net::headers] peer 5: 1 headers up to height 308 accepted (new: false)
[2026-09-29T21:24:52.822Z DEBUG blacksilk_p2p::net::headers] peer 3: 1 headers up to height 308 accepted (new: false)
[2026-09-29T21:25:12.945Z INFO  blacksilk_node] block fd2bdf349d361f5f at height 309 accepted (tip 309)
[2026-09-29T21:25:14.253Z DEBUG blacksilk_p2p::net::headers] peer 7: 1 headers up to height 309 accepted (new: true)
[2026-09-29T21:25:20.471Z DEBUG blacksilk_p2p::net::stem] stem tx a3716471318c -> peer 7
[2026-09-29T21:25:20.754Z INFO  blacksilk_node] block 76bdf1cbd7f4e8c9 at height 310 accepted (tip 310)
[2026-09-29T21:25:27.301Z INFO  blacksilk_node] block fe52f8052ec091d6 at height 311 accepted (tip 311)
[2026-09-29T21:25:32.079Z DEBUG blacksilk_p2p::net::headers] peer 7: 1 headers up to height 312 accepted (new: true)
[2026-09-29T21:25:32.161Z DEBUG blacksilk_p2p::net::blocks] peer 7: block 2fbf99a2a0dc at height 312 received
[2026-09-29T21:25:32.242Z DEBUG blacksilk_p2p::net::headers] peer 5: 1 headers up to height 312 accepted (new: false)
[2026-09-29T21:25:35.004Z INFO  blacksilk_node] block 1a94f6b40d69b5ab at height 313 accepted (tip 313)
[2026-09-29T21:25:37.874Z INFO  blacksilk_node] block 001246aaedf6a6b3 at height 314 accepted (tip 314)
[2026-09-29T21:25:40.605Z DEBUG blacksilk_p2p::net::stem] stem tx 17c095e4d8a3 -> peer 7
[2026-09-29T21:25:40.611Z INFO  blacksilk_node] block ccaa5b00e84e1608 at height 315 accepted (tip 315)
[2026-09-29T21:26:00.651Z DEBUG blacksilk_p2p::net::stem] stem tx b62e3f6c73b6 -> peer 7
[2026-09-29T21:26:05.520Z DEBUG blacksilk_p2p::net::headers] peer 7: 1 headers up to height 316 accepted (new: true)
[2026-09-29T21:26:05.591Z DEBUG blacksilk_p2p::net::blocks] peer 7: block 43f1f69ed4e6 at height 316 received
[2026-09-29T21:26:05.689Z DEBUG blacksilk_p2p::net::headers] peer 3: 1 headers up to height 316 accepted (new: false)
[2026-09-29T21:26:05.689Z DEBUG blacksilk_p2p::net::headers] peer 6: 1 headers up to height 316 accepted (new: false)
[2026-09-29T21:26:05.689Z DEBUG blacksilk_p2p::net::headers] peer 5: 1 headers up to height 316 accepted (new: false)
[2026-09-29T21:26:06.756Z DEBUG blacksilk_p2p::net::maintenance] embargo expired for a3716471318c
[2026-09-29T21:26:06.760Z DEBUG blacksilk_p2p::net::stem] fluff tx a3716471318c
[2026-09-29T21:26:07.344Z INFO  blacksilk_node] block 8b403324e9fb6395 at height 317 accepted (tip 317)
[2026-09-29T21:26:11.063Z DEBUG blacksilk_p2p::net::headers] peer 7: 1 headers up to height 318 accepted (new: true)
[2026-09-29T21:26:11.145Z DEBUG blacksilk_p2p::net::blocks] peer 7: block dcb3f6c89cbc at height 318 received
[2026-09-29T21:26:23.102Z DEBUG blacksilk_p2p::net::headers] peer 7: 1 headers up to height 319 accepted (new: true)
[2026-09-29T21:26:23.182Z DEBUG blacksilk_p2p::net::blocks] peer 7: block 13f3d80ca533 at height 319 received
[2026-09-29T21:26:23.240Z DEBUG blacksilk_p2p::net::headers] peer 3: 1 headers up to height 319 accepted (new: false)
[2026-09-29T21:26:23.448Z DEBUG blacksilk_p2p::net::headers] peer 5: 1 headers up to height 319 accepted (new: false)
[2026-09-29T21:26:23.448Z DEBUG blacksilk_p2p::net::headers] peer 6: 1 headers up to height 319 accepted (new: false)
[2026-09-29T21:26:30.902Z DEBUG blacksilk_p2p::net::headers] peer 7: 1 headers up to height 320 accepted (new: true)
[2026-09-29T21:26:30.969Z DEBUG blacksilk_p2p::net::blocks] peer 7: block a88cc57887f2 at height 320 received
[2026-09-29T21:26:31.005Z DEBUG blacksilk_p2p::net::headers] peer 5: 1 headers up to height 320 accepted (new: false)
[2026-09-29T21:26:31.026Z DEBUG blacksilk_p2p::net::headers] peer 6: 1 headers up to height 320 accepted (new: false)
[2026-09-29T21:26:31.091Z DEBUG blacksilk_p2p::net::headers] peer 3: 1 headers up to height 320 accepted (new: false)
[2026-09-29T21:26:40.851Z DEBUG blacksilk_p2p::net::stem] stem tx 5d1f367fa765 -> peer 7
[2026-09-29T21:26:50.359Z INFO  blacksilk_node] block a2ed2cac4e4b4673 at height 321 accepted (tip 321)
[2026-09-29T21:26:53.426Z DEBUG blacksilk_p2p::net::headers] peer 7: 1 headers up to height 322 accepted (new: true)
[2026-09-29T21:26:53.482Z DEBUG blacksilk_p2p::net::blocks] peer 7: block ffb26e3be204 at height 322 received
[2026-09-29T21:26:53.580Z DEBUG blacksilk_p2p::net::headers] peer 6: 1 headers up to height 322 accepted (new: false)
[2026-09-29T21:26:53.599Z DEBUG blacksilk_p2p::net::headers] peer 3: 1 headers up to height 322 accepted (new: false)
[2026-09-29T21:26:57.387Z DEBUG blacksilk_p2p::net::headers] peer 7: 1 headers up to height 323 accepted (new: true)
[2026-09-29T21:26:57.442Z DEBUG blacksilk_p2p::net::blocks] peer 7: block d33aab03ad8c at height 323 received
[2026-09-29T21:26:57.536Z DEBUG blacksilk_p2p::net::headers] peer 3: 1 headers up to height 323 accepted (new: false)
[2026-09-29T21:27:00.527Z DEBUG blacksilk_p2p::net::headers] peer 7: 1 headers up to height 324 accepted (new: true)
[2026-09-29T21:27:00.594Z DEBUG blacksilk_p2p::net::blocks] peer 7: block 61d5048ca451 at height 324 received
[2026-09-29T21:27:00.635Z DEBUG blacksilk_p2p::net::headers] peer 6: 1 headers up to height 324 accepted (new: false)
[2026-09-29T21:27:00.657Z DEBUG blacksilk_p2p::net::headers] peer 3: 1 headers up to height 324 accepted (new: false)
[2026-09-29T21:27:01.688Z DEBUG blacksilk_p2p::net::maintenance] embargo expired for 5d1f367fa765
[2026-09-29T21:27:01.692Z DEBUG blacksilk_p2p::net::stem] fluff tx 5d1f367fa765
[2026-09-29T21:27:06.832Z DEBUG blacksilk_p2p::net::headers] peer 7: 1 headers up to height 325 accepted (new: true)
[2026-09-29T21:27:06.890Z DEBUG blacksilk_p2p::net::blocks] peer 7: block e5efe2cdf1cf at height 325 received
[2026-09-29T21:27:06.923Z DEBUG blacksilk_p2p::net::headers] peer 3: 1 headers up to height 325 accepted (new: false)
[2026-09-29T21:27:20.962Z DEBUG blacksilk_p2p::net::stem] stem tx dadaeedad385 -> peer 7
[2026-09-29T21:27:33.073Z DEBUG blacksilk_p2p::net::maintenance] embargo expired for dadaeedad385
[2026-09-29T21:27:33.079Z DEBUG blacksilk_p2p::net::stem] fluff tx dadaeedad385
[2026-09-29T21:27:36.794Z DEBUG blacksilk_p2p::net::headers] peer 7: 1 headers up to height 326 accepted (new: true)
[2026-09-29T21:27:36.862Z DEBUG blacksilk_p2p::net::blocks] peer 7: block e5571c4cc408 at height 326 received
[2026-09-29T21:27:36.951Z DEBUG blacksilk_p2p::net::headers] peer 6: 1 headers up to height 326 accepted (new: false)
[2026-09-29T21:27:37.062Z DEBUG blacksilk_p2p::net::headers] peer 5: 1 headers up to height 326 accepted (new: false)
[2026-09-29T21:27:37.062Z DEBUG blacksilk_p2p::net::headers] peer 3: 1 headers up to height 326 accepted (new: false)
[2026-09-29T21:27:41.224Z DEBUG blacksilk_p2p::net::headers] peer 7: 1 headers up to height 327 accepted (new: true)
[2026-09-29T21:27:41.311Z DEBUG blacksilk_p2p::net::blocks] peer 7: block ac3a906b8af0 at height 327 received
[2026-09-29T21:27:41.375Z DEBUG blacksilk_p2p::net::headers] peer 6: 1 headers up to height 327 accepted (new: false)
[2026-09-29T21:28:02.689Z INFO  blacksilk_p2p::net::conn] connected inbound peer 127.0.0.1:10577 (height 0)
[2026-09-29T21:28:02.689Z DEBUG blacksilk_p2p::net::addr_relay] peer 8: getaddr answered with 5 addresses
[2026-09-29T21:28:02.689Z DEBUG blacksilk_p2p::net::addr_relay] peer 8: addr with 1 entries
[2026-09-29T21:28:02.821Z DEBUG blacksilk_p2p::net::addr_relay] peer 5: addr with 1 entries
[2026-09-29T21:28:02.838Z DEBUG blacksilk_p2p::net::addr_relay] peer 3: addr with 1 entries
