[2026-09-29T21:28:02.421Z INFO  blacksilk_node] blacksilk-node 0.1.0 commit 64d89d4a17e8abaa060c1146ea30a492c373f1c9
[2026-09-29T21:28:02.421Z INFO  blacksilk_node] regtest: genesis 087d6fd4efbc45eb0a895dd0680a7fd305208cae239b1b4275d7148b29a569b7, consensus fingerprint 5fb8ef8f74efa7631e2d9aa5f809fc0d9ab9273fdc54d45e5aad73f889c5e72b
[2026-09-29T21:28:02.421Z INFO  blacksilk_node] regtest: loading C:/bszkeval/w4-lab-scratch/run1\node-late
[2026-09-29T21:28:02.425Z INFO  blacksilk_node] chain loaded in 4.0ms: height 0, tip 087d6fd4efbc45eb
[2026-09-29T21:28:02.428Z INFO  blacksilk_node] P2P listening on 127.0.0.1:51101
[2026-09-29T21:28:02.428Z INFO  blacksilk_node] RPC listening on http://127.0.0.1:51100
[2026-09-29T21:28:02.433Z WARN  blacksilk_node::cookie] the data directory C:/bszkeval/w4-lab-scratch/run1\node-late is outside your user profile: on Windows the RPC cookie is protected only by that directory's permissions; make sure other users cannot read it
[2026-09-29T21:28:02.433Z INFO  blacksilk_node::serve] RPC credential written to C:/bszkeval/w4-lab-scratch/run1\node-late\rpc.cookie (clients read it: --rpc-cookie)
[2026-09-29T21:28:02.689Z INFO  blacksilk_p2p::net::conn] connected outbound peer 127.0.0.1:51001 (height 327)
[2026-09-29T21:28:02.689Z DEBUG blacksilk_p2p::net::addr_relay] peer 1: addr with 1 entries
[2026-09-29T21:28:02.689Z DEBUG blacksilk_p2p::net::addr_relay] peer 1: addr with 5 entries
[2026-09-29T21:28:03.907Z INFO  blacksilk_chain::manager::template] caught up at height 0: block templates are served from now on
[2026-09-29T21:28:04.071Z DEBUG blacksilk_p2p::net::blocks] peer 1: block a744844cbdc5 at height 1 received
[2026-09-29T21:28:04.071Z DEBUG blacksilk_p2p::net::blocks] peer 1: block 3b62880d5114 at height 2 received
[2026-09-29T21:28:04.071Z DEBUG blacksilk_p2p::net::blocks] peer 1: block c2de5319111c at height 3 received
[2026-09-29T21:28:04.077Z DEBUG blacksilk_p2p::net::blocks] peer 1: block a02d53e70c25 at height 4 received
[2026-09-29T21:28:04.080Z DEBUG blacksilk_p2p::net::blocks] peer 1: block d558e1dd347e at height 5 received
[2026-09-29T21:28:04.082Z DEBUG blacksilk_p2p::net::blocks] peer 1: block 276e1ea42d31 at height 6 received
[2026-09-29T21:28:04.084Z DEBUG blacksilk_p2p::net::blocks] peer 1: block b7a9cc59c9c9 at height 7 received
[2026-09-29T21:28:04.086Z DEBUG blacksilk_p2p::net::blocks] peer 1: block 73b5835e936c at height 8 received
[2026-09-29T21:28:04.874Z DEBUG blacksilk_p2p::net::blocks] peer 1: block 744b06a6f591 at height 9 received
[2026-09-29T21:28:04.874Z DEBUG blacksilk_p2p::net::blocks] peer 1: block 6a955bd1cb5e at height 10 received
[2026-09-29T21:28:04.874Z DEBUG blacksilk_p2p::net::blocks] peer 1: block b8374e5b2bdc at height 11 received
[2026-09-29T21:28:04.876Z INFO  blacksilk_p2p::net::conn] connected block-relay-only outbound peer 127.0.0.1:51041 (height 327)
[2026-09-29T21:28:04.876Z INFO  blacksilk_p2p::net::conn] connected outbound peer 127.0.0.1:51061 (height 327)
[2026-09-29T21:28:04.877Z INFO  blacksilk_p2p::net::conn] connected outbound peer 127.0.0.1:51021 (height 327)
[2026-09-29T21:28:04.877Z DEBUG blacksilk_p2p::net::addr_relay] peer 3: addr with 1 entries
[2026-09-29T21:28:04.877Z INFO  blacksilk_p2p::net::conn] connected outbound peer 127.0.0.1:51081 (height 327)
[2026-09-29T21:28:04.877Z DEBUG blacksilk_p2p::net::addr_relay] peer 5: addr with 1 entries
[2026-09-29T21:28:04.877Z DEBUG blacksilk_p2p::net::addr_relay] peer 4: addr with 1 entries
[2026-09-29T21:28:04.877Z DEBUG blacksilk_p2p::net::addr_relay] peer 3: addr with 5 entries
[2026-09-29T21:28:04.877Z DEBUG blacksilk_p2p::net::addr_relay] peer 4: addr with 5 entries
[2026-09-29T21:28:04.877Z DEBUG blacksilk_p2p::net::addr_relay] peer 5: addr with 5 entries
[2026-09-29T21:28:04.877Z DEBUG blacksilk_p2p::net::blocks] peer 2: block 565170f1ad89 at height 13 received
[2026-09-29T21:28:04.877Z DEBUG blacksilk_p2p::net::blocks] peer 2: block 26fa5989db77 at height 14 received
[2026-09-29T21:28:04.877Z DEBUG blacksilk_p2p::net::blocks] peer 1: block 537fbc9d2267 at height 12 received
[2026-09-29T21:28:04.877Z DEBUG blacksilk_p2p::net::blocks] peer 3: block cf6f7003e7e6 at height 15 received
[2026-09-29T21:28:04.877Z DEBUG blacksilk_p2p::net::blocks] peer 4: block 041cc573c9fd at height 16 received
[2026-09-29T21:28:05.642Z DEBUG blacksilk_p2p::net::blocks] peer 1: block b5f33a9fdaa5 at height 20 received
[2026-09-29T21:28:05.642Z DEBUG blacksilk_p2p::net::blocks] peer 1: block 480cc32f8457 at height 21 received
[2026-09-29T21:28:05.642Z DEBUG blacksilk_p2p::net::blocks] peer 4: block e91ceda893b2 at height 23 received
[2026-09-29T21:28:05.642Z DEBUG blacksilk_p2p::net::blocks] peer 2: block 469b6809e730 at height 19 received
[2026-09-29T21:28:05.643Z DEBUG blacksilk_p2p::net::blocks] peer 3: block ac5be2000ba5 at height 17 received
[2026-09-29T21:28:05.643Z DEBUG blacksilk_p2p::net::blocks] peer 2: block 00f750ba0eb4 at height 24 received
[2026-09-29T21:28:05.643Z DEBUG blacksilk_p2p::net::blocks] peer 3: block 10505d042443 at height 18 received
[2026-09-29T21:28:05.643Z DEBUG blacksilk_p2p::net::blocks] peer 3: block 67f83486e5b5 at height 22 received
[2026-09-29T21:28:06.430Z DEBUG blacksilk_p2p::net::blocks] peer 5: block ff0ecdc421a6 at height 27 received
[2026-09-29T21:28:06.430Z DEBUG blacksilk_p2p::net::blocks] peer 5: block 0ce9000040af at height 28 received
[2026-09-29T21:28:06.430Z DEBUG blacksilk_p2p::net::blocks] peer 5: block 96b2e633f1a8 at height 30 received
[2026-09-29T21:28:06.440Z DEBUG blacksilk_p2p::net::blocks] peer 3: block c2fab0cd37e2 at height 25 received
[2026-09-29T21:28:06.440Z DEBUG blacksilk_p2p::net::blocks] peer 3: block ea7ff9bb1ea5 at height 26 received
[2026-09-29T21:28:06.440Z DEBUG blacksilk_p2p::net::blocks] peer 3: block a1da6e2377e1 at height 29 received
[2026-09-29T21:28:06.460Z DEBUG blacksilk_p2p::net::blocks] peer 1: block 5a45557d17bc at height 31 received
[2026-09-29T21:28:06.460Z DEBUG blacksilk_p2p::net::blocks] peer 1: block 5e707b3f6160 at height 32 received
[2026-09-29T21:28:07.245Z DEBUG blacksilk_p2p::net::blocks] peer 3: block 29e0a7325a9a at height 37 received
[2026-09-29T21:28:07.245Z DEBUG blacksilk_p2p::net::blocks] peer 5: block 244bdc771721 at height 35 received
[2026-09-29T21:28:07.245Z DEBUG blacksilk_p2p::net::blocks] peer 1: block b016ffa51099 at height 34 received
[2026-09-29T21:28:07.245Z DEBUG blacksilk_p2p::net::blocks] peer 2: block 9e90f74e027c at height 38 received
[2026-09-29T21:28:07.245Z DEBUG blacksilk_p2p::net::blocks] peer 4: block 1909d94e22b8 at height 33 received
[2026-09-29T21:28:07.245Z DEBUG blacksilk_p2p::net::blocks] peer 3: block 4ae41ce77ffd at height 39 received
[2026-09-29T21:28:07.245Z DEBUG blacksilk_p2p::net::blocks] peer 1: block b176594ff686 at height 36 received
[2026-09-29T21:28:07.245Z DEBUG blacksilk_p2p::net::blocks] peer 4: block 84b10776222b at height 40 received
[2026-09-29T21:28:08.063Z DEBUG blacksilk_p2p::net::blocks] peer 2: block f80557b2792c at height 48 received
[2026-09-29T21:28:08.063Z DEBUG blacksilk_p2p::net::blocks] peer 4: block a6f4a4acf365 at height 41 received
[2026-09-29T21:28:08.063Z DEBUG blacksilk_p2p::net::blocks] peer 4: block f414bd348963 at height 45 received
[2026-09-29T21:28:08.063Z DEBUG blacksilk_p2p::net::blocks] peer 3: block f2f5cb8e8b67 at height 47 received
[2026-09-29T21:28:08.063Z DEBUG blacksilk_p2p::net::blocks] peer 5: block 3aedd0e1d782 at height 44 received
[2026-09-29T21:28:08.073Z DEBUG blacksilk_p2p::net::blocks] peer 1: block 7b8ebde84eac at height 42 received
[2026-09-29T21:28:08.073Z DEBUG blacksilk_p2p::net::blocks] peer 1: block ead4d5151da4 at height 43 received
[2026-09-29T21:28:08.073Z DEBUG blacksilk_p2p::net::blocks] peer 1: block b440d137ad9a at height 46 received
[2026-09-29T21:28:08.862Z DEBUG blacksilk_p2p::net::blocks] peer 3: block 0b800b0726a2 at height 52 received
[2026-09-29T21:28:08.862Z DEBUG blacksilk_p2p::net::blocks] peer 3: block 95050cebcb04 at height 54 received
[2026-09-29T21:28:08.862Z DEBUG blacksilk_p2p::net::blocks] peer 5: block f30286704541 at height 49 received
[2026-09-29T21:28:08.862Z DEBUG blacksilk_p2p::net::blocks] peer 5: block ff1f7a154b17 at height 50 received
[2026-09-29T21:28:08.862Z DEBUG blacksilk_p2p::net::blocks] peer 5: block c1e27511da95 at height 53 received
[2026-09-29T21:28:08.883Z DEBUG blacksilk_p2p::net::blocks] peer 1: block 423e4fddd8f9 at height 51 received
[2026-09-29T21:28:08.883Z DEBUG blacksilk_p2p::net::blocks] peer 1: block 36c0d5225dc1 at height 55 received
[2026-09-29T21:28:08.883Z DEBUG blacksilk_p2p::net::blocks] peer 1: block ef158d2822d8 at height 56 received
[2026-09-29T21:28:09.686Z DEBUG blacksilk_p2p::net::blocks] peer 4: block 558b2c75027d at height 57 received
[2026-09-29T21:28:09.686Z DEBUG blacksilk_p2p::net::blocks] peer 5: block f6970b466e1a at height 60 received
[2026-09-29T21:28:09.686Z DEBUG blacksilk_p2p::net::blocks] peer 3: block bd5fcc1f4730 at height 58 received
[2026-09-29T21:28:09.686Z DEBUG blacksilk_p2p::net::blocks] peer 4: block 3cf3cdf8c7a0 at height 59 received
[2026-09-29T21:28:09.686Z DEBUG blacksilk_p2p::net::blocks] peer 5: block ffcb7c18d0f0 at height 61 received
[2026-09-29T21:28:09.686Z DEBUG blacksilk_p2p::net::blocks] peer 3: block 38e50b23768d at height 64 received
[2026-09-29T21:28:09.686Z DEBUG blacksilk_p2p::net::blocks] peer 4: block 1e3fe0c32df0 at height 63 received
[2026-09-29T21:28:09.686Z DEBUG blacksilk_p2p::net::blocks] peer 5: block 93f491ae9fb9 at height 62 received
[2026-09-29T21:28:10.456Z DEBUG blacksilk_p2p::net::blocks] peer 2: block bf0ceefcd1b9 at height 66 received
[2026-09-29T21:28:10.456Z DEBUG blacksilk_p2p::net::blocks] peer 5: block 60c03c957a22 at height 68 received
[2026-09-29T21:28:10.456Z DEBUG blacksilk_p2p::net::blocks] peer 3: block 9af7328998b9 at height 67 received
[2026-09-29T21:28:10.456Z DEBUG blacksilk_p2p::net::blocks] peer 4: block 9bf723cd1f4f at height 65 received
[2026-09-29T21:28:10.456Z DEBUG blacksilk_p2p::net::blocks] peer 2: block e2ba2ff596f2 at height 71 received
[2026-09-29T21:28:10.456Z DEBUG blacksilk_p2p::net::blocks] peer 5: block 0a14dc5ea9ca at height 72 received
[2026-09-29T21:28:10.456Z DEBUG blacksilk_p2p::net::blocks] peer 3: block b2b792c50483 at height 70 received
[2026-09-29T21:28:10.456Z DEBUG blacksilk_p2p::net::blocks] peer 4: block 5b208a1dd925 at height 69 received
[2026-09-29T21:28:11.251Z DEBUG blacksilk_p2p::net::blocks] peer 4: block a18435a49ab3 at height 74 received
[2026-09-29T21:28:11.251Z DEBUG blacksilk_p2p::net::blocks] peer 3: block e8109729c1d2 at height 75 received
[2026-09-29T21:28:11.251Z DEBUG blacksilk_p2p::net::blocks] peer 1: block b7e27fec84a8 at height 73 received
[2026-09-29T21:28:11.251Z DEBUG blacksilk_p2p::net::blocks] peer 3: block c4d91ba88692 at height 78 received
[2026-09-29T21:28:11.251Z DEBUG blacksilk_p2p::net::blocks] peer 1: block a6bfa3e655df at height 76 received
[2026-09-29T21:28:11.251Z DEBUG blacksilk_p2p::net::blocks] peer 3: block e7cf5c7eb424 at height 79 received
[2026-09-29T21:28:11.251Z DEBUG blacksilk_p2p::net::blocks] peer 1: block 2202da37dd06 at height 77 received
[2026-09-29T21:28:11.251Z DEBUG blacksilk_p2p::net::blocks] peer 4: block 88ba23b78175 at height 80 received
[2026-09-29T21:28:12.051Z DEBUG blacksilk_p2p::net::blocks] peer 4: block 49cb7608753c at height 83 received
[2026-09-29T21:28:12.051Z DEBUG blacksilk_p2p::net::blocks] peer 2: block 0d17b964de53 at height 85 received
[2026-09-29T21:28:12.051Z DEBUG blacksilk_p2p::net::blocks] peer 2: block 35a4f4ed21c9 at height 86 received
[2026-09-29T21:28:12.051Z DEBUG blacksilk_p2p::net::blocks] peer 2: block 51b45d156f54 at height 88 received
[2026-09-29T21:28:12.085Z DEBUG blacksilk_p2p::net::blocks] peer 3: block 0ebd3d848e76 at height 81 received
[2026-09-29T21:28:12.085Z DEBUG blacksilk_p2p::net::blocks] peer 3: block 55334353ee29 at height 82 received
[2026-09-29T21:28:12.092Z DEBUG blacksilk_p2p::net::blocks] peer 5: block 91a4263cc0fd at height 84 received
[2026-09-29T21:28:12.092Z DEBUG blacksilk_p2p::net::blocks] peer 5: block 53186efa58d1 at height 87 received
[2026-09-29T21:28:12.871Z DEBUG blacksilk_p2p::net::blocks] peer 3: block d02140cb177d at height 96 received
[2026-09-29T21:28:12.871Z DEBUG blacksilk_p2p::net::blocks] peer 5: block 7123a0b2cac4 at height 89 received
[2026-09-29T21:28:12.871Z DEBUG blacksilk_p2p::net::blocks] peer 2: block cfa678597f5d at height 90 received
[2026-09-29T21:28:12.871Z DEBUG blacksilk_p2p::net::blocks] peer 5: block b682bcd71488 at height 94 received
[2026-09-29T21:28:12.871Z DEBUG blacksilk_p2p::net::blocks] peer 4: block 46985b35ac5d at height 91 received
[2026-09-29T21:28:12.871Z DEBUG blacksilk_p2p::net::blocks] peer 5: block c1d96a356f92 at height 95 received
[2026-09-29T21:28:12.871Z DEBUG blacksilk_p2p::net::blocks] peer 4: block ebfd17920a38 at height 92 received
[2026-09-29T21:28:12.871Z DEBUG blacksilk_p2p::net::blocks] peer 4: block edf88bc76592 at height 93 received
[2026-09-29T21:28:13.655Z DEBUG blacksilk_p2p::net::blocks] peer 3: block 7e4f1fde9f12 at height 99 received
[2026-09-29T21:28:13.655Z DEBUG blacksilk_p2p::net::blocks] peer 4: block 557c360e208a at height 97 received
[2026-09-29T21:28:13.655Z DEBUG blacksilk_p2p::net::blocks] peer 5: block d3c7c177d2dc at height 104 received
[2026-09-29T21:28:13.655Z DEBUG blacksilk_p2p::net::blocks] peer 3: block d924d4ad073d at height 101 received
[2026-09-29T21:28:13.655Z DEBUG blacksilk_p2p::net::blocks] peer 4: block 456ca957fc5b at height 102 received
[2026-09-29T21:28:13.655Z DEBUG blacksilk_p2p::net::blocks] peer 4: block 206157839bf3 at height 103 received
[2026-09-29T21:28:13.702Z DEBUG blacksilk_p2p::net::blocks] peer 1: block 8b66ba18f83d at height 98 received
[2026-09-29T21:28:13.702Z DEBUG blacksilk_p2p::net::blocks] peer 1: block d0121c97b338 at height 100 received
[2026-09-29T21:28:14.457Z DEBUG blacksilk_p2p::net::blocks] peer 4: block b05fbdb38070 at height 105 received
[2026-09-29T21:28:14.457Z DEBUG blacksilk_p2p::net::blocks] peer 4: block fd968082432d at height 107 received
[2026-09-29T21:28:14.457Z DEBUG blacksilk_p2p::net::blocks] peer 5: block 1017a357213a at height 108 received
[2026-09-29T21:28:14.457Z DEBUG blacksilk_p2p::net::blocks] peer 4: block 342ac237d06c at height 112 received
[2026-09-29T21:28:14.457Z DEBUG blacksilk_p2p::net::blocks] peer 5: block deab1ee93de4 at height 110 received
[2026-09-29T21:28:14.457Z DEBUG blacksilk_p2p::net::blocks] peer 3: block 167a14076a49 at height 106 received
[2026-09-29T21:28:14.457Z DEBUG blacksilk_p2p::net::blocks] peer 3: block 81b9e20a114e at height 109 received
[2026-09-29T21:28:14.457Z DEBUG blacksilk_p2p::net::blocks] peer 3: block 72fc366a9a9f at height 111 received
[2026-09-29T21:28:15.506Z DEBUG blacksilk_p2p::net::blocks] peer 2: block 939ae1b8a55d at height 113 received
[2026-09-29T21:28:15.506Z DEBUG blacksilk_p2p::net::blocks] peer 4: block 34ba4d1b465d at height 114 received
[2026-09-29T21:28:15.506Z DEBUG blacksilk_p2p::net::blocks] peer 5: block daa1ba1db784 at height 116 received
[2026-09-29T21:28:15.506Z DEBUG blacksilk_p2p::net::blocks] peer 4: block 241e32d2f80f at height 117 received
[2026-09-29T21:28:15.506Z DEBUG blacksilk_p2p::net::blocks] peer 5: block 27321f001250 at height 119 received
[2026-09-29T21:28:15.506Z DEBUG blacksilk_p2p::net::blocks] peer 4: block 65152fcfec7b at height 118 received
[2026-09-29T21:28:15.506Z DEBUG blacksilk_p2p::net::blocks] peer 5: block 04c591829f12 at height 120 received
[2026-09-29T21:28:15.506Z DEBUG blacksilk_p2p::net::blocks] peer 1: block a1cfe9cda27c at height 115 received
[2026-09-29T21:28:16.309Z DEBUG blacksilk_p2p::net::blocks] peer 3: block 0ecd72a23c92 at height 124 received
[2026-09-29T21:28:16.309Z DEBUG blacksilk_p2p::net::blocks] peer 4: block 545c7273c86d at height 121 received
[2026-09-29T21:28:16.309Z DEBUG blacksilk_p2p::net::blocks] peer 1: block b713f6fb4cb0 at height 122 received
[2026-09-29T21:28:16.309Z DEBUG blacksilk_p2p::net::blocks] peer 4: block 9c53957b0f74 at height 125 received
[2026-09-29T21:28:16.309Z DEBUG blacksilk_p2p::net::blocks] peer 1: block 0a80f92692b8 at height 126 received
[2026-09-29T21:28:16.309Z DEBUG blacksilk_p2p::net::blocks] peer 1: block f10254cf4461 at height 127 received
[2026-09-29T21:28:16.309Z DEBUG blacksilk_p2p::net::blocks] peer 2: block 5449a53d77cf at height 123 received
[2026-09-29T21:28:16.309Z DEBUG blacksilk_p2p::net::blocks] peer 2: block e331e06ff5aa at height 128 received
[2026-09-29T21:28:17.137Z DEBUG blacksilk_p2p::net::blocks] peer 1: block 2986f4462d6d at height 129 received
[2026-09-29T21:28:17.137Z DEBUG blacksilk_p2p::net::blocks] peer 4: block e7ff385ca135 at height 134 received
[2026-09-29T21:28:17.137Z DEBUG blacksilk_p2p::net::blocks] peer 5: block 594919411e13 at height 131 received
[2026-09-29T21:28:17.137Z DEBUG blacksilk_p2p::net::blocks] peer 2: block 84550aa73764 at height 130 received
[2026-09-29T21:28:17.137Z DEBUG blacksilk_p2p::net::blocks] peer 5: block ab31fa7f8d12 at height 133 received
[2026-09-29T21:28:17.137Z DEBUG blacksilk_p2p::net::blocks] peer 2: block daf20118ce49 at height 132 received
[2026-09-29T21:28:17.137Z DEBUG blacksilk_p2p::net::blocks] peer 5: block e484e094d306 at height 135 received
[2026-09-29T21:28:17.137Z DEBUG blacksilk_p2p::net::blocks] peer 2: block c4a988855221 at height 136 received
[2026-09-29T21:28:17.920Z DEBUG blacksilk_p2p::net::blocks] peer 2: block 5d0c5076699c at height 139 received
[2026-09-29T21:28:17.920Z DEBUG blacksilk_p2p::net::blocks] peer 2: block 138fdde19e72 at height 142 received
[2026-09-29T21:28:17.921Z DEBUG blacksilk_p2p::net::blocks] peer 3: block 1ac2d5ef285c at height 140 received
[2026-09-29T21:28:17.921Z DEBUG blacksilk_p2p::net::blocks] peer 3: block be4fd5be8e2f at height 143 received
[2026-09-29T21:28:17.921Z DEBUG blacksilk_p2p::net::blocks] peer 3: block 34bc074ca419 at height 144 received
[2026-09-29T21:28:17.928Z DEBUG blacksilk_p2p::net::blocks] peer 1: block 7553cf2045af at height 141 received
[2026-09-29T21:28:17.952Z DEBUG blacksilk_p2p::net::blocks] peer 4: block 67f69b1cbfeb at height 137 received
[2026-09-29T21:28:17.952Z DEBUG blacksilk_p2p::net::blocks] peer 4: block 235b21190e91 at height 138 received
[2026-09-29T21:28:18.695Z DEBUG blacksilk_p2p::net::blocks] peer 2: block e279f5e1916f at height 147 received
[2026-09-29T21:28:18.695Z DEBUG blacksilk_p2p::net::blocks] peer 5: block 64a9b64bca63 at height 145 received
[2026-09-29T21:28:18.695Z DEBUG blacksilk_p2p::net::blocks] peer 4: block 2b0f1504b409 at height 150 received
[2026-09-29T21:28:18.695Z DEBUG blacksilk_p2p::net::blocks] peer 2: block aabdddc1f1c5 at height 148 received
[2026-09-29T21:28:18.695Z DEBUG blacksilk_p2p::net::blocks] peer 5: block f3c249145c0d at height 146 received
[2026-09-29T21:28:18.695Z DEBUG blacksilk_p2p::net::blocks] peer 4: block 576de4f1a20c at height 152 received
[2026-09-29T21:28:18.695Z DEBUG blacksilk_p2p::net::blocks] peer 2: block 43e38d7d3b50 at height 149 received
[2026-09-29T21:28:18.695Z DEBUG blacksilk_p2p::net::blocks] peer 5: block 3832682ba246 at height 151 received
[2026-09-29T21:28:19.480Z DEBUG blacksilk_p2p::net::blocks] peer 4: block dd64cb3aff29 at height 159 received
[2026-09-29T21:28:19.480Z DEBUG blacksilk_p2p::net::blocks] peer 4: block c68aabc06e42 at height 160 received
[2026-09-29T21:28:19.480Z DEBUG blacksilk_p2p::net::blocks] peer 2: block 143c4a7959cb at height 155 received
[2026-09-29T21:28:19.480Z DEBUG blacksilk_p2p::net::blocks] peer 3: block beb40a1c5ae0 at height 153 received
[2026-09-29T21:28:19.480Z DEBUG blacksilk_p2p::net::blocks] peer 2: block f1ef7b85d417 at height 156 received
[2026-09-29T21:28:19.480Z DEBUG blacksilk_p2p::net::blocks] peer 3: block 7fb3e66ac227 at height 157 received
[2026-09-29T21:28:19.480Z DEBUG blacksilk_p2p::net::blocks] peer 2: block 323454465820 at height 158 received
[2026-09-29T21:28:19.514Z DEBUG blacksilk_p2p::net::blocks] peer 1: block 697a72e382c1 at height 154 received
[2026-09-29T21:28:20.347Z DEBUG blacksilk_p2p::net::blocks] peer 1: block a2879aec70c8 at height 164 received
[2026-09-29T21:28:20.347Z DEBUG blacksilk_p2p::net::blocks] peer 2: block 67b1a2bd9c76 at height 162 received
[2026-09-29T21:28:20.347Z DEBUG blacksilk_p2p::net::blocks] peer 3: block 88f668e463aa at height 167 received
[2026-09-29T21:28:20.347Z DEBUG blacksilk_p2p::net::blocks] peer 5: block ec6b318f34be at height 166 received
[2026-09-29T21:28:20.347Z DEBUG blacksilk_p2p::net::blocks] peer 3: block 439afe7e52b6 at height 168 received
[2026-09-29T21:28:20.347Z DEBUG blacksilk_p2p::net::blocks] peer 2: block bdc9ddbaaed8 at height 163 received
[2026-09-29T21:28:20.347Z DEBUG blacksilk_p2p::net::blocks] peer 4: block 9a7020281f8d at height 161 received
[2026-09-29T21:28:20.347Z DEBUG blacksilk_p2p::net::blocks] peer 2: block 73788cf51f78 at height 165 received
[2026-09-29T21:28:21.133Z DEBUG blacksilk_p2p::net::blocks] peer 5: block 9de0aafc3a5d at height 171 received
[2026-09-29T21:28:21.133Z DEBUG blacksilk_p2p::net::blocks] peer 5: block 989ebaaf1227 at height 173 received
[2026-09-29T21:28:21.134Z DEBUG blacksilk_p2p::net::blocks] peer 2: block 47c5625cd3d8 at height 174 received
[2026-09-29T21:28:21.134Z DEBUG blacksilk_p2p::net::blocks] peer 4: block b7b1bdcc78a8 at height 169 received
[2026-09-29T21:28:21.134Z DEBUG blacksilk_p2p::net::blocks] peer 2: block 684e9465795d at height 175 received
[2026-09-29T21:28:21.134Z DEBUG blacksilk_p2p::net::blocks] peer 3: block 0b165d74008e at height 170 received
[2026-09-29T21:28:21.134Z DEBUG blacksilk_p2p::net::blocks] peer 1: block cc9304fa8c57 at height 172 received
[2026-09-29T21:28:21.134Z DEBUG blacksilk_p2p::net::blocks] peer 4: block 36d1c8827d0e at height 176 received
[2026-09-29T21:28:21.934Z DEBUG blacksilk_p2p::net::blocks] peer 2: block d1c2c8a9ef88 at height 178 received
[2026-09-29T21:28:21.934Z DEBUG blacksilk_p2p::net::blocks] peer 2: block 286660f10538 at height 184 received
[2026-09-29T21:28:21.934Z DEBUG blacksilk_p2p::net::blocks] peer 5: block fdb6ce2b1e4a at height 177 received
[2026-09-29T21:28:21.934Z DEBUG blacksilk_p2p::net::blocks] peer 4: block b206b76cb37f at height 179 received
[2026-09-29T21:28:21.934Z DEBUG blacksilk_p2p::net::blocks] peer 1: block 7efa33d8805f at height 183 received
[2026-09-29T21:28:21.934Z DEBUG blacksilk_p2p::net::blocks] peer 5: block c449241697c7 at height 180 received
[2026-09-29T21:28:21.934Z DEBUG blacksilk_p2p::net::blocks] peer 4: block 4ca148411e1a at height 181 received
[2026-09-29T21:28:21.934Z DEBUG blacksilk_p2p::net::blocks] peer 4: block 5bcef1b24ca3 at height 182 received
[2026-09-29T21:28:22.720Z DEBUG blacksilk_p2p::net::blocks] peer 2: block 9f6829501716 at height 185 received
[2026-09-29T21:28:22.720Z DEBUG blacksilk_p2p::net::blocks] peer 4: block db57c5c6ea53 at height 189 received
[2026-09-29T21:28:22.731Z DEBUG blacksilk_p2p::net::blocks] peer 2: block a9ebbae045a9 at height 186 received
[2026-09-29T21:28:22.731Z DEBUG blacksilk_p2p::net::blocks] peer 4: block 40638d86dec8 at height 191 received
[2026-09-29T21:28:22.731Z DEBUG blacksilk_p2p::net::blocks] peer 2: block 9288a6ea6390 at height 192 received
[2026-09-29T21:28:22.731Z DEBUG blacksilk_p2p::net::blocks] peer 5: block 1f66b7704113 at height 187 received
[2026-09-29T21:28:22.731Z DEBUG blacksilk_p2p::net::blocks] peer 5: block f56ea0181a5c at height 188 received
[2026-09-29T21:28:22.731Z DEBUG blacksilk_p2p::net::blocks] peer 5: block 74345f131362 at height 190 received
[2026-09-29T21:28:23.803Z DEBUG blacksilk_p2p::net::blocks] peer 1: block a3cc514b74ba at height 199 received
[2026-09-29T21:28:23.803Z DEBUG blacksilk_p2p::net::blocks] peer 4: block 29cb42e84f63 at height 200 received
[2026-09-29T21:28:23.803Z DEBUG blacksilk_p2p::net::blocks] peer 2: block 809c135fda94 at height 197 received
[2026-09-29T21:28:23.803Z DEBUG blacksilk_p2p::net::blocks] peer 3: block 9123afe32bab at height 195 received
[2026-09-29T21:28:23.803Z DEBUG blacksilk_p2p::net::blocks] peer 5: block d94e3a9fa0b0 at height 193 received
[2026-09-29T21:28:23.803Z DEBUG blacksilk_p2p::net::blocks] peer 3: block 57874e9bd6e5 at height 198 received
[2026-09-29T21:28:23.803Z DEBUG blacksilk_p2p::net::blocks] peer 5: block 069f51189cc9 at height 194 received
[2026-09-29T21:28:23.803Z DEBUG blacksilk_p2p::net::blocks] peer 5: block 9eb21a8e8bbd at height 196 received
[2026-09-29T21:28:24.385Z DEBUG blacksilk_p2p::net::blocks] peer 3: block a737872de772 at height 204 received
[2026-09-29T21:28:24.385Z DEBUG blacksilk_p2p::net::blocks] peer 3: block 01a730472735 at height 205 received
[2026-09-29T21:28:24.385Z DEBUG blacksilk_p2p::net::blocks] peer 3: block b7a160790f4e at height 207 received
[2026-09-29T21:28:24.385Z DEBUG blacksilk_p2p::net::blocks] peer 2: block 089647c52c45 at height 203 received
[2026-09-29T21:28:24.385Z DEBUG blacksilk_p2p::net::blocks] peer 1: block ce35d97a37aa at height 202 received
[2026-09-29T21:28:24.385Z DEBUG blacksilk_p2p::net::blocks] peer 4: block c682804c52c3 at height 208 received
[2026-09-29T21:28:24.385Z DEBUG blacksilk_p2p::net::blocks] peer 5: block 2dbf4f570868 at height 201 received
[2026-09-29T21:28:24.385Z DEBUG blacksilk_p2p::net::blocks] peer 5: block b161260eaf2f at height 206 received
[2026-09-29T21:28:25.190Z DEBUG blacksilk_p2p::net::blocks] peer 1: block 25f51931f655 at height 216 received
[2026-09-29T21:28:25.190Z DEBUG blacksilk_p2p::net::blocks] peer 5: block e432ab801b5c at height 215 received
[2026-09-29T21:28:25.190Z DEBUG blacksilk_p2p::net::blocks] peer 2: block 08128b5c3c6e at height 210 received
[2026-09-29T21:28:25.190Z DEBUG blacksilk_p2p::net::blocks] peer 3: block 1062fc936804 at height 212 received
[2026-09-29T21:28:25.190Z DEBUG blacksilk_p2p::net::blocks] peer 2: block 53e4e0c83e76 at height 211 received
[2026-09-29T21:28:25.193Z DEBUG blacksilk_p2p::net::blocks] peer 4: block ada02d1281e5 at height 209 received
[2026-09-29T21:28:25.193Z DEBUG blacksilk_p2p::net::blocks] peer 4: block 586c52a29bf5 at height 213 received
[2026-09-29T21:28:25.194Z DEBUG blacksilk_p2p::net::blocks] peer 4: block ccd94bbfd0b0 at height 214 received
[2026-09-29T21:28:26.008Z DEBUG blacksilk_p2p::net::blocks] peer 3: block 577bb07825fd at height 223 received
[2026-09-29T21:28:26.024Z DEBUG blacksilk_p2p::net::blocks] peer 2: block 1418c0779dfc at height 219 received
[2026-09-29T21:28:26.024Z DEBUG blacksilk_p2p::net::blocks] peer 1: block b9ad90bb1f0a at height 224 received
[2026-09-29T21:28:26.024Z DEBUG blacksilk_p2p::net::blocks] peer 5: block 038fcdeef704 at height 217 received
[2026-09-29T21:28:26.055Z DEBUG blacksilk_p2p::net::blocks] peer 2: block dd366f69cb57 at height 220 received
[2026-09-29T21:28:26.040Z DEBUG blacksilk_p2p::net::blocks] peer 4: block 9083a1ac4d01 at height 218 received
[2026-09-29T21:28:26.055Z DEBUG blacksilk_p2p::net::blocks] peer 2: block d10c2629570e at height 222 received
[2026-09-29T21:28:26.055Z DEBUG blacksilk_p2p::net::blocks] peer 4: block fec5b2a63393 at height 221 received
[2026-09-29T21:28:26.834Z DEBUG blacksilk_p2p::net::blocks] peer 3: block e0f445256eec at height 226 received
[2026-09-29T21:28:26.843Z DEBUG blacksilk_p2p::net::blocks] peer 1: block 073b20a0a8b1 at height 227 received
[2026-09-29T21:28:26.843Z DEBUG blacksilk_p2p::net::blocks] peer 2: block 8d2bd99eea1e at height 229 received
[2026-09-29T21:28:26.843Z DEBUG blacksilk_p2p::net::blocks] peer 2: block 680653cd03e7 at height 230 received
[2026-09-29T21:28:26.843Z DEBUG blacksilk_p2p::net::blocks] peer 4: block dd0d85f44d15 at height 228 received
[2026-09-29T21:28:26.843Z DEBUG blacksilk_p2p::net::blocks] peer 2: block d0480a640fed at height 231 received
[2026-09-29T21:28:26.850Z DEBUG blacksilk_p2p::net::blocks] peer 5: block ccb13d89bbad at height 225 received
[2026-09-29T21:28:26.850Z DEBUG blacksilk_p2p::net::blocks] peer 5: block 61a101bf7ed3 at height 232 received
[2026-09-29T21:28:27.660Z DEBUG blacksilk_p2p::net::blocks] peer 4: block fadafcb68316 at height 233 received
[2026-09-29T21:28:27.660Z DEBUG blacksilk_p2p::net::blocks] peer 4: block d9421c6b8a81 at height 236 received
[2026-09-29T21:28:27.661Z DEBUG blacksilk_p2p::net::blocks] peer 5: block e55797d43203 at height 237 received
[2026-09-29T21:28:27.661Z DEBUG blacksilk_p2p::net::blocks] peer 1: block 4fa28b5fd6fe at height 240 received
[2026-09-29T21:28:27.661Z DEBUG blacksilk_p2p::net::blocks] peer 5: block da99ff047e5a at height 239 received
[2026-09-29T21:28:27.693Z DEBUG blacksilk_p2p::net::blocks] peer 3: block d1eab085c51f at height 234 received
[2026-09-29T21:28:27.693Z DEBUG blacksilk_p2p::net::blocks] peer 3: block f251c4857e66 at height 235 received
[2026-09-29T21:28:27.693Z DEBUG blacksilk_p2p::net::blocks] peer 3: block 8079eaf4e2fd at height 238 received
[2026-09-29T21:28:28.493Z DEBUG blacksilk_p2p::net::blocks] peer 1: block eeafca6ca058 at height 241 received
[2026-09-29T21:28:28.493Z DEBUG blacksilk_p2p::net::blocks] peer 4: block 83c8aae61a19 at height 245 received
[2026-09-29T21:28:28.493Z DEBUG blacksilk_p2p::net::blocks] peer 1: block b564a5598135 at height 246 received
[2026-09-29T21:28:28.493Z DEBUG blacksilk_p2p::net::blocks] peer 5: block 7dc70e919a77 at height 243 received
[2026-09-29T21:28:28.493Z DEBUG blacksilk_p2p::net::blocks] peer 1: block b4fa3d758dcd at height 248 received
[2026-09-29T21:28:28.493Z DEBUG blacksilk_p2p::net::blocks] peer 2: block 5d43c17fdeae at height 242 received
[2026-09-29T21:28:28.493Z DEBUG blacksilk_p2p::net::blocks] peer 5: block 5cfdf1a0abc3 at height 247 received
[2026-09-29T21:28:28.493Z DEBUG blacksilk_p2p::net::blocks] peer 2: block c3ea648451b3 at height 244 received
[2026-09-29T21:28:29.563Z DEBUG blacksilk_p2p::net::blocks] peer 2: block 16f9f692c812 at height 250 received
[2026-09-29T21:28:29.563Z DEBUG blacksilk_p2p::net::blocks] peer 3: block 699bfe25d14d at height 253 received
[2026-09-29T21:28:29.563Z DEBUG blacksilk_p2p::net::blocks] peer 4: block 24c73fc23acc at height 252 received
[2026-09-29T21:28:29.563Z DEBUG blacksilk_p2p::net::blocks] peer 2: block da202ed2b420 at height 254 received
[2026-09-29T21:28:29.563Z DEBUG blacksilk_p2p::net::blocks] peer 1: block 0e09b4565a87 at height 249 received
[2026-09-29T21:28:29.563Z DEBUG blacksilk_p2p::net::blocks] peer 1: block 9131b4bbc526 at height 255 received
[2026-09-29T21:28:29.563Z DEBUG blacksilk_p2p::net::blocks] peer 5: block cc0629b0b61a at height 251 received
[2026-09-29T21:28:29.563Z DEBUG blacksilk_p2p::net::blocks] peer 1: block b78fcd2afbf7 at height 256 received
[2026-09-29T21:28:30.366Z DEBUG blacksilk_p2p::net::blocks] peer 2: block 3d93e150e7ee at height 258 received
[2026-09-29T21:28:30.366Z DEBUG blacksilk_p2p::net::blocks] peer 2: block 223a8556cfbf at height 259 received
[2026-09-29T21:28:30.366Z DEBUG blacksilk_p2p::net::blocks] peer 2: block 8d2ba24e4900 at height 263 received
[2026-09-29T21:28:30.366Z DEBUG blacksilk_p2p::net::blocks] peer 1: block 8ee1d5e4c8d1 at height 261 received
[2026-09-29T21:28:30.366Z DEBUG blacksilk_p2p::net::blocks] peer 4: block e2b4dd65c784 at height 260 received
[2026-09-29T21:28:30.366Z DEBUG blacksilk_p2p::net::blocks] peer 1: block c9272b197af7 at height 262 received
[2026-09-29T21:28:30.366Z DEBUG blacksilk_p2p::net::blocks] peer 1: block dcb28f48e9aa at height 264 received
[2026-09-29T21:28:30.366Z DEBUG blacksilk_p2p::net::blocks] peer 5: block 9e2280ca9418 at height 257 received
[2026-09-29T21:28:31.198Z DEBUG blacksilk_p2p::net::blocks] peer 1: block 64ce3d952af8 at height 269 received
[2026-09-29T21:28:31.198Z DEBUG blacksilk_p2p::net::blocks] peer 1: block 7eccda8d0979 at height 270 received
[2026-09-29T21:28:31.198Z DEBUG blacksilk_p2p::net::blocks] peer 5: block b6fb7c9330f1 at height 265 received
[2026-09-29T21:28:31.198Z DEBUG blacksilk_p2p::net::blocks] peer 2: block ea6451ad6396 at height 268 received
[2026-09-29T21:28:31.198Z DEBUG blacksilk_p2p::net::blocks] peer 5: block 649e6e040e49 at height 266 received
[2026-09-29T21:28:31.198Z DEBUG blacksilk_p2p::net::blocks] peer 5: block e8b2f6a80ef5 at height 271 received
[2026-09-29T21:28:31.198Z DEBUG blacksilk_p2p::net::blocks] peer 4: block 74a685aa63a0 at height 272 received
[2026-09-29T21:28:31.198Z DEBUG blacksilk_p2p::net::blocks] peer 3: block 5702670905a3 at height 267 received
[2026-09-29T21:28:31.983Z DEBUG blacksilk_p2p::net::blocks] peer 2: block ce5110d4be66 at height 275 received
[2026-09-29T21:28:31.983Z DEBUG blacksilk_p2p::net::blocks] peer 5: block 8a8a0f37d3ba at height 280 received
[2026-09-29T21:28:31.983Z DEBUG blacksilk_p2p::net::blocks] peer 4: block f5f39ad93295 at height 276 received
[2026-09-29T21:28:31.983Z DEBUG blacksilk_p2p::net::blocks] peer 4: block 5c8795eefc3b at height 277 received
[2026-09-29T21:28:31.983Z DEBUG blacksilk_p2p::net::blocks] peer 4: block 5696e8dd9f60 at height 278 received
[2026-09-29T21:28:31.983Z DEBUG blacksilk_p2p::net::blocks] peer 1: block 324e62efdffa at height 273 received
[2026-09-29T21:28:31.983Z DEBUG blacksilk_p2p::net::blocks] peer 1: block a1973f2b69c5 at height 279 received
[2026-09-29T21:28:31.984Z DEBUG blacksilk_p2p::net::blocks] peer 3: block 763c431fb632 at height 274 received
[2026-09-29T21:28:32.800Z DEBUG blacksilk_p2p::net::blocks] peer 5: block 0a25b6055d39 at height 287 received
[2026-09-29T21:28:32.800Z DEBUG blacksilk_p2p::net::blocks] peer 3: block 02131f627d86 at height 281 received
[2026-09-29T21:28:32.800Z DEBUG blacksilk_p2p::net::blocks] peer 2: block 327cfc49d179 at height 285 received
[2026-09-29T21:28:32.800Z DEBUG blacksilk_p2p::net::blocks] peer 1: block 257262926909 at height 282 received
[2026-09-29T21:28:32.801Z DEBUG blacksilk_p2p::net::blocks] peer 3: block 24831acc3343 at height 284 received
[2026-09-29T21:28:32.801Z DEBUG blacksilk_p2p::net::blocks] peer 4: block a701f7c442f8 at height 286 received
[2026-09-29T21:28:32.801Z DEBUG blacksilk_p2p::net::blocks] peer 1: block 939de6b8f575 at height 283 received
[2026-09-29T21:28:32.801Z DEBUG blacksilk_p2p::net::blocks] peer 1: block 1616734a24bf at height 288 received
[2026-09-29T21:28:33.604Z DEBUG blacksilk_p2p::net::blocks] peer 5: block 09b4f98ef612 at height 296 received
[2026-09-29T21:28:33.604Z DEBUG blacksilk_p2p::net::blocks] peer 3: block 91375fa5aaa1 at height 289 received
[2026-09-29T21:28:33.604Z DEBUG blacksilk_p2p::net::blocks] peer 2: block abd1f82fd120 at height 290 received
[2026-09-29T21:28:33.604Z DEBUG blacksilk_p2p::net::blocks] peer 3: block 783ad09b031e at height 294 received
[2026-09-29T21:28:33.604Z DEBUG blacksilk_p2p::net::blocks] peer 2: block 7f2255c8e95e at height 291 received
[2026-09-29T21:28:33.604Z DEBUG blacksilk_p2p::net::blocks] peer 4: block eb4039c2a1e4 at height 292 received
[2026-09-29T21:28:33.604Z DEBUG blacksilk_p2p::net::blocks] peer 4: block ba7253f3adf1 at height 293 received
[2026-09-29T21:28:33.604Z DEBUG blacksilk_p2p::net::blocks] peer 4: block a7e326dfdf38 at height 295 received
[2026-09-29T21:28:34.377Z DEBUG blacksilk_p2p::net::blocks] peer 5: block 7f38517d8827 at height 303 received
[2026-09-29T21:28:34.377Z DEBUG blacksilk_p2p::net::blocks] peer 4: block 9d9f363af87c at height 300 received
[2026-09-29T21:28:34.377Z DEBUG blacksilk_p2p::net::blocks] peer 2: block 7c6a851714a7 at height 298 received
[2026-09-29T21:28:34.377Z DEBUG blacksilk_p2p::net::blocks] peer 1: block 461f871787fa at height 297 received
[2026-09-29T21:28:34.377Z DEBUG blacksilk_p2p::net::blocks] peer 4: block 34a09e898390 at height 301 received
[2026-09-29T21:28:34.377Z DEBUG blacksilk_p2p::net::blocks] peer 4: block 719528e39bd3 at height 302 received
[2026-09-29T21:28:34.377Z DEBUG blacksilk_p2p::net::blocks] peer 3: block 999d3a3aa907 at height 299 received
[2026-09-29T21:28:34.378Z DEBUG blacksilk_p2p::net::blocks] peer 3: block fd0cb5089677 at height 304 received
[2026-09-29T21:28:35.172Z DEBUG blacksilk_p2p::net::blocks] peer 3: block 3150e7900e4f at height 308 received
[2026-09-29T21:28:35.172Z DEBUG blacksilk_p2p::net::blocks] peer 3: block 2fbf99a2a0dc at height 312 received
[2026-09-29T21:28:35.172Z DEBUG blacksilk_p2p::net::blocks] peer 5: block 1855a302661b at height 306 received
[2026-09-29T21:28:35.172Z DEBUG blacksilk_p2p::net::blocks] peer 1: block 76bdf1cbd7f4 at height 310 received
[2026-09-29T21:28:35.172Z DEBUG blacksilk_p2p::net::blocks] peer 1: block fe52f8052ec0 at height 311 received
[2026-09-29T21:28:35.190Z DEBUG blacksilk_p2p::net::blocks] peer 4: block 74f27aa6e261 at height 305 received
[2026-09-29T21:28:35.190Z DEBUG blacksilk_p2p::net::blocks] peer 4: block 3db97fc40ace at height 307 received
[2026-09-29T21:28:35.190Z DEBUG blacksilk_p2p::net::blocks] peer 4: block fd2bdf349d36 at height 309 received
[2026-09-29T21:28:35.954Z DEBUG blacksilk_p2p::net::blocks] peer 3: block ccaa5b00e84e at height 315 received
[2026-09-29T21:28:35.954Z DEBUG blacksilk_p2p::net::blocks] peer 3: block 13f3d80ca533 at height 319 received
[2026-09-29T21:28:35.954Z DEBUG blacksilk_p2p::net::blocks] peer 2: block 1a94f6b40d69 at height 313 received
[2026-09-29T21:28:35.954Z DEBUG blacksilk_p2p::net::blocks] peer 5: block 001246aaedf6 at height 314 received
[2026-09-29T21:28:35.954Z DEBUG blacksilk_p2p::net::blocks] peer 2: block 8b403324e9fb at height 317 received
[2026-09-29T21:28:35.954Z DEBUG blacksilk_p2p::net::blocks] peer 5: block 43f1f69ed4e6 at height 316 received
[2026-09-29T21:28:35.954Z DEBUG blacksilk_p2p::net::blocks] peer 2: block dcb3f6c89cbc at height 318 received
[2026-09-29T21:28:35.955Z DEBUG blacksilk_p2p::net::blocks] peer 5: block a88cc57887f2 at height 320 received
[2026-09-29T21:28:36.517Z DEBUG blacksilk_p2p::net::headers] peer 1: 327 headers up to height 327 accepted (new: true)
[2026-09-29T21:28:36.517Z DEBUG blacksilk_p2p::net::blocks] peer 3: block ffb26e3be204 at height 322 received
[2026-09-29T21:28:36.517Z DEBUG blacksilk_p2p::net::blocks] peer 2: block e5571c4cc408 at height 326 received
[2026-09-29T21:28:36.517Z DEBUG blacksilk_p2p::net::blocks] peer 1: block a2ed2cac4e4b at height 321 received
[2026-09-29T21:28:36.517Z DEBUG blacksilk_p2p::net::blocks] peer 4: block d33aab03ad8c at height 323 received
[2026-09-29T21:28:36.517Z DEBUG blacksilk_p2p::net::blocks] peer 5: block 61d5048ca451 at height 324 received
[2026-09-29T21:28:36.517Z DEBUG blacksilk_p2p::net::blocks] peer 1: block e5efe2cdf1cf at height 325 received
[2026-09-29T21:28:36.518Z DEBUG blacksilk_p2p::net::blocks] peer 1: block ac3a906b8af0 at height 327 received
[2026-09-29T21:28:36.520Z DEBUG blacksilk_p2p::net::headers] peer 2: 311 headers up to height 327 accepted (new: false)
[2026-09-29T21:28:36.525Z DEBUG blacksilk_p2p::net::headers] peer 4: 311 headers up to height 327 accepted (new: false)
[2026-09-29T21:28:36.529Z DEBUG blacksilk_p2p::net::headers] peer 3: 311 headers up to height 327 accepted (new: false)
[2026-09-29T21:28:36.546Z DEBUG blacksilk_p2p::net::headers] peer 5: 311 headers up to height 327 accepted (new: false)
