[2026-09-28T02:47:49.506Z INFO  blacksilk_miner] mining on regtest at height 0 with 1 threads (light mode; prebuild on, 1 build threads)
[2026-09-28T02:47:50.798Z INFO  blacksilk_miner] RandomX key 087d6fd4efbc45eb: light context ready in 1.3s
[2026-09-28T02:47:54.688Z INFO  blacksilk_miner] found block 1 (reward 20.02716064 BLK, 0 txs)
[2026-09-28T02:47:57.707Z INFO  blacksilk_miner] found block 2 (reward 20.02714154 BLK, 0 txs)
[2026-09-28T02:48:00.528Z INFO  blacksilk_miner] found block 3 (reward 20.02712244 BLK, 0 txs)
[2026-09-28T02:48:02.783Z INFO  blacksilk_miner] found block 4 (reward 20.02710334 BLK, 0 txs)
[2026-09-28T02:48:04.586Z INFO  blacksilk_miner] found block 5 (reward 20.02708424 BLK, 0 txs)
[2026-09-28T02:48:06.221Z INFO  blacksilk_miner] found block 6 (reward 20.02706514 BLK, 0 txs)
[2026-09-28T02:48:08.220Z INFO  blacksilk_miner] found block 7 (reward 20.02704604 BLK, 0 txs)
[2026-09-28T02:48:10.370Z INFO  blacksilk_miner] found block 8 (reward 20.02702694 BLK, 0 txs)
[2026-09-28T02:48:12.532Z INFO  blacksilk_miner] found block 9 (reward 20.02700784 BLK, 0 txs)
[2026-09-28T02:48:14.320Z INFO  blacksilk_miner] found block 10 (reward 20.02698875 BLK, 0 txs)
[2026-09-28T02:48:15.964Z INFO  blacksilk_miner] found block 11 (reward 20.02696965 BLK, 0 txs)
[2026-09-28T02:48:17.727Z INFO  blacksilk_miner] found block 12 (reward 20.02695055 BLK, 0 txs)
[2026-09-28T02:48:20.010Z INFO  blacksilk_miner] found block 13 (reward 20.02693145 BLK, 0 txs)
[2026-09-28T02:48:22.365Z INFO  blacksilk_miner] found block 14 (reward 20.02691235 BLK, 0 txs)
[2026-09-28T02:48:24.744Z INFO  blacksilk_miner] found block 15 (reward 20.02689325 BLK, 0 txs)
[2026-09-28T02:48:26.887Z INFO  blacksilk_miner] found block 16 (reward 20.02687415 BLK, 0 txs)
[2026-09-28T02:48:29.258Z INFO  blacksilk_miner] found block 17 (reward 20.02685505 BLK, 0 txs)
[2026-09-28T02:48:31.377Z INFO  blacksilk_miner] found block 18 (reward 20.02683595 BLK, 0 txs)
[2026-09-28T02:48:33.928Z INFO  blacksilk_miner] found block 19 (reward 20.02681685 BLK, 0 txs)
[2026-09-28T02:48:36.411Z INFO  blacksilk_miner] found block 20 (reward 20.02679775 BLK, 0 txs)
[2026-09-28T02:48:38.214Z INFO  blacksilk_miner] found block 21 (reward 20.02677866 BLK, 0 txs)
[2026-09-28T02:48:40.840Z INFO  blacksilk_miner] found block 22 (reward 20.02675956 BLK, 0 txs)
[2026-09-28T02:48:43.125Z INFO  blacksilk_miner] found block 23 (reward 20.02674046 BLK, 0 txs)
[2026-09-28T02:48:45.325Z INFO  blacksilk_miner] found block 24 (reward 20.02672136 BLK, 0 txs)
[2026-09-28T02:48:47.322Z INFO  blacksilk_miner] found block 25 (reward 20.02670226 BLK, 0 txs)
[2026-09-28T02:48:49.176Z INFO  blacksilk_miner] found block 26 (reward 20.02668316 BLK, 0 txs)
[2026-09-28T02:48:49.988Z INFO  blacksilk_miner] hash rate 0.4 H/s (light mode)
[2026-09-28T02:48:50.727Z INFO  blacksilk_miner] found block 27 (reward 20.02666406 BLK, 0 txs)
[2026-09-28T02:48:52.977Z INFO  blacksilk_miner] found block 28 (reward 20.02664496 BLK, 0 txs)
[2026-09-28T02:48:55.247Z INFO  blacksilk_miner] found block 29 (reward 20.02662586 BLK, 0 txs)
[2026-09-28T02:48:57.671Z INFO  blacksilk_miner] found block 30 (reward 20.02660676 BLK, 0 txs)
[2026-09-28T02:48:59.602Z INFO  blacksilk_miner] found block 31 (reward 20.02658767 BLK, 0 txs)
[2026-09-28T02:49:01.235Z INFO  blacksilk_miner] found block 32 (reward 20.02656857 BLK, 0 txs)
[2026-09-28T02:49:03.391Z INFO  blacksilk_miner] found block 33 (reward 20.02654947 BLK, 0 txs)
[2026-09-28T02:49:05.599Z INFO  blacksilk_miner] found block 34 (reward 20.02653037 BLK, 0 txs)
[2026-09-28T02:49:08.026Z INFO  blacksilk_miner] found block 35 (reward 20.02651127 BLK, 0 txs)
[2026-09-28T02:49:10.706Z INFO  blacksilk_miner] found block 36 (reward 20.02649217 BLK, 0 txs)
[2026-09-28T02:49:12.906Z INFO  blacksilk_miner] found block 37 (reward 20.02647307 BLK, 0 txs)
[2026-09-28T02:49:15.108Z INFO  blacksilk_miner] found block 38 (reward 20.02645397 BLK, 0 txs)
[2026-09-28T02:49:18.132Z INFO  blacksilk_miner] found block 39 (reward 20.02643488 BLK, 0 txs)
[2026-09-28T02:49:21.061Z INFO  blacksilk_miner] found block 40 (reward 20.02641578 BLK, 0 txs)
[2026-09-28T02:49:23.641Z INFO  blacksilk_miner] found block 41 (reward 20.02639668 BLK, 0 txs)
[2026-09-28T02:49:25.276Z INFO  blacksilk_miner] found block 42 (reward 20.02637758 BLK, 0 txs)
[2026-09-28T02:49:26.940Z INFO  blacksilk_miner] found block 43 (reward 20.02635848 BLK, 0 txs)
[2026-09-28T02:49:28.662Z INFO  blacksilk_miner] found block 44 (reward 20.02633938 BLK, 0 txs)
[2026-09-28T02:49:30.332Z INFO  blacksilk_miner] found block 45 (reward 20.02632028 BLK, 0 txs)
[2026-09-28T02:49:31.781Z INFO  blacksilk_miner] found block 46 (reward 20.02630119 BLK, 0 txs)
[2026-09-28T02:49:34.192Z INFO  blacksilk_miner] found block 47 (reward 20.02628209 BLK, 0 txs)
[2026-09-28T02:49:36.372Z INFO  blacksilk_miner] found block 48 (reward 20.02626299 BLK, 0 txs)
[2026-09-28T02:49:38.686Z INFO  blacksilk_miner] found block 49 (reward 20.02624389 BLK, 0 txs)
[2026-09-28T02:49:40.982Z INFO  blacksilk_miner] found block 50 (reward 20.02622479 BLK, 0 txs)
[2026-09-28T02:49:43.600Z INFO  blacksilk_miner] found block 51 (reward 20.02620569 BLK, 0 txs)
[2026-09-28T02:49:46.086Z INFO  blacksilk_miner] found block 52 (reward 20.02618659 BLK, 0 txs)
[2026-09-28T02:49:48.277Z INFO  blacksilk_miner] found block 53 (reward 20.02616750 BLK, 0 txs)
[2026-09-28T02:49:50.523Z INFO  blacksilk_miner] found block 54 (reward 20.02614840 BLK, 0 txs)
[2026-09-28T02:49:51.450Z INFO  blacksilk_miner] hash rate 0.5 H/s (light mode)
[2026-09-28T02:49:52.394Z INFO  blacksilk_miner] found block 55 (reward 20.02612930 BLK, 0 txs)
[2026-09-28T02:49:54.608Z INFO  blacksilk_miner] found block 56 (reward 20.02611020 BLK, 0 txs)
[2026-09-28T02:49:56.351Z INFO  blacksilk_miner] found block 57 (reward 20.02609110 BLK, 0 txs)
[2026-09-28T02:49:58.198Z INFO  blacksilk_miner] found block 58 (reward 20.02607200 BLK, 0 txs)
[2026-09-28T02:50:00.450Z INFO  blacksilk_miner] found block 59 (reward 20.02605291 BLK, 0 txs)
[2026-09-28T02:50:02.202Z INFO  blacksilk_miner] found block 60 (reward 20.02603381 BLK, 0 txs)
[2026-09-28T02:50:03.532Z INFO  blacksilk_miner] found block 61 (reward 20.02601471 BLK, 0 txs)
[2026-09-28T02:50:04.644Z INFO  blacksilk_miner] found block 62 (reward 20.02599561 BLK, 0 txs)
[2026-09-28T02:50:05.789Z INFO  blacksilk_miner] found block 63 (reward 20.02597651 BLK, 0 txs)
[2026-09-28T02:50:06.973Z INFO  blacksilk_miner] found block 64 (reward 20.02595741 BLK, 0 txs)
[2026-09-28T02:50:08.284Z INFO  blacksilk_miner] found block 65 (reward 20.02593832 BLK, 0 txs)
[2026-09-28T02:50:09.460Z INFO  blacksilk_miner] found block 66 (reward 20.02591922 BLK, 0 txs)
[2026-09-28T02:50:10.612Z INFO  blacksilk_miner] found block 67 (reward 20.02590012 BLK, 0 txs)
[2026-09-28T02:50:11.706Z INFO  blacksilk_miner] found block 68 (reward 20.02588102 BLK, 0 txs)
[2026-09-28T02:50:12.934Z INFO  blacksilk_miner] found block 69 (reward 20.02586192 BLK, 0 txs)
[2026-09-28T02:50:14.317Z INFO  blacksilk_miner] found block 70 (reward 20.02584282 BLK, 0 txs)
[2026-09-28T02:50:15.469Z INFO  blacksilk_miner] found block 71 (reward 20.02582373 BLK, 0 txs)
[2026-09-28T02:50:16.624Z INFO  blacksilk_miner] found block 72 (reward 20.02580463 BLK, 0 txs)
[2026-09-28T02:50:17.761Z INFO  blacksilk_miner] found block 73 (reward 20.02578553 BLK, 0 txs)
[2026-09-28T02:50:18.933Z INFO  blacksilk_miner] found block 74 (reward 20.02576643 BLK, 0 txs)
[2026-09-28T02:50:20.083Z INFO  blacksilk_miner] found block 75 (reward 20.02574733 BLK, 0 txs)
[2026-09-28T02:50:21.233Z INFO  blacksilk_miner] found block 76 (reward 20.02572824 BLK, 0 txs)
[2026-09-28T02:50:22.557Z INFO  blacksilk_miner] found block 77 (reward 20.02570914 BLK, 0 txs)
[2026-09-28T02:50:24.271Z INFO  blacksilk_miner] found block 78 (reward 20.02569004 BLK, 0 txs)
[2026-09-28T02:50:26.580Z INFO  blacksilk_miner] found block 79 (reward 20.02567094 BLK, 0 txs)
[2026-09-28T02:50:28.313Z INFO  blacksilk_miner] found block 80 (reward 20.02565184 BLK, 0 txs)
[2026-09-28T02:50:29.445Z INFO  blacksilk_miner] found block 81 (reward 20.02563275 BLK, 0 txs)
[2026-09-28T02:50:33.148Z INFO  blacksilk_miner] found block 82 (reward 20.02561365 BLK, 0 txs)
[2026-09-28T02:50:34.282Z INFO  blacksilk_miner] found block 83 (reward 20.02559455 BLK, 0 txs)
[2026-09-28T02:50:35.418Z INFO  blacksilk_miner] found block 84 (reward 20.02557545 BLK, 0 txs)
[2026-09-28T02:50:37.117Z INFO  blacksilk_miner] found block 85 (reward 20.02555635 BLK, 0 txs)
[2026-09-28T02:50:41.831Z INFO  blacksilk_miner] found block 86 (reward 20.02553726 BLK, 0 txs)
[2026-09-28T02:50:43.527Z INFO  blacksilk_miner] found block 87 (reward 20.02551816 BLK, 0 txs)
[2026-09-28T02:50:44.717Z INFO  blacksilk_miner] found block 88 (reward 20.02549906 BLK, 0 txs)
[2026-09-28T02:50:46.806Z INFO  blacksilk_miner] found block 89 (reward 20.02547996 BLK, 0 txs)
[2026-09-28T02:50:48.925Z INFO  blacksilk_miner] found block 90 (reward 20.02546087 BLK, 0 txs)
[2026-09-28T02:50:50.621Z INFO  blacksilk_miner] found block 91 (reward 20.02544177 BLK, 0 txs)
[2026-09-28T02:50:51.754Z INFO  blacksilk_miner] found block 92 (reward 20.02542267 BLK, 0 txs)
[2026-09-28T02:50:52.958Z INFO  blacksilk_miner] hash rate 1.0 H/s (light mode)
[2026-09-28T02:50:53.462Z INFO  blacksilk_miner] found block 93 (reward 20.02540357 BLK, 0 txs)
[2026-09-28T02:50:54.599Z INFO  blacksilk_miner] found block 94 (reward 20.02538447 BLK, 0 txs)
[2026-09-28T02:50:56.759Z INFO  blacksilk_miner] found block 95 (reward 20.02536538 BLK, 0 txs)
[2026-09-28T02:50:57.890Z INFO  blacksilk_miner] found block 96 (reward 20.02534628 BLK, 0 txs)
[2026-09-28T02:51:00.026Z INFO  blacksilk_miner] found block 97 (reward 20.02532718 BLK, 0 txs)
[2026-09-28T02:51:02.125Z INFO  blacksilk_miner] found block 98 (reward 20.02530808 BLK, 0 txs)
[2026-09-28T02:51:03.974Z INFO  blacksilk_miner] found block 99 (reward 20.02528899 BLK, 0 txs)
[2026-09-28T02:51:05.307Z INFO  blacksilk_miner] found block 100 (reward 20.02526989 BLK, 0 txs)
[2026-09-28T02:51:07.445Z INFO  blacksilk_miner] found block 101 (reward 20.02525079 BLK, 0 txs)
[2026-09-28T02:51:10.148Z INFO  blacksilk_miner] found block 102 (reward 20.02523169 BLK, 0 txs)
[2026-09-28T02:51:11.309Z INFO  blacksilk_miner] found block 103 (reward 20.02521260 BLK, 0 txs)
[2026-09-28T02:51:12.620Z INFO  blacksilk_miner] found block 104 (reward 20.02519350 BLK, 0 txs)
[2026-09-28T02:51:14.328Z INFO  blacksilk_miner] found block 105 (reward 20.02517440 BLK, 0 txs)
[2026-09-28T02:51:16.077Z INFO  blacksilk_miner] found block 106 (reward 20.02515530 BLK, 0 txs)
[2026-09-28T02:51:17.252Z INFO  blacksilk_miner] found block 107 (reward 20.02513621 BLK, 0 txs)
[2026-09-28T02:51:18.381Z INFO  blacksilk_miner] found block 108 (reward 20.02511711 BLK, 0 txs)
[2026-09-28T02:51:19.547Z INFO  blacksilk_miner] found block 109 (reward 20.02509801 BLK, 0 txs)
[2026-09-28T02:51:24.902Z INFO  blacksilk_miner] found block 110 (reward 20.02507891 BLK, 0 txs)
[2026-09-28T02:51:26.623Z INFO  blacksilk_miner] found block 111 (reward 20.02505982 BLK, 0 txs)
[2026-09-28T02:51:27.782Z INFO  blacksilk_miner] found block 112 (reward 20.02504072 BLK, 0 txs)
[2026-09-28T02:51:29.530Z INFO  blacksilk_miner] found block 113 (reward 20.02502162 BLK, 0 txs)
[2026-09-28T02:51:31.278Z INFO  blacksilk_miner] found block 114 (reward 20.02500252 BLK, 0 txs)
[2026-09-28T02:51:33.055Z INFO  blacksilk_miner] found block 115 (reward 20.02498343 BLK, 0 txs)
[2026-09-28T02:51:34.262Z INFO  blacksilk_miner] found block 116 (reward 20.02496433 BLK, 0 txs)
[2026-09-28T02:51:35.414Z INFO  blacksilk_miner] found block 117 (reward 20.02494523 BLK, 0 txs)
[2026-09-28T02:51:38.146Z INFO  blacksilk_miner] found block 118 (reward 20.02492613 BLK, 0 txs)
[2026-09-28T02:51:40.884Z INFO  blacksilk_miner] found block 119 (reward 20.02490704 BLK, 0 txs)
[2026-09-28T02:51:42.024Z INFO  blacksilk_miner] found block 120 (reward 20.02488794 BLK, 0 txs)
[2026-09-28T02:51:45.317Z INFO  blacksilk_miner] found block 121 (reward 20.02486884 BLK, 0 txs)
[2026-09-28T02:51:53.022Z INFO  blacksilk_miner] hash rate 1.3 H/s (light mode)
[2026-09-28T02:51:53.539Z INFO  blacksilk_miner] found block 122 (reward 20.02484975 BLK, 0 txs)
[2026-09-28T02:51:58.924Z INFO  blacksilk_miner] found block 123 (reward 20.02483065 BLK, 0 txs)
[2026-09-28T02:52:04.387Z INFO  blacksilk_miner] found block 124 (reward 20.02481155 BLK, 0 txs)
[2026-09-28T02:52:05.707Z INFO  blacksilk_miner] found block 125 (reward 20.02479245 BLK, 0 txs)
[2026-09-28T02:52:07.777Z INFO  blacksilk_miner] found block 126 (reward 20.02477336 BLK, 0 txs)
[2026-09-28T02:52:09.072Z INFO  blacksilk_miner] found block 127 (reward 20.02475426 BLK, 0 txs)
[2026-09-28T02:52:11.523Z INFO  blacksilk_miner] found block 128 (reward 20.02473516 BLK, 0 txs)
[2026-09-28T02:52:13.566Z INFO  blacksilk_miner] found block 129 (reward 20.02471607 BLK, 0 txs)
[2026-09-28T02:52:17.417Z INFO  blacksilk_miner] found block 130 (reward 20.02469697 BLK, 0 txs)
[2026-09-28T02:52:18.656Z INFO  blacksilk_miner] found block 131 (reward 20.02467787 BLK, 0 txs)
[2026-09-28T02:52:21.863Z INFO  blacksilk_miner] found block 132 (reward 20.02465877 BLK, 0 txs)
[2026-09-28T02:52:23.849Z INFO  blacksilk_miner] found block 133 (reward 20.02463968 BLK, 0 txs)
[2026-09-28T02:52:26.196Z INFO  blacksilk_miner] found block 134 (reward 20.02462058 BLK, 0 txs)
[2026-09-28T02:52:28.925Z INFO  blacksilk_miner] found block 135 (reward 20.02460148 BLK, 0 txs)
[2026-09-28T02:52:30.102Z INFO  blacksilk_miner] found block 136 (reward 20.02458239 BLK, 0 txs)
[2026-09-28T02:52:31.262Z INFO  blacksilk_miner] found block 137 (reward 20.02456329 BLK, 0 txs)
[2026-09-28T02:52:35.023Z INFO  blacksilk_miner] found block 138 (reward 20.02454419 BLK, 0 txs)
[2026-09-28T02:52:36.749Z INFO  blacksilk_miner] found block 139 (reward 20.02452510 BLK, 0 txs)
[2026-09-28T02:52:38.915Z INFO  blacksilk_miner] found block 140 (reward 20.02450600 BLK, 0 txs)
[2026-09-28T02:52:42.629Z INFO  blacksilk_miner] found block 141 (reward 20.02448690 BLK, 0 txs)
[2026-09-28T02:52:47.355Z INFO  blacksilk_miner] found block 142 (reward 20.02446781 BLK, 0 txs)
[2026-09-28T02:52:49.089Z INFO  blacksilk_miner] found block 143 (reward 20.02444871 BLK, 0 txs)
[2026-09-28T02:52:50.843Z INFO  blacksilk_miner] found block 144 (reward 20.02442961 BLK, 0 txs)
[2026-09-28T02:52:54.651Z INFO  blacksilk_miner] hash rate 1.3 H/s (light mode)
[2026-09-28T02:52:55.168Z INFO  blacksilk_miner] found block 145 (reward 20.02441052 BLK, 0 txs)
[2026-09-28T02:52:58.515Z INFO  blacksilk_miner] found block 146 (reward 20.02439142 BLK, 0 txs)
[2026-09-28T02:53:00.902Z INFO  blacksilk_miner] found block 147 (reward 20.02437232 BLK, 0 txs)
[2026-09-28T02:53:03.868Z INFO  blacksilk_miner] found block 148 (reward 20.02435322 BLK, 0 txs)
[2026-09-28T02:53:09.621Z INFO  blacksilk_miner] found block 149 (reward 20.02433413 BLK, 0 txs)
[2026-09-28T02:53:15.870Z INFO  blacksilk_miner] found block 150 (reward 20.02431503 BLK, 0 txs)
[2026-09-28T02:53:21.029Z INFO  blacksilk_miner] found block 151 (reward 20.02429593 BLK, 0 txs)
[2026-09-28T02:53:22.367Z INFO  blacksilk_miner] found block 152 (reward 20.02427684 BLK, 0 txs)
[2026-09-28T02:53:24.136Z INFO  blacksilk_miner] found block 153 (reward 20.02425774 BLK, 0 txs)
[2026-09-28T02:53:32.515Z INFO  blacksilk_miner] found block 154 (reward 20.02423864 BLK, 0 txs)
[2026-09-28T02:53:42.517Z INFO  blacksilk_miner] found block 155 (reward 20.02421955 BLK, 0 txs)
[2026-09-28T02:53:52.781Z INFO  blacksilk_miner] found block 156 (reward 20.02420045 BLK, 0 txs)
[2026-09-28T02:53:58.535Z INFO  blacksilk_miner] hash rate 1.4 H/s (light mode)
[2026-09-28T02:53:59.542Z INFO  blacksilk_miner] found block 157 (reward 20.02418136 BLK, 0 txs)
[2026-09-28T02:54:08.162Z INFO  blacksilk_miner] found block 158 (reward 20.02416226 BLK, 0 txs)
[2026-09-28T02:54:12.445Z INFO  blacksilk_miner] found block 159 (reward 20.02414316 BLK, 0 txs)
[2026-09-28T02:54:26.254Z INFO  blacksilk_miner] found block 160 (reward 20.02412407 BLK, 0 txs)
[2026-09-28T02:54:38.741Z INFO  blacksilk_miner] found block 161 (reward 20.02410497 BLK, 0 txs)
[2026-09-28T02:54:42.458Z INFO  blacksilk_miner] found block 162 (reward 20.02408587 BLK, 0 txs)
[2026-09-28T02:54:48.710Z INFO  blacksilk_miner] found block 163 (reward 20.02406678 BLK, 0 txs)
[2026-09-28T02:54:53.457Z INFO  blacksilk_miner] found block 164 (reward 20.02404768 BLK, 0 txs)
[2026-09-28T02:54:56.061Z INFO  blacksilk_miner] found block 165 (reward 20.02402858 BLK, 0 txs)
[2026-09-28T02:54:58.269Z INFO  blacksilk_miner] found block 166 (reward 20.02400949 BLK, 0 txs)
[2026-09-28T02:55:01.920Z INFO  blacksilk_miner] hash rate 0.9 H/s (light mode)
[2026-09-28T02:55:02.767Z INFO  blacksilk_miner] found block 167 (reward 20.02399039 BLK, 0 txs)
[2026-09-28T02:55:08.803Z INFO  blacksilk_miner] found block 168 (reward 20.02397129 BLK, 0 txs)
[2026-09-28T02:55:14.081Z INFO  blacksilk_miner] found block 169 (reward 20.02395220 BLK, 0 txs)
[2026-09-28T02:55:16.542Z INFO  blacksilk_miner] found block 170 (reward 20.02393310 BLK, 0 txs)
[2026-09-28T02:55:18.641Z INFO  blacksilk_miner] found block 171 (reward 20.02391401 BLK, 0 txs)
[2026-09-28T02:55:23.731Z INFO  blacksilk_miner] found block 172 (reward 20.02389491 BLK, 0 txs)
[2026-09-28T02:55:29.006Z INFO  blacksilk_miner] found block 173 (reward 20.02387581 BLK, 0 txs)
[2026-09-28T02:55:32.852Z INFO  blacksilk_miner] found block 174 (reward 20.02385672 BLK, 0 txs)
[2026-09-28T02:55:37.196Z INFO  blacksilk_miner] found block 175 (reward 20.02383762 BLK, 0 txs)
[2026-09-28T02:55:40.357Z INFO  blacksilk_miner] found block 176 (reward 20.02381852 BLK, 0 txs)
[2026-09-28T02:55:45.584Z INFO  blacksilk_miner] found block 177 (reward 20.02379943 BLK, 0 txs)
[2026-09-28T02:55:47.935Z INFO  blacksilk_miner] found block 178 (reward 20.02378033 BLK, 0 txs)
[2026-09-28T02:56:03.968Z INFO  blacksilk_miner] hash rate 1.2 H/s (light mode)
[2026-09-28T02:56:08.264Z INFO  blacksilk_miner] found block 179 (reward 20.02376124 BLK, 0 txs)
[2026-09-28T02:56:16.499Z INFO  blacksilk_miner] found block 180 (reward 20.02374214 BLK, 0 txs)
[2026-09-28T02:56:29.880Z INFO  blacksilk_miner] found block 181 (reward 20.02372304 BLK, 0 txs)
[2026-09-28T02:57:01.339Z INFO  blacksilk_miner] found block 182 (reward 20.02370395 BLK, 0 txs)
[2026-09-28T02:57:04.473Z INFO  blacksilk_miner] hash rate 1.0 H/s (light mode)
[2026-09-28T02:57:05.834Z INFO  blacksilk_miner] found block 183 (reward 20.02368485 BLK, 0 txs)
[2026-09-28T02:57:10.688Z INFO  blacksilk_miner] found block 184 (reward 20.02366575 BLK, 0 txs)
[2026-09-28T02:57:27.352Z INFO  blacksilk_miner] found block 185 (reward 20.02364666 BLK, 0 txs)
[2026-09-28T02:57:40.038Z INFO  blacksilk_miner] found block 186 (reward 20.02362756 BLK, 0 txs)
[2026-09-28T02:57:45.969Z INFO  blacksilk_miner] found block 187 (reward 20.02360847 BLK, 0 txs)
[2026-09-28T02:58:09.252Z INFO  blacksilk_miner] hash rate 0.9 H/s (light mode)
[2026-09-28T02:58:44.116Z INFO  blacksilk_miner] found block 190 (reward 20.02355118 BLK, 0 txs)
[2026-09-28T02:58:47.274Z INFO  blacksilk_miner] found block 191 (reward 20.02353208 BLK, 0 txs)
[2026-09-28T02:59:15.265Z INFO  blacksilk_miner] hash rate 0.9 H/s (light mode)
[2026-09-28T02:59:21.452Z INFO  blacksilk_miner] found block 194 (reward 20.02347479 BLK, 0 txs); not on the node's best chain
[2026-09-28T02:59:27.543Z INFO  blacksilk_miner] found block 196 (reward 20.02343660 BLK, 0 txs); not on the node's best chain
[2026-09-28T03:00:00.169Z INFO  blacksilk_miner] found block 201 (reward 20.02334112 BLK, 0 txs); not on the node's best chain
[2026-09-28T03:00:16.009Z INFO  blacksilk_miner] hash rate 1.0 H/s (light mode)
[2026-09-28T03:00:17.984Z INFO  blacksilk_miner] found block 205 (reward 20.02326474 BLK, 0 txs); not on the node's best chain
[2026-09-28T03:00:23.864Z INFO  blacksilk_miner] found block 206 (reward 20.02324565 BLK, 0 txs)
[2026-09-28T03:00:26.712Z INFO  blacksilk_miner] found block 207 (reward 20.02322655 BLK, 0 txs)
[2026-09-28T03:00:36.867Z INFO  blacksilk_miner] found block 208 (reward 20.02320745 BLK, 0 txs)
[2026-09-28T03:00:39.485Z INFO  blacksilk_miner] found block 209 (reward 20.02318836 BLK, 0 txs)
[2026-09-28T03:00:51.202Z INFO  blacksilk_miner] found block 210 (reward 20.02316926 BLK, 0 txs); not on the node's best chain
[2026-09-28T03:00:52.883Z INFO  blacksilk_miner] found block 211 (reward 20.02315017 BLK, 0 txs)
[2026-09-28T03:00:57.961Z INFO  blacksilk_miner] found block 212 (reward 20.02313107 BLK, 0 txs)
[2026-09-28T03:01:20.194Z INFO  blacksilk_miner] hash rate 0.9 H/s (light mode)
[2026-09-28T03:01:20.977Z INFO  blacksilk_miner] found block 214 (reward 20.02343748 BLK, 1 txs)
[2026-09-28T03:01:25.950Z INFO  blacksilk_miner] found block 215 (reward 20.02307379 BLK, 0 txs)
[2026-09-28T03:01:45.533Z INFO  blacksilk_miner] found block 217 (reward 20.02303559 BLK, 0 txs)
[2026-09-28T03:01:53.573Z INFO  blacksilk_miner] found block 218 (reward 20.02301650 BLK, 0 txs)
[2026-09-28T03:02:01.531Z INFO  blacksilk_miner] found block 219 (reward 20.02299740 BLK, 0 txs)
[2026-09-28T03:02:08.523Z INFO  blacksilk_miner] found block 220 (reward 20.02297831 BLK, 0 txs)
[2026-09-28T03:02:20.266Z INFO  blacksilk_miner] hash rate 0.9 H/s (light mode)
[2026-09-28T03:02:21.289Z INFO  blacksilk_miner] found block 221 (reward 20.02295921 BLK, 0 txs); not on the node's best chain
[2026-09-28T03:02:50.485Z INFO  blacksilk_miner] found block 223 (reward 20.02292102 BLK, 0 txs); not on the node's best chain
[2026-09-28T03:02:58.001Z INFO  blacksilk_miner] found block 224 (reward 20.02290193 BLK, 0 txs)
[2026-09-28T03:03:08.897Z INFO  blacksilk_miner] found block 225 (reward 20.02322743 BLK, 1 txs); not on the node's best chain
[2026-09-28T03:03:12.684Z INFO  blacksilk_miner] found block 227 (reward 20.02318924 BLK, 1 txs)
[2026-09-28T03:03:15.566Z INFO  blacksilk_miner] found block 228 (reward 20.02282555 BLK, 0 txs)
[2026-09-28T03:03:18.978Z INFO  blacksilk_miner] found block 229 (reward 20.02280645 BLK, 0 txs)
[2026-09-28T03:03:24.917Z INFO  blacksilk_miner] hash rate 0.9 H/s (light mode)
[2026-09-28T03:03:34.686Z INFO  blacksilk_miner] found block 231 (reward 20.02276826 BLK, 0 txs); not on the node's best chain
[2026-09-28T03:03:56.456Z INFO  blacksilk_miner] found block 235 (reward 20.02269188 BLK, 0 txs)
[2026-09-28T03:04:06.059Z INFO  blacksilk_miner] found block 236 (reward 20.02267278 BLK, 0 txs)
[2026-09-28T03:04:14.357Z INFO  blacksilk_miner] found block 237 (reward 20.02265369 BLK, 0 txs)
[2026-09-28T03:04:25.894Z INFO  blacksilk_miner] hash rate 0.9 H/s (light mode)
[2026-09-28T03:04:37.049Z INFO  blacksilk_miner] found block 238 (reward 20.02263459 BLK, 0 txs); not on the node's best chain
[2026-09-28T03:04:55.273Z INFO  blacksilk_miner] found block 240 (reward 20.02259640 BLK, 0 txs)
[2026-09-28T03:04:59.199Z INFO  blacksilk_miner] found block 241 (reward 20.02257731 BLK, 0 txs)
[2026-09-28T03:05:13.411Z INFO  blacksilk_miner] found block 242 (reward 20.02255821 BLK, 0 txs)
[2026-09-28T03:05:23.087Z INFO  blacksilk_miner] found block 243 (reward 20.02253912 BLK, 0 txs)
[2026-09-28T03:05:29.247Z INFO  blacksilk_miner] hash rate 0.9 H/s (light mode)
[2026-09-28T03:05:31.126Z INFO  blacksilk_miner] found block 244 (reward 20.02252002 BLK, 0 txs)
[2026-09-28T03:05:48.733Z INFO  blacksilk_miner] found block 245 (reward 20.02250093 BLK, 0 txs)
[2026-09-28T03:06:17.252Z INFO  blacksilk_miner] found block 246 (reward 20.02248183 BLK, 0 txs)
[2026-09-28T03:06:21.358Z INFO  blacksilk_miner] found block 247 (reward 20.02246274 BLK, 0 txs)
[2026-09-28T03:06:32.646Z INFO  blacksilk_miner] hash rate 0.9 H/s (light mode)
[2026-09-28T03:06:34.867Z INFO  blacksilk_miner] found block 248 (reward 20.02244364 BLK, 0 txs)
[2026-09-28T03:06:50.597Z INFO  blacksilk_miner] found block 249 (reward 20.02242455 BLK, 0 txs)
[2026-09-28T03:06:55.234Z INFO  blacksilk_miner] found block 250 (reward 20.02240545 BLK, 0 txs)
[2026-09-28T03:07:02.237Z INFO  blacksilk_miner] found block 251 (reward 20.02238636 BLK, 0 txs)
[2026-09-28T03:07:36.948Z INFO  blacksilk_miner] hash rate 0.9 H/s (light mode)
[2026-09-28T03:07:39.640Z INFO  blacksilk_miner] found block 252 (reward 20.02305646 BLK, 2 txs)
[2026-09-28T03:07:47.426Z INFO  blacksilk_miner] found block 253 (reward 20.02234817 BLK, 0 txs)
[2026-09-28T03:07:50.591Z INFO  blacksilk_miner] found block 254 (reward 20.02232907 BLK, 0 txs)
[2026-09-28T03:08:02.180Z INFO  blacksilk_miner] found block 255 (reward 20.02230998 BLK, 0 txs)
[2026-09-28T03:08:16.950Z INFO  blacksilk_miner] found block 257 (reward 20.02227179 BLK, 0 txs); not on the node's best chain
[2026-09-28T03:08:28.075Z INFO  blacksilk_miner] found block 259 (reward 20.02257820 BLK, 1 txs)
[2026-09-28T03:08:39.260Z INFO  blacksilk_miner] hash rate 0.9 H/s (light mode)
[2026-09-28T03:08:56.608Z INFO  blacksilk_miner] found block 263 (reward 20.02215722 BLK, 0 txs); not on the node's best chain
[2026-09-28T03:09:14.389Z INFO  blacksilk_miner] found block 264 (reward 20.02213813 BLK, 0 txs)
[2026-09-28T03:09:18.427Z INFO  blacksilk_miner] found block 265 (reward 20.02211903 BLK, 0 txs)
[2026-09-28T03:09:21.552Z INFO  blacksilk_miner] found block 266 (reward 20.02209994 BLK, 0 txs)
[2026-09-28T03:09:35.283Z INFO  blacksilk_miner] found block 267 (reward 20.02208084 BLK, 0 txs)
[2026-09-28T03:09:37.979Z INFO  blacksilk_miner] found block 268 (reward 20.02206175 BLK, 0 txs)
[2026-09-28T03:09:43.642Z INFO  blacksilk_miner] hash rate 1.0 H/s (light mode)
[2026-09-28T03:09:44.356Z INFO  blacksilk_miner] found block 269 (reward 20.02204265 BLK, 0 txs)
[2026-09-28T03:09:52.176Z INFO  blacksilk_miner] found block 270 (reward 20.02236816 BLK, 1 txs)
[2026-09-28T03:09:57.247Z INFO  blacksilk_miner] found block 271 (reward 20.02200447 BLK, 0 txs)
[2026-09-28T03:10:03.574Z INFO  blacksilk_miner] found block 272 (reward 20.02198537 BLK, 0 txs)
[2026-09-28T03:10:27.720Z INFO  blacksilk_miner] found block 276 (reward 20.02190899 BLK, 0 txs)
[2026-09-28T03:10:44.108Z INFO  blacksilk_miner] found block 278 (reward 20.02187081 BLK, 0 txs); not on the node's best chain
[2026-09-28T03:10:50.125Z INFO  blacksilk_miner] hash rate 1.0 H/s (light mode)
[2026-09-28T03:10:54.101Z INFO  blacksilk_miner] found block 279 (reward 20.02185171 BLK, 0 txs)
[2026-09-28T03:10:56.436Z INFO  blacksilk_miner] found block 280 (reward 20.02183262 BLK, 0 txs)
[2026-09-28T03:10:58.989Z INFO  blacksilk_miner] found block 281 (reward 20.02181352 BLK, 0 txs)
[2026-09-28T03:11:21.317Z INFO  blacksilk_miner] found block 284 (reward 20.02210084 BLK, 1 txs)
[2026-09-28T03:11:55.152Z INFO  blacksilk_miner] hash rate 1.0 H/s (light mode)
[2026-09-28T03:12:15.058Z INFO  blacksilk_miner] found block 287 (reward 20.02169896 BLK, 0 txs)
[2026-09-28T03:12:23.362Z INFO  blacksilk_miner] found block 288 (reward 20.02167986 BLK, 0 txs)
[2026-09-28T03:12:26.105Z INFO  blacksilk_miner] found block 289 (reward 20.02166077 BLK, 0 txs)
[2026-09-28T03:12:28.433Z INFO  blacksilk_miner] found block 290 (reward 20.02164167 BLK, 0 txs)
[2026-09-28T03:12:40.681Z INFO  blacksilk_miner] found block 291 (reward 20.02162258 BLK, 0 txs)
[2026-09-28T03:12:48.508Z INFO  blacksilk_miner] found block 292 (reward 20.02194809 BLK, 1 txs)
[2026-09-28T03:12:59.279Z INFO  blacksilk_miner] hash rate 1.0 H/s (light mode)
[2026-09-28T03:13:06.700Z INFO  blacksilk_miner] found block 294 (reward 20.02156530 BLK, 0 txs)
[2026-09-28T03:13:34.945Z INFO  blacksilk_miner] found block 297 (reward 20.02185262 BLK, 1 txs)
[2026-09-28T03:13:38.859Z INFO  blacksilk_miner] found block 298 (reward 20.02183352 BLK, 1 txs)
