[2026-09-28T02:57:37.655Z INFO  blacksilk_miner] mining on regtest at height 185 with 1 threads (light mode; prebuild on, 1 build threads)
[2026-09-28T02:57:39.357Z INFO  blacksilk_miner] RandomX key 087d6fd4efbc45eb: light context ready in 1.7s
[2026-09-28T02:57:49.499Z INFO  blacksilk_miner] found block 187 (reward 20.02360847 BLK, 0 txs); not on the node's best chain
[2026-09-28T02:58:17.930Z INFO  blacksilk_miner] found block 188 (reward 20.02358937 BLK, 0 txs)
[2026-09-28T02:58:34.636Z INFO  blacksilk_miner] found block 189 (reward 20.02357027 BLK, 0 txs)
[2026-09-28T02:58:40.229Z INFO  blacksilk_miner] hash rate 0.9 H/s (light mode)
[2026-09-28T02:58:50.679Z INFO  blacksilk_miner] found block 191 (reward 20.02353208 BLK, 0 txs); not on the node's best chain
[2026-09-28T02:58:55.161Z INFO  blacksilk_miner] found block 192 (reward 20.02351299 BLK, 0 txs)
[2026-09-28T02:59:01.750Z INFO  blacksilk_miner] found block 193 (reward 20.02349389 BLK, 0 txs)
[2026-09-28T02:59:14.406Z INFO  blacksilk_miner] found block 194 (reward 20.02347479 BLK, 0 txs)
[2026-09-28T02:59:19.200Z INFO  blacksilk_miner] found block 195 (reward 20.02345570 BLK, 0 txs)
[2026-09-28T02:59:23.105Z INFO  blacksilk_miner] found block 196 (reward 20.02343660 BLK, 0 txs)
[2026-09-28T02:59:25.166Z INFO  blacksilk_miner] found block 197 (reward 20.02341751 BLK, 0 txs)
[2026-09-28T02:59:33.846Z INFO  blacksilk_miner] found block 198 (reward 20.02339841 BLK, 0 txs)
[2026-09-28T02:59:41.552Z INFO  blacksilk_miner] hash rate 0.9 H/s (light mode)
[2026-09-28T02:59:42.649Z INFO  blacksilk_miner] found block 199 (reward 20.02337932 BLK, 0 txs)
[2026-09-28T02:59:48.848Z INFO  blacksilk_miner] found block 200 (reward 20.02336022 BLK, 0 txs)
[2026-09-28T02:59:57.796Z INFO  blacksilk_miner] found block 201 (reward 20.02334112 BLK, 0 txs)
[2026-09-28T03:00:00.957Z INFO  blacksilk_miner] found block 202 (reward 20.02332203 BLK, 0 txs)
[2026-09-28T03:00:03.656Z INFO  blacksilk_miner] found block 203 (reward 20.02330293 BLK, 0 txs)
[2026-09-28T03:00:14.368Z INFO  blacksilk_miner] found block 204 (reward 20.02328384 BLK, 0 txs)
[2026-09-28T03:00:16.390Z INFO  blacksilk_miner] found block 205 (reward 20.02326474 BLK, 0 txs)
[2026-09-28T03:00:25.965Z INFO  blacksilk_miner] found block 206 (reward 20.02324565 BLK, 0 txs); not on the node's best chain
[2026-09-28T03:00:39.186Z INFO  blacksilk_miner] found block 208 (reward 20.02320745 BLK, 0 txs); not on the node's best chain
[2026-09-28T03:00:45.030Z INFO  blacksilk_miner] hash rate 0.8 H/s (light mode)
[2026-09-28T03:00:48.134Z INFO  blacksilk_miner] found block 210 (reward 20.02316926 BLK, 0 txs)
[2026-09-28T03:00:54.979Z INFO  blacksilk_miner] found block 211 (reward 20.02315017 BLK, 0 txs); not on the node's best chain
[2026-09-28T03:00:58.135Z INFO  blacksilk_miner] found block 212 (reward 20.02313107 BLK, 0 txs)
[2026-09-28T03:01:02.029Z INFO  blacksilk_miner] found block 213 (reward 20.02311198 BLK, 0 txs)
[2026-09-28T03:01:23.187Z INFO  blacksilk_miner] found block 214 (reward 20.02343748 BLK, 1 txs); not on the node's best chain
[2026-09-28T03:01:26.738Z INFO  blacksilk_miner] found block 215 (reward 20.02307379 BLK, 0 txs)
[2026-09-28T03:01:39.653Z INFO  blacksilk_miner] found block 216 (reward 20.02305469 BLK, 0 txs)
[2026-09-28T03:01:50.850Z INFO  blacksilk_miner] hash rate 1.0 H/s (light mode)
[2026-09-28T03:02:17.022Z INFO  blacksilk_miner] found block 221 (reward 20.02295921 BLK, 0 txs)
[2026-09-28T03:02:18.886Z INFO  blacksilk_miner] found block 222 (reward 20.02294012 BLK, 0 txs)
[2026-09-28T03:02:48.573Z INFO  blacksilk_miner] found block 223 (reward 20.02292102 BLK, 0 txs)
[2026-09-28T03:02:53.949Z INFO  blacksilk_miner] hash rate 0.9 H/s (light mode)
[2026-09-28T03:03:01.942Z INFO  blacksilk_miner] found block 225 (reward 20.02288283 BLK, 0 txs)
[2026-09-28T03:03:05.539Z INFO  blacksilk_miner] found block 226 (reward 20.02286374 BLK, 0 txs)
[2026-09-28T03:03:28.113Z INFO  blacksilk_miner] found block 230 (reward 20.02278735 BLK, 0 txs)
[2026-09-28T03:03:33.444Z INFO  blacksilk_miner] found block 231 (reward 20.02276826 BLK, 0 txs)
[2026-09-28T03:03:35.848Z INFO  blacksilk_miner] found block 232 (reward 20.02274916 BLK, 0 txs)
[2026-09-28T03:03:42.372Z INFO  blacksilk_miner] found block 233 (reward 20.02273007 BLK, 0 txs)
[2026-09-28T03:03:48.020Z INFO  blacksilk_miner] found block 234 (reward 20.02271097 BLK, 0 txs)
[2026-09-28T03:03:59.135Z INFO  blacksilk_miner] hash rate 0.9 H/s (light mode)
[2026-09-28T03:04:05.318Z INFO  blacksilk_miner] found block 236 (reward 20.02267278 BLK, 0 txs)
[2026-09-28T03:04:14.393Z INFO  blacksilk_miner] found block 237 (reward 20.02265369 BLK, 0 txs)
[2026-09-28T03:04:30.959Z INFO  blacksilk_miner] found block 238 (reward 20.02263459 BLK, 0 txs)
[2026-09-28T03:04:38.215Z INFO  blacksilk_miner] found block 239 (reward 20.02261550 BLK, 0 txs)
[2026-09-28T03:04:45.673Z INFO  blacksilk_miner] found block 240 (reward 20.02259640 BLK, 0 txs)
[2026-09-28T03:04:56.871Z INFO  blacksilk_miner] found block 241 (reward 20.02257731 BLK, 0 txs)
[2026-09-28T03:05:02.545Z INFO  blacksilk_miner] hash rate 0.8 H/s (light mode)
[2026-09-28T03:05:19.836Z INFO  blacksilk_miner] found block 242 (reward 20.02255821 BLK, 0 txs)
[2026-09-28T03:05:32.812Z INFO  blacksilk_miner] found block 243 (reward 20.02253912 BLK, 0 txs)
[2026-09-28T03:05:37.628Z INFO  blacksilk_miner] found block 244 (reward 20.02252002 BLK, 0 txs)
[2026-09-28T03:05:58.982Z INFO  blacksilk_miner] found block 245 (reward 20.02250093 BLK, 0 txs)
[2026-09-28T03:06:02.317Z INFO  blacksilk_miner] found block 246 (reward 20.02248183 BLK, 0 txs)
[2026-09-28T03:06:04.843Z INFO  blacksilk_miner] hash rate 0.9 H/s (light mode)
[2026-09-28T03:06:05.866Z INFO  blacksilk_miner] found block 247 (reward 20.02246274 BLK, 0 txs)
[2026-09-28T03:06:40.110Z INFO  blacksilk_miner] found block 248 (reward 20.02244364 BLK, 0 txs)
[2026-09-28T03:06:56.655Z INFO  blacksilk_miner] found block 249 (reward 20.02242455 BLK, 0 txs)
[2026-09-28T03:07:09.443Z INFO  blacksilk_miner] hash rate 0.9 H/s (light mode)
[2026-09-28T03:07:23.290Z INFO  blacksilk_miner] found block 250 (reward 20.02240545 BLK, 0 txs)
[2026-09-28T03:07:38.888Z INFO  blacksilk_miner] found block 251 (reward 20.02238636 BLK, 0 txs)
[2026-09-28T03:07:46.439Z INFO  blacksilk_miner] found block 252 (reward 20.02236726 BLK, 0 txs)
[2026-09-28T03:08:02.271Z INFO  blacksilk_miner] found block 255 (reward 20.02230998 BLK, 0 txs)
[2026-09-28T03:08:04.976Z INFO  blacksilk_miner] found block 256 (reward 20.02229089 BLK, 0 txs)
[2026-09-28T03:08:10.212Z INFO  blacksilk_miner] hash rate 0.9 H/s (light mode)
[2026-09-28T03:08:12.654Z INFO  blacksilk_miner] found block 257 (reward 20.02227179 BLK, 0 txs)
[2026-09-28T03:08:18.010Z INFO  blacksilk_miner] found block 258 (reward 20.02225270 BLK, 0 txs)
[2026-09-28T03:08:32.771Z INFO  blacksilk_miner] found block 260 (reward 20.02221451 BLK, 0 txs)
[2026-09-28T03:08:38.264Z INFO  blacksilk_miner] found block 261 (reward 20.02219541 BLK, 0 txs)
[2026-09-28T03:08:46.965Z INFO  blacksilk_miner] found block 262 (reward 20.02217632 BLK, 0 txs)
[2026-09-28T03:08:54.835Z INFO  blacksilk_miner] found block 263 (reward 20.02215722 BLK, 0 txs)
[2026-09-28T03:09:12.033Z INFO  blacksilk_miner] hash rate 1.0 H/s (light mode)
[2026-09-28T03:09:14.921Z INFO  blacksilk_miner] found block 264 (reward 20.02213813 BLK, 0 txs)
[2026-09-28T03:09:20.485Z INFO  blacksilk_miner] found block 265 (reward 20.02211903 BLK, 0 txs); not on the node's best chain
[2026-09-28T03:09:35.611Z INFO  blacksilk_miner] found block 267 (reward 20.02208084 BLK, 0 txs)
[2026-09-28T03:09:48.023Z INFO  blacksilk_miner] found block 269 (reward 20.02204265 BLK, 0 txs); not on the node's best chain
[2026-09-28T03:09:54.748Z INFO  blacksilk_miner] found block 270 (reward 20.02202356 BLK, 0 txs); not on the node's best chain
[2026-09-28T03:09:59.484Z INFO  blacksilk_miner] found block 271 (reward 20.02200447 BLK, 0 txs); not on the node's best chain
[2026-09-28T03:10:07.698Z INFO  blacksilk_miner] found block 273 (reward 20.02196628 BLK, 0 txs)
[2026-09-28T03:10:11.603Z INFO  blacksilk_miner] found block 274 (reward 20.02194718 BLK, 0 txs)
[2026-09-28T03:10:17.273Z INFO  blacksilk_miner] hash rate 0.9 H/s (light mode)
[2026-09-28T03:10:18.304Z INFO  blacksilk_miner] found block 275 (reward 20.02192809 BLK, 0 txs)
[2026-09-28T03:10:32.318Z INFO  blacksilk_miner] found block 277 (reward 20.02188990 BLK, 0 txs)
[2026-09-28T03:10:41.641Z INFO  blacksilk_miner] found block 278 (reward 20.02187081 BLK, 0 txs)
[2026-09-28T03:11:02.689Z INFO  blacksilk_miner] found block 281 (reward 20.02181352 BLK, 0 txs); not on the node's best chain
[2026-09-28T03:11:08.872Z INFO  blacksilk_miner] found block 282 (reward 20.02179443 BLK, 0 txs)
[2026-09-28T03:11:12.476Z INFO  blacksilk_miner] found block 283 (reward 20.02177533 BLK, 0 txs)
[2026-09-28T03:11:18.788Z INFO  blacksilk_miner] hash rate 1.0 H/s (light mode)
[2026-09-28T03:12:06.187Z INFO  blacksilk_miner] found block 285 (reward 20.02208175 BLK, 1 txs)
[2026-09-28T03:12:08.906Z INFO  blacksilk_miner] found block 286 (reward 20.02171805 BLK, 0 txs)
[2026-09-28T03:12:17.143Z INFO  blacksilk_miner] found block 287 (reward 20.02169896 BLK, 0 txs); not on the node's best chain
[2026-09-28T03:12:22.391Z INFO  blacksilk_miner] hash rate 1.1 H/s (light mode)
[2026-09-28T03:12:24.190Z INFO  blacksilk_miner] found block 288 (reward 20.02167986 BLK, 0 txs)
[2026-09-28T03:12:36.204Z INFO  blacksilk_miner] found block 290 (reward 20.02164167 BLK, 0 txs); not on the node's best chain
[2026-09-28T03:12:59.578Z INFO  blacksilk_miner] found block 293 (reward 20.02158439 BLK, 0 txs)
[2026-09-28T03:13:20.620Z INFO  blacksilk_miner] found block 295 (reward 20.02154620 BLK, 0 txs)
[2026-09-28T03:13:25.111Z INFO  blacksilk_miner] hash rate 1.0 H/s (light mode)
[2026-09-28T03:13:25.928Z INFO  blacksilk_miner] found block 296 (reward 20.02152711 BLK, 0 txs)
[2026-09-28T03:13:38.050Z INFO  blacksilk_miner] found block 297 (reward 20.02219722 BLK, 2 txs); not on the node's best chain
