[2026-09-28T02:47:49.087Z INFO  blacksilk_node] blacksilk-node 0.1.0 commit fd848fb77231a1f36f1ed76587083bcf1ee0fae4
[2026-09-28T02:47:49.087Z INFO  blacksilk_node] regtest: genesis 087d6fd4efbc45eb0a895dd0680a7fd305208cae239b1b4275d7148b29a569b7, consensus fingerprint 5df1f2267d609ceaab90f5368b368d4302da7542462f78323a9f88383d99fd2a
[2026-09-28T02:47:49.087Z INFO  blacksilk_node] regtest: loading C:/bszkeval/w2-mine/ev2\node0
[2026-09-28T02:47:49.102Z INFO  blacksilk_node] chain loaded in 14.7ms: height 0, tip 087d6fd4efbc45eb
[2026-09-28T02:47:49.105Z INFO  blacksilk_node] P2P listening on 127.0.0.1:47601
[2026-09-28T02:47:49.105Z INFO  blacksilk_node] RPC listening on http://127.0.0.1:47600
[2026-09-28T02:47:49.152Z WARN  blacksilk_node::cookie] the data directory C:/bszkeval/w2-mine/ev2\node0 is outside your user profile: on Windows the RPC cookie is protected only by that directory's permissions; make sure other users cannot read it
[2026-09-28T02:47:49.154Z INFO  blacksilk_node::serve] RPC credential written to C:/bszkeval/w2-mine/ev2\node0\rpc.cookie (clients read it: --rpc-cookie)
[2026-09-28T02:47:49.458Z INFO  blacksilk_p2p::net::conn] connected inbound peer 127.0.0.1:3852 (height 0)
[2026-09-28T02:47:49.489Z INFO  blacksilk_p2p::net::conn] connected inbound peer 127.0.0.1:3856 (height 0)
[2026-09-28T02:47:49.489Z INFO  blacksilk_p2p::net::conn] connected outbound peer 127.0.0.1:49602 (height 0)
[2026-09-28T02:47:49.509Z INFO  blacksilk_p2p::net::conn] connected outbound peer 127.0.0.1:49601 (height 0)
[2026-09-28T02:47:54.687Z INFO  blacksilk_node] block 80a051a4f5958c54 at height 1 accepted (tip 1)
[2026-09-28T02:47:57.707Z INFO  blacksilk_node] block ec6b851a702f5609 at height 2 accepted (tip 2)
[2026-09-28T02:48:00.528Z INFO  blacksilk_node] block d00bc4aa0641a8d7 at height 3 accepted (tip 3)
[2026-09-28T02:48:02.783Z INFO  blacksilk_node] block 6fbfecd3a29536ec at height 4 accepted (tip 4)
[2026-09-28T02:48:04.586Z INFO  blacksilk_node] block f221ebffaa1532cc at height 5 accepted (tip 5)
[2026-09-28T02:48:06.221Z INFO  blacksilk_node] block 85d535e6df8f094d at height 6 accepted (tip 6)
[2026-09-28T02:48:08.220Z INFO  blacksilk_node] block 7bd0a2c8bf3ccd27 at height 7 accepted (tip 7)
[2026-09-28T02:48:10.369Z INFO  blacksilk_node] block 0f75041d59adc6f9 at height 8 accepted (tip 8)
[2026-09-28T02:48:12.532Z INFO  blacksilk_node] block e3ec652c6123ee4f at height 9 accepted (tip 9)
[2026-09-28T02:48:14.319Z INFO  blacksilk_node] block 3a826687293fea4f at height 10 accepted (tip 10)
[2026-09-28T02:48:15.963Z INFO  blacksilk_node] block e676929c8e40bd48 at height 11 accepted (tip 11)
[2026-09-28T02:48:17.727Z INFO  blacksilk_node] block 3ab7f47b4b9310aa at height 12 accepted (tip 12)
[2026-09-28T02:48:20.010Z INFO  blacksilk_node] block cb58d21dbcc25c89 at height 13 accepted (tip 13)
[2026-09-28T02:48:22.365Z INFO  blacksilk_node] block c99863b48ee426a0 at height 14 accepted (tip 14)
[2026-09-28T02:48:24.744Z INFO  blacksilk_node] block 5f878bb113efdb6a at height 15 accepted (tip 15)
[2026-09-28T02:48:26.886Z INFO  blacksilk_node] block 79d9bbaf99d04ef5 at height 16 accepted (tip 16)
[2026-09-28T02:48:29.258Z INFO  blacksilk_node] block 1dcbf4e2ff8f489a at height 17 accepted (tip 17)
[2026-09-28T02:48:31.377Z INFO  blacksilk_node] block 021388d8c334889b at height 18 accepted (tip 18)
[2026-09-28T02:48:33.928Z INFO  blacksilk_node] block 3b9354000516257f at height 19 accepted (tip 19)
[2026-09-28T02:48:36.411Z INFO  blacksilk_node] block 347b1212f8c17ed1 at height 20 accepted (tip 20)
[2026-09-28T02:48:38.213Z INFO  blacksilk_node] block 28cb738019449fba at height 21 accepted (tip 21)
[2026-09-28T02:48:40.839Z INFO  blacksilk_node] block 6bd6ad657032f085 at height 22 accepted (tip 22)
[2026-09-28T02:48:43.125Z INFO  blacksilk_node] block 817fbe23dd1e2685 at height 23 accepted (tip 23)
[2026-09-28T02:48:45.325Z INFO  blacksilk_node] block e0a83587a2a26da3 at height 24 accepted (tip 24)
[2026-09-28T02:48:47.322Z INFO  blacksilk_node] block 6ad5f0d19188956a at height 25 accepted (tip 25)
[2026-09-28T02:48:49.175Z INFO  blacksilk_node] block aa9a2e238bf06d83 at height 26 accepted (tip 26)
[2026-09-28T02:48:50.726Z INFO  blacksilk_node] block 8025a2649fee05b0 at height 27 accepted (tip 27)
[2026-09-28T02:48:52.976Z INFO  blacksilk_node] block 90a753364fc523c8 at height 28 accepted (tip 28)
[2026-09-28T02:48:55.247Z INFO  blacksilk_node] block a8708142a905ea85 at height 29 accepted (tip 29)
[2026-09-28T02:48:57.649Z INFO  blacksilk_node] block 6d6f4d4c0c624624 at height 30 accepted (tip 30)
[2026-09-28T02:48:59.601Z INFO  blacksilk_node] block 35453c620203dc9c at height 31 accepted (tip 31)
[2026-09-28T02:49:01.235Z INFO  blacksilk_node] block 30bc1160e74e991c at height 32 accepted (tip 32)
[2026-09-28T02:49:03.391Z INFO  blacksilk_node] block 246556c0ec7b144f at height 33 accepted (tip 33)
[2026-09-28T02:49:05.599Z INFO  blacksilk_node] block 594c06333149ad89 at height 34 accepted (tip 34)
[2026-09-28T02:49:08.026Z INFO  blacksilk_node] block 3cf64f4fe08175e8 at height 35 accepted (tip 35)
[2026-09-28T02:49:10.706Z INFO  blacksilk_node] block 48138c97fc3ddddf at height 36 accepted (tip 36)
[2026-09-28T02:49:12.906Z INFO  blacksilk_node] block fba221164be3c0c8 at height 37 accepted (tip 37)
[2026-09-28T02:49:15.108Z INFO  blacksilk_node] block dedcb01bfe2c549f at height 38 accepted (tip 38)
[2026-09-28T02:49:18.132Z INFO  blacksilk_node] block 65c7d9e835b09cf2 at height 39 accepted (tip 39)
[2026-09-28T02:49:21.061Z INFO  blacksilk_node] block 424fea27f2c23ab8 at height 40 accepted (tip 40)
[2026-09-28T02:49:23.641Z INFO  blacksilk_node] block 9f4e869b50f17057 at height 41 accepted (tip 41)
[2026-09-28T02:49:25.276Z INFO  blacksilk_node] block 2dfed26a8b3dc755 at height 42 accepted (tip 42)
[2026-09-28T02:49:26.939Z INFO  blacksilk_node] block 75b28dfe4b2df997 at height 43 accepted (tip 43)
[2026-09-28T02:49:28.662Z INFO  blacksilk_node] block 338bb3dcdc0dd127 at height 44 accepted (tip 44)
[2026-09-28T02:49:30.332Z INFO  blacksilk_node] block 7162dc5e419b988d at height 45 accepted (tip 45)
[2026-09-28T02:49:31.781Z INFO  blacksilk_node] block 47089d8ffb086e55 at height 46 accepted (tip 46)
[2026-09-28T02:49:34.191Z INFO  blacksilk_node] block 14440db82d94da05 at height 47 accepted (tip 47)
[2026-09-28T02:49:36.372Z INFO  blacksilk_node] block 90791e1a7d4ffa7a at height 48 accepted (tip 48)
[2026-09-28T02:49:38.686Z INFO  blacksilk_node] block 119e529fac1dc5ec at height 49 accepted (tip 49)
[2026-09-28T02:49:40.982Z INFO  blacksilk_node] block cce062b728a0e7e7 at height 50 accepted (tip 50)
[2026-09-28T02:49:43.599Z INFO  blacksilk_node] block 67bae8d9da8d1ad1 at height 51 accepted (tip 51)
[2026-09-28T02:49:46.086Z INFO  blacksilk_node] block 216766768bd4f2a5 at height 52 accepted (tip 52)
[2026-09-28T02:49:48.277Z INFO  blacksilk_node] block 2baac63adbec3ab1 at height 53 accepted (tip 53)
[2026-09-28T02:49:50.523Z INFO  blacksilk_node] block 1680cd92f064dbdf at height 54 accepted (tip 54)
[2026-09-28T02:49:52.394Z INFO  blacksilk_node] block 3bcde6aaa438c250 at height 55 accepted (tip 55)
[2026-09-28T02:49:54.608Z INFO  blacksilk_node] block 247e05ad3dadc247 at height 56 accepted (tip 56)
[2026-09-28T02:49:56.351Z INFO  blacksilk_node] block a5a9265fc0d3c6ea at height 57 accepted (tip 57)
[2026-09-28T02:49:58.198Z INFO  blacksilk_node] block 553cd9ce5f108435 at height 58 accepted (tip 58)
[2026-09-28T02:50:00.449Z INFO  blacksilk_node] block 66ab79d661a1eda8 at height 59 accepted (tip 59)
[2026-09-28T02:50:02.201Z INFO  blacksilk_node] block 1feaca4438573c67 at height 60 accepted (tip 60)
[2026-09-28T02:50:03.531Z INFO  blacksilk_node] block 9c8502570fb68433 at height 61 accepted (tip 61)
[2026-09-28T02:50:04.644Z INFO  blacksilk_node] block 8fd7655e431a9492 at height 62 accepted (tip 62)
[2026-09-28T02:50:05.789Z INFO  blacksilk_node] block 1b603498c4222226 at height 63 accepted (tip 63)
[2026-09-28T02:50:06.973Z INFO  blacksilk_node] block 8979c3b413a1ee0a at height 64 accepted (tip 64)
[2026-09-28T02:50:08.283Z INFO  blacksilk_node] block 83d02cc3b9612777 at height 65 accepted (tip 65)
[2026-09-28T02:50:09.459Z INFO  blacksilk_node] block a265f66e302e042e at height 66 accepted (tip 66)
[2026-09-28T02:50:10.612Z INFO  blacksilk_node] block f1b593dd77ffde5a at height 67 accepted (tip 67)
[2026-09-28T02:50:11.706Z INFO  blacksilk_node] block d5d44df04f04cf2a at height 68 accepted (tip 68)
[2026-09-28T02:50:12.934Z INFO  blacksilk_node] block 4634b80388cb730e at height 69 accepted (tip 69)
[2026-09-28T02:50:14.317Z INFO  blacksilk_node] block 35ba543c50cbd346 at height 70 accepted (tip 70)
[2026-09-28T02:50:15.468Z INFO  blacksilk_node] block 3ed69af5511eea5e at height 71 accepted (tip 71)
[2026-09-28T02:50:16.624Z INFO  blacksilk_node] block 6215759019d05d18 at height 72 accepted (tip 72)
[2026-09-28T02:50:17.761Z INFO  blacksilk_node] block e063cf67bc5ab1f7 at height 73 accepted (tip 73)
[2026-09-28T02:50:18.933Z INFO  blacksilk_node] block 38553dc62f0f2aad at height 74 accepted (tip 74)
[2026-09-28T02:50:20.083Z INFO  blacksilk_node] block 6694aaf4e9a3a749 at height 75 accepted (tip 75)
[2026-09-28T02:50:21.232Z INFO  blacksilk_node] block 4d1b9b4916c5f5b0 at height 76 accepted (tip 76)
[2026-09-28T02:50:22.557Z INFO  blacksilk_node] block 3a1f209b863c4255 at height 77 accepted (tip 77)
[2026-09-28T02:50:24.271Z INFO  blacksilk_node] block 16ef066a7c59fbda at height 78 accepted (tip 78)
[2026-09-28T02:50:26.579Z INFO  blacksilk_node] block e223819bacf5ebff at height 79 accepted (tip 79)
[2026-09-28T02:50:28.313Z INFO  blacksilk_node] block 4d06e23921f08319 at height 80 accepted (tip 80)
[2026-09-28T02:50:29.445Z INFO  blacksilk_node] block a6c577397c4ec6b7 at height 81 accepted (tip 81)
[2026-09-28T02:50:33.148Z INFO  blacksilk_node] block eecd8ea8a970cc75 at height 82 accepted (tip 82)
[2026-09-28T02:50:34.282Z INFO  blacksilk_node] block 69ebae543b277337 at height 83 accepted (tip 83)
[2026-09-28T02:50:35.418Z INFO  blacksilk_node] block 5d1f5fdf210800b5 at height 84 accepted (tip 84)
[2026-09-28T02:50:37.117Z INFO  blacksilk_node] block 2f4a11e93d22c2bd at height 85 accepted (tip 85)
[2026-09-28T02:50:41.831Z INFO  blacksilk_node] block 36461fb281b7c588 at height 86 accepted (tip 86)
[2026-09-28T02:50:43.526Z INFO  blacksilk_node] block 79364078c3a6d531 at height 87 accepted (tip 87)
[2026-09-28T02:50:44.717Z INFO  blacksilk_node] block 55655571384260f1 at height 88 accepted (tip 88)
[2026-09-28T02:50:46.806Z INFO  blacksilk_node] block 4740fb537655328f at height 89 accepted (tip 89)
[2026-09-28T02:50:48.925Z INFO  blacksilk_node] block 6ebdb3152a1c6b99 at height 90 accepted (tip 90)
[2026-09-28T02:50:50.621Z INFO  blacksilk_node] block f1ae45332a2f175f at height 91 accepted (tip 91)
[2026-09-28T02:50:51.754Z INFO  blacksilk_node] block f2b5b4e11d95c47d at height 92 accepted (tip 92)
[2026-09-28T02:50:53.462Z INFO  blacksilk_node] block 40cae7c9fec5d3b1 at height 93 accepted (tip 93)
[2026-09-28T02:50:54.599Z INFO  blacksilk_node] block 4af96fed0b4a0a9b at height 94 accepted (tip 94)
[2026-09-28T02:50:56.759Z INFO  blacksilk_node] block 21cae4d0a515db94 at height 95 accepted (tip 95)
[2026-09-28T02:50:57.890Z INFO  blacksilk_node] block 03c719b27b719f87 at height 96 accepted (tip 96)
[2026-09-28T02:51:00.025Z INFO  blacksilk_node] block 8220c21c17ed0de7 at height 97 accepted (tip 97)
[2026-09-28T02:51:02.124Z INFO  blacksilk_node] block 6ba11a056f737032 at height 98 accepted (tip 98)
[2026-09-28T02:51:03.974Z INFO  blacksilk_node] block 6ae0d452c3928f3e at height 99 accepted (tip 99)
[2026-09-28T02:51:05.307Z INFO  blacksilk_node] block aec094a9ef314667 at height 100 accepted (tip 100)
[2026-09-28T02:51:07.445Z INFO  blacksilk_node] block 382bdc3e1d206bec at height 101 accepted (tip 101)
[2026-09-28T02:51:10.148Z INFO  blacksilk_node] block 00395359efc24ce9 at height 102 accepted (tip 102)
[2026-09-28T02:51:11.308Z INFO  blacksilk_node] block eaf1eaf3d7c60d87 at height 103 accepted (tip 103)
[2026-09-28T02:51:12.620Z INFO  blacksilk_node] block 696ddfd0b59aaf25 at height 104 accepted (tip 104)
[2026-09-28T02:51:14.328Z INFO  blacksilk_node] block aca9dc54e50573ab at height 105 accepted (tip 105)
[2026-09-28T02:51:16.077Z INFO  blacksilk_node] block d886538a16306f37 at height 106 accepted (tip 106)
[2026-09-28T02:51:17.252Z INFO  blacksilk_node] block 3f82e0eb1c136d79 at height 107 accepted (tip 107)
[2026-09-28T02:51:18.381Z INFO  blacksilk_node] block 2a55f6bf1f5e9e9d at height 108 accepted (tip 108)
[2026-09-28T02:51:19.546Z INFO  blacksilk_node] block 92eb7ee5d08dcac3 at height 109 accepted (tip 109)
[2026-09-28T02:51:24.901Z INFO  blacksilk_node] block ed7cb068f1853736 at height 110 accepted (tip 110)
[2026-09-28T02:51:26.622Z INFO  blacksilk_node] block cd8518eb4893d8a2 at height 111 accepted (tip 111)
[2026-09-28T02:51:27.782Z INFO  blacksilk_node] block ccbfffd74f927887 at height 112 accepted (tip 112)
[2026-09-28T02:51:29.530Z INFO  blacksilk_node] block 046470ae4035bd7d at height 113 accepted (tip 113)
[2026-09-28T02:51:31.277Z INFO  blacksilk_node] block 2f6b3db94415b1fb at height 114 accepted (tip 114)
[2026-09-28T02:51:33.055Z INFO  blacksilk_node] block 174c16a6a500c615 at height 115 accepted (tip 115)
[2026-09-28T02:51:34.261Z INFO  blacksilk_node] block 0f32ffea123aec84 at height 116 accepted (tip 116)
[2026-09-28T02:51:35.414Z INFO  blacksilk_node] block 63b405bf2957193b at height 117 accepted (tip 117)
[2026-09-28T02:51:38.145Z INFO  blacksilk_node] block eb12cf23cc5c11b4 at height 118 accepted (tip 118)
[2026-09-28T02:51:40.883Z INFO  blacksilk_node] block 1b7a584e2735e8cc at height 119 accepted (tip 119)
[2026-09-28T02:51:42.024Z INFO  blacksilk_node] block 521df00f50e88c25 at height 120 accepted (tip 120)
[2026-09-28T02:51:45.316Z INFO  blacksilk_node] block 53bf3ae23fe4b494 at height 121 accepted (tip 121)
[2026-09-28T02:51:53.539Z INFO  blacksilk_node] block 19ba8633aea512bd at height 122 accepted (tip 122)
[2026-09-28T02:51:58.924Z INFO  blacksilk_node] block f94a4c6059c52b4a at height 123 accepted (tip 123)
[2026-09-28T02:52:04.386Z INFO  blacksilk_node] block 63dcb28b26cac894 at height 124 accepted (tip 124)
[2026-09-28T02:52:05.707Z INFO  blacksilk_node] block 0102df23bbde30e3 at height 125 accepted (tip 125)
[2026-09-28T02:52:07.776Z INFO  blacksilk_node] block 13e0dfc7ce7576df at height 126 accepted (tip 126)
[2026-09-28T02:52:09.071Z INFO  blacksilk_node] block 41865daa5d027468 at height 127 accepted (tip 127)
[2026-09-28T02:52:11.523Z INFO  blacksilk_node] block 0f31646153701294 at height 128 accepted (tip 128)
[2026-09-28T02:52:13.565Z INFO  blacksilk_node] block 92c9bd6f547af5a8 at height 129 accepted (tip 129)
[2026-09-28T02:52:17.417Z INFO  blacksilk_node] block 73f2c342c5bf8a31 at height 130 accepted (tip 130)
[2026-09-28T02:52:18.656Z INFO  blacksilk_node] block 35c811889f898b0a at height 131 accepted (tip 131)
[2026-09-28T02:52:21.863Z INFO  blacksilk_node] block 485b7ebcf9fbe2e1 at height 132 accepted (tip 132)
[2026-09-28T02:52:23.848Z INFO  blacksilk_node] block 276af4a6d638d720 at height 133 accepted (tip 133)
[2026-09-28T02:52:26.195Z INFO  blacksilk_node] block 87cf8417443a6e7c at height 134 accepted (tip 134)
[2026-09-28T02:52:28.925Z INFO  blacksilk_node] block 73c5baa1dbd8f9ec at height 135 accepted (tip 135)
[2026-09-28T02:52:30.102Z INFO  blacksilk_node] block 469a683210beb56a at height 136 accepted (tip 136)
[2026-09-28T02:52:31.262Z INFO  blacksilk_node] block b940d705a6a3cdde at height 137 accepted (tip 137)
[2026-09-28T02:52:35.022Z INFO  blacksilk_node] block 7c6e6ee5e1bc772a at height 138 accepted (tip 138)
[2026-09-28T02:52:36.749Z INFO  blacksilk_node] block 88ed22f23a4b0604 at height 139 accepted (tip 139)
[2026-09-28T02:52:38.915Z INFO  blacksilk_node] block 98bf6f253725d32e at height 140 accepted (tip 140)
[2026-09-28T02:52:42.629Z INFO  blacksilk_node] block d75ba84581c58f88 at height 141 accepted (tip 141)
[2026-09-28T02:52:47.355Z INFO  blacksilk_node] block 9d80813392ac7d24 at height 142 accepted (tip 142)
[2026-09-28T02:52:49.089Z INFO  blacksilk_node] block d951bdc7a7cff95f at height 143 accepted (tip 143)
[2026-09-28T02:52:50.843Z INFO  blacksilk_node] block 2b678b986f7b9dd1 at height 144 accepted (tip 144)
[2026-09-28T02:52:55.167Z INFO  blacksilk_node] block 5428abe6f61d4fd8 at height 145 accepted (tip 145)
[2026-09-28T02:52:58.515Z INFO  blacksilk_node] block 8ec466be4674ad0f at height 146 accepted (tip 146)
[2026-09-28T02:53:00.902Z INFO  blacksilk_node] block caa4f8acf7bf1167 at height 147 accepted (tip 147)
[2026-09-28T02:53:03.868Z INFO  blacksilk_node] block 711a1806b71382d3 at height 148 accepted (tip 148)
[2026-09-28T02:53:09.621Z INFO  blacksilk_node] block 6ae0a57407143a33 at height 149 accepted (tip 149)
[2026-09-28T02:53:15.870Z INFO  blacksilk_node] block 037861e49fa71fa5 at height 150 accepted (tip 150)
[2026-09-28T02:53:21.028Z INFO  blacksilk_node] block e3f48f11835613af at height 151 accepted (tip 151)
[2026-09-28T02:53:22.367Z INFO  blacksilk_node] block e6e4c8e72b4a0fbd at height 152 accepted (tip 152)
[2026-09-28T02:53:24.136Z INFO  blacksilk_node] block 5bb6ac5fa2f8d10b at height 153 accepted (tip 153)
[2026-09-28T02:53:32.515Z INFO  blacksilk_node] block a41e674e790dc89f at height 154 accepted (tip 154)
[2026-09-28T02:53:42.517Z INFO  blacksilk_node] block 776fb42b1e8769cc at height 155 accepted (tip 155)
[2026-09-28T02:53:52.781Z INFO  blacksilk_node] block 1c550de27824f34e at height 156 accepted (tip 156)
[2026-09-28T02:53:59.541Z INFO  blacksilk_node] block 250a79d966870654 at height 157 accepted (tip 157)
[2026-09-28T02:54:08.162Z INFO  blacksilk_node] block cd22564a286bdb15 at height 158 accepted (tip 158)
[2026-09-28T02:54:12.445Z INFO  blacksilk_node] block 23c672d64bee03e6 at height 159 accepted (tip 159)
[2026-09-28T02:54:26.254Z INFO  blacksilk_node] block c03f7921c5482f4f at height 160 accepted (tip 160)
[2026-09-28T02:54:38.741Z INFO  blacksilk_node] block 158865d96a094486 at height 161 accepted (tip 161)
[2026-09-28T02:54:42.458Z INFO  blacksilk_node] block a8f6c0c24771ca36 at height 162 accepted (tip 162)
[2026-09-28T02:54:48.710Z INFO  blacksilk_node] block 6373eede386d08c3 at height 163 accepted (tip 163)
[2026-09-28T02:54:53.457Z INFO  blacksilk_node] block 34d45e049775f1f1 at height 164 accepted (tip 164)
[2026-09-28T02:54:56.061Z INFO  blacksilk_node] block 5663d50037684405 at height 165 accepted (tip 165)
[2026-09-28T02:54:58.269Z INFO  blacksilk_node] block 353ef950e8a61546 at height 166 accepted (tip 166)
[2026-09-28T02:55:02.767Z INFO  blacksilk_node] block 4bf5ac25b17b6039 at height 167 accepted (tip 167)
[2026-09-28T02:55:08.802Z INFO  blacksilk_node] block bb8fe1eb82a292fe at height 168 accepted (tip 168)
[2026-09-28T02:55:14.081Z INFO  blacksilk_node] block c9af53bb73b7d2ca at height 169 accepted (tip 169)
[2026-09-28T02:55:16.542Z INFO  blacksilk_node] block 2ed8930ebce1c853 at height 170 accepted (tip 170)
[2026-09-28T02:55:18.641Z INFO  blacksilk_node] block 3a37167d64fdd462 at height 171 accepted (tip 171)
[2026-09-28T02:55:23.730Z INFO  blacksilk_node] block 0d0dd5addf614b45 at height 172 accepted (tip 172)
[2026-09-28T02:55:29.006Z INFO  blacksilk_node] block 8412f74182810a9b at height 173 accepted (tip 173)
[2026-09-28T02:55:32.852Z INFO  blacksilk_node] block 8b1e44266bbd7dba at height 174 accepted (tip 174)
[2026-09-28T02:55:37.195Z INFO  blacksilk_node] block e2eaf88e4293b99d at height 175 accepted (tip 175)
[2026-09-28T02:55:40.357Z INFO  blacksilk_node] block 71de74c805c6f560 at height 176 accepted (tip 176)
[2026-09-28T02:55:45.584Z INFO  blacksilk_node] block ad61d0f0c6f2b974 at height 177 accepted (tip 177)
[2026-09-28T02:55:47.935Z INFO  blacksilk_node] block 7d5df9d42cc8e31f at height 178 accepted (tip 178)
[2026-09-28T02:56:08.264Z INFO  blacksilk_node] block 0d35499110f06b75 at height 179 accepted (tip 179)
[2026-09-28T02:56:16.498Z INFO  blacksilk_node] block 0708bbfda676b9a1 at height 180 accepted (tip 180)
[2026-09-28T02:56:29.879Z INFO  blacksilk_node] block 3c5d2291e2ac416a at height 181 accepted (tip 181)
[2026-09-28T02:57:01.339Z INFO  blacksilk_node] block 12c86103358e4c17 at height 182 accepted (tip 182)
[2026-09-28T02:57:05.834Z INFO  blacksilk_node] block 6940d72e5d599556 at height 183 accepted (tip 183)
[2026-09-28T02:57:10.687Z INFO  blacksilk_node] block 04b2a660fad42bd3 at height 184 accepted (tip 184)
[2026-09-28T02:57:27.352Z INFO  blacksilk_node] block 9e269e25d0fc2116 at height 185 accepted (tip 185)
[2026-09-28T02:57:40.037Z INFO  blacksilk_node] block 50d1a5202d258e24 at height 186 accepted (tip 186)
[2026-09-28T02:57:45.969Z INFO  blacksilk_node] block 9b684590af31a8fa at height 187 accepted (tip 187)
[2026-09-28T02:58:44.116Z INFO  blacksilk_node] block 4953f7058aa2fb76 at height 190 accepted (tip 190)
[2026-09-28T02:58:47.274Z INFO  blacksilk_node] block c60a6bfa73227b2a at height 191 accepted (tip 191)
[2026-09-28T02:59:21.451Z INFO  blacksilk_node] block 11326837d26594c9 at height 194 accepted (tip 195)
[2026-09-28T02:59:27.543Z INFO  blacksilk_node] block 6973f304cb37ba3b at height 196 accepted (tip 197)
[2026-09-28T03:00:00.169Z INFO  blacksilk_node] block 94b1eb10a87370ab at height 201 accepted (tip 201)
[2026-09-28T03:00:17.984Z INFO  blacksilk_node] block 86cba3415d2b9987 at height 205 accepted (tip 205)
[2026-09-28T03:00:23.863Z INFO  blacksilk_node] block d46b9ed491bb29c9 at height 206 accepted (tip 206)
[2026-09-28T03:00:26.711Z INFO  blacksilk_node] block 2ba8be3cf61bd444 at height 207 accepted (tip 207)
[2026-09-28T03:00:36.866Z INFO  blacksilk_node] block 84d6c08f67445368 at height 208 accepted (tip 208)
[2026-09-28T03:00:39.485Z INFO  blacksilk_node] block 7633c317f278a88f at height 209 accepted (tip 209)
[2026-09-28T03:00:51.202Z INFO  blacksilk_node] block d339615e34326712 at height 210 accepted (tip 210)
[2026-09-28T03:00:52.882Z INFO  blacksilk_node] block 93d064271652ad9d at height 211 accepted (tip 211)
[2026-09-28T03:00:57.961Z INFO  blacksilk_node] block 8111eb9ab0d017a4 at height 212 accepted (tip 212)
[2026-09-28T03:01:03.434Z INFO  blacksilk_chain::manager::fork_choice] reorganization: disconnecting 1 block(s) above height 211
[2026-09-28T03:01:20.977Z INFO  blacksilk_node] block a08ecb48c61ec56a at height 214 accepted (tip 214)
[2026-09-28T03:01:25.949Z INFO  blacksilk_node] block a363047ec01514fd at height 215 accepted (tip 215)
[2026-09-28T03:01:40.959Z INFO  blacksilk_chain::manager::fork_choice] reorganization: disconnecting 1 block(s) above height 214
[2026-09-28T03:01:45.533Z INFO  blacksilk_node] block c5bc0fb5922addda at height 217 accepted (tip 217)
[2026-09-28T03:01:53.573Z INFO  blacksilk_node] block b7e015a4dec4136f at height 218 accepted (tip 218)
[2026-09-28T03:02:01.531Z INFO  blacksilk_node] block a768b9568ca7965b at height 219 accepted (tip 219)
[2026-09-28T03:02:08.523Z INFO  blacksilk_node] block dd6a0c72d4ae341f at height 220 accepted (tip 220)
[2026-09-28T03:02:21.289Z INFO  blacksilk_node] block fafce20bb0cad67a at height 221 accepted (tip 222)
[2026-09-28T03:02:50.484Z INFO  blacksilk_node] block 633b00d0f0b3a302 at height 223 accepted (tip 223)
[2026-09-28T03:02:58.001Z INFO  blacksilk_node] block c2dc6eb607819efd at height 224 accepted (tip 224)
[2026-09-28T03:03:08.897Z INFO  blacksilk_node] block 845a5075c68362cc at height 225 accepted (tip 226)
[2026-09-28T03:03:12.684Z INFO  blacksilk_node] block ef27c1387b9ac3f8 at height 227 accepted (tip 227)
[2026-09-28T03:03:15.566Z INFO  blacksilk_node] block 558e54e77be29686 at height 228 accepted (tip 228)
[2026-09-28T03:03:18.977Z INFO  blacksilk_node] block 68fe61fde1e847f1 at height 229 accepted (tip 229)
[2026-09-28T03:03:34.686Z INFO  blacksilk_node] block 484b5ce48e06ef94 at height 231 accepted (tip 231)
[2026-09-28T03:03:56.455Z INFO  blacksilk_node] block f7074ab667be28ef at height 235 accepted (tip 235)
[2026-09-28T03:04:06.059Z INFO  blacksilk_node] block 8f3c15008b83e24b at height 236 accepted (tip 236)
[2026-09-28T03:04:14.356Z INFO  blacksilk_node] block 5aedef9a0c2459bd at height 237 accepted (tip 237)
[2026-09-28T03:04:17.096Z INFO  blacksilk_chain::manager::fork_choice] reorganization: disconnecting 2 block(s) above height 235
[2026-09-28T03:04:37.049Z INFO  blacksilk_node] block 952c0cdd480f1b7b at height 238 accepted (tip 238)
[2026-09-28T03:04:43.886Z INFO  blacksilk_p2p::net::conn] disconnected peer 127.0.0.1:3856
[2026-09-28T03:04:43.886Z INFO  blacksilk_p2p::net::conn] disconnected peer 127.0.0.1:3852
[2026-09-28T03:04:43.932Z INFO  blacksilk_p2p::net::conn] disconnected peer 127.0.0.1:49602
[2026-09-28T03:04:55.272Z INFO  blacksilk_node] block d3791dffa7c8ead2 at height 240 accepted (tip 240)
[2026-09-28T03:04:59.199Z INFO  blacksilk_node] block b17a672d95076946 at height 241 accepted (tip 241)
[2026-09-28T03:05:13.411Z INFO  blacksilk_node] block 5c63b82549e2ea50 at height 242 accepted (tip 242)
[2026-09-28T03:05:23.086Z INFO  blacksilk_node] block eed6982adbab22f3 at height 243 accepted (tip 243)
[2026-09-28T03:05:31.126Z INFO  blacksilk_node] block 80ac3348357d5f1e at height 244 accepted (tip 244)
[2026-09-28T03:05:48.732Z INFO  blacksilk_node] block 0635f521ac32a86d at height 245 accepted (tip 245)
[2026-09-28T03:06:17.252Z INFO  blacksilk_node] block c5c9c2587e704f6c at height 246 accepted (tip 246)
[2026-09-28T03:06:21.358Z INFO  blacksilk_node] block 066f3bb13d9ebb1a at height 247 accepted (tip 247)
[2026-09-28T03:06:34.867Z INFO  blacksilk_node] block 5a4892a85aa79dbb at height 248 accepted (tip 248)
[2026-09-28T03:06:50.597Z INFO  blacksilk_node] block a48d52740bf71ffe at height 249 accepted (tip 249)
[2026-09-28T03:06:55.233Z INFO  blacksilk_node] block f9a029a9cbd22204 at height 250 accepted (tip 250)
[2026-09-28T03:07:02.236Z INFO  blacksilk_node] block 4020f86627876381 at height 251 accepted (tip 251)
[2026-09-28T03:07:39.639Z INFO  blacksilk_node] block 8e540bce9416f806 at height 252 accepted (tip 252)
[2026-09-28T03:07:47.426Z INFO  blacksilk_node] block 1c600a54c71ad927 at height 253 accepted (tip 253)
[2026-09-28T03:07:47.547Z INFO  blacksilk_p2p::net::conn] connected inbound peer 127.0.0.1:6252 (height 251)
[2026-09-28T03:07:50.591Z INFO  blacksilk_node] block 3c98a8c16d874a97 at height 254 accepted (tip 254)
[2026-09-28T03:07:56.722Z INFO  blacksilk_p2p::net::conn] connected inbound peer 127.0.0.1:6259 (height 254)
[2026-09-28T03:07:56.985Z INFO  blacksilk_p2p::net::conn] connected outbound peer 127.0.0.1:49602 (height 254)
[2026-09-28T03:08:02.180Z INFO  blacksilk_node] block 48e0ff18dbf0ceb3 at height 255 accepted (tip 255)
[2026-09-28T03:08:05.810Z INFO  blacksilk_chain::manager::fork_choice] reorganization: disconnecting 1 block(s) above height 254
[2026-09-28T03:08:16.950Z INFO  blacksilk_node] block a7cd8bdcf60c3191 at height 257 accepted (tip 257)
[2026-09-28T03:08:28.075Z INFO  blacksilk_node] block 78042d540151f88e at height 259 accepted (tip 259)
[2026-09-28T03:08:56.607Z INFO  blacksilk_node] block eedf2e70a349a60a at height 263 accepted (tip 263)
[2026-09-28T03:09:14.389Z INFO  blacksilk_node] block f810a2037f77a2cf at height 264 accepted (tip 264)
[2026-09-28T03:09:18.426Z INFO  blacksilk_node] block 99a7a21fd3ba9d01 at height 265 accepted (tip 265)
[2026-09-28T03:09:21.552Z INFO  blacksilk_node] block 4009c5aa41ec461b at height 266 accepted (tip 266)
[2026-09-28T03:09:35.283Z INFO  blacksilk_node] block 6a3e8df500586b60 at height 267 accepted (tip 267)
[2026-09-28T03:09:37.979Z INFO  blacksilk_node] block 5e48cb6eab3580ba at height 268 accepted (tip 268)
[2026-09-28T03:09:44.356Z INFO  blacksilk_node] block 31e5e3a688603e9e at height 269 accepted (tip 269)
[2026-09-28T03:09:52.176Z INFO  blacksilk_node] block aa40414f19f52eb8 at height 270 accepted (tip 270)
[2026-09-28T03:09:57.247Z INFO  blacksilk_node] block 0b8399247da02d23 at height 271 accepted (tip 271)
[2026-09-28T03:10:03.574Z INFO  blacksilk_node] block b6c012ea64a04d8f at height 272 accepted (tip 272)
[2026-09-28T03:10:27.720Z INFO  blacksilk_node] block 0481a1904997832e at height 276 accepted (tip 276)
[2026-09-28T03:10:44.108Z INFO  blacksilk_node] block d90e5b9810a32e25 at height 278 accepted (tip 278)
[2026-09-28T03:10:54.101Z INFO  blacksilk_node] block 1d8077df9fb5a68f at height 279 accepted (tip 279)
[2026-09-28T03:10:56.436Z INFO  blacksilk_node] block 79a41e12f8baf35f at height 280 accepted (tip 280)
[2026-09-28T03:10:58.988Z INFO  blacksilk_node] block a630d9adc38c3d38 at height 281 accepted (tip 281)
[2026-09-28T03:11:21.317Z INFO  blacksilk_node] block 327778f4365bea91 at height 284 accepted (tip 284)
[2026-09-28T03:12:15.058Z INFO  blacksilk_node] block 14eabdaa37942f5d at height 287 accepted (tip 287)
[2026-09-28T03:12:23.362Z INFO  blacksilk_node] block f91a2fb337914d98 at height 288 accepted (tip 288)
[2026-09-28T03:12:26.105Z INFO  blacksilk_node] block faf590015bc225de at height 289 accepted (tip 289)
[2026-09-28T03:12:28.433Z INFO  blacksilk_node] block 4e9d45c1cbdfed10 at height 290 accepted (tip 290)
[2026-09-28T03:12:40.681Z INFO  blacksilk_node] block 42ef89fdb1164983 at height 291 accepted (tip 291)
[2026-09-28T03:12:48.508Z INFO  blacksilk_node] block 1e449a7597fe5025 at height 292 accepted (tip 292)
[2026-09-28T03:13:06.700Z INFO  blacksilk_node] block 56a161a29a085492 at height 294 accepted (tip 294)
[2026-09-28T03:13:34.945Z INFO  blacksilk_node] block 184f8a51535f9714 at height 297 accepted (tip 297)
[2026-09-28T03:13:38.859Z INFO  blacksilk_node] block 792a447515979b5c at height 298 accepted (tip 298)
[2026-09-28T03:14:01.164Z INFO  blacksilk_p2p::net::conn] connected inbound peer 127.0.0.1:6446 (height 0)
