[2026-09-28T02:47:49.103Z INFO  blacksilk_node] blacksilk-node 0.1.0 commit fd848fb77231a1f36f1ed76587083bcf1ee0fae4
[2026-09-28T02:47:49.103Z INFO  blacksilk_node] regtest: genesis 087d6fd4efbc45eb0a895dd0680a7fd305208cae239b1b4275d7148b29a569b7, consensus fingerprint 5df1f2267d609ceaab90f5368b368d4302da7542462f78323a9f88383d99fd2a
[2026-09-28T02:47:49.103Z INFO  blacksilk_node] regtest: loading C:/bszkeval/w2-mine/ev2\node2
[2026-09-28T02:47:49.127Z INFO  blacksilk_node] chain loaded in 24.5ms: height 0, tip 087d6fd4efbc45eb
[2026-09-28T02:47:49.130Z INFO  blacksilk_node] P2P listening on 127.0.0.1:47641
[2026-09-28T02:47:49.131Z INFO  blacksilk_node] RPC listening on http://127.0.0.1:47640
[2026-09-28T02:47:49.154Z WARN  blacksilk_node::cookie] the data directory C:/bszkeval/w2-mine/ev2\node2 is outside your user profile: on Windows the RPC cookie is protected only by that directory's permissions; make sure other users cannot read it
[2026-09-28T02:47:49.158Z INFO  blacksilk_node::serve] RPC credential written to C:/bszkeval/w2-mine/ev2\node2\rpc.cookie (clients read it: --rpc-cookie)
[2026-09-28T02:47:49.458Z INFO  blacksilk_p2p::net::conn] connected inbound peer 127.0.0.1:3845 (height 0)
[2026-09-28T02:47:49.458Z INFO  blacksilk_p2p::net::conn] connected inbound peer 127.0.0.1:3848 (height 0)
[2026-09-28T02:47:49.525Z INFO  blacksilk_p2p::net::conn] connected outbound peer 127.0.0.1:49683 (height 0)
[2026-09-28T02:47:49.525Z INFO  blacksilk_p2p::net::conn] connected outbound peer 127.0.0.1:49680 (height 0)
[2026-09-28T02:57:49.499Z INFO  blacksilk_node] block 24f4403c64353435 at height 187 accepted (tip 187)
[2026-09-28T02:58:17.930Z INFO  blacksilk_node] block e1139614e0c98af5 at height 188 accepted (tip 188)
[2026-09-28T02:58:34.636Z INFO  blacksilk_node] block 014a711247300b0c at height 189 accepted (tip 189)
[2026-09-28T02:58:50.679Z INFO  blacksilk_node] block 0cffd414903a83f2 at height 191 accepted (tip 191)
[2026-09-28T02:58:55.161Z INFO  blacksilk_node] block 692e49bcb9e74f5f at height 192 accepted (tip 192)
[2026-09-28T02:59:01.750Z INFO  blacksilk_node] block 8cf208dd006d6111 at height 193 accepted (tip 193)
[2026-09-28T02:59:14.406Z INFO  blacksilk_node] block 298db2f6f6cfcddf at height 194 accepted (tip 194)
[2026-09-28T02:59:19.199Z INFO  blacksilk_node] block aa00d56f9d4ee141 at height 195 accepted (tip 195)
[2026-09-28T02:59:23.105Z INFO  blacksilk_node] block 15dac8670c54af11 at height 196 accepted (tip 196)
[2026-09-28T02:59:25.166Z INFO  blacksilk_node] block c45c27ec54f963d5 at height 197 accepted (tip 197)
[2026-09-28T02:59:33.846Z INFO  blacksilk_node] block 0e7bc17cc47c7a80 at height 198 accepted (tip 198)
[2026-09-28T02:59:42.649Z INFO  blacksilk_node] block 4b376c2630eb0746 at height 199 accepted (tip 199)
[2026-09-28T02:59:48.848Z INFO  blacksilk_node] block e02495b76c8071ca at height 200 accepted (tip 200)
[2026-09-28T02:59:57.796Z INFO  blacksilk_node] block d88cca84c3f20f1e at height 201 accepted (tip 201)
[2026-09-28T03:00:00.957Z INFO  blacksilk_node] block d552e273c41b12a5 at height 202 accepted (tip 202)
[2026-09-28T03:00:03.656Z INFO  blacksilk_node] block 831fb7126bd3bce0 at height 203 accepted (tip 203)
[2026-09-28T03:00:14.368Z INFO  blacksilk_node] block fa9feaef8e3f2547 at height 204 accepted (tip 204)
[2026-09-28T03:00:16.390Z INFO  blacksilk_node] block b16640dbf08cf740 at height 205 accepted (tip 205)
[2026-09-28T03:00:25.965Z INFO  blacksilk_node] block c05bb50e3bccd2b6 at height 206 accepted (tip 206)
[2026-09-28T03:00:39.186Z INFO  blacksilk_node] block 9510b779a3d8ab5e at height 208 accepted (tip 208)
[2026-09-28T03:00:48.133Z INFO  blacksilk_node] block ae5c83d0002603fd at height 210 accepted (tip 210)
[2026-09-28T03:00:54.979Z INFO  blacksilk_node] block b454b7eb45a984b6 at height 211 accepted (tip 211)
[2026-09-28T03:00:58.135Z INFO  blacksilk_node] block a5b37ad335a689d7 at height 212 accepted (tip 212)
[2026-09-28T03:01:02.029Z INFO  blacksilk_node] block e4174402be927de9 at height 213 accepted (tip 213)
[2026-09-28T03:01:23.185Z INFO  blacksilk_node] block c57a0c6927c91f07 at height 214 accepted (tip 214)
[2026-09-28T03:01:26.738Z INFO  blacksilk_node] block 5a3d5c9f96a51cd5 at height 215 accepted (tip 215)
[2026-09-28T03:01:39.652Z INFO  blacksilk_node] block db1b3fb49be336bf at height 216 accepted (tip 216)
[2026-09-28T03:02:17.022Z INFO  blacksilk_node] block 7d0131ff9a036f48 at height 221 accepted (tip 221)
[2026-09-28T03:02:18.886Z INFO  blacksilk_node] block e2d84e3e2cd950da at height 222 accepted (tip 222)
[2026-09-28T03:02:48.573Z INFO  blacksilk_node] block ff87d6ea8e6e29ca at height 223 accepted (tip 223)
[2026-09-28T03:03:01.941Z INFO  blacksilk_node] block 7383202e446bee3b at height 225 accepted (tip 225)
[2026-09-28T03:03:05.539Z INFO  blacksilk_node] block 8ac2531191d48071 at height 226 accepted (tip 226)
[2026-09-28T03:03:28.113Z INFO  blacksilk_node] block 2e64c96a21ea7cb3 at height 230 accepted (tip 230)
[2026-09-28T03:03:33.443Z INFO  blacksilk_node] block 1062dedf203a4895 at height 231 accepted (tip 231)
[2026-09-28T03:03:35.848Z INFO  blacksilk_node] block 345058a2feb22fb3 at height 232 accepted (tip 232)
[2026-09-28T03:03:42.372Z INFO  blacksilk_node] block 60cca3fe21b508e8 at height 233 accepted (tip 233)
[2026-09-28T03:03:48.020Z INFO  blacksilk_node] block 4eee7c64817e3d0f at height 234 accepted (tip 234)
[2026-09-28T03:04:05.318Z INFO  blacksilk_node] block 2f262762a18db963 at height 236 accepted (tip 236)
[2026-09-28T03:04:14.393Z INFO  blacksilk_node] block 9acf1099af45ad2f at height 237 accepted (tip 237)
[2026-09-28T03:04:30.959Z INFO  blacksilk_node] block 08d98063f7a21e4e at height 238 accepted (tip 238)
[2026-09-28T03:04:38.215Z INFO  blacksilk_node] block 23695b1f50226d62 at height 239 accepted (tip 239)
[2026-09-28T03:04:43.899Z INFO  blacksilk_p2p::net::conn] disconnected peer 127.0.0.1:3848
[2026-09-28T03:04:43.899Z INFO  blacksilk_p2p::net::conn] disconnected peer 127.0.0.1:3845
[2026-09-28T03:04:43.899Z INFO  blacksilk_p2p::net::conn] disconnected peer 127.0.0.1:49680
[2026-09-28T03:04:45.673Z INFO  blacksilk_node] block fb9d536196618634 at height 240 accepted (tip 240)
[2026-09-28T03:04:56.871Z INFO  blacksilk_node] block b5714823fe4226ef at height 241 accepted (tip 241)
[2026-09-28T03:05:19.836Z INFO  blacksilk_node] block 1985f7f4a933563c at height 242 accepted (tip 242)
[2026-09-28T03:05:32.812Z INFO  blacksilk_node] block e7c59eb588490afe at height 243 accepted (tip 243)
[2026-09-28T03:05:37.628Z INFO  blacksilk_node] block af3e90db34c1d705 at height 244 accepted (tip 244)
[2026-09-28T03:05:58.981Z INFO  blacksilk_node] block 67ba6db821cd7d42 at height 245 accepted (tip 245)
[2026-09-28T03:06:02.317Z INFO  blacksilk_node] block 82e0a57a68f10bb9 at height 246 accepted (tip 246)
[2026-09-28T03:06:05.866Z INFO  blacksilk_node] block 7efcadcb795c6e86 at height 247 accepted (tip 247)
[2026-09-28T03:06:40.109Z INFO  blacksilk_node] block 2ff85d1383d47b78 at height 248 accepted (tip 248)
[2026-09-28T03:06:56.655Z INFO  blacksilk_node] block e526084eefdb6d1e at height 249 accepted (tip 249)
[2026-09-28T03:07:23.290Z INFO  blacksilk_node] block d749d85aab9515fc at height 250 accepted (tip 250)
[2026-09-28T03:07:38.888Z INFO  blacksilk_node] block dec8356dad5c77b8 at height 251 accepted (tip 251)
[2026-09-28T03:07:46.439Z INFO  blacksilk_node] block bb74dbf7548b2886 at height 252 accepted (tip 252)
[2026-09-28T03:07:47.945Z INFO  blacksilk_p2p::net::conn] connected inbound peer 127.0.0.1:6255 (height 252)
[2026-09-28T03:07:55.033Z WARN  blacksilk_chain::manager::fork_choice] reorganization: disconnecting 13 block(s) above height 239. A reorganization this deep suggests a network partition or a hash-power attack; no depth limit applies
[2026-09-28T03:07:56.790Z INFO  blacksilk_p2p::net::conn] connected outbound peer 127.0.0.1:49680 (height 254)
[2026-09-28T03:07:56.953Z INFO  blacksilk_p2p::net::conn] connected inbound peer 127.0.0.1:6261 (height 254)
[2026-09-28T03:08:02.271Z INFO  blacksilk_node] block db9c2dddffcb6f0f at height 255 accepted (tip 255)
[2026-09-28T03:08:04.975Z INFO  blacksilk_node] block 9350fe7f84c9f6c2 at height 256 accepted (tip 256)
[2026-09-28T03:08:12.654Z INFO  blacksilk_node] block 9cd1b21953f05381 at height 257 accepted (tip 257)
[2026-09-28T03:08:18.010Z INFO  blacksilk_node] block 2ad295c321f329f6 at height 258 accepted (tip 258)
[2026-09-28T03:08:32.770Z INFO  blacksilk_node] block 21cda687152ed1e5 at height 260 accepted (tip 260)
[2026-09-28T03:08:38.264Z INFO  blacksilk_node] block 153fb4988cab17b8 at height 261 accepted (tip 261)
[2026-09-28T03:08:46.965Z INFO  blacksilk_node] block 53120af683cdf2e4 at height 262 accepted (tip 262)
[2026-09-28T03:08:54.835Z INFO  blacksilk_node] block ffdc06861def44b3 at height 263 accepted (tip 263)
[2026-09-28T03:09:14.921Z INFO  blacksilk_node] block e8a1e367ecef3b54 at height 264 accepted (tip 264)
[2026-09-28T03:09:19.704Z INFO  blacksilk_chain::manager::fork_choice] reorganization: disconnecting 1 block(s) above height 263
[2026-09-28T03:09:20.485Z INFO  blacksilk_node] block b5a7616a1a4ec653 at height 265 accepted (tip 265)
[2026-09-28T03:09:35.611Z INFO  blacksilk_node] block 91974553652e0385 at height 267 accepted (tip 267)
[2026-09-28T03:09:39.901Z INFO  blacksilk_chain::manager::fork_choice] reorganization: disconnecting 1 block(s) above height 266
[2026-09-28T03:09:48.022Z INFO  blacksilk_node] block 70916389040ce772 at height 269 accepted (tip 269)
[2026-09-28T03:09:54.748Z INFO  blacksilk_node] block 8b17a1aaec0ea19d at height 270 accepted (tip 270)
[2026-09-28T03:09:59.483Z INFO  blacksilk_node] block 95f27f9af866ac69 at height 271 accepted (tip 271)
[2026-09-28T03:10:07.697Z INFO  blacksilk_node] block bb4703adb131e5c3 at height 273 accepted (tip 273)
[2026-09-28T03:10:11.602Z INFO  blacksilk_node] block 822360dccfe20570 at height 274 accepted (tip 274)
[2026-09-28T03:10:18.304Z INFO  blacksilk_node] block c6419f8a8ec8f0c1 at height 275 accepted (tip 275)
[2026-09-28T03:10:32.318Z INFO  blacksilk_node] block 8b670723d7bb9c31 at height 277 accepted (tip 277)
[2026-09-28T03:10:41.641Z INFO  blacksilk_node] block 5bcafdac01d626c5 at height 278 accepted (tip 278)
[2026-09-28T03:11:02.689Z INFO  blacksilk_node] block bca091f303af0c10 at height 281 accepted (tip 281)
[2026-09-28T03:11:08.872Z INFO  blacksilk_node] block df50ae53a1855321 at height 282 accepted (tip 282)
[2026-09-28T03:11:12.476Z INFO  blacksilk_node] block 0d07a030cd91dd8a at height 283 accepted (tip 283)
[2026-09-28T03:12:06.187Z INFO  blacksilk_node] block 4164d4ddcdb640d3 at height 285 accepted (tip 285)
[2026-09-28T03:12:08.906Z INFO  blacksilk_node] block a56673b470d006cc at height 286 accepted (tip 286)
[2026-09-28T03:12:17.143Z INFO  blacksilk_node] block 1401d7e8d8d7347c at height 287 accepted (tip 287)
[2026-09-28T03:12:24.190Z INFO  blacksilk_node] block 877104fc5be87a91 at height 288 accepted (tip 288)
[2026-09-28T03:12:27.640Z INFO  blacksilk_chain::manager::fork_choice] reorganization: disconnecting 1 block(s) above height 287
[2026-09-28T03:12:36.204Z INFO  blacksilk_node] block 489ad10fb273b04c at height 290 accepted (tip 290)
[2026-09-28T03:12:59.578Z INFO  blacksilk_node] block d49f28430e67239a at height 293 accepted (tip 293)
[2026-09-28T03:13:20.620Z INFO  blacksilk_node] block 5c8e494f762ec3b5 at height 295 accepted (tip 295)
[2026-09-28T03:13:25.928Z INFO  blacksilk_node] block 81d569b8d25de3f5 at height 296 accepted (tip 296)
[2026-09-28T03:13:38.050Z INFO  blacksilk_node] block 6e2a1fc8641d7984 at height 297 accepted (tip 297)
[2026-09-28T03:14:03.360Z INFO  blacksilk_p2p::net::conn] connected inbound peer 127.0.0.1:6451 (height 0)
