[2026-09-28T22:36:19.490Z INFO  blacksilk_miner] mining on regtest at height 0 with 2 threads (full mode; prebuild Auto: on, 4 build threads)
[2026-09-28T22:41:05.726Z INFO  blacksilk_miner] RandomX key 087d6fd4efbc45eb: dataset built in 286.2s on all threads
[2026-09-28T22:41:05.844Z INFO  blacksilk_miner] hash rate 0.0 H/s (full mode)
[2026-09-28T22:41:06.534Z INFO  blacksilk_miner] found block 1 (reward 20.02716064 BLK, 0 txs)
[2026-09-28T22:41:07.259Z INFO  blacksilk_miner] found block 2 (reward 20.02714154 BLK, 0 txs)
[2026-09-28T22:41:08.303Z INFO  blacksilk_miner] found block 3 (reward 20.02712244 BLK, 0 txs)
[2026-09-28T22:41:09.182Z INFO  blacksilk_miner] found block 4 (reward 20.02710334 BLK, 0 txs)
[2026-09-28T22:41:10.178Z INFO  blacksilk_miner] found block 5 (reward 20.02708424 BLK, 0 txs)
[2026-09-28T22:41:11.117Z INFO  blacksilk_miner] found block 6 (reward 20.02706514 BLK, 0 txs)
[2026-09-28T22:41:11.891Z INFO  blacksilk_miner] found block 7 (reward 20.02704604 BLK, 0 txs)
[2026-09-28T22:41:12.767Z INFO  blacksilk_miner] found block 8 (reward 20.02702694 BLK, 0 txs)
[2026-09-28T22:41:13.720Z INFO  blacksilk_miner] found block 9 (reward 20.02700784 BLK, 0 txs)
[2026-09-28T22:41:14.494Z INFO  blacksilk_miner] found block 10 (reward 20.02698875 BLK, 0 txs)
[2026-09-28T22:41:15.499Z INFO  blacksilk_miner] found block 11 (reward 20.02696965 BLK, 0 txs)
[2026-09-28T22:41:16.313Z INFO  blacksilk_miner] found block 12 (reward 20.02695055 BLK, 0 txs)
[2026-09-28T22:41:17.348Z INFO  blacksilk_miner] found block 13 (reward 20.02693145 BLK, 0 txs)
[2026-09-28T22:41:18.165Z INFO  blacksilk_miner] found block 14 (reward 20.02691235 BLK, 0 txs)
[2026-09-28T22:41:19.056Z INFO  blacksilk_miner] found block 15 (reward 20.02689325 BLK, 0 txs)
[2026-09-28T22:41:19.852Z INFO  blacksilk_miner] found block 16 (reward 20.02687415 BLK, 0 txs)
[2026-09-28T22:41:20.856Z INFO  blacksilk_miner] found block 17 (reward 20.02685505 BLK, 0 txs)
[2026-09-28T22:41:21.787Z INFO  blacksilk_miner] found block 18 (reward 20.02683595 BLK, 0 txs)
[2026-09-28T22:41:22.651Z INFO  blacksilk_miner] found block 19 (reward 20.02681685 BLK, 0 txs)
[2026-09-28T22:41:23.472Z INFO  blacksilk_miner] found block 20 (reward 20.02679775 BLK, 0 txs)
[2026-09-28T22:41:24.332Z INFO  blacksilk_miner] found block 21 (reward 20.02677866 BLK, 0 txs)
[2026-09-28T22:41:25.162Z INFO  blacksilk_miner] found block 22 (reward 20.02675956 BLK, 0 txs)
[2026-09-28T22:41:25.961Z INFO  blacksilk_miner] found block 23 (reward 20.02674046 BLK, 0 txs)
[2026-09-28T22:41:26.847Z INFO  blacksilk_miner] found block 24 (reward 20.02672136 BLK, 0 txs)
[2026-09-28T22:41:27.721Z INFO  blacksilk_miner] found block 25 (reward 20.02670226 BLK, 0 txs)
[2026-09-28T22:41:28.609Z INFO  blacksilk_miner] found block 26 (reward 20.02668316 BLK, 0 txs)
[2026-09-28T22:41:29.665Z INFO  blacksilk_miner] found block 27 (reward 20.02666406 BLK, 0 txs)
[2026-09-28T22:41:30.557Z INFO  blacksilk_miner] found block 28 (reward 20.02664496 BLK, 0 txs)
[2026-09-28T22:41:31.556Z INFO  blacksilk_miner] found block 29 (reward 20.02662586 BLK, 0 txs)
[2026-09-28T22:41:32.441Z INFO  blacksilk_miner] found block 30 (reward 20.02660676 BLK, 0 txs)
[2026-09-28T22:41:33.837Z INFO  blacksilk_miner] found block 31 (reward 20.02658767 BLK, 0 txs)
[2026-09-28T22:41:34.952Z INFO  blacksilk_miner] found block 32 (reward 20.02656857 BLK, 0 txs)
[2026-09-28T22:41:35.843Z INFO  blacksilk_miner] found block 33 (reward 20.02654947 BLK, 0 txs)
[2026-09-28T22:41:36.878Z INFO  blacksilk_miner] found block 34 (reward 20.02653037 BLK, 0 txs)
[2026-09-28T22:41:37.815Z INFO  blacksilk_miner] found block 35 (reward 20.02651127 BLK, 0 txs)
[2026-09-28T22:41:39.052Z INFO  blacksilk_miner] found block 36 (reward 20.02649217 BLK, 0 txs)
[2026-09-28T22:41:39.978Z INFO  blacksilk_miner] found block 37 (reward 20.02647307 BLK, 0 txs)
[2026-09-28T22:41:40.975Z INFO  blacksilk_miner] found block 38 (reward 20.02645397 BLK, 0 txs)
[2026-09-28T22:41:42.099Z INFO  blacksilk_miner] found block 39 (reward 20.02643488 BLK, 0 txs)
[2026-09-28T22:41:43.049Z INFO  blacksilk_miner] found block 40 (reward 20.02641578 BLK, 0 txs)
[2026-09-28T22:41:44.127Z INFO  blacksilk_miner] found block 41 (reward 20.02639668 BLK, 0 txs)
[2026-09-28T22:41:45.204Z INFO  blacksilk_miner] found block 42 (reward 20.02637758 BLK, 0 txs)
[2026-09-28T22:41:46.114Z INFO  blacksilk_miner] found block 43 (reward 20.02635848 BLK, 0 txs)
[2026-09-28T22:41:47.014Z INFO  blacksilk_miner] found block 44 (reward 20.02633938 BLK, 0 txs)
[2026-09-28T22:41:47.991Z INFO  blacksilk_miner] found block 45 (reward 20.02632028 BLK, 0 txs)
[2026-09-28T22:41:48.992Z INFO  blacksilk_miner] found block 46 (reward 20.02630119 BLK, 0 txs)
[2026-09-28T22:41:49.975Z INFO  blacksilk_miner] found block 47 (reward 20.02628209 BLK, 0 txs)
[2026-09-28T22:41:50.963Z INFO  blacksilk_miner] found block 48 (reward 20.02626299 BLK, 0 txs)
[2026-09-28T22:41:52.168Z INFO  blacksilk_miner] found block 49 (reward 20.02624389 BLK, 0 txs)
[2026-09-28T22:41:52.942Z INFO  blacksilk_miner] found block 50 (reward 20.02622479 BLK, 0 txs)
[2026-09-28T22:41:53.842Z INFO  blacksilk_miner] found block 51 (reward 20.02620569 BLK, 0 txs)
[2026-09-28T22:41:54.792Z INFO  blacksilk_miner] found block 52 (reward 20.02618659 BLK, 0 txs)
[2026-09-28T22:41:55.868Z INFO  blacksilk_miner] found block 53 (reward 20.02616750 BLK, 0 txs)
[2026-09-28T22:41:56.671Z INFO  blacksilk_miner] found block 54 (reward 20.02614840 BLK, 0 txs)
[2026-09-28T22:41:57.744Z INFO  blacksilk_miner] found block 55 (reward 20.02612930 BLK, 0 txs)
[2026-09-28T22:41:58.809Z INFO  blacksilk_miner] found block 56 (reward 20.02611020 BLK, 0 txs)
[2026-09-28T22:41:59.743Z INFO  blacksilk_miner] found block 57 (reward 20.02609110 BLK, 0 txs)
[2026-09-28T22:42:00.639Z INFO  blacksilk_miner] found block 58 (reward 20.02607200 BLK, 0 txs)
[2026-09-28T22:42:01.485Z INFO  blacksilk_miner] found block 59 (reward 20.02605291 BLK, 0 txs)
[2026-09-28T22:42:02.509Z INFO  blacksilk_miner] found block 60 (reward 20.02603381 BLK, 0 txs)
[2026-09-28T22:42:03.500Z INFO  blacksilk_miner] found block 61 (reward 20.02601471 BLK, 0 txs)
[2026-09-28T22:42:04.688Z INFO  blacksilk_miner] found block 62 (reward 20.02599561 BLK, 0 txs)
[2026-09-28T22:42:05.556Z INFO  blacksilk_miner] found block 63 (reward 20.02597651 BLK, 0 txs)
[2026-09-28T22:42:06.588Z INFO  blacksilk_miner] found block 64 (reward 20.02595741 BLK, 0 txs)
[2026-09-28T22:42:06.702Z INFO  blacksilk_miner] hash rate 2.1 H/s (full mode)
[2026-09-28T22:42:07.347Z INFO  blacksilk_miner] found block 65 (reward 20.02593832 BLK, 0 txs)
[2026-09-28T22:42:08.420Z INFO  blacksilk_miner] found block 66 (reward 20.02591922 BLK, 0 txs)
[2026-09-28T22:42:09.298Z INFO  blacksilk_miner] found block 67 (reward 20.02590012 BLK, 0 txs)
[2026-09-28T22:42:10.310Z INFO  blacksilk_miner] found block 68 (reward 20.02588102 BLK, 0 txs)
[2026-09-28T22:42:11.297Z INFO  blacksilk_miner] found block 69 (reward 20.02586192 BLK, 0 txs)
[2026-09-28T22:42:12.084Z INFO  blacksilk_miner] found block 70 (reward 20.02584282 BLK, 0 txs)
[2026-09-28T22:42:13.003Z INFO  blacksilk_miner] found block 71 (reward 20.02582373 BLK, 0 txs)
[2026-09-28T22:42:13.943Z INFO  blacksilk_miner] found block 72 (reward 20.02580463 BLK, 0 txs)
[2026-09-28T22:42:14.820Z INFO  blacksilk_miner] found block 73 (reward 20.02578553 BLK, 0 txs)
[2026-09-28T22:42:15.857Z INFO  blacksilk_miner] found block 74 (reward 20.02576643 BLK, 0 txs)
[2026-09-28T22:42:16.807Z INFO  blacksilk_miner] found block 75 (reward 20.02574733 BLK, 0 txs)
[2026-09-28T22:42:17.805Z INFO  blacksilk_miner] found block 76 (reward 20.02572824 BLK, 0 txs)
[2026-09-28T22:42:18.888Z INFO  blacksilk_miner] found block 77 (reward 20.02570914 BLK, 0 txs)
[2026-09-28T22:42:19.880Z INFO  blacksilk_miner] found block 78 (reward 20.02569004 BLK, 0 txs)
[2026-09-28T22:42:20.725Z INFO  blacksilk_miner] found block 79 (reward 20.02567094 BLK, 0 txs)
[2026-09-28T22:42:21.792Z INFO  blacksilk_miner] found block 80 (reward 20.02565184 BLK, 0 txs)
[2026-09-28T22:42:23.041Z INFO  blacksilk_miner] found block 81 (reward 20.02563275 BLK, 0 txs)
[2026-09-28T22:42:23.901Z INFO  blacksilk_miner] found block 82 (reward 20.02561365 BLK, 0 txs)
[2026-09-28T22:42:24.967Z INFO  blacksilk_miner] found block 83 (reward 20.02559455 BLK, 0 txs)
[2026-09-28T22:42:25.993Z INFO  blacksilk_miner] found block 84 (reward 20.02557545 BLK, 0 txs)
[2026-09-28T22:42:26.955Z INFO  blacksilk_miner] found block 85 (reward 20.02555635 BLK, 0 txs)
[2026-09-28T22:42:27.787Z INFO  blacksilk_miner] found block 86 (reward 20.02553726 BLK, 0 txs)
[2026-09-28T22:42:28.599Z INFO  blacksilk_miner] found block 87 (reward 20.02551816 BLK, 0 txs)
[2026-09-28T22:42:29.506Z INFO  blacksilk_miner] found block 88 (reward 20.02549906 BLK, 0 txs)
[2026-09-28T22:42:30.478Z INFO  blacksilk_miner] found block 89 (reward 20.02547996 BLK, 0 txs)
[2026-09-28T22:42:31.666Z INFO  blacksilk_miner] found block 90 (reward 20.02546087 BLK, 0 txs)
[2026-09-28T22:42:32.547Z INFO  blacksilk_miner] found block 91 (reward 20.02544177 BLK, 0 txs)
[2026-09-28T22:42:33.474Z INFO  blacksilk_miner] found block 92 (reward 20.02542267 BLK, 0 txs)
[2026-09-28T22:42:34.483Z INFO  blacksilk_miner] found block 93 (reward 20.02540357 BLK, 0 txs)
[2026-09-28T22:42:35.446Z INFO  blacksilk_miner] found block 94 (reward 20.02538447 BLK, 0 txs)
[2026-09-28T22:42:36.577Z INFO  blacksilk_miner] found block 95 (reward 20.02536538 BLK, 0 txs)
[2026-09-28T22:42:37.595Z INFO  blacksilk_miner] found block 96 (reward 20.02534628 BLK, 0 txs)
[2026-09-28T22:42:38.672Z INFO  blacksilk_miner] found block 97 (reward 20.02532718 BLK, 0 txs)
[2026-09-28T22:42:39.433Z INFO  blacksilk_miner] found block 98 (reward 20.02530808 BLK, 0 txs)
[2026-09-28T22:42:40.408Z INFO  blacksilk_miner] found block 99 (reward 20.02528899 BLK, 0 txs)
[2026-09-28T22:42:41.350Z INFO  blacksilk_miner] found block 100 (reward 20.02526989 BLK, 0 txs)
[2026-09-28T22:42:42.304Z INFO  blacksilk_miner] found block 101 (reward 20.02525079 BLK, 0 txs)
[2026-09-28T22:42:43.132Z INFO  blacksilk_miner] found block 102 (reward 20.02523169 BLK, 0 txs)
[2026-09-28T22:42:44.058Z INFO  blacksilk_miner] found block 103 (reward 20.02521260 BLK, 0 txs)
[2026-09-28T22:42:45.081Z INFO  blacksilk_miner] found block 104 (reward 20.02519350 BLK, 0 txs)
[2026-09-28T22:42:46.031Z INFO  blacksilk_miner] found block 105 (reward 20.02517440 BLK, 0 txs)
[2026-09-28T22:42:46.935Z INFO  blacksilk_miner] found block 106 (reward 20.02515530 BLK, 0 txs)
[2026-09-28T22:42:47.933Z INFO  blacksilk_miner] found block 107 (reward 20.02513621 BLK, 0 txs)
[2026-09-28T22:42:48.843Z INFO  blacksilk_miner] found block 108 (reward 20.02511711 BLK, 0 txs)
[2026-09-28T22:42:49.682Z INFO  blacksilk_miner] found block 109 (reward 20.02509801 BLK, 0 txs)
[2026-09-28T22:42:50.557Z INFO  blacksilk_miner] found block 110 (reward 20.02507891 BLK, 0 txs)
[2026-09-28T22:42:51.578Z INFO  blacksilk_miner] found block 111 (reward 20.02505982 BLK, 0 txs)
[2026-09-28T22:42:52.667Z INFO  blacksilk_miner] found block 112 (reward 20.02504072 BLK, 0 txs)
[2026-09-28T22:42:53.757Z INFO  blacksilk_miner] found block 113 (reward 20.02502162 BLK, 0 txs)
[2026-09-28T22:42:54.621Z INFO  blacksilk_miner] found block 114 (reward 20.02500252 BLK, 0 txs)
[2026-09-28T22:42:55.813Z INFO  blacksilk_miner] found block 115 (reward 20.02498343 BLK, 0 txs)
[2026-09-28T22:42:56.928Z INFO  blacksilk_miner] found block 116 (reward 20.02496433 BLK, 0 txs)
[2026-09-28T22:42:57.814Z INFO  blacksilk_miner] found block 117 (reward 20.02494523 BLK, 0 txs)
[2026-09-28T22:42:58.911Z INFO  blacksilk_miner] found block 118 (reward 20.02492613 BLK, 0 txs)
[2026-09-28T22:42:59.842Z INFO  blacksilk_miner] found block 119 (reward 20.02490704 BLK, 0 txs)
[2026-09-28T22:43:00.777Z INFO  blacksilk_miner] found block 120 (reward 20.02488794 BLK, 0 txs)
[2026-09-28T22:43:01.564Z INFO  blacksilk_miner] found block 121 (reward 20.02486884 BLK, 0 txs)
[2026-09-28T22:43:02.626Z INFO  blacksilk_miner] found block 122 (reward 20.02484975 BLK, 0 txs)
[2026-09-28T22:43:03.666Z INFO  blacksilk_miner] found block 123 (reward 20.02483065 BLK, 0 txs)
[2026-09-28T22:43:04.877Z INFO  blacksilk_miner] found block 124 (reward 20.02481155 BLK, 0 txs)
[2026-09-28T22:43:05.729Z INFO  blacksilk_miner] found block 125 (reward 20.02479245 BLK, 0 txs)
[2026-09-28T22:43:07.018Z INFO  blacksilk_miner] found block 126 (reward 20.02477336 BLK, 0 txs)
[2026-09-28T22:43:07.239Z INFO  blacksilk_miner] hash rate 3.1 H/s (full mode)
[2026-09-28T22:43:08.004Z INFO  blacksilk_miner] found block 127 (reward 20.02475426 BLK, 0 txs)
[2026-09-28T22:43:08.966Z INFO  blacksilk_miner] found block 128 (reward 20.02473516 BLK, 0 txs)
[2026-09-28T22:43:09.983Z INFO  blacksilk_miner] found block 129 (reward 20.02471607 BLK, 0 txs)
[2026-09-28T22:43:11.096Z INFO  blacksilk_miner] found block 130 (reward 20.02469697 BLK, 0 txs)
[2026-09-28T22:43:12.098Z INFO  blacksilk_miner] found block 131 (reward 20.02467787 BLK, 0 txs)
[2026-09-28T22:43:13.304Z INFO  blacksilk_miner] found block 132 (reward 20.02465877 BLK, 0 txs)
[2026-09-28T22:43:14.130Z INFO  blacksilk_miner] found block 133 (reward 20.02463968 BLK, 0 txs)
[2026-09-28T22:43:16.370Z INFO  blacksilk_miner] found block 134 (reward 20.02462058 BLK, 0 txs)
[2026-09-28T22:43:17.967Z INFO  blacksilk_miner] found block 135 (reward 20.02460148 BLK, 0 txs)
[2026-09-28T22:43:18.762Z INFO  blacksilk_miner] found block 136 (reward 20.02458239 BLK, 0 txs)
[2026-09-28T22:43:19.715Z INFO  blacksilk_miner] found block 137 (reward 20.02456329 BLK, 0 txs)
[2026-09-28T22:43:20.926Z INFO  blacksilk_miner] found block 138 (reward 20.02454419 BLK, 0 txs)
[2026-09-28T22:43:21.662Z INFO  blacksilk_miner] found block 139 (reward 20.02452510 BLK, 0 txs)
[2026-09-28T22:43:22.832Z INFO  blacksilk_miner] found block 140 (reward 20.02450600 BLK, 0 txs)
[2026-09-28T22:43:24.066Z INFO  blacksilk_miner] found block 141 (reward 20.02448690 BLK, 0 txs)
[2026-09-28T22:43:25.246Z INFO  blacksilk_miner] found block 142 (reward 20.02446781 BLK, 0 txs)
[2026-09-28T22:43:26.294Z INFO  blacksilk_miner] found block 143 (reward 20.02444871 BLK, 0 txs)
[2026-09-28T22:43:27.476Z INFO  blacksilk_miner] found block 144 (reward 20.02442961 BLK, 0 txs)
[2026-09-28T22:43:28.661Z INFO  blacksilk_miner] found block 145 (reward 20.02441052 BLK, 0 txs)
[2026-09-28T22:43:29.602Z INFO  blacksilk_miner] found block 146 (reward 20.02439142 BLK, 0 txs)
[2026-09-28T22:43:30.557Z INFO  blacksilk_miner] found block 147 (reward 20.02437232 BLK, 0 txs)
[2026-09-28T22:43:31.836Z INFO  blacksilk_miner] found block 148 (reward 20.02435322 BLK, 0 txs)
[2026-09-28T22:43:33.261Z INFO  blacksilk_miner] found block 149 (reward 20.02433413 BLK, 0 txs)
[2026-09-28T22:43:34.997Z INFO  blacksilk_miner] found block 150 (reward 20.02431503 BLK, 0 txs)
[2026-09-28T22:43:36.232Z INFO  blacksilk_miner] found block 151 (reward 20.02429593 BLK, 0 txs)
[2026-09-28T22:43:37.264Z INFO  blacksilk_miner] found block 152 (reward 20.02427684 BLK, 0 txs)
[2026-09-28T22:43:38.285Z INFO  blacksilk_miner] found block 153 (reward 20.02425774 BLK, 0 txs)
[2026-09-28T22:43:39.174Z INFO  blacksilk_miner] found block 154 (reward 20.02423864 BLK, 0 txs)
[2026-09-28T22:43:40.171Z INFO  blacksilk_miner] found block 155 (reward 20.02421955 BLK, 0 txs)
[2026-09-28T22:43:41.443Z INFO  blacksilk_miner] found block 156 (reward 20.02420045 BLK, 0 txs)
[2026-09-28T22:43:42.775Z INFO  blacksilk_miner] found block 157 (reward 20.02418136 BLK, 0 txs)
[2026-09-28T22:43:43.739Z WARN  blacksilk_miner] submitting block 158: cannot reach node: error sending request for url (http://127.0.0.1:48000/block)
