[2026-10-09T03:34:12.152Z INFO  blacksilk_node] RandomX self-test passed: 9 known answers (reference and BlackSilk, light mode) in 4.2s
[2026-10-09T03:34:12.156Z INFO  blacksilk_node] blacksilk-node 0.1.0 commit 65d5a70d0b86668ff8662163d3bfe59809e81d1d, build flags: none
[2026-10-09T03:34:12.160Z INFO  blacksilk_node] regtest: genesis 3dbdba2aca8842cd3e02c7d8c72078f77ff132cc3c84a7f8b87891d0cc106141, consensus fingerprint a8669525661569ca5345ed0b6af610712d85e7c84802c01e40c563c4c95d7238
[2026-10-09T03:34:12.162Z INFO  blacksilk_node] regtest: loading C:\bsgate\node
[2026-10-09T03:34:12.171Z INFO  blacksilk_node] chain loaded in 6.7ms: height 0, tip 3dbdba2aca8842cd
[2026-10-09T03:34:12.175Z WARN  blacksilk_node] P2P disabled
[2026-10-09T03:34:12.181Z INFO  blacksilk_node] RPC listening on http://127.0.0.1:39333
[2026-10-09T03:34:12.186Z WARN  blacksilk_node::cookie] the data directory C:\bsgate\node is outside your user profile: on Windows the RPC cookie is protected only by that directory's permissions; make sure other users cannot read it
[2026-10-09T03:34:12.187Z INFO  blacksilk_node::serve] RPC credential written to C:\bsgate\node\rpc.cookie (clients read it: --rpc-cookie)
[2026-10-09T03:34:27.252Z INFO  blacksilk_chain::manager::template] caught up at height 0: block templates are served from now on
[2026-10-09T03:34:59.719Z INFO  blacksilk_node] block f6b323496ffa6be9 at height 1 accepted (tip 1)
[2026-10-09T03:35:10.483Z INFO  blacksilk_node] block 6aa9a2f4854d2297 at height 2 accepted (tip 2)
[2026-10-09T03:35:11.565Z INFO  blacksilk_node] block 820ffa7de98e5c5c at height 2 accepted (tip 2)
[2026-10-09T03:35:14.759Z INFO  blacksilk_node] block e1e5466337c05825 at height 3 accepted (tip 3)
[2026-10-09T03:35:15.824Z INFO  blacksilk_node] block 03853312210bee5a at height 3 accepted (tip 3)
[2026-10-09T03:35:16.857Z INFO  blacksilk_node] block 0d964ab3b746cf7c at height 3 accepted (tip 3)
[2026-10-09T03:35:17.896Z INFO  blacksilk_node] block 0e6791786614b90a at height 4 accepted (tip 4)
[2026-10-09T03:35:19.924Z INFO  blacksilk_node] block 2255477dc2a9c614 at height 5 accepted (tip 5)
[2026-10-09T03:35:21.575Z INFO  blacksilk_node] block 0d8c8bf47a6f455c at height 6 accepted (tip 6)
[2026-10-09T03:35:22.667Z INFO  blacksilk_node] block 2a69deccfc0247cc at height 6 accepted (tip 6)
[2026-10-09T03:35:23.742Z INFO  blacksilk_node] block f754b5ad13bd4df0 at height 6 accepted (tip 6)
[2026-10-09T03:35:29.718Z INFO  blacksilk_node] block a4416a319d1d9501 at height 7 accepted (tip 7)
[2026-10-09T03:35:37.482Z INFO  blacksilk_node] block 2d31122eb6ad5509 at height 8 accepted (tip 8)
[2026-10-09T03:35:38.651Z INFO  blacksilk_node] block dde48578f5d4dd6b at height 9 accepted (tip 9)
[2026-10-09T03:35:39.808Z INFO  blacksilk_node] block 24b4af75ee244a04 at height 9 accepted (tip 9)
[2026-10-09T03:35:53.715Z INFO  blacksilk_node] block dd9573b1ec0a47c5 at height 10 accepted (tip 10)
[2026-10-09T03:36:06.818Z INFO  blacksilk_node] block 3a8444e27553f795 at height 11 accepted (tip 11)
[2026-10-09T03:36:08.776Z INFO  blacksilk_node] block e51c3f86e4b5f13c at height 12 accepted (tip 12)
[2026-10-09T03:36:13.314Z INFO  blacksilk_node] block 3ed5fa4dd5c46de6 at height 13 accepted (tip 13)
[2026-10-09T03:36:18.901Z INFO  blacksilk_node] block 53b6bb268d033724 at height 14 accepted (tip 14)
[2026-10-09T03:36:19.979Z INFO  blacksilk_node] block ad6c935952ad1302 at height 14 accepted (tip 14)
[2026-10-09T03:36:21.601Z INFO  blacksilk_node] block 81d41b428f369a85 at height 15 accepted (tip 15)
[2026-10-09T03:36:24.185Z INFO  blacksilk_node] block bda0b4a1808618dc at height 16 accepted (tip 16)
[2026-10-09T03:36:25.266Z INFO  blacksilk_node] block f457aa1d4298fec2 at height 16 accepted (tip 16)
[2026-10-09T03:36:31.761Z INFO  blacksilk_node] block 6d59f1705a0d0331 at height 17 accepted (tip 17)
[2026-10-09T03:36:32.826Z INFO  blacksilk_node] block ae77aa3fa34ab4f4 at height 17 accepted (tip 17)
[2026-10-09T03:36:33.889Z INFO  blacksilk_node] block 46a92fe079f4196e at height 17 accepted (tip 17)
[2026-10-09T03:36:36.103Z INFO  blacksilk_node] block bfcca4288dff3951 at height 18 accepted (tip 18)
[2026-10-09T03:36:37.168Z INFO  blacksilk_node] block fbede73af1ec3867 at height 18 accepted (tip 18)
[2026-10-09T03:36:39.077Z INFO  blacksilk_node] block 8ec5b10f6edb9a17 at height 19 accepted (tip 19)
[2026-10-09T03:36:41.170Z INFO  blacksilk_node] block 60aa1832e9c284f3 at height 20 accepted (tip 20)
[2026-10-09T03:36:44.124Z INFO  blacksilk_node] block 9189ccaffb42b391 at height 21 accepted (tip 21)
[2026-10-09T03:36:45.807Z INFO  blacksilk_node] block 13bd5456f3a3d04f at height 22 accepted (tip 22)
[2026-10-09T03:36:47.047Z INFO  blacksilk_node] block 3420b9a329f77d55 at height 23 accepted (tip 23)
[2026-10-09T03:36:50.440Z INFO  blacksilk_node] block e35cbc9379bd8a4c at height 24 accepted (tip 24)
[2026-10-09T03:37:12.996Z INFO  blacksilk_node] block bedcb0a68c6a1c22 at height 25 accepted (tip 25)
[2026-10-09T03:37:14.088Z INFO  blacksilk_node] block b1d9becfa1d46598 at height 25 accepted (tip 25)
[2026-10-09T03:37:16.091Z INFO  blacksilk_node] block 57c0aac7a45d5c88 at height 26 accepted (tip 26)
[2026-10-09T03:37:18.873Z INFO  blacksilk_node] block 92c03fca8c0b9208 at height 27 accepted (tip 27)
[2026-10-09T03:37:21.974Z INFO  blacksilk_node] block b4a77ab6d1b2e776 at height 28 accepted (tip 28)
[2026-10-09T03:37:25.639Z INFO  blacksilk_node] block 31a16893157552f8 at height 29 accepted (tip 29)
[2026-10-09T03:37:27.477Z INFO  blacksilk_node] block 2d17452229c11625 at height 30 accepted (tip 30)
[2026-10-09T03:37:29.441Z INFO  blacksilk_node] block 0ee10ca30751ecfd at height 31 accepted (tip 31)
[2026-10-09T03:37:30.450Z INFO  blacksilk_node] block 18acf329de8a6772 at height 31 accepted (tip 31)
[2026-10-09T03:37:37.889Z INFO  blacksilk_node] block 939a4f2f6cb094e4 at height 32 accepted (tip 32)
[2026-10-09T03:37:45.095Z INFO  blacksilk_node] block 43348dd6122408ad at height 33 accepted (tip 33)
[2026-10-09T03:37:46.982Z INFO  blacksilk_node] block 1ae6bac062220759 at height 34 accepted (tip 34)
[2026-10-09T03:37:50.725Z INFO  blacksilk_node] block 0d9d72a093cd9d81 at height 35 accepted (tip 35)
[2026-10-09T03:37:55.330Z INFO  blacksilk_node] block 906b33cbb30a3e33 at height 36 accepted (tip 36)
[2026-10-09T03:37:59.215Z INFO  blacksilk_node] block a6c894d6630d8b95 at height 37 accepted (tip 37)
[2026-10-09T03:38:06.180Z INFO  blacksilk_node] block 0fc04134cdd03d22 at height 38 accepted (tip 38)
[2026-10-09T03:38:07.230Z INFO  blacksilk_node] block 25d7353f0867a4db at height 38 accepted (tip 38)
[2026-10-09T03:38:15.490Z INFO  blacksilk_node] block 3cb0c56eabf59b20 at height 39 accepted (tip 39)
[2026-10-09T03:38:16.525Z INFO  blacksilk_node] block d49907ccb22d3259 at height 39 accepted (tip 39)
[2026-10-09T03:38:18.577Z INFO  blacksilk_node] block bc0842a2ce4ef657 at height 40 accepted (tip 40)
[2026-10-09T03:38:19.604Z INFO  blacksilk_node] block f146046257a5c6ab at height 40 accepted (tip 40)
[2026-10-09T03:38:28.022Z INFO  blacksilk_node] block 7c726f5e575801ce at height 41 accepted (tip 41)
[2026-10-09T03:38:30.097Z INFO  blacksilk_node] block d85af2daeb68a394 at height 42 accepted (tip 42)
[2026-10-09T03:38:31.751Z INFO  blacksilk_node] block a5efe460381c7a66 at height 43 accepted (tip 43)
[2026-10-09T03:38:34.593Z INFO  blacksilk_node] block a6ec2b44fc17b695 at height 44 accepted (tip 44)
[2026-10-09T03:38:44.689Z INFO  blacksilk_node] block 0aa1c3157c9b53bd at height 45 accepted (tip 45)
[2026-10-09T03:38:50.030Z INFO  blacksilk_node] block bc4bc32755d62cb9 at height 46 accepted (tip 46)
[2026-10-09T03:38:52.036Z INFO  blacksilk_node] block f040faad6be53878 at height 47 accepted (tip 47)
[2026-10-09T03:38:53.082Z INFO  blacksilk_node] block 568a91fe841844a5 at height 47 accepted (tip 47)
[2026-10-09T03:38:54.123Z INFO  blacksilk_node] block 02467191dafc35f1 at height 47 accepted (tip 47)
[2026-10-09T03:38:55.126Z INFO  blacksilk_node] block 9cf6ac3415c8e38c at height 48 accepted (tip 48)
[2026-10-09T03:38:59.265Z INFO  blacksilk_node] block 74127a4a89446302 at height 49 accepted (tip 49)
[2026-10-09T03:39:00.629Z INFO  blacksilk_node] block f46a3e45c537c756 at height 50 accepted (tip 50)
[2026-10-09T03:39:01.681Z INFO  blacksilk_node] block ca97132705abb169 at height 50 accepted (tip 50)
[2026-10-09T03:39:05.339Z INFO  blacksilk_node] block 4fcd8cc69b37c08b at height 51 accepted (tip 51)
[2026-10-09T03:39:08.434Z INFO  blacksilk_node] block 2f4c47529be49a74 at height 52 accepted (tip 52)
[2026-10-09T03:39:11.959Z INFO  blacksilk_node] block 6ebe5bf39841cc8a at height 53 accepted (tip 53)
[2026-10-09T03:39:13.024Z INFO  blacksilk_node] block b8235edef8253d19 at height 53 accepted (tip 53)
[2026-10-09T03:39:15.243Z INFO  blacksilk_node] block c0eb316e0a8e1210 at height 54 accepted (tip 54)
[2026-10-09T03:39:18.889Z INFO  blacksilk_node] block c8b1758717794391 at height 55 accepted (tip 55)
[2026-10-09T03:39:20.022Z INFO  blacksilk_node] block cbc9f52784f76ac7 at height 56 accepted (tip 56)
[2026-10-09T03:39:21.332Z INFO  blacksilk_node] block baa50dece87cb4d6 at height 57 accepted (tip 57)
[2026-10-09T03:39:24.467Z INFO  blacksilk_node] block 080a4e8d4bceafb9 at height 58 accepted (tip 58)
[2026-10-09T03:39:25.524Z INFO  blacksilk_node] block c078fae139affa79 at height 58 accepted (tip 58)
[2026-10-09T03:39:26.605Z INFO  blacksilk_node] block ac4fbe7e9b8e6963 at height 59 accepted (tip 59)
[2026-10-09T03:39:29.670Z INFO  blacksilk_node] block 0dfb154ff5a22f0f at height 60 accepted (tip 60)
[2026-10-09T03:39:30.696Z INFO  blacksilk_node] block ee14df908140f9ea at height 60 accepted (tip 60)
[2026-10-09T03:39:31.700Z INFO  blacksilk_node] block 41974cbd621ed456 at height 60 accepted (tip 60)
[2026-10-09T03:39:33.828Z INFO  blacksilk_node] block 85e321c13e7f2f7e at height 61 accepted (tip 61)
[2026-10-09T03:39:35.962Z INFO  blacksilk_node] block c76b826c0ea802e3 at height 62 accepted (tip 62)
[2026-10-09T03:39:36.995Z INFO  blacksilk_node] block 40b9b8430f23522d at height 62 accepted (tip 62)
[2026-10-09T03:39:43.657Z INFO  blacksilk_node] block 4ec0a8959d807022 at height 63 accepted (tip 63)
[2026-10-09T03:39:44.794Z INFO  blacksilk_node] block 497c7553b7a58e9c at height 63 accepted (tip 63)
[2026-10-09T03:39:51.027Z INFO  blacksilk_node] block 835e00cb7ec39a98 at height 64 accepted (tip 64)
[2026-10-09T03:39:53.461Z INFO  blacksilk_node] block 673994e8a8ca1e35 at height 65 accepted (tip 65)
[2026-10-09T03:39:54.737Z INFO  blacksilk_node] block 4f3c484757cade2d at height 66 accepted (tip 66)
[2026-10-09T03:39:55.785Z INFO  blacksilk_node] block f73db0dcaee8547f at height 66 accepted (tip 66)
[2026-10-09T03:39:56.847Z INFO  blacksilk_node] block a88ae32f683d4a30 at height 67 accepted (tip 67)
[2026-10-09T03:39:57.915Z INFO  blacksilk_node] block 6b1bd6693d92d755 at height 67 accepted (tip 67)
[2026-10-09T03:39:58.978Z INFO  blacksilk_node] block 8bf7bda30da5604a at height 68 accepted (tip 68)
[2026-10-09T03:40:08.028Z INFO  blacksilk_node] block 79e4b0095a8f0e8e at height 69 accepted (tip 69)
[2026-10-09T03:40:11.235Z INFO  blacksilk_node] block 7310546208e9242c at height 70 accepted (tip 70)
[2026-10-09T03:40:12.695Z INFO  blacksilk_node] block d7450683d3aacf12 at height 71 accepted (tip 71)
[2026-10-09T03:40:16.690Z INFO  blacksilk_node] block 65fb95c5bc2940fc at height 72 accepted (tip 72)
[2026-10-09T03:40:19.704Z INFO  blacksilk_node] block 9af35d2b9564b478 at height 73 accepted (tip 73)
[2026-10-09T03:40:26.604Z INFO  blacksilk_node] block 41f536b5d8c49d2d at height 74 accepted (tip 74)
[2026-10-09T03:40:30.261Z INFO  blacksilk_node] block 91f53ab4bae00b3d at height 75 accepted (tip 75)
[2026-10-09T03:40:31.295Z INFO  blacksilk_node] block e14ec93a6d180d7b at height 75 accepted (tip 75)
[2026-10-09T03:40:35.211Z INFO  blacksilk_node] block aa5ef7600a83a3c6 at height 76 accepted (tip 76)
[2026-10-09T03:40:36.264Z INFO  blacksilk_node] block 0f90aa07ee117bfa at height 76 accepted (tip 76)
[2026-10-09T03:40:37.300Z INFO  blacksilk_node] block 96f21f66b90d016e at height 76 accepted (tip 76)
[2026-10-09T03:40:41.400Z INFO  blacksilk_node] block 5b34ce367359e3a0 at height 77 accepted (tip 77)
[2026-10-09T03:40:42.429Z INFO  blacksilk_node] block ca912b84e887e253 at height 77 accepted (tip 77)
[2026-10-09T03:40:45.496Z INFO  blacksilk_node] block 7b6422a2b426a2e8 at height 78 accepted (tip 78)
[2026-10-09T03:40:46.589Z INFO  blacksilk_node] block a6575713da2e1909 at height 78 accepted (tip 78)
[2026-10-09T03:40:47.639Z INFO  blacksilk_node] block 601b7e0fd363dc67 at height 78 accepted (tip 78)
[2026-10-09T03:40:48.669Z INFO  blacksilk_node] block d0e10d1996b968db at height 79 accepted (tip 79)
[2026-10-09T03:40:51.223Z INFO  blacksilk_node] block 94d22b71e9a02f0a at height 80 accepted (tip 80)
[2026-10-09T03:40:52.244Z INFO  blacksilk_node] block c0d49f19c3ecd89e at height 80 accepted (tip 80)
[2026-10-09T03:40:53.299Z INFO  blacksilk_node] block 4664b67be386ec95 at height 81 accepted (tip 81)
[2026-10-09T03:40:55.087Z INFO  blacksilk_node] block e0316dbd17cc076b at height 82 accepted (tip 82)
[2026-10-09T03:40:58.348Z INFO  blacksilk_node] block c008cc5b57b19d28 at height 83 accepted (tip 83)
[2026-10-09T03:40:59.436Z INFO  blacksilk_node] block 0f88f0053022ff62 at height 84 accepted (tip 84)
[2026-10-09T03:41:00.486Z INFO  blacksilk_node] block 8b092b29939ba42d at height 84 accepted (tip 84)
[2026-10-09T03:41:01.523Z INFO  blacksilk_node] block f83769d41765527c at height 85 accepted (tip 85)
[2026-10-09T03:41:02.574Z INFO  blacksilk_node] block 814560ec46d1cb3f at height 85 accepted (tip 85)
[2026-10-09T03:41:03.644Z INFO  blacksilk_node] block 57b85eefc0f35015 at height 85 accepted (tip 85)
[2026-10-09T03:41:04.629Z INFO  blacksilk_node] block 1e7edec895e5798a at height 85 accepted (tip 85)
[2026-10-09T03:41:05.646Z INFO  blacksilk_node] block 9d447a769b302abf at height 86 accepted (tip 86)
[2026-10-09T03:41:07.716Z INFO  blacksilk_node] block 81012312698b9302 at height 87 accepted (tip 87)
[2026-10-09T03:41:12.516Z INFO  blacksilk_node] block 151d29b7bffbda0c at height 88 accepted (tip 88)
[2026-10-09T03:41:14.563Z INFO  blacksilk_node] block 9b9d32a39dca28dc at height 89 accepted (tip 89)
[2026-10-09T03:41:19.121Z INFO  blacksilk_node] block fcce3f1c838e8327 at height 90 accepted (tip 90)
[2026-10-09T03:41:20.373Z INFO  blacksilk_node] block dbb8a8f875d41eb3 at height 91 accepted (tip 91)
[2026-10-09T03:41:22.090Z INFO  blacksilk_node] block abcd822c3c03f749 at height 92 accepted (tip 92)
[2026-10-09T03:41:23.147Z INFO  blacksilk_node] block 1b1866e11c5312a6 at height 92 accepted (tip 92)
[2026-10-09T03:41:26.243Z INFO  blacksilk_node] block 53565f002e9b3e2f at height 93 accepted (tip 93)
[2026-10-09T03:41:27.519Z INFO  blacksilk_node] block da7971a05ffa098c at height 94 accepted (tip 94)
[2026-10-09T03:41:28.656Z INFO  blacksilk_node] block d22cf162ab9ace98 at height 95 accepted (tip 95)
[2026-10-09T03:41:30.601Z INFO  blacksilk_node] block 8f06100db468dab6 at height 96 accepted (tip 96)
[2026-10-09T03:41:31.595Z INFO  blacksilk_node] block 5c0a8545d21c0004 at height 96 accepted (tip 96)
[2026-10-09T03:41:32.633Z INFO  blacksilk_node] block 833bcaceed8d3fa6 at height 97 accepted (tip 97)
[2026-10-09T03:41:34.663Z INFO  blacksilk_node] block 484da08823bd1a87 at height 98 accepted (tip 98)
[2026-10-09T03:41:38.416Z INFO  blacksilk_node] block 6a80a92d0036ab25 at height 99 accepted (tip 99)
[2026-10-09T03:41:43.214Z INFO  blacksilk_node] block 29960422710c33c7 at height 100 accepted (tip 100)
[2026-10-09T03:42:02.295Z INFO  blacksilk_node] block 7c430f7a2665326e at height 101 accepted (tip 101)
[2026-10-09T03:42:03.317Z INFO  blacksilk_node] block bbc1749947f12d5e at height 101 accepted (tip 101)
[2026-10-09T03:42:04.351Z INFO  blacksilk_node] block d42b3f98a6f34105 at height 101 accepted (tip 101)
[2026-10-09T03:42:07.853Z INFO  blacksilk_node] block 9298c8e06b428a35 at height 102 accepted (tip 102)
[2026-10-09T03:42:09.661Z INFO  blacksilk_node] block 5f726684eb69f46d at height 103 accepted (tip 103)
[2026-10-09T03:42:10.727Z INFO  blacksilk_node] block 4ed8f68ad96dabc2 at height 103 accepted (tip 103)
[2026-10-09T03:42:13.116Z INFO  blacksilk_node] block 17724f66c0abd5d6 at height 104 accepted (tip 104)
[2026-10-09T03:42:14.130Z INFO  blacksilk_node] block 5b12c62aa1581005 at height 104 accepted (tip 104)
[2026-10-09T03:42:15.175Z INFO  blacksilk_node] block 65ec4f8f1e6c1e7c at height 105 accepted (tip 105)
[2026-10-09T03:42:20.978Z INFO  blacksilk_node] block 4819ebdfd2c367b1 at height 106 accepted (tip 106)
[2026-10-09T03:42:22.027Z INFO  blacksilk_node] block 9611d38b3663a3cc at height 106 accepted (tip 106)
[2026-10-09T03:42:23.095Z INFO  blacksilk_node] block 47914de7f07fc599 at height 107 accepted (tip 107)
[2026-10-09T03:42:24.185Z INFO  blacksilk_node] block c2cc55f47c9008d9 at height 107 accepted (tip 107)
[2026-10-09T03:42:25.757Z INFO  blacksilk_node] block 2a930d9396f4a9d1 at height 108 accepted (tip 108)
[2026-10-09T03:42:26.818Z INFO  blacksilk_node] block f209f473fe3c141b at height 108 accepted (tip 108)
[2026-10-09T03:42:36.248Z INFO  blacksilk_node] block c37ead7428a0ba57 at height 109 accepted (tip 109)
[2026-10-09T03:42:37.242Z INFO  blacksilk_node] block 5a33ba73c92995b5 at height 109 accepted (tip 109)
[2026-10-09T03:42:42.796Z INFO  blacksilk_node] block e94f56be4a4dc61c at height 110 accepted (tip 110)
[2026-10-09T03:42:43.834Z INFO  blacksilk_node] block 11c2605a9099fc80 at height 110 accepted (tip 110)
[2026-10-09T03:42:48.620Z INFO  blacksilk_node] block 7d9a5b97e5a43ea9 at height 111 accepted (tip 111)
[2026-10-09T03:42:55.597Z INFO  blacksilk_node] block b3e743b6cd61379f at height 112 accepted (tip 112)
[2026-10-09T03:42:56.687Z INFO  blacksilk_node] block 84eebdc5defc0238 at height 112 accepted (tip 112)
[2026-10-09T03:42:57.703Z INFO  blacksilk_node] block 19ed7aa0268a12d4 at height 113 accepted (tip 113)
[2026-10-09T03:42:58.740Z INFO  blacksilk_node] block ec9282c68cf79fc4 at height 113 accepted (tip 113)
[2026-10-09T03:42:59.760Z INFO  blacksilk_node] block 29b18428e11ddaed at height 114 accepted (tip 114)
[2026-10-09T03:43:03.576Z INFO  blacksilk_node] block eecb00c66d5d28ed at height 115 accepted (tip 115)
[2026-10-09T03:43:04.600Z INFO  blacksilk_node] block 2efd574fc2a87ec8 at height 115 accepted (tip 115)
[2026-10-09T03:43:05.649Z INFO  blacksilk_node] block 9e9cb65053994815 at height 116 accepted (tip 116)
[2026-10-09T03:43:06.680Z INFO  blacksilk_node] block 9269e564d2a1730f at height 116 accepted (tip 116)
[2026-10-09T03:43:09.743Z INFO  blacksilk_node] block 19c190acfe1dc873 at height 117 accepted (tip 117)
[2026-10-09T03:43:10.835Z INFO  blacksilk_node] block 22589de59cf2111a at height 117 accepted (tip 117)
[2026-10-09T03:43:13.048Z INFO  blacksilk_node] block 1112e5115f98c702 at height 118 accepted (tip 118)
[2026-10-09T03:43:14.109Z INFO  blacksilk_node] block 6a8fde039d4e19db at height 118 accepted (tip 118)
[2026-10-09T03:43:15.167Z INFO  blacksilk_node] block 9cd23f6727e6b19d at height 119 accepted (tip 119)
[2026-10-09T03:43:18.911Z INFO  blacksilk_node] block 8ae7c86e1a54c4b7 at height 120 accepted (tip 120)
[2026-10-09T03:43:21.671Z INFO  blacksilk_node] block 495e0ca0336e960d at height 121 accepted (tip 121)
[2026-10-09T03:43:28.415Z INFO  blacksilk_node] block 2c56ecbfb29034ca at height 122 accepted (tip 122)
[2026-10-09T03:43:29.447Z INFO  blacksilk_node] block d7a2ee97b42fac36 at height 122 accepted (tip 122)
[2026-10-09T03:43:31.409Z INFO  blacksilk_node] block ce8383de7a0e8244 at height 123 accepted (tip 123)
[2026-10-09T03:43:35.181Z INFO  blacksilk_node] block 0d2484847fbc037a at height 124 accepted (tip 124)
[2026-10-09T03:43:38.852Z INFO  blacksilk_node] block b0500ff06b2012b3 at height 125 accepted (tip 125)
[2026-10-09T03:43:39.881Z INFO  blacksilk_node] block ab03e3cc60814afe at height 125 accepted (tip 125)
[2026-10-09T03:43:44.218Z INFO  blacksilk_node] block dab9f3c5fc8953e1 at height 126 accepted (tip 126)
[2026-10-09T03:43:53.529Z INFO  blacksilk_node] block 02e24285950ef2a5 at height 127 accepted (tip 127)
[2026-10-09T03:43:54.650Z INFO  blacksilk_node] block 51cb6da9b4a03108 at height 127 accepted (tip 127)
[2026-10-09T03:43:56.141Z INFO  blacksilk_node] block ad5fd94313368fb8 at height 128 accepted (tip 128)
[2026-10-09T03:44:00.927Z INFO  blacksilk_node] block 3a16e812c3f66248 at height 129 accepted (tip 129)
[2026-10-09T03:44:02.091Z INFO  blacksilk_node] block 5f13871c5ed624aa at height 130 accepted (tip 130)
[2026-10-09T03:44:10.960Z INFO  blacksilk_node] block f42747fcd9740aea at height 131 accepted (tip 131)
[2026-10-09T03:44:13.230Z INFO  blacksilk_node] block eebf530557552f50 at height 132 accepted (tip 132)
[2026-10-09T03:44:15.290Z INFO  blacksilk_node] block a6a0bad3f7c299ca at height 133 accepted (tip 133)
[2026-10-09T03:44:16.315Z INFO  blacksilk_node] block 6ae9794638c5892f at height 133 accepted (tip 133)
[2026-10-09T03:44:21.911Z INFO  blacksilk_node] block 9879e2ef2675c45c at height 134 accepted (tip 134)
[2026-10-09T03:44:22.949Z INFO  blacksilk_node] block 6805e32a88015ed6 at height 134 accepted (tip 134)
[2026-10-09T03:44:29.121Z INFO  blacksilk_node] block 8bf6bd3b07d3c3b6 at height 135 accepted (tip 135)
[2026-10-09T03:44:33.929Z INFO  blacksilk_node] block b8e9aad0a0c448fd at height 136 accepted (tip 136)
[2026-10-09T03:44:34.942Z INFO  blacksilk_node] block 4dba5e0ab6c4523f at height 136 accepted (tip 136)
[2026-10-09T03:44:35.985Z INFO  blacksilk_node] block 43d4e5539bc6bcfd at height 136 accepted (tip 136)
[2026-10-09T03:44:37.005Z INFO  blacksilk_node] block b81da611f63ed971 at height 137 accepted (tip 137)
[2026-10-09T03:44:47.883Z INFO  blacksilk_node] block 9659c6cedba4a4b3 at height 138 accepted (tip 138)
[2026-10-09T03:44:50.244Z INFO  blacksilk_node] block bdfb089e8eff9b85 at height 139 accepted (tip 139)
[2026-10-09T03:44:51.720Z INFO  blacksilk_node] block 222132f971a1e95a at height 140 accepted (tip 140)
[2026-10-09T03:44:54.235Z INFO  blacksilk_node] block 3efacade1d3a6a00 at height 141 accepted (tip 141)
[2026-10-09T03:44:55.246Z INFO  blacksilk_node] block 6841eed7037d3652 at height 141 accepted (tip 141)
[2026-10-09T03:44:59.586Z INFO  blacksilk_node] block d6b76b426553a35c at height 142 accepted (tip 142)
[2026-10-09T03:45:01.626Z INFO  blacksilk_node] block 8818d20400e0f27e at height 143 accepted (tip 143)
[2026-10-09T03:45:03.177Z INFO  blacksilk_node] block f930ca91619dbae7 at height 144 accepted (tip 144)
[2026-10-09T03:45:04.231Z INFO  blacksilk_node] block f1180a964f99fefd at height 144 accepted (tip 144)
[2026-10-09T03:45:09.886Z INFO  blacksilk_node] block 4937ae69634fbb54 at height 145 accepted (tip 145)
[2026-10-09T03:45:10.885Z INFO  blacksilk_node] block b2daddde76d392a6 at height 145 accepted (tip 145)
[2026-10-09T03:45:15.309Z INFO  blacksilk_node] block f038957808b82695 at height 146 accepted (tip 146)
[2026-10-09T03:45:16.393Z INFO  blacksilk_node] block 9091b15e807d2233 at height 146 accepted (tip 146)
[2026-10-09T03:45:17.561Z INFO  blacksilk_node] block 59a2fce018d8769b at height 147 accepted (tip 147)
[2026-10-09T03:45:19.628Z INFO  blacksilk_node] block b7c46607014a9950 at height 148 accepted (tip 148)
[2026-10-09T03:45:20.993Z INFO  blacksilk_node] block 2cdb6133174a9565 at height 149 accepted (tip 149)
[2026-10-09T03:45:24.587Z INFO  blacksilk_node] block a8bc35b640c0df63 at height 150 accepted (tip 150)
[2026-10-09T03:45:25.657Z INFO  blacksilk_node] block 2eadea1ba69b7b64 at height 150 accepted (tip 150)
[2026-10-09T03:45:26.697Z INFO  blacksilk_node] block 4b2c138eb923836d at height 151 accepted (tip 151)
[2026-10-09T03:45:27.735Z INFO  blacksilk_node] block d2132d054a910b53 at height 151 accepted (tip 151)
[2026-10-09T03:45:29.370Z INFO  blacksilk_node] block f85e6b285d142e15 at height 152 accepted (tip 152)
[2026-10-09T03:45:30.969Z INFO  blacksilk_node] block 5f99e8d2004d757a at height 153 accepted (tip 153)
[2026-10-09T03:45:31.982Z INFO  blacksilk_node] block f274b8deff379ed8 at height 153 accepted (tip 153)
[2026-10-09T03:45:33.025Z INFO  blacksilk_node] block 5ac0ad6167fa60c9 at height 153 accepted (tip 153)
[2026-10-09T03:45:39.534Z INFO  blacksilk_node] block e657d9e1a1cf31cb at height 154 accepted (tip 154)
[2026-10-09T03:45:46.081Z INFO  blacksilk_node] block 289c91646e9c5568 at height 155 accepted (tip 155)
[2026-10-09T03:45:49.811Z INFO  blacksilk_node] block 7b102a5c922dea46 at height 156 accepted (tip 156)
[2026-10-09T03:45:53.083Z INFO  blacksilk_node] block cb9d4b7a1c0e7c17 at height 157 accepted (tip 157)
[2026-10-09T03:45:58.306Z INFO  blacksilk_node] block 55989ef70ebf21b2 at height 158 accepted (tip 158)
[2026-10-09T03:46:00.193Z INFO  blacksilk_node] block cef194add70297d6 at height 159 accepted (tip 159)
[2026-10-09T03:46:01.234Z INFO  blacksilk_node] block cbb42b5ffe5c7e56 at height 159 accepted (tip 159)
[2026-10-09T03:46:02.292Z INFO  blacksilk_node] block 4cdfe51ff1246bd3 at height 160 accepted (tip 160)
[2026-10-09T03:46:03.279Z INFO  blacksilk_node] block 8d2a143a62416c9c at height 160 accepted (tip 160)
[2026-10-09T03:46:04.282Z INFO  blacksilk_node] block d2f4a620c0aa94c8 at height 161 accepted (tip 161)
[2026-10-09T03:46:09.826Z INFO  blacksilk_node] block 987a4d196c32f2a3 at height 162 accepted (tip 162)
[2026-10-09T03:46:11.052Z INFO  blacksilk_node] block 50d1c222bcf28a66 at height 163 accepted (tip 163)
[2026-10-09T03:46:12.844Z INFO  blacksilk_node] block c7701415e74780a0 at height 164 accepted (tip 164)
[2026-10-09T03:46:15.334Z INFO  blacksilk_node] block 21ff36df2589f8e7 at height 165 accepted (tip 165)
[2026-10-09T03:46:22.132Z INFO  blacksilk_node] block fe70247ba35c17d4 at height 166 accepted (tip 166)
[2026-10-09T03:46:32.752Z INFO  blacksilk_node] block 93edcc2856401555 at height 167 accepted (tip 167)
[2026-10-09T03:46:35.352Z INFO  blacksilk_node] block 3a2ef31915f6b3ca at height 168 accepted (tip 168)
[2026-10-09T03:46:38.932Z INFO  blacksilk_node] block 272207a1f0cec65d at height 169 accepted (tip 169)
[2026-10-09T03:46:39.985Z INFO  blacksilk_node] block 1263265b83f90817 at height 169 accepted (tip 169)
[2026-10-09T03:46:41.037Z INFO  blacksilk_node] block 47b96b3f512fffcb at height 170 accepted (tip 170)
[2026-10-09T03:46:42.220Z INFO  blacksilk_node] block a350974cfcf3abf8 at height 171 accepted (tip 171)
[2026-10-09T03:46:43.294Z INFO  blacksilk_node] block 498e75d9fbb33f29 at height 171 accepted (tip 171)
[2026-10-09T03:46:44.508Z INFO  blacksilk_node] block 36e2246f7bbda8fa at height 172 accepted (tip 172)
[2026-10-09T03:46:45.735Z INFO  blacksilk_node] block 3518126713ec167c at height 173 accepted (tip 173)
[2026-10-09T03:47:04.431Z INFO  blacksilk_node] block 56a5447592d62a2b at height 174 accepted (tip 174)
[2026-10-09T03:47:05.448Z INFO  blacksilk_node] block b80541d9015ef68b at height 174 accepted (tip 174)
[2026-10-09T03:47:06.444Z INFO  blacksilk_node] block 9a77f84d444550ff at height 174 accepted (tip 174)
[2026-10-09T03:47:20.677Z INFO  blacksilk_node] block 27cecf737a7c1281 at height 175 accepted (tip 175)
[2026-10-09T03:47:23.844Z INFO  blacksilk_node] block 66b12baee3d856eb at height 176 accepted (tip 176)
[2026-10-09T03:47:24.950Z INFO  blacksilk_node] block afd9949d60aecec0 at height 177 accepted (tip 177)
[2026-10-09T03:47:30.888Z INFO  blacksilk_node] block 4c51e0e013f02690 at height 178 accepted (tip 178)
[2026-10-09T03:47:35.773Z INFO  blacksilk_node] block 1fd2d06279ac1a25 at height 179 accepted (tip 179)
[2026-10-09T03:47:46.436Z INFO  blacksilk_node] block d69c44c2fc5c17fc at height 180 accepted (tip 180)
[2026-10-09T03:47:47.804Z INFO  blacksilk_node] block cb367b650da2bf78 at height 181 accepted (tip 181)
[2026-10-09T03:47:48.874Z INFO  blacksilk_node] block e2b1376f2b11bdce at height 181 accepted (tip 181)
[2026-10-09T03:47:49.909Z INFO  blacksilk_node] block 7754797fc04aa076 at height 182 accepted (tip 182)
[2026-10-09T03:47:50.939Z INFO  blacksilk_node] block 73ecff6975c64b68 at height 182 accepted (tip 182)
[2026-10-09T03:47:51.948Z INFO  blacksilk_node] block e0853996f4e8e9cd at height 183 accepted (tip 183)
[2026-10-09T03:48:05.349Z INFO  blacksilk_node] block 48a0abf698ffd7e9 at height 184 accepted (tip 184)
[2026-10-09T03:48:09.043Z INFO  blacksilk_node] block a51a4e3e0c4562ca at height 185 accepted (tip 185)
[2026-10-09T03:48:19.918Z INFO  blacksilk_node] block 6b608eccb9e33805 at height 186 accepted (tip 186)
[2026-10-09T03:48:24.643Z INFO  blacksilk_node] block 52e7dda9b47b1712 at height 187 accepted (tip 187)
[2026-10-09T03:48:38.632Z INFO  blacksilk_node] block ac24122b9f6686a8 at height 188 accepted (tip 188)
[2026-10-09T03:48:45.497Z INFO  blacksilk_node] block 1fa848b3a1417dd7 at height 189 accepted (tip 189)
[2026-10-09T03:48:58.084Z INFO  blacksilk_node] block 88930d0a7de4b9c3 at height 190 accepted (tip 190)
[2026-10-09T03:49:03.134Z INFO  blacksilk_node] block 3cd7aa848905cbac at height 191 accepted (tip 191)
[2026-10-09T03:49:08.107Z INFO  blacksilk_node] block 1cfcb96949efc960 at height 192 accepted (tip 192)
[2026-10-09T03:49:10.139Z INFO  blacksilk_node] block 916b0dd47a9f1fe7 at height 193 accepted (tip 193)
[2026-10-09T03:49:13.845Z INFO  blacksilk_node] block f8852e8f73252071 at height 194 accepted (tip 194)
[2026-10-09T03:49:20.619Z INFO  blacksilk_node] block 98b417f327004473 at height 195 accepted (tip 195)
[2026-10-09T03:49:21.667Z INFO  blacksilk_node] block 4ef0f78befb4e44a at height 195 accepted (tip 195)
[2026-10-09T03:49:24.186Z INFO  blacksilk_node] block 6d7d7dfb01f1f4fc at height 196 accepted (tip 196)
[2026-10-09T03:49:27.872Z INFO  blacksilk_node] block 6ab49258fb880f27 at height 197 accepted (tip 197)
[2026-10-09T03:49:30.345Z INFO  blacksilk_node] block c465d30030b80947 at height 198 accepted (tip 198)
[2026-10-09T03:49:32.438Z INFO  blacksilk_node] block 9cf886edf289239e at height 199 accepted (tip 199)
[2026-10-09T03:49:37.896Z INFO  blacksilk_node] block c4d560002e20eed7 at height 200 accepted (tip 200)
[2026-10-09T03:49:46.128Z INFO  blacksilk_node] block ea0f4a23c21fc1c3 at height 201 accepted (tip 201)
[2026-10-09T03:49:48.325Z INFO  blacksilk_node] block 6caa78c09674e918 at height 202 accepted (tip 202)
[2026-10-09T03:49:54.756Z INFO  blacksilk_node] block a42e55a13a4e8dd7 at height 203 accepted (tip 203)
[2026-10-09T03:49:55.877Z INFO  blacksilk_node] block d26160aa9f9c0d84 at height 204 accepted (tip 204)
[2026-10-09T03:49:57.558Z INFO  blacksilk_node] block dee1e855815aadb6 at height 205 accepted (tip 205)
[2026-10-09T03:50:01.011Z INFO  blacksilk_node] block 0ce406f69c891cef at height 206 accepted (tip 206)
[2026-10-09T03:50:03.031Z INFO  blacksilk_node] block 88bedf5fc92c35ca at height 207 accepted (tip 207)
[2026-10-09T03:50:04.869Z INFO  blacksilk_node] block 7b060a7aace0e21c at height 208 accepted (tip 208)
[2026-10-09T03:50:05.957Z INFO  blacksilk_node] block 714333f8ff8dffd9 at height 209 accepted (tip 209)
[2026-10-09T03:50:06.964Z INFO  blacksilk_node] block 983de81456ece77b at height 209 accepted (tip 209)
[2026-10-09T03:50:11.946Z INFO  blacksilk_node] block 3936033ca3c22b01 at height 210 accepted (tip 210)
[2026-10-09T03:50:13.353Z INFO  blacksilk_node] block 9311aa0e4fb0b01e at height 211 accepted (tip 211)
[2026-10-09T03:50:14.440Z INFO  blacksilk_node] block 35f17d5e5d4bbe27 at height 211 accepted (tip 211)
[2026-10-09T03:50:16.629Z INFO  blacksilk_node] block 810796f03a80d3fa at height 212 accepted (tip 212)
[2026-10-09T03:50:20.413Z INFO  blacksilk_node] block 99da1078e7392fa6 at height 213 accepted (tip 213)
[2026-10-09T03:50:22.900Z INFO  blacksilk_node] block a8ba01ef14636125 at height 214 accepted (tip 214)
[2026-10-09T03:50:30.292Z INFO  blacksilk_node] block a352341ee9819a6c at height 215 accepted (tip 215)
[2026-10-09T03:50:31.314Z INFO  blacksilk_node] block 31e08d294948cedf at height 215 accepted (tip 215)
[2026-10-09T03:50:32.405Z INFO  blacksilk_node] block 42b4ac4f3e7cccb7 at height 216 accepted (tip 216)
[2026-10-09T03:50:33.464Z INFO  blacksilk_node] block d91f39205ee5e2a5 at height 216 accepted (tip 216)
[2026-10-09T03:50:37.150Z INFO  blacksilk_node] block c7e0e3733ea2c47d at height 217 accepted (tip 217)
[2026-10-09T03:50:40.013Z INFO  blacksilk_node] block 089425b5a6bbc983 at height 218 accepted (tip 218)
[2026-10-09T03:50:44.624Z INFO  blacksilk_node] block 455983f219af08cb at height 219 accepted (tip 219)
[2026-10-09T03:50:46.627Z INFO  blacksilk_node] block 18537a4292fb072e at height 220 accepted (tip 220)
[2026-10-09T03:50:47.698Z INFO  blacksilk_node] block 44e7f83e40115f47 at height 220 accepted (tip 220)
[2026-10-09T03:50:50.367Z INFO  blacksilk_node] block 87fc8a001b85624c at height 221 accepted (tip 221)
[2026-10-09T03:50:51.794Z INFO  blacksilk_node] block 94fbb5e51976ecbb at height 222 accepted (tip 222)
[2026-10-09T03:50:52.863Z INFO  blacksilk_node] block cc93a4cfd950f766 at height 222 accepted (tip 222)
[2026-10-09T03:50:58.438Z INFO  blacksilk_node] block 3f620ccee2f4945f at height 223 accepted (tip 223)
[2026-10-09T03:51:01.584Z INFO  blacksilk_node] block 58d273a7f8ff841a at height 224 accepted (tip 224)
[2026-10-09T03:51:04.972Z INFO  blacksilk_node] block 7733f20a8d0cac47 at height 225 accepted (tip 225)
[2026-10-09T03:51:08.498Z INFO  blacksilk_node] block 063c79ddcce99dd1 at height 226 accepted (tip 226)
[2026-10-09T03:51:10.238Z INFO  blacksilk_node] block 6b48c78fbdd4307b at height 227 accepted (tip 227)
[2026-10-09T03:51:11.331Z INFO  blacksilk_node] block 5461198ece3789dc at height 227 accepted (tip 227)
[2026-10-09T03:51:12.409Z INFO  blacksilk_node] block a0e0401a3a4b9286 at height 227 accepted (tip 227)
[2026-10-09T03:51:13.486Z INFO  blacksilk_node] block 1de4cd79e83de9f3 at height 228 accepted (tip 228)
[2026-10-09T03:51:15.537Z INFO  blacksilk_node] block 7ef743a395cdd8a3 at height 229 accepted (tip 229)
[2026-10-09T03:51:23.879Z INFO  blacksilk_node] block 2522057c8edebd1c at height 230 accepted (tip 230)
[2026-10-09T03:51:25.465Z INFO  blacksilk_node] block 29a04dcf90daa254 at height 231 accepted (tip 231)
[2026-10-09T03:51:43.371Z INFO  blacksilk_node] block 97975f05ae02c65e at height 232 accepted (tip 232)
[2026-10-09T03:51:48.462Z INFO  blacksilk_node] block f9a871216edd3677 at height 233 accepted (tip 233)
[2026-10-09T03:51:49.891Z INFO  blacksilk_node] block 3fbacf60d8e8b285 at height 234 accepted (tip 234)
[2026-10-09T03:51:50.929Z INFO  blacksilk_node] block 5e97ac23122d0640 at height 234 accepted (tip 234)
[2026-10-09T03:51:57.048Z INFO  blacksilk_node] block 4435af308a525670 at height 235 accepted (tip 235)
[2026-10-09T03:51:58.704Z INFO  blacksilk_node] block d6ce0c7fe00cb34f at height 236 accepted (tip 236)
[2026-10-09T03:52:01.150Z INFO  blacksilk_node] block ea64a9bfba43bb2c at height 237 accepted (tip 237)
[2026-10-09T03:52:04.831Z INFO  blacksilk_node] block 82dedccfa61307db at height 238 accepted (tip 238)
[2026-10-09T03:52:07.247Z INFO  blacksilk_node] block 1389dc6b209ab74a at height 239 accepted (tip 239)
[2026-10-09T03:52:09.248Z INFO  blacksilk_node] block 02bf07c5e6ab2ad4 at height 240 accepted (tip 240)
[2026-10-09T03:52:10.279Z INFO  blacksilk_node] block bef583fb2511d5a4 at height 240 accepted (tip 240)
[2026-10-09T03:52:11.315Z INFO  blacksilk_node] block 45fbe9185d68632c at height 241 accepted (tip 241)
[2026-10-09T03:52:12.335Z INFO  blacksilk_node] block 6ae629466990c18e at height 241 accepted (tip 241)
[2026-10-09T03:52:13.337Z INFO  blacksilk_node] block 14292dd5ab9e7b05 at height 241 accepted (tip 241)
[2026-10-09T03:52:14.391Z INFO  blacksilk_node] block 4000fa33123eff1c at height 242 accepted (tip 242)
[2026-10-09T03:52:19.127Z INFO  blacksilk_node] block c732546c49253e30 at height 243 accepted (tip 243)
[2026-10-09T03:52:20.154Z INFO  blacksilk_node] block 1c1634ccae8152c9 at height 243 accepted (tip 243)
[2026-10-09T03:52:21.810Z INFO  blacksilk_node] block 23496874c3fe51e9 at height 244 accepted (tip 244)
[2026-10-09T03:52:23.105Z INFO  blacksilk_node] block 0787b47fb5aa97a5 at height 245 accepted (tip 245)
[2026-10-09T03:52:25.306Z INFO  blacksilk_node] block e0fa77afc07a822f at height 246 accepted (tip 246)
[2026-10-09T03:52:26.335Z INFO  blacksilk_node] block 2a3fd5801384d7d3 at height 246 accepted (tip 246)
[2026-10-09T03:52:30.074Z INFO  blacksilk_node] block d6557b5159df402b at height 247 accepted (tip 247)
[2026-10-09T03:52:31.131Z INFO  blacksilk_node] block cd54c97d14d6e290 at height 247 accepted (tip 247)
[2026-10-09T03:52:32.155Z INFO  blacksilk_node] block 11cd86c49d586eb5 at height 247 accepted (tip 247)
[2026-10-09T03:52:33.244Z INFO  blacksilk_node] block 4342aa4d2944e4b3 at height 247 accepted (tip 247)
[2026-10-09T03:52:42.561Z INFO  blacksilk_node] block 59bc388111dc63d6 at height 248 accepted (tip 248)
[2026-10-09T03:52:46.642Z INFO  blacksilk_node] block 0054ca978afde0d3 at height 249 accepted (tip 249)
[2026-10-09T03:52:47.710Z INFO  blacksilk_node] block 24b0c6332040b70b at height 249 accepted (tip 249)
[2026-10-09T03:52:48.968Z INFO  blacksilk_node] block 388695ef73cea4bb at height 250 accepted (tip 250)
[2026-10-09T03:52:52.408Z INFO  blacksilk_node] block 726c3d30aaad632a at height 251 accepted (tip 251)
[2026-10-09T03:52:53.826Z INFO  blacksilk_node] block b9d3815686a213aa at height 252 accepted (tip 252)
[2026-10-09T03:52:55.679Z INFO  blacksilk_node] block 71dcc861e6712646 at height 253 accepted (tip 253)
[2026-10-09T03:52:59.819Z INFO  blacksilk_node] block cf89943421c9b77f at height 254 accepted (tip 254)
[2026-10-09T03:53:00.900Z INFO  blacksilk_node] block 2f51edcd16abbfee at height 254 accepted (tip 254)
[2026-10-09T03:53:01.949Z INFO  blacksilk_node] block c8b590f627db2d22 at height 254 accepted (tip 254)
[2026-10-09T03:53:03.935Z INFO  blacksilk_node] block 7abe930e745baf71 at height 255 accepted (tip 255)
[2026-10-09T03:53:05.002Z INFO  blacksilk_node] block 122268f43192c690 at height 255 accepted (tip 255)
[2026-10-09T03:53:06.233Z INFO  blacksilk_node] block 1be9cbf69c98b8ec at height 256 accepted (tip 256)
[2026-10-09T03:53:08.931Z INFO  blacksilk_node] block 640b70c15f45f90a at height 257 accepted (tip 257)
[2026-10-09T03:53:11.194Z INFO  blacksilk_node] block 9f6e9b217beace38 at height 258 accepted (tip 258)
[2026-10-09T03:53:12.608Z INFO  blacksilk_node] block af3163da4dafee43 at height 259 accepted (tip 259)
[2026-10-09T03:53:13.655Z INFO  blacksilk_node] block 8f417a669823671c at height 259 accepted (tip 259)
[2026-10-09T03:53:17.109Z INFO  blacksilk_node] block 549a8a0044898834 at height 260 accepted (tip 260)
[2026-10-09T03:53:18.190Z INFO  blacksilk_node] block 037a4ad4dbea0a88 at height 260 accepted (tip 260)
[2026-10-09T03:53:19.304Z INFO  blacksilk_node] block 8be1795c0c2e86f2 at height 261 accepted (tip 261)
[2026-10-09T03:53:20.349Z INFO  blacksilk_node] block 7024b6384f7069e8 at height 261 accepted (tip 261)
[2026-10-09T03:53:23.331Z INFO  blacksilk_node] block 60334ee1278cd583 at height 262 accepted (tip 262)
[2026-10-09T03:53:24.639Z INFO  blacksilk_node] block 6764c03bd36b484b at height 263 accepted (tip 263)
[2026-10-09T03:53:27.444Z INFO  blacksilk_node] block d0671506a781da5c at height 264 accepted (tip 264)
[2026-10-09T03:53:30.711Z INFO  blacksilk_node] block 4a755a4b7d748534 at height 265 accepted (tip 265)
[2026-10-09T03:53:35.961Z INFO  blacksilk_node] block 172e6173244510f7 at height 266 accepted (tip 266)
[2026-10-09T03:53:37.036Z INFO  blacksilk_node] block 173f4bbe99da7f38 at height 266 accepted (tip 266)
[2026-10-09T03:53:38.445Z INFO  blacksilk_node] block abd733984f828502 at height 267 accepted (tip 267)
[2026-10-09T03:53:41.518Z INFO  blacksilk_node] block a2794e35b695bc63 at height 268 accepted (tip 268)
[2026-10-09T03:53:43.025Z INFO  blacksilk_node] block c20ec744e96cc2b9 at height 269 accepted (tip 269)
[2026-10-09T03:53:44.127Z INFO  blacksilk_node] block d8d61e04459bf1c0 at height 269 accepted (tip 269)
[2026-10-09T03:53:47.613Z INFO  blacksilk_node] block 1a37f1212289cde5 at height 270 accepted (tip 270)
[2026-10-09T03:53:51.441Z INFO  blacksilk_node] block 3c6d701677b91c05 at height 271 accepted (tip 271)
[2026-10-09T03:53:53.932Z INFO  blacksilk_node] block 29246c9f9e4c8922 at height 272 accepted (tip 272)
[2026-10-09T03:54:08.877Z INFO  blacksilk_node] block 580fdc4fbbbd97c4 at height 273 accepted (tip 273)
[2026-10-09T03:54:14.000Z INFO  blacksilk_node] block f4042b2f58689b1c at height 274 accepted (tip 274)
[2026-10-09T03:54:22.572Z INFO  blacksilk_node] block 760ea893df721528 at height 275 accepted (tip 275)
[2026-10-09T03:54:28.723Z INFO  blacksilk_node] block 9caeac4114b21309 at height 276 accepted (tip 276)
[2026-10-09T03:54:29.981Z INFO  blacksilk_node] block efa28665081fa574 at height 277 accepted (tip 277)
[2026-10-09T03:54:31.035Z INFO  blacksilk_node] block bf71f8e4af15190e at height 277 accepted (tip 277)
[2026-10-09T03:54:32.094Z INFO  blacksilk_node] block 445f96e389e1ac7e at height 278 accepted (tip 278)
[2026-10-09T03:54:33.417Z INFO  blacksilk_node] block 2eeca0b28b43a71c at height 279 accepted (tip 279)
[2026-10-09T03:54:48.531Z INFO  blacksilk_node] block 51f9464ca69bd10e at height 280 accepted (tip 280)
[2026-10-09T03:54:50.279Z INFO  blacksilk_node] block 26a3e663a4bc40b8 at height 281 accepted (tip 281)
[2026-10-09T03:54:52.895Z INFO  blacksilk_node] block 330d55845cbf2f60 at height 282 accepted (tip 282)
[2026-10-09T03:54:59.115Z INFO  blacksilk_node] block c3cc33695c660ac9 at height 283 accepted (tip 283)
[2026-10-09T03:55:00.128Z INFO  blacksilk_node] block 15fecc1411da8548 at height 283 accepted (tip 283)
[2026-10-09T03:55:08.236Z INFO  blacksilk_node] block 7d52a85406e406e4 at height 284 accepted (tip 284)
[2026-10-09T03:55:10.759Z INFO  blacksilk_node] block ad4c772edac7ebf0 at height 285 accepted (tip 285)
[2026-10-09T03:55:11.803Z INFO  blacksilk_node] block c9b03ac2032e5852 at height 285 accepted (tip 285)
[2026-10-09T03:55:15.200Z INFO  blacksilk_node] block d2f483789499f0c9 at height 286 accepted (tip 286)
[2026-10-09T03:55:16.788Z INFO  blacksilk_node] block bb7d2c40274a841f at height 287 accepted (tip 287)
[2026-10-09T03:55:19.741Z INFO  blacksilk_node] block 98a614f880f919bb at height 288 accepted (tip 288)
[2026-10-09T03:55:23.214Z INFO  blacksilk_node] block db6bd2406b450fa7 at height 289 accepted (tip 289)
[2026-10-09T03:55:24.259Z INFO  blacksilk_node] block 165362c115f92a4a at height 289 accepted (tip 289)
[2026-10-09T03:55:28.754Z INFO  blacksilk_node] block bdca541b408c2ce7 at height 290 accepted (tip 290)
[2026-10-09T03:55:30.503Z INFO  blacksilk_node] block b5e433f7284c5f1e at height 291 accepted (tip 291)
[2026-10-09T03:55:31.501Z INFO  blacksilk_node] block 3202ba517c58eea1 at height 291 accepted (tip 291)
[2026-10-09T03:55:32.602Z INFO  blacksilk_node] block 989103b3ec758f03 at height 292 accepted (tip 292)
[2026-10-09T03:55:33.666Z INFO  blacksilk_node] block 112ed2f9614c398a at height 292 accepted (tip 292)
[2026-10-09T03:55:34.709Z INFO  blacksilk_node] block 004f14fc6dc453f1 at height 292 accepted (tip 292)
[2026-10-09T03:55:35.769Z INFO  blacksilk_node] block 864fd07c2e382368 at height 293 accepted (tip 293)
[2026-10-09T03:55:37.651Z INFO  blacksilk_node] block e7ffd56e28a4e507 at height 294 accepted (tip 294)
[2026-10-09T03:55:38.718Z INFO  blacksilk_node] block 813dda89b7544abb at height 294 accepted (tip 294)
[2026-10-09T03:55:40.890Z INFO  blacksilk_node] block 06add6cd6d218de3 at height 295 accepted (tip 295)
[2026-10-09T03:55:41.969Z INFO  blacksilk_node] block 3dad1638b41f0e0b at height 295 accepted (tip 295)
[2026-10-09T03:55:42.998Z INFO  blacksilk_node] block dec018ab031a046c at height 296 accepted (tip 296)
[2026-10-09T03:55:44.017Z INFO  blacksilk_node] block f521846d9976daf1 at height 296 accepted (tip 296)
[2026-10-09T03:55:47.749Z INFO  blacksilk_node] block 2a9a2422f81cae75 at height 297 accepted (tip 297)
[2026-10-09T03:55:50.781Z INFO  blacksilk_node] block 9724e3c699efb31d at height 298 accepted (tip 298)
[2026-10-09T03:55:56.099Z INFO  blacksilk_node] block e903cf62839945d3 at height 299 accepted (tip 299)
[2026-10-09T03:56:00.418Z INFO  blacksilk_node] block e280a2c31cf9c51c at height 300 accepted (tip 300)
[2026-10-09T03:56:01.478Z INFO  blacksilk_node] block aac9facfc4860a13 at height 300 accepted (tip 300)
[2026-10-09T03:56:03.281Z INFO  blacksilk_node] block 1d4369401a428927 at height 301 accepted (tip 301)
[2026-10-09T03:56:04.807Z INFO  blacksilk_node] block 7692631af41350b2 at height 302 accepted (tip 302)
[2026-10-09T03:56:05.875Z INFO  blacksilk_node] block 1bff7532b3839beb at height 302 accepted (tip 302)
[2026-10-09T03:56:06.961Z INFO  blacksilk_node] block 6d613101a23e4c4c at height 302 accepted (tip 302)
[2026-10-09T03:56:10.871Z INFO  blacksilk_node] block e53960c4655a1313 at height 303 accepted (tip 303)
[2026-10-09T03:56:12.819Z INFO  blacksilk_node] block cd2ad64a45faf78f at height 304 accepted (tip 304)
[2026-10-09T03:56:14.597Z INFO  blacksilk_node] block f3238a8a19686012 at height 305 accepted (tip 305)
[2026-10-09T03:56:16.051Z INFO  blacksilk_node] block fbc4d9230f605a75 at height 306 accepted (tip 306)
[2026-10-09T03:56:28.547Z INFO  blacksilk_node] block 5eb16e5dbc62d4c0 at height 307 accepted (tip 307)
[2026-10-09T03:56:30.254Z INFO  blacksilk_node] block 0fa623facb75633f at height 308 accepted (tip 308)
[2026-10-09T03:56:36.939Z INFO  blacksilk_node] block a731b9983f513916 at height 309 accepted (tip 309)
[2026-10-09T03:56:39.783Z INFO  blacksilk_node] block d311eb0bf2912776 at height 310 accepted (tip 310)
[2026-10-09T03:56:46.667Z INFO  blacksilk_node] block 92a03c15d4c8995e at height 311 accepted (tip 311)
[2026-10-09T03:56:51.611Z INFO  blacksilk_node] block 099edd4078eaf610 at height 312 accepted (tip 312)
[2026-10-09T03:56:54.174Z INFO  blacksilk_node] block 9a1dd649bfc24ff0 at height 313 accepted (tip 313)
[2026-10-09T03:56:57.115Z INFO  blacksilk_node] block 2d56b57ab3abaaa7 at height 314 accepted (tip 314)
[2026-10-09T03:57:00.488Z INFO  blacksilk_node] block 21b068d7d43dd905 at height 315 accepted (tip 315)
[2026-10-09T03:57:01.881Z INFO  blacksilk_node] block 4652d1079572c32e at height 316 accepted (tip 316)
[2026-10-09T03:57:03.936Z INFO  blacksilk_node] block 3661282a33b1c73b at height 317 accepted (tip 317)
[2026-10-09T03:57:04.977Z INFO  blacksilk_node] block 61ca69dd1d2389f1 at height 317 accepted (tip 317)
[2026-10-09T03:57:06.042Z INFO  blacksilk_node] block 52b0955ee8690566 at height 318 accepted (tip 318)
[2026-10-09T03:57:07.087Z INFO  blacksilk_node] block 24fbb9993dddca9a at height 318 accepted (tip 318)
[2026-10-09T03:57:15.622Z INFO  blacksilk_node] block 7f2b01b4960a95c2 at height 319 accepted (tip 319)
[2026-10-09T03:57:16.649Z INFO  blacksilk_node] block 1c39e22552a1d6a9 at height 319 accepted (tip 319)
[2026-10-09T03:57:18.224Z INFO  blacksilk_node] block 72d832ca259de924 at height 320 accepted (tip 320)
[2026-10-09T03:57:22.355Z INFO  blacksilk_node] block ea9b5b46f38349ed at height 321 accepted (tip 321)
[2026-10-09T03:57:23.434Z INFO  blacksilk_node] block 12ac50d6fbc64fe5 at height 321 accepted (tip 321)
[2026-10-09T03:57:25.341Z INFO  blacksilk_node] block 86c97c251653ee73 at height 322 accepted (tip 322)
[2026-10-09T03:57:36.529Z INFO  blacksilk_node] block 59ad3e6f65b9892f at height 323 accepted (tip 323)
[2026-10-09T03:57:37.610Z INFO  blacksilk_node] block fbefa345f5d97175 at height 323 accepted (tip 323)
[2026-10-09T03:57:38.669Z INFO  blacksilk_node] block d70f33777f11219d at height 324 accepted (tip 324)
[2026-10-09T03:57:44.869Z INFO  blacksilk_node] block c13b365f41993030 at height 325 accepted (tip 325)
[2026-10-09T03:57:45.956Z INFO  blacksilk_node] block 4131c4f55a21a46b at height 325 accepted (tip 325)
[2026-10-09T03:57:49.476Z INFO  blacksilk_node] block db53ab226ea5eb57 at height 326 accepted (tip 326)
[2026-10-09T03:57:50.559Z INFO  blacksilk_node] block 6ceed4118cb13b6c at height 326 accepted (tip 326)
[2026-10-09T03:57:51.577Z INFO  blacksilk_node] block 6b7dbe1659f947a0 at height 326 accepted (tip 326)
[2026-10-09T03:57:52.684Z INFO  blacksilk_node] block 8db435a98465c128 at height 327 accepted (tip 327)
[2026-10-09T03:57:53.766Z INFO  blacksilk_node] block ae6d75d5e1d4604a at height 327 accepted (tip 327)
[2026-10-09T03:57:54.792Z INFO  blacksilk_node] block 76953eeb77c37ee8 at height 327 accepted (tip 327)
[2026-10-09T03:58:04.869Z INFO  blacksilk_node] block fa0102a45998d2dc at height 328 accepted (tip 328)
[2026-10-09T03:58:07.482Z INFO  blacksilk_node] block c651f9c7e320244a at height 329 accepted (tip 329)
[2026-10-09T03:58:14.622Z INFO  blacksilk_node] block 72e76bb1098715df at height 330 accepted (tip 330)
[2026-10-09T03:58:21.348Z INFO  blacksilk_node] block f7ee89e83f77f37f at height 331 accepted (tip 331)
[2026-10-09T03:58:31.809Z INFO  blacksilk_node] block f8b33328e5865bed at height 332 accepted (tip 332)
[2026-10-09T03:58:39.158Z INFO  blacksilk_node] block 18b70924653acab9 at height 333 accepted (tip 333)
[2026-10-09T03:58:40.890Z INFO  blacksilk_node] block f6576760016f61ec at height 334 accepted (tip 334)
[2026-10-09T03:58:42.948Z INFO  blacksilk_node] block 36c2b22460c69553 at height 335 accepted (tip 335)
[2026-10-09T03:58:44.160Z INFO  blacksilk_node] block 7d889ae041569367 at height 336 accepted (tip 336)
[2026-10-09T03:58:45.875Z INFO  blacksilk_node] block f983dd6a56b70fac at height 337 accepted (tip 337)
[2026-10-09T03:58:49.803Z INFO  blacksilk_node] block d1d1f95072bcbd80 at height 338 accepted (tip 338)
[2026-10-09T03:58:50.885Z INFO  blacksilk_node] block 59c2ba939117f35e at height 338 accepted (tip 338)
[2026-10-09T03:58:52.061Z INFO  blacksilk_node] block 53738ba4ff49f7cf at height 339 accepted (tip 339)
[2026-10-09T03:58:54.263Z INFO  blacksilk_node] block 3e7f52507ad729b8 at height 340 accepted (tip 340)
[2026-10-09T03:58:56.893Z INFO  blacksilk_node] block 425ecef7da9bcdf5 at height 341 accepted (tip 341)
[2026-10-09T03:59:05.036Z INFO  blacksilk_node] block a84478eaa90b9c63 at height 342 accepted (tip 342)
[2026-10-09T03:59:06.108Z INFO  blacksilk_node] block e2861fcd8e3cfd2d at height 342 accepted (tip 342)
[2026-10-09T03:59:07.130Z INFO  blacksilk_node] block 5dec18435489f46a at height 343 accepted (tip 343)
[2026-10-09T03:59:09.784Z INFO  blacksilk_node] block 48bb2f9706ee9fb5 at height 344 accepted (tip 344)
[2026-10-09T03:59:12.563Z INFO  blacksilk_node] block 46b1efdd29919474 at height 345 accepted (tip 345)
[2026-10-09T03:59:15.130Z INFO  blacksilk_node] block 44526d9fadebf6c5 at height 346 accepted (tip 346)
[2026-10-09T03:59:16.162Z INFO  blacksilk_node] block 3d566ef635cb53ed at height 346 accepted (tip 346)
[2026-10-09T03:59:17.201Z INFO  blacksilk_node] block 8cc6438a2a452797 at height 346 accepted (tip 346)
[2026-10-09T03:59:19.515Z INFO  blacksilk_node] block 15d6c6feb3a703b1 at height 347 accepted (tip 347)
[2026-10-09T03:59:21.147Z INFO  blacksilk_node] block b2675d138795c7f9 at height 348 accepted (tip 348)
[2026-10-09T03:59:22.135Z INFO  blacksilk_node] block f76833608cce9210 at height 348 accepted (tip 348)
[2026-10-09T03:59:25.090Z INFO  blacksilk_node] block e6eb3b489d821b48 at height 349 accepted (tip 349)
[2026-10-09T03:59:26.153Z INFO  blacksilk_node] block e760716822167ca4 at height 349 accepted (tip 349)
[2026-10-09T03:59:27.994Z INFO  blacksilk_node] block 6cf57089a51dfa3a at height 350 accepted (tip 350)
[2026-10-09T03:59:34.567Z INFO  blacksilk_node] block 60eb80e03ae0e570 at height 351 accepted (tip 351)
[2026-10-09T03:59:40.918Z INFO  blacksilk_node] block rejected: Header(InsufficientWork)
[2026-10-09T03:59:48.332Z INFO  blacksilk_node] block a307fcbc786e5a0f at height 352 accepted (tip 352)
[2026-10-09T03:59:51.111Z INFO  blacksilk_node] block 7ec6199205df500f at height 353 accepted (tip 353)
[2026-10-09T03:59:58.653Z INFO  blacksilk_node] block e9798c5e3184f1d2 at height 354 accepted (tip 354)
[2026-10-09T03:59:59.787Z INFO  blacksilk_node] block 0a6650975044d152 at height 354 accepted (tip 354)
[2026-10-09T04:00:01.564Z INFO  blacksilk_node] block 72dd552b2df545e0 at height 355 accepted (tip 355)
[2026-10-09T04:00:04.543Z INFO  blacksilk_node] block 47bcfaa125b218c2 at height 356 accepted (tip 356)
[2026-10-09T04:00:09.368Z INFO  blacksilk_node] block 4ca5d0b1f21743ef at height 357 accepted (tip 357)
[2026-10-09T04:00:10.467Z INFO  blacksilk_node] block 3edbdef3dfd06bf0 at height 357 accepted (tip 357)
[2026-10-09T04:00:11.900Z INFO  blacksilk_node] block b882cc5876470485 at height 358 accepted (tip 358)
[2026-10-09T04:00:13.973Z INFO  blacksilk_node] block 3eeae70d6c02e97b at height 359 accepted (tip 359)
[2026-10-09T04:00:22.138Z INFO  blacksilk_node] block f1d1b4035d582826 at height 360 accepted (tip 360)
[2026-10-09T04:00:27.514Z INFO  blacksilk_node] block 0936d903b5a84c00 at height 361 accepted (tip 361)
[2026-10-09T04:00:28.534Z INFO  blacksilk_node] block 3d2f0312cf3cc9b4 at height 361 accepted (tip 361)
[2026-10-09T04:00:29.597Z INFO  blacksilk_node] block 26e269487b47c2f2 at height 362 accepted (tip 362)
[2026-10-09T04:00:31.162Z INFO  blacksilk_node] block e6ec752a04e87dc8 at height 363 accepted (tip 363)
[2026-10-09T04:00:35.687Z INFO  blacksilk_node] block 812114e8efea1dff at height 364 accepted (tip 364)
[2026-10-09T04:00:36.964Z INFO  blacksilk_node] block 08a9c5061b4f9c89 at height 365 accepted (tip 365)
[2026-10-09T04:00:40.257Z INFO  blacksilk_node] block 6bf147fab9471927 at height 366 accepted (tip 366)
[2026-10-09T04:00:42.370Z INFO  blacksilk_node] block 9bd0a14b98bd3e9e at height 367 accepted (tip 367)
[2026-10-09T04:00:44.265Z INFO  blacksilk_node] block 2ae9487ae88ede66 at height 368 accepted (tip 368)
[2026-10-09T04:00:45.744Z INFO  blacksilk_node] block 84135c82f9109d98 at height 369 accepted (tip 369)
[2026-10-09T04:00:48.046Z INFO  blacksilk_node] block c5ae6000ae6a108f at height 370 accepted (tip 370)
[2026-10-09T04:00:49.924Z INFO  blacksilk_node] block eea9bc85d5bc09cb at height 371 accepted (tip 371)
[2026-10-09T04:00:52.202Z INFO  blacksilk_node] block bf22d6e6c0f581c8 at height 372 accepted (tip 372)
[2026-10-09T04:01:03.934Z INFO  blacksilk_node] block 6535e6f9850bc97c at height 373 accepted (tip 373)
[2026-10-09T04:01:05.608Z INFO  blacksilk_node] block bd6df9cc66b1e404 at height 374 accepted (tip 374)
[2026-10-09T04:01:11.939Z INFO  blacksilk_node] block c18b591b36b4ada8 at height 375 accepted (tip 375)
[2026-10-09T04:01:15.114Z INFO  blacksilk_node] block c928ddba8b101bb7 at height 376 accepted (tip 376)
[2026-10-09T04:01:16.138Z INFO  blacksilk_node] block b1d3722826c0c3ed at height 376 accepted (tip 376)
[2026-10-09T04:01:17.139Z INFO  blacksilk_node] block 9ae7915c60d8549f at height 376 accepted (tip 376)
[2026-10-09T04:01:18.151Z INFO  blacksilk_node] block 5a899fe8115e65b5 at height 377 accepted (tip 377)
[2026-10-09T04:01:20.063Z INFO  blacksilk_node] block ef03332d763e9dbb at height 378 accepted (tip 378)
[2026-10-09T04:01:23.737Z INFO  blacksilk_node] block 681e63e74a505b1c at height 379 accepted (tip 379)
[2026-10-09T04:01:24.742Z INFO  blacksilk_node] block cc59cfd1321243b9 at height 379 accepted (tip 379)
[2026-10-09T04:01:25.777Z INFO  blacksilk_node] block e34282677e9801a8 at height 380 accepted (tip 380)
[2026-10-09T04:01:26.833Z INFO  blacksilk_node] block 1a76168be12c466f at height 380 accepted (tip 380)
[2026-10-09T04:01:32.096Z INFO  blacksilk_node] block 2e6cd224d38844fe at height 381 accepted (tip 381)
[2026-10-09T04:01:33.193Z INFO  blacksilk_node] block 950f70cd89b7dfaa at height 381 accepted (tip 381)
[2026-10-09T04:01:34.341Z INFO  blacksilk_node] block 605eae61471501ee at height 382 accepted (tip 382)
[2026-10-09T04:01:36.115Z INFO  blacksilk_node] block 4287e47a6e319ec3 at height 383 accepted (tip 383)
[2026-10-09T04:01:37.127Z INFO  blacksilk_node] block 8b0affb5717e1509 at height 383 accepted (tip 383)
[2026-10-09T04:01:43.885Z INFO  blacksilk_node] block 4d345b0e2c588512 at height 384 accepted (tip 384)
[2026-10-09T04:01:45.580Z INFO  blacksilk_node] block 4df49480322c5df7 at height 385 accepted (tip 385)
[2026-10-09T04:01:46.775Z INFO  blacksilk_node] block 3ac5b02fdcf142ae at height 386 accepted (tip 386)
[2026-10-09T04:01:52.414Z INFO  blacksilk_node] block ca274a91fa612f87 at height 387 accepted (tip 387)
[2026-10-09T04:01:57.008Z INFO  blacksilk_node] block ec38e99837086445 at height 388 accepted (tip 388)
[2026-10-09T04:01:58.079Z INFO  blacksilk_node] block 767897bca4a9a0d9 at height 388 accepted (tip 388)
[2026-10-09T04:01:59.273Z INFO  blacksilk_node] block 7d3b1872c4325875 at height 389 accepted (tip 389)
[2026-10-09T04:02:00.351Z INFO  blacksilk_node] block 38233ea9ea9e1120 at height 389 accepted (tip 389)
[2026-10-09T04:02:01.377Z INFO  blacksilk_node] block a40b77277c5e36f0 at height 390 accepted (tip 390)
[2026-10-09T04:02:13.316Z INFO  blacksilk_node] block bd1b8c33bb6082f6 at height 391 accepted (tip 391)
[2026-10-09T04:02:14.416Z INFO  blacksilk_node] block 7cde50d5023dbeef at height 391 accepted (tip 391)
[2026-10-09T04:02:16.520Z INFO  blacksilk_node] block 2e68267ea457e98c at height 392 accepted (tip 392)
[2026-10-09T04:02:19.100Z INFO  blacksilk_node] block ec4f8f0d43d4a8fa at height 393 accepted (tip 393)
[2026-10-09T04:02:26.885Z INFO  blacksilk_node] block 15211f47d06ab8be at height 394 accepted (tip 394)
[2026-10-09T04:02:27.918Z INFO  blacksilk_node] block 4ff1c5e2e340416a at height 394 accepted (tip 394)
[2026-10-09T04:02:30.115Z INFO  blacksilk_node] block eb03b0d788885bc2 at height 395 accepted (tip 395)
[2026-10-09T04:02:31.164Z INFO  blacksilk_node] block 33abb06652f9a12a at height 395 accepted (tip 395)
[2026-10-09T04:02:32.583Z INFO  blacksilk_node] block 5ae5fd5ac3de09f7 at height 396 accepted (tip 396)
[2026-10-09T04:02:39.320Z INFO  blacksilk_node] block e3f7c64edeffc302 at height 397 accepted (tip 397)
[2026-10-09T04:02:40.344Z INFO  blacksilk_node] block bff34fdad66c5605 at height 397 accepted (tip 397)
[2026-10-09T04:02:43.436Z INFO  blacksilk_node] block 1d6b82367a96a758 at height 398 accepted (tip 398)
[2026-10-09T04:02:44.451Z INFO  blacksilk_node] block acf5f658f3aaf960 at height 398 accepted (tip 398)
[2026-10-09T04:02:50.260Z INFO  blacksilk_node] block 21057d6b0b11df6f at height 399 accepted (tip 399)
[2026-10-09T04:02:56.539Z INFO  blacksilk_node] block fb9e331c59d5b7de at height 400 accepted (tip 400)
[2026-10-09T04:03:00.986Z INFO  blacksilk_node] block 14c4aedbe7906813 at height 401 accepted (tip 401)
[2026-10-09T04:03:05.118Z INFO  blacksilk_node] block 666a8e4a6cec0ca4 at height 402 accepted (tip 402)
[2026-10-09T04:03:06.162Z INFO  blacksilk_node] block 61ff2e3a3fb34315 at height 402 accepted (tip 402)
[2026-10-09T04:03:07.180Z INFO  blacksilk_node] block 0c48c4722d9d9a67 at height 402 accepted (tip 402)
[2026-10-09T04:03:08.196Z INFO  blacksilk_node] block 25f3c877d152142f at height 403 accepted (tip 403)
[2026-10-09T04:03:09.291Z INFO  blacksilk_node] block d8ee4eb7dd81bbe1 at height 403 accepted (tip 403)
[2026-10-09T04:03:10.349Z INFO  blacksilk_node] block f53c76f25af26fea at height 403 accepted (tip 403)
[2026-10-09T04:03:11.330Z INFO  blacksilk_node] block 509a7a41558990a4 at height 403 accepted (tip 403)
[2026-10-09T04:03:12.330Z INFO  blacksilk_node] block b6a9621998c7f7f4 at height 403 accepted (tip 403)
[2026-10-09T04:03:13.383Z INFO  blacksilk_node] block 544e847ce7b24608 at height 404 accepted (tip 404)
[2026-10-09T04:03:14.405Z INFO  blacksilk_node] block 5f429b9f41f47627 at height 404 accepted (tip 404)
[2026-10-09T04:03:15.474Z INFO  blacksilk_node] block d4adb79c827e7f4d at height 404 accepted (tip 404)
[2026-10-09T04:03:16.526Z INFO  blacksilk_node] block efaf50ad60af9cea at height 404 accepted (tip 404)
[2026-10-09T04:03:17.597Z INFO  blacksilk_node] block 227c8ef3896a8d88 at height 404 accepted (tip 404)
[2026-10-09T04:03:18.635Z INFO  blacksilk_node] block d3585857750d8df7 at height 405 accepted (tip 405)
[2026-10-09T04:03:19.685Z INFO  blacksilk_node] block 6ffd54dcfcfbc9f7 at height 405 accepted (tip 405)
[2026-10-09T04:03:22.626Z INFO  blacksilk_node] block 67aa77a9ed307165 at height 406 accepted (tip 406)
[2026-10-09T04:03:31.402Z INFO  blacksilk_node] block bc9bd44a8dec2beb at height 407 accepted (tip 407)
[2026-10-09T04:03:36.339Z INFO  blacksilk_node] block 056e091b9dbe9964 at height 408 accepted (tip 408)
[2026-10-09T04:03:37.425Z INFO  blacksilk_node] block abbb25ce86b13e96 at height 408 accepted (tip 408)
[2026-10-09T04:03:38.454Z INFO  blacksilk_node] block 19db8dd100762263 at height 409 accepted (tip 409)
[2026-10-09T04:03:44.226Z INFO  blacksilk_node] block 4bdbd89a28824b7a at height 410 accepted (tip 410)
[2026-10-09T04:03:58.104Z INFO  blacksilk_node] block 24c4889035bf3fa0 at height 411 accepted (tip 411)
[2026-10-09T04:04:00.198Z INFO  blacksilk_node] block 53b2b04e7a372686 at height 412 accepted (tip 412)
[2026-10-09T04:04:01.747Z INFO  blacksilk_node] block 844ae690fc817edb at height 413 accepted (tip 413)
[2026-10-09T04:04:06.660Z INFO  blacksilk_node] block 4db1fe878f5b6cc6 at height 414 accepted (tip 414)
[2026-10-09T04:04:09.937Z INFO  blacksilk_node] block 463439b5e7bc4f50 at height 415 accepted (tip 415)
[2026-10-09T04:04:10.996Z INFO  blacksilk_node] block 8bb8d3395db5a18c at height 415 accepted (tip 415)
[2026-10-09T04:04:16.414Z INFO  blacksilk_node] block 8ac0cf10162cadda at height 416 accepted (tip 416)
[2026-10-09T04:04:18.027Z INFO  blacksilk_node] block 63830456a8c8d1d3 at height 417 accepted (tip 417)
[2026-10-09T04:04:20.192Z INFO  blacksilk_node] block 9340f4a0f7b62414 at height 418 accepted (tip 418)
[2026-10-09T04:04:21.479Z INFO  blacksilk_node] block 151280cb28430d60 at height 419 accepted (tip 419)
[2026-10-09T04:04:22.522Z INFO  blacksilk_node] block b9689b7a03caa276 at height 419 accepted (tip 419)
[2026-10-09T04:04:30.159Z INFO  blacksilk_node] block bb9ab0e751a2a673 at height 420 accepted (tip 420)
[2026-10-09T04:04:34.358Z INFO  blacksilk_node] block b4a84ee66fb65ea0 at height 421 accepted (tip 421)
[2026-10-09T04:04:35.461Z INFO  blacksilk_node] block 7844f0c9a8f379cc at height 421 accepted (tip 421)
[2026-10-09T04:04:40.426Z INFO  blacksilk_node] block 58256f2688613e54 at height 422 accepted (tip 422)
[2026-10-09T04:04:41.466Z INFO  blacksilk_node] block 5775bf0bad8d7cc6 at height 422 accepted (tip 422)
[2026-10-09T04:04:42.509Z INFO  blacksilk_node] block 97fc3a6754f6a38f at height 422 accepted (tip 422)
[2026-10-09T04:04:43.829Z INFO  blacksilk_node] block f5b6a53882292410 at height 423 accepted (tip 423)
[2026-10-09T04:04:46.805Z INFO  blacksilk_node] block 4d9477bebc15a630 at height 424 accepted (tip 424)
[2026-10-09T04:04:49.706Z INFO  blacksilk_node] block 4320f802d0ee64a1 at height 425 accepted (tip 425)
[2026-10-09T04:04:53.643Z INFO  blacksilk_node] block 4cadb01f66ebf054 at height 426 accepted (tip 426)
[2026-10-09T04:05:07.486Z INFO  blacksilk_node] block 4ae4f8418922461f at height 427 accepted (tip 427)
[2026-10-09T04:05:11.103Z INFO  blacksilk_node] block 1c790010f185d1c1 at height 428 accepted (tip 428)
[2026-10-09T04:05:12.185Z INFO  blacksilk_node] block e6fbca4dd8c62318 at height 428 accepted (tip 428)
[2026-10-09T04:05:13.260Z INFO  blacksilk_node] block a92bd63e289b02ac at height 429 accepted (tip 429)
[2026-10-09T04:05:16.850Z INFO  blacksilk_node] block 29e029ad15e1cf4d at height 430 accepted (tip 430)
[2026-10-09T04:05:17.900Z INFO  blacksilk_node] block 1de5c75ea0b0c8f5 at height 430 accepted (tip 430)
[2026-10-09T04:05:18.988Z INFO  blacksilk_node] block 93a7ce4df00328eb at height 431 accepted (tip 431)
[2026-10-09T04:05:19.995Z INFO  blacksilk_node] block 2b0f883531f642e1 at height 431 accepted (tip 431)
[2026-10-09T04:05:21.023Z INFO  blacksilk_node] block db81892f36d97f32 at height 432 accepted (tip 432)
[2026-10-09T04:05:24.392Z INFO  blacksilk_node] block a10a96a671dffc39 at height 433 accepted (tip 433)
[2026-10-09T04:05:34.077Z INFO  blacksilk_node] block 7918f1a2e14b95cf at height 434 accepted (tip 434)
[2026-10-09T04:05:39.691Z INFO  blacksilk_node] block 38cb482da2103989 at height 435 accepted (tip 435)
[2026-10-09T04:05:40.733Z INFO  blacksilk_node] block 1b9bde01c84db79e at height 435 accepted (tip 435)
[2026-10-09T04:05:41.739Z INFO  blacksilk_node] block 6780ee6505b94085 at height 436 accepted (tip 436)
[2026-10-09T04:05:47.814Z INFO  blacksilk_node] block 5fc8802d5c58a108 at height 437 accepted (tip 437)
[2026-10-09T04:05:49.686Z INFO  blacksilk_node] block 29eb34fbc4964a9b at height 438 accepted (tip 438)
[2026-10-09T04:05:50.716Z INFO  blacksilk_node] block 05d7e6d7dbf54655 at height 438 accepted (tip 438)
[2026-10-09T04:05:59.059Z INFO  blacksilk_node] block 1dc59d604614feea at height 439 accepted (tip 439)
[2026-10-09T04:06:01.446Z INFO  blacksilk_node] block dba178c2a24eb53e at height 440 accepted (tip 440)
[2026-10-09T04:06:05.757Z INFO  blacksilk_node] block 1d77482e76a8a0c3 at height 441 accepted (tip 441)
[2026-10-09T04:06:08.456Z INFO  blacksilk_node] block 810dbe321d11dd73 at height 442 accepted (tip 442)
[2026-10-09T04:06:14.105Z INFO  blacksilk_node] block 51a569aac5b4cdd0 at height 443 accepted (tip 443)
[2026-10-09T04:06:15.527Z INFO  blacksilk_node] block 3ba81aa37c56d665 at height 444 accepted (tip 444)
[2026-10-09T04:06:18.439Z INFO  blacksilk_node] block af1159c43e711553 at height 445 accepted (tip 445)
[2026-10-09T04:06:23.164Z INFO  blacksilk_node] block ead60767dab6ca77 at height 446 accepted (tip 446)
[2026-10-09T04:06:24.202Z INFO  blacksilk_node] block cf0999d25c671e35 at height 446 accepted (tip 446)
[2026-10-09T04:06:25.243Z INFO  blacksilk_node] block 7399c1efa259e737 at height 447 accepted (tip 447)
[2026-10-09T04:06:26.272Z INFO  blacksilk_node] block 130de38a34bb1813 at height 447 accepted (tip 447)
[2026-10-09T04:06:31.291Z INFO  blacksilk_node] block b1b91a6070f56793 at height 448 accepted (tip 448)
[2026-10-09T04:06:33.610Z INFO  blacksilk_node] block ed1b910b7db2a7a4 at height 449 accepted (tip 449)
[2026-10-09T04:06:34.672Z INFO  blacksilk_node] block 39a36b76d5290cde at height 449 accepted (tip 449)
[2026-10-09T04:06:37.139Z INFO  blacksilk_node] block c092367892947626 at height 450 accepted (tip 450)
[2026-10-09T04:06:42.877Z INFO  blacksilk_node] block 4043291d754f9ef1 at height 451 accepted (tip 451)
[2026-10-09T04:06:44.964Z INFO  blacksilk_node] block fe4e6f6237de4ed3 at height 452 accepted (tip 452)
[2026-10-09T04:06:47.676Z INFO  blacksilk_node] block 10d15893eaf51f97 at height 453 accepted (tip 453)
[2026-10-09T04:06:48.966Z INFO  blacksilk_node] block 26ab62adb8c11256 at height 454 accepted (tip 454)
[2026-10-09T04:06:50.004Z INFO  blacksilk_node] block a03d0951c2c5ac4a at height 454 accepted (tip 454)
[2026-10-09T04:06:55.002Z INFO  blacksilk_node] block 25a3c861a53539a8 at height 455 accepted (tip 455)
[2026-10-09T04:06:57.049Z INFO  blacksilk_node] block 1135e06486ca1253 at height 456 accepted (tip 456)
[2026-10-09T04:06:58.111Z INFO  blacksilk_node] block 69d475e2689dabf3 at height 456 accepted (tip 456)
[2026-10-09T04:07:01.324Z INFO  blacksilk_node] block f7e9fd01304d4fe8 at height 457 accepted (tip 457)
[2026-10-09T04:07:02.387Z INFO  blacksilk_node] block 6085f7acffd5bbe9 at height 457 accepted (tip 457)
[2026-10-09T04:07:03.401Z INFO  blacksilk_node] block cb06dece5dcf24ba at height 458 accepted (tip 458)
[2026-10-09T04:07:06.796Z INFO  blacksilk_node] block b985e8f8f7f29780 at height 459 accepted (tip 459)
[2026-10-09T04:07:12.739Z INFO  blacksilk_node] block 1564ee677cfb165d at height 460 accepted (tip 460)
[2026-10-09T04:07:13.788Z INFO  blacksilk_node] block 16d52f829646bd6c at height 460 accepted (tip 460)
[2026-10-09T04:07:16.275Z INFO  blacksilk_node] block f0daf57cc69b41a8 at height 461 accepted (tip 461)
[2026-10-09T04:07:19.052Z INFO  blacksilk_node] block f8f37ad38e26fab1 at height 462 accepted (tip 462)
[2026-10-09T04:07:20.092Z INFO  blacksilk_node] block 142f1f57df431180 at height 462 accepted (tip 462)
[2026-10-09T04:07:21.142Z INFO  blacksilk_node] block 758931144543f0cf at height 462 accepted (tip 462)
[2026-10-09T04:07:25.566Z INFO  blacksilk_node] block 88b67a5897686d4f at height 463 accepted (tip 463)
[2026-10-09T04:07:30.246Z INFO  blacksilk_node] block f2f7582ac5cdd0b9 at height 464 accepted (tip 464)
[2026-10-09T04:07:32.519Z INFO  blacksilk_node] block c70e77196f9e5b16 at height 465 accepted (tip 465)
[2026-10-09T04:07:36.266Z INFO  blacksilk_node] block 3309b164eedbfadc at height 466 accepted (tip 466)
[2026-10-09T04:07:37.304Z INFO  blacksilk_node] block 11591f93c1a5cce0 at height 466 accepted (tip 466)
[2026-10-09T04:07:39.429Z INFO  blacksilk_node] block 4cb658f405d1aa7b at height 467 accepted (tip 467)
[2026-10-09T04:07:49.151Z INFO  blacksilk_node] block ce0f53930d33c273 at height 468 accepted (tip 468)
[2026-10-09T04:07:52.441Z INFO  blacksilk_node] block 41a334b9f1ba629f at height 469 accepted (tip 469)
[2026-10-09T04:07:55.477Z INFO  blacksilk_node] block 8f08af77eedbfd61 at height 470 accepted (tip 470)
[2026-10-09T04:08:06.750Z INFO  blacksilk_node] block 55e7df8692b70e2a at height 471 accepted (tip 471)
[2026-10-09T04:08:15.303Z INFO  blacksilk_node] block 7a98735f53fe2e8e at height 472 accepted (tip 472)
[2026-10-09T04:08:17.427Z INFO  blacksilk_node] block 8e76cc62d7a467a0 at height 473 accepted (tip 473)
[2026-10-09T04:08:19.137Z INFO  blacksilk_node] block e632e3c1a0809fc5 at height 474 accepted (tip 474)
[2026-10-09T04:08:25.149Z INFO  blacksilk_node] block 63b7253e0c33e2b5 at height 475 accepted (tip 475)
[2026-10-09T04:08:30.192Z INFO  blacksilk_node] block 6780a81b680f4322 at height 476 accepted (tip 476)
[2026-10-09T04:08:34.106Z INFO  blacksilk_node] block 18993a132a77247f at height 477 accepted (tip 477)
[2026-10-09T04:08:37.666Z INFO  blacksilk_node] block 9dc323a304c66ffb at height 478 accepted (tip 478)
[2026-10-09T04:08:40.623Z INFO  blacksilk_node] block 9ef491df29ce6ab6 at height 479 accepted (tip 479)
[2026-10-09T04:08:42.654Z INFO  blacksilk_node] block d58e13db6590dd32 at height 480 accepted (tip 480)
[2026-10-09T04:08:43.729Z INFO  blacksilk_node] block f94525dd05b50327 at height 480 accepted (tip 480)
[2026-10-09T04:08:49.713Z INFO  blacksilk_node] block e03fe9ab2144efb1 at height 481 accepted (tip 481)
[2026-10-09T04:08:53.253Z INFO  blacksilk_node] block 864cb3d0ecc91db3 at height 482 accepted (tip 482)
[2026-10-09T04:08:54.358Z INFO  blacksilk_node] block 602814b38d1ed97a at height 482 accepted (tip 482)
[2026-10-09T04:08:55.400Z INFO  blacksilk_node] block b6c974f741618cc3 at height 483 accepted (tip 483)
[2026-10-09T04:08:56.412Z INFO  blacksilk_node] block 961e54b323dfeb2d at height 483 accepted (tip 483)
[2026-10-09T04:08:57.460Z INFO  blacksilk_node] block 088922251c05fddc at height 483 accepted (tip 483)
[2026-10-09T04:09:04.957Z INFO  blacksilk_node] block 7606c2d69ddb3f3d at height 484 accepted (tip 484)
[2026-10-09T04:09:06.154Z INFO  blacksilk_node] block 7be67012175f3397 at height 485 accepted (tip 485)
[2026-10-09T04:09:09.781Z INFO  blacksilk_node] block 15f0203a62f9fbbe at height 486 accepted (tip 486)
[2026-10-09T04:09:10.789Z INFO  blacksilk_node] block e4e3c850335c027e at height 486 accepted (tip 486)
[2026-10-09T04:09:14.202Z INFO  blacksilk_node] block 8c4e340588b9ba3a at height 487 accepted (tip 487)
[2026-10-09T04:09:19.592Z INFO  blacksilk_node] block 86f62ba60ca93123 at height 488 accepted (tip 488)
[2026-10-09T04:09:28.502Z INFO  blacksilk_node] block 14281e1c60683544 at height 489 accepted (tip 489)
[2026-10-09T04:09:29.809Z INFO  blacksilk_node] block 04c9abeba373ed89 at height 490 accepted (tip 490)
[2026-10-09T04:09:33.048Z INFO  blacksilk_node] block a8710156c9689505 at height 491 accepted (tip 491)
[2026-10-09T04:09:34.366Z INFO  blacksilk_node] block e16fcb17deba8be6 at height 492 accepted (tip 492)
[2026-10-09T04:09:40.211Z INFO  blacksilk_node] block de05c1df975d8cba at height 493 accepted (tip 493)
[2026-10-09T04:09:41.338Z INFO  blacksilk_node] block a131381efa0e1347 at height 493 accepted (tip 493)
[2026-10-09T04:09:43.234Z INFO  blacksilk_node] block 92b7b5b13730b68b at height 494 accepted (tip 494)
[2026-10-09T04:09:44.350Z INFO  blacksilk_node] block 4820fe9a825e8060 at height 494 accepted (tip 494)
[2026-10-09T04:09:45.424Z INFO  blacksilk_node] block 37c3bcdf0b6cc645 at height 495 accepted (tip 495)
[2026-10-09T04:10:03.093Z INFO  blacksilk_node] block 8b54c5d1ed6978e4 at height 496 accepted (tip 496)
[2026-10-09T04:10:04.136Z INFO  blacksilk_node] block 2d351efb499df14d at height 496 accepted (tip 496)
[2026-10-09T04:10:05.619Z INFO  blacksilk_node] block 6a4639a7fbfa14c4 at height 497 accepted (tip 497)
[2026-10-09T04:10:10.789Z INFO  blacksilk_node] block ba0cc9eca114d346 at height 498 accepted (tip 498)
[2026-10-09T04:10:11.831Z INFO  blacksilk_node] block 99e8ba7ee25168e1 at height 498 accepted (tip 498)
[2026-10-09T04:10:12.881Z INFO  blacksilk_node] block 69c82fe9aa1b1e8a at height 498 accepted (tip 498)
[2026-10-09T04:10:13.919Z INFO  blacksilk_node] block c8499c8daa4c06c3 at height 499 accepted (tip 499)
[2026-10-09T04:10:17.599Z INFO  blacksilk_node] block eeba156ddfc063db at height 500 accepted (tip 500)
[2026-10-09T04:10:19.764Z INFO  blacksilk_node] block c61a98d1916201fd at height 501 accepted (tip 501)
[2026-10-09T04:10:22.429Z INFO  blacksilk_node] block 9a70bdfe84b9d466 at height 502 accepted (tip 502)
[2026-10-09T04:10:23.531Z INFO  blacksilk_node] block d79842f087d889ad at height 502 accepted (tip 502)
[2026-10-09T04:10:24.551Z INFO  blacksilk_node] block 08509567626b8041 at height 502 accepted (tip 502)
[2026-10-09T04:10:25.591Z INFO  blacksilk_node] block 335f34f394a44093 at height 503 accepted (tip 503)
[2026-10-09T04:10:26.676Z INFO  blacksilk_node] block e4ad3a5185452897 at height 503 accepted (tip 503)
[2026-10-09T04:10:30.803Z INFO  blacksilk_node] block 8f0c6b35cd64dbd4 at height 504 accepted (tip 504)
[2026-10-09T04:10:34.973Z INFO  blacksilk_node] block 0121b231871f195f at height 505 accepted (tip 505)
[2026-10-09T04:10:37.848Z INFO  blacksilk_node] block 54de5d3d8022c824 at height 506 accepted (tip 506)
[2026-10-09T04:10:41.867Z INFO  blacksilk_node] block bf3da3d08aaa3878 at height 507 accepted (tip 507)
[2026-10-09T04:10:44.027Z INFO  blacksilk_node] block 9099a9d4605516ba at height 508 accepted (tip 508)
[2026-10-09T04:10:46.639Z INFO  blacksilk_node] block 1c274ea78afee63e at height 509 accepted (tip 509)
[2026-10-09T04:10:47.689Z INFO  blacksilk_node] block 652ce15883564719 at height 509 accepted (tip 509)
[2026-10-09T04:10:53.244Z INFO  blacksilk_node] block 2adc946608e4bdcf at height 510 accepted (tip 510)
[2026-10-09T04:11:10.954Z INFO  blacksilk_node] block c09bcf37ff6bf076 at height 511 accepted (tip 511)
[2026-10-09T04:11:13.208Z INFO  blacksilk_node] block 2f69163540bdb6fa at height 512 accepted (tip 512)
[2026-10-09T04:11:22.181Z INFO  blacksilk_node] block c594bf719cb08129 at height 513 accepted (tip 513)
[2026-10-09T04:11:23.246Z INFO  blacksilk_node] block b1422052cce5e5e6 at height 513 accepted (tip 513)
[2026-10-09T04:11:29.985Z INFO  blacksilk_node] block f5644db4d1925b83 at height 514 accepted (tip 514)
[2026-10-09T04:11:36.546Z INFO  blacksilk_node] block 8f0b2d55ab94b070 at height 515 accepted (tip 515)
[2026-10-09T04:11:39.334Z INFO  blacksilk_node] block c44f626da71cd91b at height 516 accepted (tip 516)
[2026-10-09T04:11:40.422Z INFO  blacksilk_node] block ff84c27dbdb3337d at height 517 accepted (tip 517)
[2026-10-09T04:11:41.498Z INFO  blacksilk_node] block 3c17a5ebde9188d4 at height 517 accepted (tip 517)
[2026-10-09T04:11:43.816Z INFO  blacksilk_node] block 28fff9e7645be4a3 at height 518 accepted (tip 518)
[2026-10-09T04:11:47.423Z INFO  blacksilk_node] block a578d5510196a311 at height 519 accepted (tip 519)
[2026-10-09T04:11:56.503Z INFO  blacksilk_node] block 2246ada975a7848a at height 520 accepted (tip 520)
[2026-10-09T04:12:00.347Z INFO  blacksilk_node] block 0ccdfe8388064ba4 at height 521 accepted (tip 521)
[2026-10-09T04:12:22.566Z INFO  blacksilk_node] block 49fc1f04e396f401 at height 522 accepted (tip 522)
[2026-10-09T04:12:47.212Z INFO  blacksilk_node] block e3615882f778de8d at height 523 accepted (tip 523)
[2026-10-09T04:13:02.601Z INFO  blacksilk_node] block eef08233c719f41a at height 524 accepted (tip 524)
[2026-10-09T04:13:07.638Z INFO  blacksilk_node] block 6fb31625d3f2970d at height 525 accepted (tip 525)
[2026-10-09T04:13:27.768Z INFO  blacksilk_node] block 84e79dd06b235a43 at height 526 accepted (tip 526)
[2026-10-09T04:13:37.635Z INFO  blacksilk_node] block 9c8fda5f05dafcdf at height 527 accepted (tip 527)
[2026-10-09T04:13:38.677Z INFO  blacksilk_node] block af08cc6ee4471d30 at height 527 accepted (tip 527)
[2026-10-09T04:13:52.328Z INFO  blacksilk_node] block 8446449d3357c27e at height 528 accepted (tip 528)
[2026-10-09T04:14:15.221Z INFO  blacksilk_node] block eb2a96cc1562290b at height 529 accepted (tip 529)
[2026-10-09T04:14:16.246Z INFO  blacksilk_node] block d078f0abea9647ff at height 529 accepted (tip 529)
[2026-10-09T04:14:19.096Z INFO  blacksilk_node] block c4f267c9d8d7425a at height 530 accepted (tip 530)
[2026-10-09T04:14:25.023Z INFO  blacksilk_node] block 245f03d8a42ec926 at height 531 accepted (tip 531)
[2026-10-09T04:14:30.192Z INFO  blacksilk_node] block 0e56fd9c1c2e1764 at height 532 accepted (tip 532)
[2026-10-09T04:14:34.069Z INFO  blacksilk_node] block d9486e70b537d0a4 at height 533 accepted (tip 533)
[2026-10-09T04:14:39.706Z INFO  blacksilk_node] block 58ee397aa53985ba at height 534 accepted (tip 534)
[2026-10-09T04:14:44.216Z INFO  blacksilk_node] block 5be43f530f354f80 at height 535 accepted (tip 535)
[2026-10-09T04:15:28.193Z INFO  blacksilk_node] block 18c9aabbed53373f at height 536 accepted (tip 536)
[2026-10-09T04:15:31.207Z INFO  blacksilk_node] block acf2c09ef9789959 at height 537 accepted (tip 537)
[2026-10-09T04:15:47.009Z INFO  blacksilk_node] block 41d53f1afc7fb659 at height 538 accepted (tip 538)
[2026-10-09T04:15:48.641Z INFO  blacksilk_node] block 4975e7ee9f347151 at height 539 accepted (tip 539)
[2026-10-09T04:15:52.713Z INFO  blacksilk_node] block e433064e43d3b574 at height 540 accepted (tip 540)
[2026-10-09T04:15:57.559Z INFO  blacksilk_node] block d3ef277286c864ad at height 541 accepted (tip 541)
[2026-10-09T04:16:00.413Z INFO  blacksilk_node] block 0297565b8fef8523 at height 542 accepted (tip 542)
[2026-10-09T04:16:07.888Z INFO  blacksilk_node] block 89d3cd7f17cd25e7 at height 543 accepted (tip 543)
[2026-10-09T04:18:28.165Z INFO  blacksilk_node] block 110273fe01befac3 at height 544 accepted (tip 544)
[2026-10-09T04:18:36.352Z INFO  blacksilk_node] block aed130ee275a845a at height 545 accepted (tip 545)
[2026-10-09T04:19:39.375Z INFO  blacksilk_node] block 1608c116f1310f3a at height 546 accepted (tip 546)
[2026-10-09T04:21:06.669Z INFO  blacksilk_node] block 0c633de48124a1e3 at height 547 accepted (tip 547)
[2026-10-09T04:21:45.156Z INFO  blacksilk_node] block d6f6d2f9587dfa00 at height 548 accepted (tip 548)
[2026-10-09T04:21:55.742Z INFO  blacksilk_node] block 76a075e23dc30cc3 at height 549 accepted (tip 549)
[2026-10-09T04:22:07.180Z INFO  blacksilk_node] block efc78c9e67218bbd at height 550 accepted (tip 550)
[2026-10-09T04:22:10.773Z INFO  blacksilk_node] block 388110e5e81ca15a at height 551 accepted (tip 551)
[2026-10-09T04:22:20.605Z INFO  blacksilk_node] block 1caf4946b46a2da0 at height 552 accepted (tip 552)
[2026-10-09T04:22:59.096Z INFO  blacksilk_node] block 8996f3e3c97ddafa at height 553 accepted (tip 553)
[2026-10-09T04:23:23.971Z INFO  blacksilk_node] block 3492320eded1dab8 at height 554 accepted (tip 554)
[2026-10-09T04:23:53.573Z INFO  blacksilk_node] block dc04f8c0347da40e at height 555 accepted (tip 555)
[2026-10-09T04:24:09.510Z INFO  blacksilk_node] block 5e0ea890f7196a1a at height 556 accepted (tip 556)
[2026-10-09T04:38:19.429Z INFO  blacksilk_node] Ctrl-C: shutting down
