1791519386578 - < {"id":1,"jsonrpc":"2.0","method":"login","params":{"login":"x","pass":"x","agent":"XMRig/6.26.0 (Windows NT 10.0; Win64; x64) libuv/1.51.0 msvc/2022","algo":["rx/blacksilk","cn/2","cn/r","cn/fast","cn/half","cn/xao","cn/rto","cn/rwz","cn/zls","cn/double","cn/ccx","cn-lite/1","cn-heavy/0","cn-heavy/tube","cn-heavy/xhv","cn-pico","cn-pico/tlo","cn/upx2","rx/0","rx/2","rx/wow","rx/arq","rx/graft","rx/sfx","cn/1","rx/yada","argon2/chukwa","argon2/chukwav2","argon2/ninja"]}}
1791519386578 39ef33ac > {"error":null,"id":1,"jsonrpc":"2.0","result":{"extensions":["algo","keepalive"],"id":"39ef33ac","job":{"algo":"rx/blacksilk","blob":"4253696c6b2f31d9c779a1143a7e877a5e2db91befc5c85f644a6437349155049ecccb94505f8200000000c264cd18","height":544,"job_id":"1","seed_hash":"3dbdba2aca8842cd3e02c7d8c72078f77ff132cc3c84a7f8b87891d0cc106141","target":"19484a4f8c070900"},"status":"OK"}}
1791519443519 39ef33ac > {"jsonrpc":"2.0","method":"job","params":{"algo":"rx/blacksilk","blob":"4253696c6b2f3123fa77c62d0e3da7941fa69d7d75b89495532a1564769ba0e155b183f435a1d70000000085bf775f","height":544,"job_id":"2","seed_hash":"3dbdba2aca8842cd3e02c7d8c72078f77ff132cc3c84a7f8b87891d0cc106141","target":"19484a4f8c070900"}}
1791519446758 39ef33ac < {"id":2,"jsonrpc":"2.0","method":"keepalived","params":{"id":"39ef33ac"}}
1791519446758 39ef33ac > {"error":null,"id":2,"jsonrpc":"2.0","result":{"status":"KEEPALIVED"}}
1791519503597 39ef33ac > {"jsonrpc":"2.0","method":"job","params":{"algo":"rx/blacksilk","blob":"4253696c6b2f312ccbc6dc780321a5014104e222e4baddf09e66a41e7a588f056a0284856fff9700000000252e719d","height":544,"job_id":"3","seed_hash":"3dbdba2aca8842cd3e02c7d8c72078f77ff132cc3c84a7f8b87891d0cc106141","target":"19484a4f8c070900"}}
1791519506433 39ef33ac < {"id":3,"jsonrpc":"2.0","method":"submit","params":{"id":"39ef33ac","job_id":"3","nonce":"a1000100","result":"3bf82544e94511b4214edea8f0d3fa64dbbc6793f1035c7bc5dead7dc6ba0000","algo":"rx/blacksilk"}}
1791519508166 39ef33ac > {"error":null,"id":3,"jsonrpc":"2.0","result":{"status":"OK"}}
1791519508187 39ef33ac > {"jsonrpc":"2.0","method":"job","params":{"algo":"rx/blacksilk","blob":"4253696c6b2f319a6a1194325be8160dbcd65dd34f3eaa3eea441a6c213e2c234efa4a80ecea1800000000bc4973cb","height":545,"job_id":"4","seed_hash":"3dbdba2aca8842cd3e02c7d8c72078f77ff132cc3c84a7f8b87891d0cc106141","target":"0b40970a40970a00"}}
1791519515395 39ef33ac < {"id":4,"jsonrpc":"2.0","method":"submit","params":{"id":"39ef33ac","job_id":"4","nonce":"9d010000","result":"120f487557ee31f77316c5895f31fd725d610c6c9b55ba5052871a09b8910100","algo":"rx/blacksilk"}}
1791519516353 39ef33ac > {"error":null,"id":4,"jsonrpc":"2.0","result":{"status":"OK"}}
1791519516367 39ef33ac > {"jsonrpc":"2.0","method":"job","params":{"algo":"rx/blacksilk","blob":"4253696c6b2f31701f35d2a15f47291a6dd2e0f20e5e616085e621f195f03763c28725ff5b45d100000000501001b0","height":546,"job_id":"5","seed_hash":"3dbdba2aca8842cd3e02c7d8c72078f77ff132cc3c84a7f8b87891d0cc106141","target":"8f477654a5740a00"}}
1791519576143 39ef33ac < {"id":5,"jsonrpc":"2.0","method":"keepalived","params":{"id":"39ef33ac"}}
1791519576143 39ef33ac > {"error":null,"id":5,"jsonrpc":"2.0","result":{"status":"KEEPALIVED"}}
1791519576411 39ef33ac > {"jsonrpc":"2.0","method":"job","params":{"algo":"rx/blacksilk","blob":"4253696c6b2f31682d1423fe7021d126e764add4bb57b34787845ec79497b26c050f35c43ce3b300000000049827b3","height":546,"job_id":"6","seed_hash":"3dbdba2aca8842cd3e02c7d8c72078f77ff132cc3c84a7f8b87891d0cc106141","target":"8f477654a5740a00"}}
1791519578464 39ef33ac < {"id":6,"jsonrpc":"2.0","method":"submit","params":{"id":"39ef33ac","job_id":"6","nonce":"74000100","result":"119af3855d0e017221478ff9d0fde717820cfd7d02f43fb3840e7a72aca90000","algo":"rx/blacksilk"}}
1791519579375 39ef33ac > {"error":null,"id":6,"jsonrpc":"2.0","result":{"status":"OK"}}
1791519579399 39ef33ac > {"jsonrpc":"2.0","method":"job","params":{"algo":"rx/blacksilk","blob":"4253696c6b2f31027721a82a86074da5bbab423ca69ccf9d5d3d3e9be5ad7f4cb391cb19cb715700000000f2819a60","height":547,"job_id":"7","seed_hash":"3dbdba2aca8842cd3e02c7d8c72078f77ff132cc3c84a7f8b87891d0cc106141","target":"ccd96129faf40b00"}}
1791519639340 39ef33ac < {"id":7,"jsonrpc":"2.0","method":"keepalived","params":{"id":"39ef33ac"}}
1791519639340 39ef33ac > {"error":null,"id":7,"jsonrpc":"2.0","result":{"status":"KEEPALIVED"}}
1791519639438 39ef33ac > {"jsonrpc":"2.0","method":"job","params":{"algo":"rx/blacksilk","blob":"4253696c6b2f31ed56ec64f398e26d11642f74348d243633718fc392de418cc8c21f2da5d62b2e0000000000e3759f","height":547,"job_id":"8","seed_hash":"3dbdba2aca8842cd3e02c7d8c72078f77ff132cc3c84a7f8b87891d0cc106141","target":"ccd96129faf40b00"}}
1791519665635 39ef33ac < {"id":8,"jsonrpc":"2.0","method":"submit","params":{"id":"39ef33ac","job_id":"8","nonce":"da050100","result":"cf232b1ab176f4700739545cf6b01d24705ff59e3783caa4c1ee973685580200","algo":"rx/blacksilk"}}
1791519666670 39ef33ac > {"error":null,"id":8,"jsonrpc":"2.0","result":{"status":"OK"}}
1791519666700 39ef33ac > {"jsonrpc":"2.0","method":"job","params":{"algo":"rx/blacksilk","blob":"4253696c6b2f31772e7ef161a83ba9de4b1159ea10dafde43cfb3dbb7f6884a78b3e3e2e77c37100000000adb3d21f","height":548,"job_id":"9","seed_hash":"3dbdba2aca8842cd3e02c7d8c72078f77ff132cc3c84a7f8b87891d0cc106141","target":"3428b7195d6f0d00"}}
1791519704175 39ef33ac < {"id":9,"jsonrpc":"2.0","method":"submit","params":{"id":"39ef33ac","job_id":"9","nonce":"51080100","result":"be25e38a15fa0aa699d94d4013f5b7a8eb145fb0789e40076207409fd07f0200","algo":"rx/blacksilk"}}
1791519705157 39ef33ac > {"error":null,"id":9,"jsonrpc":"2.0","result":{"status":"OK"}}
1791519705178 39ef33ac > {"jsonrpc":"2.0","method":"job","params":{"algo":"rx/blacksilk","blob":"4253696c6b2f313133e0591d97175ab1983e729657036f4054cff2dab29aad5b7329a3b19260f800000000d98eae9c","height":549,"job_id":"10","seed_hash":"3dbdba2aca8842cd3e02c7d8c72078f77ff132cc3c84a7f8b87891d0cc106141","target":"0e00a91649e90d00"}}
1791519714756 39ef33ac < {"id":10,"jsonrpc":"2.0","method":"submit","params":{"id":"39ef33ac","job_id":"10","nonce":"23820100","result":"a590a851404eef925207c9901fa579ff60d728e405158b0ec0e116bb30050000","algo":"rx/blacksilk"}}
1791519715743 39ef33ac > {"error":null,"id":10,"jsonrpc":"2.0","result":{"status":"OK"}}
1791519715757 39ef33ac > {"jsonrpc":"2.0","method":"job","params":{"algo":"rx/blacksilk","blob":"4253696c6b2f3166c245f5558db7a003c71464ae6449a5ee3943a9c05a2938ba63b20c908aed0800000000035fc240","height":550,"job_id":"11","seed_hash":"3dbdba2aca8842cd3e02c7d8c72078f77ff132cc3c84a7f8b87891d0cc106141","target":"d9eb00888dbd0e00"}}
1791519726188 39ef33ac < {"id":11,"jsonrpc":"2.0","method":"submit","params":{"id":"39ef33ac","job_id":"11","nonce":"54020100","result":"a8eb4c74ab73402cf091b3520f57eb9a754dac0f46e812637c7f86e655380600","algo":"rx/blacksilk"}}
1791519727181 39ef33ac > {"error":null,"id":11,"jsonrpc":"2.0","result":{"status":"OK"}}
1791519727194 39ef33ac > {"jsonrpc":"2.0","method":"job","params":{"algo":"rx/blacksilk","blob":"4253696c6b2f3102b2c82c619de19d2bdb85b74ff40a111e3715be7625d2596337fc656c6953d3000000002b38633f","height":551,"job_id":"12","seed_hash":"3dbdba2aca8842cd3e02c7d8c72078f77ff132cc3c84a7f8b87891d0cc106141","target":"bb6bbe2e65b30e00"}}
1791519729726 39ef33ac < {"id":12,"jsonrpc":"2.0","method":"submit","params":{"id":"39ef33ac","job_id":"12","nonce":"8f000000","result":"3a8a5752f20ddf3857846262c62c208b834c0d7eccca2b4b36117265154d0100","algo":"rx/blacksilk"}}
1791519730774 39ef33ac > {"error":null,"id":12,"jsonrpc":"2.0","result":{"status":"OK"}}
1791519730799 39ef33ac > {"jsonrpc":"2.0","method":"job","params":{"algo":"rx/blacksilk","blob":"4253696c6b2f314faf46ad95e6a8b4f79374fae0810a6193e4e063fd78484f0710810e487f8e5300000000cacc1329","height":552,"job_id":"13","seed_hash":"3dbdba2aca8842cd3e02c7d8c72078f77ff132cc3c84a7f8b87891d0cc106141","target":"1e77435950b90e00"}}
1791519739578 39ef33ac < {"id":13,"jsonrpc":"2.0","method":"submit","params":{"id":"39ef33ac","job_id":"13","nonce":"f8010000","result":"0f9005669f0feea57224fc80e7ddc838ae843bdc692c5ab7a0cd99ae352d0e00","algo":"rx/blacksilk"}}
1791519740605 39ef33ac > {"error":null,"id":13,"jsonrpc":"2.0","result":{"status":"OK"}}
1791519740606 39ef33ac > {"jsonrpc":"2.0","method":"job","params":{"algo":"rx/blacksilk","blob":"4253696c6b2f31d03f10144b8e18fe2d6fc3066b721a68b46cad69d204daeea33a0ea505b697fa000000009e2bbb33","height":553,"job_id":"14","seed_hash":"3dbdba2aca8842cd3e02c7d8c72078f77ff132cc3c84a7f8b87891d0cc106141","target":"1dd72b69a7890e00"}}
1791519778140 39ef33ac < {"id":14,"jsonrpc":"2.0","method":"submit","params":{"id":"39ef33ac","job_id":"14","nonce":"5d080000","result":"ebebe5a54be0c40c09413b18b6b26a20b22f9b6165710e2a10664e501b1b0000","algo":"rx/blacksilk"}}
1791519779097 39ef33ac > {"error":null,"id":14,"jsonrpc":"2.0","result":{"status":"OK"}}
1791519779126 39ef33ac > {"jsonrpc":"2.0","method":"job","params":{"algo":"rx/blacksilk","blob":"4253696c6b2f315d80b8147262f6e048e750dd21e776d869f89ea223e55fb06bbc38e02ee7f3ff000000009e7ebdbc","height":554,"job_id":"15","seed_hash":"3dbdba2aca8842cd3e02c7d8c72078f77ff132cc3c84a7f8b87891d0cc106141","target":"152efd753c700e00"}}
1791519802996 39ef33ac < {"id":15,"jsonrpc":"2.0","method":"submit","params":{"id":"39ef33ac","job_id":"15","nonce":"45850000","result":"56a159a4a1593a30d78fd5cc675d9f5d46208090cf070373ae6b6b116b880800","algo":"rx/blacksilk"}}
1791519803972 39ef33ac > {"error":null,"id":15,"jsonrpc":"2.0","result":{"status":"OK"}}
1791519803997 39ef33ac > {"jsonrpc":"2.0","method":"job","params":{"algo":"rx/blacksilk","blob":"4253696c6b2f31ce06a1c2f5bdca669a8e698fb19d8a20eb34b89b57c7e8285e10ed4d7c41a53c00000000557963e1","height":555,"job_id":"16","seed_hash":"3dbdba2aca8842cd3e02c7d8c72078f77ff132cc3c84a7f8b87891d0cc106141","target":"6cab4d647e3f0f00"}}
1791519832597 39ef33ac < {"id":16,"jsonrpc":"2.0","method":"submit","params":{"id":"39ef33ac","job_id":"16","nonce":"65860000","result":"766854d05d37ed67bd93bb099d013bc7178dff95b9a0733d432724d2ee7f0800","algo":"rx/blacksilk"}}
1791519833574 39ef33ac > {"error":null,"id":16,"jsonrpc":"2.0","result":{"status":"OK"}}
1791519833593 39ef33ac > {"jsonrpc":"2.0","method":"job","params":{"algo":"rx/blacksilk","blob":"4253696c6b2f31186e7fbfff2326b897e720bcb776d0d007e4c4df64839c03846b4f5932894a8f00000000c7b53bfa","height":556,"job_id":"17","seed_hash":"3dbdba2aca8842cd3e02c7d8c72078f77ff132cc3c84a7f8b87891d0cc106141","target":"f7fe3c386e9d0f00"}}
1791519848549 39ef33ac < {"id":17,"jsonrpc":"2.0","method":"submit","params":{"id":"39ef33ac","job_id":"17","nonce":"46030100","result":"2778e5ce23b7431c9fba7e86bba3d17171e3244b5b56b0104e45b9afa86e0c00","algo":"rx/blacksilk"}}
1791519849510 39ef33ac > {"error":null,"id":17,"jsonrpc":"2.0","result":{"status":"OK"}}
1791519849535 39ef33ac > {"jsonrpc":"2.0","method":"job","params":{"algo":"rx/blacksilk","blob":"4253696c6b2f31eb5fd6b8f8147d2e9886a5e99fac555336313c1df28e6594c96e01863f3118a800000000beb57ce4","height":557,"job_id":"18","seed_hash":"3dbdba2aca8842cd3e02c7d8c72078f77ff132cc3c84a7f8b87891d0cc106141","target":"5bd559185b261000"}}
