 * ABOUT        XMRig/6.26.0 MSVC/2022 (built for Windows x86-64, 64 bit)
 * LIBS         libuv/1.51.0 
 * HUGE PAGES   disabled
 * 1GB PAGES    unavailable
 * CPU          Intel(R) Core(TM) i7-6700 CPU @ 3.40GHz (1) 64-bit AES VM
                threads:8
 * MEMORY       7.3/15.9 GB (46%)
                DIMM1: 8 GB DDR3 @ 1600 MHz M471B1G73DB0-YK0  
                DIMM2: 8 GB DDR3 @ 1600 MHz M471B1G73EB0-YK0  
 * MOTHERBOARD  Dell Inc. - OptiPlex 3240 AIO
 * DONATE       0%
 * ASSEMBLY     auto:intel
 * POOL #1      127.0.0.1:3334 algo rx/0
 * COMMANDS     'h' hashrate, 'p' pause, 'r' resume, 's' results, 'c' connection
[2026-10-09 06:24:28.498]  net      use pool 127.0.0.1:3334  127.0.0.1
[2026-10-09 06:24:28.500]  net      new job from 127.0.0.1:3334 diff 4057 algo rx/0 height 557
[2026-10-09 06:24:28.500]  cpu      use argon2 implementation AVX2
[2026-10-09 06:24:28.500]  randomx  init dataset algo rx/0 (4 threads) seed 3dbdba2aca8842cd...
[2026-10-09 06:24:28.501]  randomx  allocated 2336 MB (2080+256) huge pages 0% 0/1168 +JIT (0 ms)
[2026-10-09 06:24:35.802]  randomx  dataset ready (7302 ms)
[2026-10-09 06:24:35.803]  cpu      use profile  rx  (4 threads) scratchpad 2048 KB
[2026-10-09 06:24:35.804]  cpu      READY threads 4/4 (4) huge pages 0% 0/4 memory 8192 KB (0 ms)
[2026-10-09 06:24:44.213]  cpu      rejected (0/1) diff 4057 "Invalid result" (2771 ms)
[2026-10-09 06:24:45.278]  cpu      rejected (0/2) diff 4057 "Invalid result" (2366 ms)
[2026-10-09 06:24:47.515]  cpu      rejected (0/3) diff 4057 "Invalid result" (1043 ms)
[2026-10-09 06:24:48.735]  cpu      rejected (0/4) diff 4057 "Invalid result" (1024 ms)
[2026-10-09 06:24:51.207]  cpu      rejected (0/5) diff 4057 "Invalid result" (1014 ms)
[2026-10-09 06:24:57.589]  cpu      rejected (0/6) diff 4057 "Invalid result" (1025 ms)
[2026-10-09 06:25:06.241]  cpu      rejected (0/7) diff 4057 "Invalid result" (993 ms)
[2026-10-09 06:25:07.196]  cpu      rejected (0/8) diff 4057 "Invalid result" (1639 ms)
[2026-10-09 06:25:15.079]  cpu      rejected (0/9) diff 4057 "Invalid result" (1041 ms)
[2026-10-09 06:25:16.090]  cpu      rejected (0/10) diff 4057 "Invalid result" (1133 ms)
[2026-10-09 06:25:17.098]  cpu      rejected (0/11) diff 4057 "Invalid result" (1192 ms)
[2026-10-09 06:25:19.511]  net      new job from 127.0.0.1:3334 diff 4057 algo rx/0 height 557
[2026-10-09 06:25:29.896]  cpu      rejected (0/12) diff 4057 "Invalid result" (1007 ms)
[2026-10-09 06:25:30.957]  cpu      rejected (0/13) diff 4057 "Invalid result" (1890 ms)
[2026-10-09 06:25:34.923]  cpu      rejected (0/14) diff 4057 "Invalid result" (1055 ms)
[2026-10-09 06:25:36.120]  miner    speed 10s/60s/15m 1185.7 n/a n/a H/s max 1213.3 H/s
[2026-10-09 06:25:38.252]  cpu      rejected (0/15) diff 4057 "Invalid result" (1021 ms)
[2026-10-09 06:25:40.991]  cpu      rejected (0/16) diff 4057 "Invalid result" (1047 ms)
[2026-10-09 06:25:42.030]  cpu      rejected (0/17) diff 4057 "Invalid result" (1412 ms)
[2026-10-09 06:25:49.988]  cpu      rejected (0/18) diff 4057 "Invalid result" (1017 ms)
[2026-10-09 06:26:01.028]  cpu      rejected (0/19) diff 4057 "Invalid result" (1074 ms)
[2026-10-09 06:26:02.367]  cpu      rejected (0/20) diff 4057 "Invalid result" (1078 ms)
[2026-10-09 06:26:08.206]  cpu      rejected (0/21) diff 4057 "Invalid result" (1016 ms)
[2026-10-09 06:26:09.214]  cpu      rejected (0/22) diff 4057 "Invalid result" (1652 ms)
[2026-10-09 06:26:19.554]  net      new job from 127.0.0.1:3334 diff 4057 algo rx/0 height 557
[2026-10-09 06:26:25.447]  cpu      rejected (0/23) diff 4057 "Invalid result" (974 ms)
[2026-10-09 06:26:36.364]  miner    speed 10s/60s/15m 1210.1 1191.1 n/a H/s max 1213.3 H/s
[2026-10-09 06:26:37.530]  cpu      rejected (0/24) diff 4057 "Invalid result" (992 ms)
[2026-10-09 06:26:40.489]  cpu      rejected (0/25) diff 4057 "Invalid result" (1040 ms)
[2026-10-09 06:26:42.233]  cpu      rejected (0/26) diff 4057 "Invalid result" (1037 ms)
[2026-10-09 06:26:47.524]  cpu      rejected (0/27) diff 4057 "Invalid result" (1022 ms)
[2026-10-09 06:26:55.988]  cpu      rejected (0/28) diff 4057 "Invalid result" (1040 ms)
[2026-10-09 06:26:57.973]  cpu      rejected (0/29) diff 4057 "Invalid result" (968 ms)
[2026-10-09 06:27:00.831]  cpu      rejected (0/30) diff 4057 "Invalid result" (1031 ms)
[2026-10-09 06:27:02.904]  cpu      rejected (0/31) diff 4057 "Invalid result" (1020 ms)
[2026-10-09 06:27:04.963]  cpu      rejected (0/32) diff 4057 "Invalid result" (1005 ms)
[2026-10-09 06:27:05.968]  cpu      rejected (0/33) diff 4057 "Invalid result" (991 ms)
