[2026-10-09T04:24:19Z INFO  blacksilk_stratum_bridge] blacksilk-stratum-bridge 0.1.0 commit unknown, build flags: none
[2026-10-09T04:24:19Z INFO  blacksilk_stratum_bridge::server] stratum bridge on 127.0.0.1:3334: node 127.0.0.1:39333 network regtest id 0x00deb06e, algo rx/0, share floor 3600, NEGATIVE CONTROL (no block is ever submitted)
[2026-10-09T04:24:19Z INFO  blacksilk_stratum_bridge::server] work: height 557 difficulty 4058 seed 3dbdba2aca8842cd parent 5e0ea890f7196a1a (0 sessions)
[2026-10-09T04:24:28Z INFO  blacksilk_stratum_bridge::server] session 145b18d5 logged in: agent "XMRig/6.26.0 (Windows NT 10.0; Win64; x64) libuv/1.51.0 msvc/2022", share floor 3600
[2026-10-09T04:24:44Z WARN  blacksilk_stratum_bridge::server] GATE-MISMATCH (negative control, nc_rx0_match) session 145b18d5 job 1 nonce 9b060100 result 17903b7c59d00a2292605b0788c19e55ce8f4ebdc195068247b8924f962d0a00 bridge 280e95677bd32563c9021d990b9ab6f5f5fe06833b6dca218ffd56f321e66e32
[2026-10-09T04:24:45Z WARN  blacksilk_stratum_bridge::server] GATE-MISMATCH (negative control, nc_rx0_match) session 145b18d5 job 1 nonce 21880100 result 190f563106de9e9750751a4868950e9ef47aa50a4a6c828f3760f4dc569e0000 bridge 528c5433b109a06ae8764f28ba1209c712e3ef7220f11e4ea95ed0fc44f4164d
[2026-10-09T04:24:47Z WARN  blacksilk_stratum_bridge::server] GATE-MISMATCH (negative control, nc_rx0_match) session 145b18d5 job 1 nonce 228c0000 result abf3fe0a8033ce5e47e4d23c8a00efc4c238dd1a88660450cb7810450fb90b00 bridge ab8205318bff193635987c2f8dfa43783bb55ccf356936bfb6b86e45c913af36
[2026-10-09T04:24:48Z WARN  blacksilk_stratum_bridge::server] GATE-MISMATCH (negative control, nc_rx0_match) session 145b18d5 job 1 nonce 4f8d0100 result ae3ac0a79fa52e72de1c65604d15c015a159c83dd5bb6d8a0e4236d0600c0700 bridge 7146a0ae93489ab1da17264142f86f39991f089924368c470958291af3f42735
[2026-10-09T04:24:51Z WARN  blacksilk_stratum_bridge::server] GATE-MISMATCH (negative control, nc_rx0_match) session 145b18d5 job 1 nonce 27900100 result 5c71e92f4c3776855752130405989b89749a1a34fa415d1cb8b22ae0aec30e00 bridge 4f76cdf4535c96ed9f3f00ade7bd08eaa86ca780be1109f57bde2d4dd50f323c
[2026-10-09T04:24:57Z WARN  blacksilk_stratum_bridge::server] GATE-MISMATCH (negative control, nc_rx0_match) session 145b18d5 job 1 nonce 87970100 result 33a1e718520e414e0b7f8a2cea03fbcf0c52c08cc3b6566a9aab878965fd0c00 bridge 7ed6c1f58f8e20bf3bc7cf4864f570e2ca521e8b214e12413616e076779925eb
[2026-10-09T04:25:06Z WARN  blacksilk_stratum_bridge::server] GATE-MISMATCH (negative control, nc_rx0_match) session 145b18d5 job 1 nonce d1a10100 result 58038b0e6d5d47aadb62d27266b8cb584748887fcecf7e19935ebf6c0c720200 bridge 179d324132a5a7d4ad08b7c2efe466811124aef2667adc716f39701eca237adf
[2026-10-09T04:25:07Z WARN  blacksilk_stratum_bridge::server] GATE-MISMATCH (negative control, nc_rx0_match) session 145b18d5 job 1 nonce 79220100 result 67e3889224ba06c19ec14fcdbdeb68b35b564588b1f6effe15984f077ce70600 bridge acad9db2c7c8ff11d2985314f84de1e61e282bd64d17e716cf9fb574845502b8
[2026-10-09T04:25:15Z WARN  blacksilk_stratum_bridge::server] GATE-MISMATCH (negative control, nc_rx0_match) session 145b18d5 job 1 nonce 57ac0000 result 1709bb0aaa07cdccb1c6cc677f04cccaddde5a0250321443684536b6ea060600 bridge 8b439407721437bc3c317cd3d458d70ce82497bc2458cccb18a5e8ae5aeb53b8
[2026-10-09T04:25:16Z WARN  blacksilk_stratum_bridge::server] GATE-MISMATCH (negative control, nc_rx0_match) session 145b18d5 job 1 nonce feac0100 result 4a39cfd7e5b396150548e0c0caa9c042c0443cd274f3a81b724a5a8a526b0300 bridge 483896458e78d30f9d63281ee627cf36ff43cbf3ba0072d9cc07c41533fa5454
[2026-10-09T04:25:17Z WARN  blacksilk_stratum_bridge::server] GATE-MISMATCH (negative control, nc_rx0_match) session 145b18d5 job 1 nonce 79ae0000 result b07ecd526e0cec12405e473d38c146a93ebc976ef649f80f94e31d3475050b00 bridge 2049c94367472f758c6bca1298b5d4ad0de2163f7e3a4a939c37c27206122ecd
[2026-10-09T04:25:19Z INFO  blacksilk_stratum_bridge::server] work: height 557 difficulty 4058 seed 3dbdba2aca8842cd parent 5e0ea890f7196a1a (1 sessions)
[2026-10-09T04:25:29Z WARN  blacksilk_stratum_bridge::server] GATE-MISMATCH (negative control, nc_rx0_match) session 145b18d5 job 2 nonce 198b0100 result ecfa8c6359bd57fc6c38d86bfaeb925a20deeebcc6115c59fbc16b4bf84e0200 bridge a6bdae503bdad306e08bce7f32649f83e5bef5771465b8adcd3f543ba8d3229e
[2026-10-09T04:25:30Z WARN  blacksilk_stratum_bridge::server] GATE-MISMATCH (negative control, nc_rx0_match) session 145b18d5 job 2 nonce 540b0000 result 24f1116bc132d82889e98b2045461d092a096b7ccd64130c910f363850860900 bridge b038348c0aa9421e233829860b605dc39cec0d1880330aaef269ba9c689e8990
[2026-10-09T04:25:34Z WARN  blacksilk_stratum_bridge::server] GATE-MISMATCH (negative control, nc_rx0_match) session 145b18d5 job 2 nonce bd900100 result ea4c614b48d9c655dcab62b47e5a4868305d877a245fb876e9379b4e22330c00 bridge 286fff8fec7c8a36f97319e35304cc6d41b3e30ed56b9e9fe9d3e0348407ff13
[2026-10-09T04:25:38Z WARN  blacksilk_stratum_bridge::server] GATE-MISMATCH (negative control, nc_rx0_match) session 145b18d5 job 2 nonce 92140100 result a865ae68a9d9661b5b4b622258ab7cda03cb46a72c74dd56ed98ac0ac1470500 bridge b6de991f1ce0bd60dd8397b3ea54b2bf1b508ebdaa2ee57b4b747237f7d11fc8
[2026-10-09T04:25:40Z WARN  blacksilk_stratum_bridge::server] GATE-MISMATCH (negative control, nc_rx0_match) session 145b18d5 job 2 nonce cc970100 result 0db65384d7b503dfc5129767db69cfab2215f3b420ef1e83bfea5afd98330400 bridge fc586bb3e827315544fadb85d1313a2bfe47edbc37a7f8312657001ffa123707
[2026-10-09T04:25:42Z WARN  blacksilk_stratum_bridge::server] GATE-MISMATCH (negative control, nc_rx0_match) session 145b18d5 job 2 nonce b3980000 result 022344710839beb137eb922f6b507224e3b430630391d22770e1fe49c5350400 bridge e698eea4259d2393d97bd7ac7a683acb5d35c33fbb31565832b135e517fde8ef
[2026-10-09T04:25:49Z WARN  blacksilk_stratum_bridge::server] GATE-MISMATCH (negative control, nc_rx0_match) session 145b18d5 job 2 nonce 1ea20100 result 8bcafd75e7e29bff03829ef8a31afa657b7746ad1283bdb8ca2b68e7f5450900 bridge cfb242045da687034268e2c0806305b24cee3cd6eb04680d3aee1a20617528ab
[2026-10-09T04:26:01Z WARN  blacksilk_stratum_bridge::server] GATE-MISMATCH (negative control, nc_rx0_match) session 145b18d5 job 2 nonce 4e2f0000 result c66e087682492e5108dc2bc778ab3ac1591e8c31f72df369cafce336e89d0500 bridge acaf9721a7f1fcdcd4b620416edd9f6cf4c5005f98d180c72397aa18514206f7
[2026-10-09T04:26:02Z WARN  blacksilk_stratum_bridge::server] GATE-MISMATCH (negative control, nc_rx0_match) session 145b18d5 job 2 nonce f7b00000 result bfef1061589e1cc1b1a3320cc0418ab15dbedf917e587ad2f6c78d2cbbd90200 bridge 2536cb7fca903948998068358439ef8c5f6769ff6a3417021c23f46d25631b8c
[2026-10-09T04:26:08Z WARN  blacksilk_stratum_bridge::server] GATE-MISMATCH (negative control, nc_rx0_match) session 145b18d5 job 2 nonce 5c370000 result 9dee3ec83086a3cd206ffc861e22bfe5bb2d143cc89cbbdbf98ff520f32b0800 bridge cbbbdee47c794f8900b713917832f44b9d73846a0d463bc5ef7b8217ecd83e63
[2026-10-09T04:26:09Z WARN  blacksilk_stratum_bridge::server] GATE-MISMATCH (negative control, nc_rx0_match) session 145b18d5 job 2 nonce 7a370100 result e4749187fd5c30547145cf0037c9b79418e07228aab826a195d748de7e5d0c00 bridge 2989611b15799cfe473d0d2041827062af5bf72756f6a72d148f8c2368e4b07f
[2026-10-09T04:26:19Z INFO  blacksilk_stratum_bridge::server] work: height 557 difficulty 4058 seed 3dbdba2aca8842cd parent 5e0ea890f7196a1a (1 sessions)
[2026-10-09T04:26:25Z WARN  blacksilk_stratum_bridge::server] GATE-MISMATCH (negative control, nc_rx0_match) session 145b18d5 job 3 nonce ce850100 result 42dc9e3c347170d6f5dc1b88ec66aa88b7eb7fcf214470cafbd68a9938a90000 bridge 4801098b88ae9dcd6a5ccb5c0c70a854cc4cd61fee289df77404115a2717bdc3
[2026-10-09T04:26:37Z WARN  blacksilk_stratum_bridge::server] GATE-MISMATCH (negative control, nc_rx0_match) session 145b18d5 job 3 nonce f3130100 result e66cfa00164cfd1dae66882ad3b985909465cff29202f6cee1705a1a3b9d0b00 bridge bf93d34dd4250a36307f01a109bebda85c862d3b9b3746fceb2e0bb185f87913
[2026-10-09T04:26:40Z WARN  blacksilk_stratum_bridge::server] GATE-MISMATCH (negative control, nc_rx0_match) session 145b18d5 job 3 nonce 55170000 result cbde461936cb2ca2a676b3d26d0df3d51317bd951ebc1228c32fc916446d0a00 bridge 3350328689787c27b497d481bcabe1d0178fb725a9cf525270233a88062b0f26
[2026-10-09T04:26:42Z WARN  blacksilk_stratum_bridge::server] GATE-MISMATCH (negative control, nc_rx0_match) session 145b18d5 job 3 nonce 75190100 result 1f77852befd4c95aba9fd129874434035982bcdf5fc44840c9b557b05df20d00 bridge a51cd1a18d44e837ac91f3f665b64f349946367e43323110add23ee0394dc7be
[2026-10-09T04:26:47Z WARN  blacksilk_stratum_bridge::server] GATE-MISMATCH (negative control, nc_rx0_match) session 145b18d5 job 3 nonce bc1f0100 result 84a36b3bbf152d0a2e721a27a731f4c431bd9872c7c156d4a493eab88b0f0800 bridge b128222522e4ebea4a7fb52f19aa9dd408007495b45a1539dadde89fc6c56218
[2026-10-09T04:26:55Z WARN  blacksilk_stratum_bridge::server] GATE-MISMATCH (negative control, nc_rx0_match) session 145b18d5 job 3 nonce 6f290100 result 8c5b9ade9dba99b603920d999c97b94787929168da9cf61d021551fbef5d0c00 bridge bceb91c4fa6eea9030b5eb1d92047e80b5e54a71b23e3ce688fb1870755d4518
[2026-10-09T04:26:57Z WARN  blacksilk_stratum_bridge::server] GATE-MISMATCH (negative control, nc_rx0_match) session 145b18d5 job 3 nonce d52b0100 result 43eacb4a742857faa94b19a8e47cb19dc678a58220bbaf1f133f8de197aa0100 bridge 34bb6adc1b4ebf4b3f4c6611496ffd7c33c4b942413e35cbc1b69dcc974e5f9d
[2026-10-09T04:27:00Z WARN  blacksilk_stratum_bridge::server] GATE-MISMATCH (negative control, nc_rx0_match) session 145b18d5 job 3 nonce ea2e0100 result e356553a5324e9d1e20eab05b42ef1bddb988cd555c310b11f768f1c35830700 bridge 74f0629ba5d7cc07859d7853a159bd5d3c03cc75b4aaa2e2985643124872aee5
[2026-10-09T04:27:02Z WARN  blacksilk_stratum_bridge::server] GATE-MISMATCH (negative control, nc_rx0_match) session 145b18d5 job 3 nonce 2d310000 result 3b6dad65785f91d1654d38aced165b6017a561f3d73a3f99efd2dc737c3a0000 bridge 1014f09747d4a2515d3a91c1109da5ad79d4ac443e8418874032994628ebf3df
[2026-10-09T04:27:04Z WARN  blacksilk_stratum_bridge::server] GATE-MISMATCH (negative control, nc_rx0_match) session 145b18d5 job 3 nonce 6e330000 result e0b9df946b3b60519249adbba2ca771c05a4d45c972b9ac9190e8b38f39b0700 bridge 06fb091b7e5419c8e9fdcdcca84744cb579712d58438602198e781f08d6f7399
[2026-10-09T04:27:05Z WARN  blacksilk_stratum_bridge::server] GATE-MISMATCH (negative control, nc_rx0_match) session 145b18d5 job 3 nonce d3b40000 result 0b5ba9650d53e2a3e153d26e60ad11fc8df99ae7ddef1ecdd560bd86cdce0d00 bridge 64859a521f8474cdd476e8150704239d1ea741e3cc20a4377893f0dd0753e783
[2026-10-09T04:27:08Z INFO  blacksilk_stratum_bridge::server] session 145b18d5 closed
