release-build: host x86_64-pc-windows-msvc; remapping CARGO_HOME, the sysroot and the checkout
   Compiling proc-macro2 v1.0.95
   Compiling unicode-ident v1.0.18
   Compiling cfg-if v1.0.1
   Compiling serde_core v1.0.229
   Compiling serde v1.0.229
   Compiling pin-project-lite v0.2.17
   Compiling typenum v1.20.1
   Compiling crossbeam-utils v0.8.23
   Compiling autocfg v1.5.1
   Compiling rand_core v0.10.1
   Compiling crossbeam-epoch v0.9.21
   Compiling once_cell v1.21.3
   Compiling crossbeam-deque v0.8.8
   Compiling num-traits v0.2.19
   Compiling tracing-core v0.1.36
   Compiling rayon-core v1.13.0
   Compiling either v1.18.0
   Compiling version_check v0.9.5
   Compiling cpufeatures v0.3.1
   Compiling paste v1.0.15
   Compiling generic-array v0.14.7
   Compiling quote v1.0.40
   Compiling chacha20 v0.10.2
   Compiling syn v2.0.104
   Compiling syn v3.0.6
   Compiling rand v0.10.3
   Compiling num-integer v0.1.47
   Compiling itertools v0.15.0
   Compiling num-bigint v0.5.1
   Compiling rayon v1.12.0
   Compiling zeroize v1.8.1
   Compiling crypto-common v0.1.6
   Compiling scopeguard v1.2.0
   Compiling lock_api v0.4.14
   Compiling subtle v2.6.1
   Compiling spin v0.12.3
   Compiling windows-link v0.2.1
   Compiling windows-sys v0.61.2
   Compiling cpufeatures v0.2.17
   Compiling stable_deref_trait v1.2.1
   Compiling thiserror v2.0.20
   Compiling itoa v1.0.18
   Compiling bytes v1.12.1
   Compiling semver v1.0.26
   Compiling libm v0.2.16
   Compiling cmov v0.5.4
   Compiling inout v0.1.4
   Compiling ctutils v0.4.2
   Compiling block-buffer v0.10.4
   Compiling equivalent v1.0.2
   Compiling futures-core v0.3.34
   Compiling foldhash v0.2.0
   Compiling allocator-api2 v0.2.21
   Compiling hybrid-array v0.4.15
   Compiling digest v0.10.7
   Compiling cipher v0.4.4
   Compiling p3-maybe-rayon v0.7.0
   Compiling hashbrown v0.17.1
   Compiling synstructure v0.13.2
   Compiling rustc_version v0.4.1
   Compiling blake2 v0.10.6
   Compiling litemap v0.8.3
   Compiling rand_core v0.6.4
   Compiling memchr v2.8.3
   Compiling smallvec v1.16.1
   Compiling writeable v0.6.4
   Compiling futures-sink v0.3.34
   Compiling socket2 v0.6.5
   Compiling mio v1.1.0
   Compiling serde_derive v1.0.229
   Compiling thiserror-impl v2.0.20
   Compiling displaydoc v0.2.7
   Compiling curve25519-dalek v4.1.3
   Compiling http v1.5.0
   Compiling universal-hash v0.5.1
   Compiling icu_properties_data v2.1.2
   Compiling icu_normalizer_data v2.1.1
   Compiling zerocopy v0.8.26
   Compiling opaque-debug v0.3.1
   Compiling crypto-common v0.2.2
   Compiling futures-task v0.3.34
   Compiling slab v0.4.12
   Compiling futures-io v0.3.34
   Compiling percent-encoding v2.3.2
   Compiling futures-util v0.3.34
   Compiling tracing-attributes v0.1.31
   Compiling zerofrom-derive v0.1.6
   Compiling yoke-derive v0.8.1
   Compiling zerovec-derive v0.11.2
   Compiling tokio-macros v2.6.1
   Compiling http-body v1.1.0
   Compiling curve25519-dalek-derive v0.1.1
   Compiling cobs v0.3.0
   Compiling tracing v0.1.44
   Compiling zerofrom v0.1.8
   Compiling yoke v0.8.1
   Compiling block-buffer v0.12.1
   Compiling httparse v1.10.1
   Compiling tower-service v0.3.3
   Compiling zerovec v0.11.5
   Compiling zerotrie v0.2.3
   Compiling tokio v1.50.0
   Compiling zmij v1.0.23
   Compiling digest v0.11.3
   Compiling form_urlencoded v1.2.2
   Compiling aes v0.8.4
   Compiling tinystr v0.8.2
   Compiling potential_utf v0.1.4
   Compiling icu_collections v2.1.1
   Compiling icu_locale_core v2.1.1
   Compiling p3-util v0.7.0
   Compiling p3-field v0.7.0
   Compiling blacksilk-crypto v0.1.0 (C:\bszkeval\wt-xmrig-evidence\crypto)
   Compiling ppv-lite86 v0.2.21
   Compiling postcard v1.1.3
   Compiling sync_wrapper v1.0.2
   Compiling aead v0.5.2
   Compiling icu_provider v2.1.1
   Compiling keccak v0.2.2
   Compiling log v0.4.27
   Compiling libc v0.2.174
   Compiling icu_properties v2.1.2
   Compiling icu_normalizer v2.1.1
   Compiling serde_json v1.0.151
   Compiling try-lock v0.2.5
   Compiling tower-layer v0.3.3
   Compiling want v0.3.1
   Compiling sha3 v0.11.0
   Compiling rand_chacha v0.3.1
   Compiling p3-matrix v0.7.0
   Compiling p3-symmetric v0.7.0
   Compiling p3-challenger v0.7.0
   Compiling kem v0.3.0
   Compiling idna_adapter v1.2.1
   Compiling poly1305 v0.8.0
   Compiling futures-channel v0.3.34
   Compiling p3-dft v0.7.0 (C:\bszkeval\wt-xmrig-evidence\third_party\p3-dft)
   Compiling p3-air v0.7.0
   Compiling p3-multilinear-util v0.7.0
   Compiling module-lattice v0.2.3
   Compiling chacha20 v0.9.1
   Compiling httpdate v1.0.3
   Compiling utf8_iter v1.0.4
   Compiling atomic-waker v1.1.2
   Compiling idna v1.1.0
   Compiling ml-kem v0.3.2
   Compiling chacha20poly1305 v0.10.1
   Compiling p3-mds v0.7.0
   Compiling p3-commit v0.7.0
   Compiling p3-security v0.7.0
   Compiling p3-poseidon2 v0.7.0
   Compiling p3-poseidon1 v0.7.0
   Compiling p3-merkle-tree v0.7.0 (C:\bszkeval\wt-xmrig-evidence\third_party\p3-merkle-tree)
   Compiling p3-uni-stark v0.7.0
   Compiling p3-monty-31 v0.7.0
   Compiling p3-fri v0.7.0 (C:\bszkeval\wt-xmrig-evidence\third_party\p3-fri)
   Compiling p3-poseidon2-air v0.7.0
   Compiling p3-lookup v0.7.0
   Compiling hyper v1.11.1
   Compiling tower v0.5.3
   Compiling p3-baby-bear v0.7.0
   Compiling blacksilk-randomx v0.1.0 (C:\bszkeval\wt-xmrig-evidence\randomx)
   Compiling p3-batch-stark v0.7.0 (C:\bszkeval\wt-xmrig-evidence\third_party\p3-batch-stark)
   Compiling http-body-util v0.1.5
   Compiling utf8parse v0.2.2
   Compiling base64 v0.22.1
   Compiling once_cell_polyfill v1.70.2
   Compiling ryu v1.0.23
   Compiling ipnet v2.12.2
   Compiling anstyle v1.0.14
   Compiling blacksilk-px-core v0.1.0 (C:\bszkeval\wt-xmrig-evidence\px-core)
   Compiling anstyle-wincon v3.0.11
   Compiling hyper-util v0.1.20
   Compiling serde_urlencoded v0.7.1
   Compiling blacksilk-zk v0.1.0 (C:\bszkeval\wt-xmrig-evidence\zk)
   Compiling blacksilk-consensus v0.1.0 (C:\bszkeval\wt-xmrig-evidence\consensus)
   Compiling anstyle-parse v0.2.7
   Compiling url v2.5.8
   Compiling anstyle-query v1.1.5
   Compiling bitflags v2.13.2
   Compiling is_terminal_polyfill v1.70.2
   Compiling blacksilk-zkvm v0.1.0 (C:\bszkeval\wt-xmrig-evidence\zkvm)
   Compiling colorchoice v1.0.5
   Compiling anstream v0.6.21
   Compiling tower-http v0.6.11
   Compiling crc32fast v1.4.2
   Compiling strsim v0.11.1
   Compiling hex v0.4.3
   Compiling heck v0.5.0
   Compiling bs58 v0.5.1
   Compiling clap_lex v1.1.1
   Compiling clap_derive v4.5.55
   Compiling clap_builder v4.5.60
   Compiling reqwest v0.12.28
   Compiling getrandom v0.2.17
   Compiling polyval v0.6.2
   Compiling ctr v0.9.2
   Compiling windows_x86_64_msvc v0.48.5
   Compiling ghash v0.5.1
   Compiling humantime v2.4.0
   Compiling base64ct v1.8.3
   Compiling aes-gcm v0.10.3
   Compiling env_logger v0.8.4
   Compiling password-hash v0.5.0
   Compiling rtoolbox v0.0.6
   Compiling blacksilk-px v0.1.0 (C:\bszkeval\wt-xmrig-evidence\px)
   Compiling rustversion v1.0.23
   Compiling blacksilk-rpc v0.1.0 (C:\bszkeval\wt-xmrig-evidence\rpc)
   Compiling argon2 v0.5.3
   Compiling rpassword v7.5.4
   Compiling windows-targets v0.48.5
   Compiling winapi v0.3.9
   Compiling clap v4.5.60
   Compiling windows-sys v0.48.0
   Compiling blacksilk-tx v0.1.0 (C:\bszkeval\wt-xmrig-evidence\tx)
   Compiling toml_datetime v0.6.11
   Compiling serde_spanned v0.6.9
   Compiling blacksilk-chain v0.1.0 (C:\bszkeval\wt-xmrig-evidence\chain)
   Compiling async-trait v0.1.92
   Compiling indexmap v2.14.2
   Compiling toml_write v0.1.2
   Compiling option-ext v0.2.0
   Compiling winnow v0.7.15
   Compiling blacksilk-wallet v0.1.0 (C:\bszkeval\wt-xmrig-evidence\wallet)
   Compiling mime v0.3.17
   Compiling axum-core v0.4.5
   Compiling blacksilk-miner v0.1.0 (C:\bszkeval\wt-xmrig-evidence\miner)
   Compiling toml_edit v0.22.27
   Compiling dirs-sys v0.4.1
   Compiling serde_path_to_error v0.1.20
   Compiling blacksilk-node v0.1.0 (C:\bszkeval\wt-xmrig-evidence\node)
   Compiling matchit v0.7.3
   Compiling fs2 v0.4.3
   Compiling axum v0.7.9
   Compiling dirs v5.0.1
   Compiling blacksilk-stratum-bridge v0.1.0 (C:\bszkeval\wt-xmrig-evidence\tools\stratum-bridge)
   Compiling blacksilk-p2p v0.1.0 (C:\bszkeval\wt-xmrig-evidence\p2p)
   Compiling toml v0.8.23
   Compiling blacksilk-labnet v0.1.0 (C:\bszkeval\wt-xmrig-evidence\tools\labnet)
    Finished `release` profile [optimized] target(s) in 3m 31s

real	3m31.581s
user	0m0.061s
sys	0m0.181s
EXIT=0
