[2026-09-28T16:02:19.015Z INFO  blacksilk_miner] mining on regtest at height 0 with 1 threads (light mode; prebuild On: on, 1 build threads)
[2026-09-28T16:02:21.287Z INFO  blacksilk_miner] RandomX key 087d6fd4efbc45eb: light context ready in 2.2s
[2026-09-28T16:02:23.801Z INFO  blacksilk_miner] found block 1 (reward 20.02716064 BLK, 0 txs)
[2026-09-28T16:02:26.342Z INFO  blacksilk_miner] found block 2 (reward 20.02714154 BLK, 0 txs)
[2026-09-28T16:02:28.269Z INFO  blacksilk_miner] found block 3 (reward 20.02712244 BLK, 0 txs)
[2026-09-28T16:02:30.777Z INFO  blacksilk_miner] found block 4 (reward 20.02710334 BLK, 0 txs)
[2026-09-28T16:02:33.519Z INFO  blacksilk_miner] found block 5 (reward 20.02708424 BLK, 0 txs)
[2026-09-28T16:02:36.075Z INFO  blacksilk_miner] found block 6 (reward 20.02706514 BLK, 0 txs)
[2026-09-28T16:02:38.632Z INFO  blacksilk_miner] found block 7 (reward 20.02704604 BLK, 0 txs)
[2026-09-28T16:02:40.117Z INFO  blacksilk_miner] found block 8 (reward 20.02702694 BLK, 0 txs)
[2026-09-28T16:02:41.517Z INFO  blacksilk_miner] found block 9 (reward 20.02700784 BLK, 0 txs)
[2026-09-28T16:02:42.755Z INFO  blacksilk_miner] found block 10 (reward 20.02698875 BLK, 0 txs)
[2026-09-28T16:02:43.933Z INFO  blacksilk_miner] found block 11 (reward 20.02696965 BLK, 0 txs)
[2026-09-28T16:02:45.135Z INFO  blacksilk_miner] found block 12 (reward 20.02695055 BLK, 0 txs)
[2026-09-28T16:02:46.419Z INFO  blacksilk_miner] found block 13 (reward 20.02693145 BLK, 0 txs)
[2026-09-28T16:02:47.678Z INFO  blacksilk_miner] found block 14 (reward 20.02691235 BLK, 0 txs)
[2026-09-28T16:02:48.977Z INFO  blacksilk_miner] found block 15 (reward 20.02689325 BLK, 0 txs)
[2026-09-28T16:02:50.300Z INFO  blacksilk_miner] found block 16 (reward 20.02687415 BLK, 0 txs)
[2026-09-28T16:02:51.640Z INFO  blacksilk_miner] found block 17 (reward 20.02685505 BLK, 0 txs)
[2026-09-28T16:02:52.812Z INFO  blacksilk_miner] found block 18 (reward 20.02683595 BLK, 0 txs)
[2026-09-28T16:02:54.099Z INFO  blacksilk_miner] found block 19 (reward 20.02681685 BLK, 0 txs)
[2026-09-28T16:02:55.337Z INFO  blacksilk_miner] found block 20 (reward 20.02679775 BLK, 0 txs)
[2026-09-28T16:02:56.708Z INFO  blacksilk_miner] found block 21 (reward 20.02677866 BLK, 0 txs)
[2026-09-28T16:02:58.280Z INFO  blacksilk_miner] found block 22 (reward 20.02675956 BLK, 0 txs)
[2026-09-28T16:03:00.783Z INFO  blacksilk_miner] found block 23 (reward 20.02674046 BLK, 0 txs)
[2026-09-28T16:03:03.447Z INFO  blacksilk_miner] found block 24 (reward 20.02672136 BLK, 0 txs)
[2026-09-28T16:03:05.910Z INFO  blacksilk_miner] found block 25 (reward 20.02670226 BLK, 0 txs)
[2026-09-28T16:03:07.975Z INFO  blacksilk_miner] found block 26 (reward 20.02668316 BLK, 0 txs)
[2026-09-28T16:03:09.614Z INFO  blacksilk_miner] found block 27 (reward 20.02666406 BLK, 0 txs)
[2026-09-28T16:03:11.853Z INFO  blacksilk_miner] found block 28 (reward 20.02664496 BLK, 0 txs)
[2026-09-28T16:03:14.554Z INFO  blacksilk_miner] found block 29 (reward 20.02662586 BLK, 0 txs)
[2026-09-28T16:03:17.540Z INFO  blacksilk_miner] found block 30 (reward 20.02660676 BLK, 0 txs)
[2026-09-28T16:03:20.007Z INFO  blacksilk_miner] found block 31 (reward 20.02658767 BLK, 0 txs)
[2026-09-28T16:03:21.445Z INFO  blacksilk_miner] hash rate 0.5 H/s (light mode)
[2026-09-28T16:03:22.675Z INFO  blacksilk_miner] found block 32 (reward 20.02656857 BLK, 0 txs)
[2026-09-28T16:03:25.195Z INFO  blacksilk_miner] found block 33 (reward 20.02654947 BLK, 0 txs)
[2026-09-28T16:03:27.429Z INFO  blacksilk_miner] found block 34 (reward 20.02653037 BLK, 0 txs)
[2026-09-28T16:03:29.777Z INFO  blacksilk_miner] found block 35 (reward 20.02651127 BLK, 0 txs)
[2026-09-28T16:03:31.911Z INFO  blacksilk_miner] found block 36 (reward 20.02649217 BLK, 0 txs)
[2026-09-28T16:03:34.094Z INFO  blacksilk_miner] found block 37 (reward 20.02647307 BLK, 0 txs)
[2026-09-28T16:03:35.730Z INFO  blacksilk_miner] found block 38 (reward 20.02645397 BLK, 0 txs)
[2026-09-28T16:03:37.486Z INFO  blacksilk_miner] found block 39 (reward 20.02643488 BLK, 0 txs)
[2026-09-28T16:03:39.333Z INFO  blacksilk_miner] found block 40 (reward 20.02641578 BLK, 0 txs)
[2026-09-28T16:03:41.045Z INFO  blacksilk_miner] found block 41 (reward 20.02639668 BLK, 0 txs)
[2026-09-28T16:03:42.520Z INFO  blacksilk_miner] found block 42 (reward 20.02637758 BLK, 0 txs)
[2026-09-28T16:03:44.409Z INFO  blacksilk_miner] found block 43 (reward 20.02635848 BLK, 0 txs)
[2026-09-28T16:03:46.993Z INFO  blacksilk_miner] found block 44 (reward 20.02633938 BLK, 0 txs)
[2026-09-28T16:03:49.398Z INFO  blacksilk_miner] found block 45 (reward 20.02632028 BLK, 0 txs)
[2026-09-28T16:03:52.389Z INFO  blacksilk_miner] found block 46 (reward 20.02630119 BLK, 0 txs)
[2026-09-28T16:03:54.924Z INFO  blacksilk_miner] found block 47 (reward 20.02628209 BLK, 0 txs)
[2026-09-28T16:03:57.354Z INFO  blacksilk_miner] found block 48 (reward 20.02626299 BLK, 0 txs)
[2026-09-28T16:03:59.768Z INFO  blacksilk_miner] found block 49 (reward 20.02624389 BLK, 0 txs)
[2026-09-28T16:04:02.668Z INFO  blacksilk_miner] found block 50 (reward 20.02622479 BLK, 0 txs)
[2026-09-28T16:04:04.430Z INFO  blacksilk_miner] found block 51 (reward 20.02620569 BLK, 0 txs)
[2026-09-28T16:04:06.673Z INFO  blacksilk_miner] found block 52 (reward 20.02618659 BLK, 0 txs)
[2026-09-28T16:04:09.138Z INFO  blacksilk_miner] found block 53 (reward 20.02616750 BLK, 0 txs)
[2026-09-28T16:04:10.781Z INFO  blacksilk_miner] found block 54 (reward 20.02614840 BLK, 0 txs)
[2026-09-28T16:04:13.194Z INFO  blacksilk_miner] found block 55 (reward 20.02612930 BLK, 0 txs)
[2026-09-28T16:04:15.009Z INFO  blacksilk_miner] found block 56 (reward 20.02611020 BLK, 0 txs)
[2026-09-28T16:04:17.313Z INFO  blacksilk_miner] found block 57 (reward 20.02609110 BLK, 0 txs)
[2026-09-28T16:04:18.695Z INFO  blacksilk_miner] found block 58 (reward 20.02607200 BLK, 0 txs)
[2026-09-28T16:04:20.184Z INFO  blacksilk_miner] found block 59 (reward 20.02605291 BLK, 0 txs)
[2026-09-28T16:04:21.695Z INFO  blacksilk_miner] found block 60 (reward 20.02603381 BLK, 0 txs)
[2026-09-28T16:04:23.263Z INFO  blacksilk_miner] hash rate 0.5 H/s (light mode)
[2026-09-28T16:04:24.283Z INFO  blacksilk_miner] found block 61 (reward 20.02601471 BLK, 0 txs)
[2026-09-28T16:04:27.215Z INFO  blacksilk_miner] found block 62 (reward 20.02599561 BLK, 0 txs)
[2026-09-28T16:04:29.674Z INFO  blacksilk_miner] found block 63 (reward 20.02597651 BLK, 0 txs)
[2026-09-28T16:04:31.904Z INFO  blacksilk_miner] found block 64 (reward 20.02595741 BLK, 0 txs)
[2026-09-28T16:04:33.552Z INFO  blacksilk_miner] found block 65 (reward 20.02593832 BLK, 0 txs)
[2026-09-28T16:04:35.020Z INFO  blacksilk_miner] found block 66 (reward 20.02591922 BLK, 0 txs)
[2026-09-28T16:04:36.886Z INFO  blacksilk_miner] found block 67 (reward 20.02590012 BLK, 0 txs)
[2026-09-28T16:04:39.458Z INFO  blacksilk_miner] found block 68 (reward 20.02588102 BLK, 0 txs)
[2026-09-28T16:04:41.777Z INFO  blacksilk_miner] found block 69 (reward 20.02586192 BLK, 0 txs)
[2026-09-28T16:04:44.651Z INFO  blacksilk_miner] found block 70 (reward 20.02584282 BLK, 0 txs)
[2026-09-28T16:04:47.010Z INFO  blacksilk_miner] found block 71 (reward 20.02582373 BLK, 0 txs)
[2026-09-28T16:04:49.615Z INFO  blacksilk_miner] found block 72 (reward 20.02580463 BLK, 0 txs)
[2026-09-28T16:04:52.000Z INFO  blacksilk_miner] found block 73 (reward 20.02578553 BLK, 0 txs)
[2026-09-28T16:04:54.561Z INFO  blacksilk_miner] found block 74 (reward 20.02576643 BLK, 0 txs)
[2026-09-28T16:04:56.774Z INFO  blacksilk_miner] found block 75 (reward 20.02574733 BLK, 0 txs)
[2026-09-28T16:04:59.153Z INFO  blacksilk_miner] found block 76 (reward 20.02572824 BLK, 0 txs)
[2026-09-28T16:05:05.324Z INFO  blacksilk_miner] found block 77 (reward 20.02570914 BLK, 0 txs)
[2026-09-28T16:05:07.692Z INFO  blacksilk_miner] found block 78 (reward 20.02569004 BLK, 0 txs)
[2026-09-28T16:05:12.380Z INFO  blacksilk_miner] found block 79 (reward 20.02567094 BLK, 0 txs)
[2026-09-28T16:05:18.559Z INFO  blacksilk_miner] found block 80 (reward 20.02565184 BLK, 0 txs)
[2026-09-28T16:05:21.904Z INFO  blacksilk_miner] found block 81 (reward 20.02563275 BLK, 0 txs)
[2026-09-28T16:05:23.430Z INFO  blacksilk_miner] hash rate 0.6 H/s (light mode)
[2026-09-28T16:05:24.803Z INFO  blacksilk_miner] found block 82 (reward 20.02561365 BLK, 0 txs)
[2026-09-28T16:05:27.270Z INFO  blacksilk_miner] found block 83 (reward 20.02559455 BLK, 0 txs)
[2026-09-28T16:05:29.654Z INFO  blacksilk_miner] found block 84 (reward 20.02557545 BLK, 0 txs)
[2026-09-28T16:05:32.976Z INFO  blacksilk_miner] found block 85 (reward 20.02555635 BLK, 0 txs)
[2026-09-28T16:05:35.513Z INFO  blacksilk_miner] found block 86 (reward 20.02553726 BLK, 0 txs)
[2026-09-28T16:05:37.916Z INFO  blacksilk_miner] found block 87 (reward 20.02551816 BLK, 0 txs)
[2026-09-28T16:05:41.423Z INFO  blacksilk_miner] found block 88 (reward 20.02549906 BLK, 0 txs)
[2026-09-28T16:05:43.854Z INFO  blacksilk_miner] found block 89 (reward 20.02547996 BLK, 0 txs)
[2026-09-28T16:05:45.594Z INFO  blacksilk_miner] found block 90 (reward 20.02546087 BLK, 0 txs)
[2026-09-28T16:05:47.663Z INFO  blacksilk_miner] found block 91 (reward 20.02544177 BLK, 0 txs)
[2026-09-28T16:05:49.651Z INFO  blacksilk_miner] found block 92 (reward 20.02542267 BLK, 0 txs)
[2026-09-28T16:05:51.732Z INFO  blacksilk_miner] found block 93 (reward 20.02540357 BLK, 0 txs)
[2026-09-28T16:05:55.000Z INFO  blacksilk_miner] found block 94 (reward 20.02538447 BLK, 0 txs)
[2026-09-28T16:05:57.062Z INFO  blacksilk_miner] found block 95 (reward 20.02536538 BLK, 0 txs)
[2026-09-28T16:06:02.189Z INFO  blacksilk_miner] found block 96 (reward 20.02534628 BLK, 0 txs)
[2026-09-28T16:06:06.477Z INFO  blacksilk_miner] found block 97 (reward 20.02532718 BLK, 0 txs)
[2026-09-28T16:06:08.854Z INFO  blacksilk_miner] found block 98 (reward 20.02530808 BLK, 0 txs)
[2026-09-28T16:06:12.053Z INFO  blacksilk_miner] found block 99 (reward 20.02528899 BLK, 0 txs)
[2026-09-28T16:06:15.130Z INFO  blacksilk_miner] found block 100 (reward 20.02526989 BLK, 0 txs)
[2026-09-28T16:06:17.748Z INFO  blacksilk_miner] found block 101 (reward 20.02525079 BLK, 0 txs)
[2026-09-28T16:06:20.129Z INFO  blacksilk_miner] found block 102 (reward 20.02523169 BLK, 0 txs)
[2026-09-28T16:06:23.147Z INFO  blacksilk_miner] found block 103 (reward 20.02521260 BLK, 0 txs)
[2026-09-28T16:06:28.657Z INFO  blacksilk_miner] hash rate 0.6 H/s (light mode)
[2026-09-28T16:06:30.004Z INFO  blacksilk_miner] found block 104 (reward 20.02519350 BLK, 0 txs)
[2026-09-28T16:06:32.950Z INFO  blacksilk_miner] found block 105 (reward 20.02517440 BLK, 0 txs)
[2026-09-28T16:06:35.427Z INFO  blacksilk_miner] found block 106 (reward 20.02515530 BLK, 0 txs)
[2026-09-28T16:06:40.866Z INFO  blacksilk_miner] found block 107 (reward 20.02513621 BLK, 0 txs)
[2026-09-28T16:06:42.416Z INFO  blacksilk_miner] found block 108 (reward 20.02511711 BLK, 0 txs)
[2026-09-28T16:06:44.072Z INFO  blacksilk_miner] found block 109 (reward 20.02509801 BLK, 0 txs)
[2026-09-28T16:06:45.604Z INFO  blacksilk_miner] found block 110 (reward 20.02507891 BLK, 0 txs)
[2026-09-28T16:06:47.311Z INFO  blacksilk_miner] found block 111 (reward 20.02505982 BLK, 0 txs)
[2026-09-28T16:06:51.803Z INFO  blacksilk_miner] found block 112 (reward 20.02504072 BLK, 0 txs)
[2026-09-28T16:06:54.360Z INFO  blacksilk_miner] found block 113 (reward 20.02502162 BLK, 0 txs)
[2026-09-28T16:06:56.760Z INFO  blacksilk_miner] found block 114 (reward 20.02500252 BLK, 0 txs)
[2026-09-28T16:07:02.452Z INFO  blacksilk_miner] found block 115 (reward 20.02498343 BLK, 0 txs)
[2026-09-28T16:07:04.730Z INFO  blacksilk_miner] found block 116 (reward 20.02496433 BLK, 0 txs)
[2026-09-28T16:07:08.876Z INFO  blacksilk_miner] found block 117 (reward 20.02494523 BLK, 0 txs)
[2026-09-28T16:07:11.960Z INFO  blacksilk_miner] found block 118 (reward 20.02492613 BLK, 0 txs)
[2026-09-28T16:07:21.563Z INFO  blacksilk_miner] found block 119 (reward 20.02490704 BLK, 0 txs)
[2026-09-28T16:07:24.881Z INFO  blacksilk_miner] found block 120 (reward 20.02488794 BLK, 0 txs)
[2026-09-28T16:07:29.561Z INFO  blacksilk_miner] found block 121 (reward 20.02486884 BLK, 0 txs)
[2026-09-28T16:07:30.593Z INFO  blacksilk_miner] hash rate 0.7 H/s (light mode)
[2026-09-28T16:07:31.731Z INFO  blacksilk_miner] found block 122 (reward 20.02484975 BLK, 0 txs)
[2026-09-28T16:07:35.297Z INFO  blacksilk_miner] found block 123 (reward 20.02483065 BLK, 0 txs)
[2026-09-28T16:07:37.279Z INFO  blacksilk_miner] found block 124 (reward 20.02481155 BLK, 0 txs)
[2026-09-28T16:07:38.770Z INFO  blacksilk_miner] found block 125 (reward 20.02479245 BLK, 0 txs)
[2026-09-28T16:07:44.039Z INFO  blacksilk_miner] found block 126 (reward 20.02477336 BLK, 0 txs)
[2026-09-28T16:07:48.478Z INFO  blacksilk_miner] found block 127 (reward 20.02475426 BLK, 0 txs)
[2026-09-28T16:07:54.533Z INFO  blacksilk_miner] found block 128 (reward 20.02473516 BLK, 0 txs)
[2026-09-28T16:07:56.541Z INFO  blacksilk_miner] found block 129 (reward 20.02471607 BLK, 0 txs)
[2026-09-28T16:08:00.568Z INFO  blacksilk_miner] found block 130 (reward 20.02469697 BLK, 0 txs)
[2026-09-28T16:08:03.429Z INFO  blacksilk_miner] found block 131 (reward 20.02467787 BLK, 0 txs)
[2026-09-28T16:08:12.946Z INFO  blacksilk_miner] found block 132 (reward 20.02465877 BLK, 0 txs)
[2026-09-28T16:08:14.790Z INFO  blacksilk_miner] found block 133 (reward 20.02463968 BLK, 0 txs)
[2026-09-28T16:08:18.840Z INFO  blacksilk_miner] found block 134 (reward 20.02462058 BLK, 0 txs)
[2026-09-28T16:08:22.061Z INFO  blacksilk_miner] found block 135 (reward 20.02460148 BLK, 0 txs)
[2026-09-28T16:08:24.334Z INFO  blacksilk_miner] found block 136 (reward 20.02458239 BLK, 0 txs)
[2026-09-28T16:08:27.752Z INFO  blacksilk_miner] found block 137 (reward 20.02456329 BLK, 0 txs)
[2026-09-28T16:08:34.100Z INFO  blacksilk_miner] hash rate 0.7 H/s (light mode)
[2026-09-28T16:08:39.909Z INFO  blacksilk_miner] found block 138 (reward 20.02454419 BLK, 0 txs)
[2026-09-28T16:08:54.794Z INFO  blacksilk_miner] found block 139 (reward 20.02452510 BLK, 0 txs)
[2026-09-28T16:08:59.059Z INFO  blacksilk_miner] found block 140 (reward 20.02450600 BLK, 0 txs)
[2026-09-28T16:09:01.470Z INFO  blacksilk_miner] found block 141 (reward 20.02448690 BLK, 0 txs)
[2026-09-28T16:09:05.401Z INFO  blacksilk_miner] found block 142 (reward 20.02446781 BLK, 0 txs)
[2026-09-28T16:09:07.822Z INFO  blacksilk_miner] found block 143 (reward 20.02444871 BLK, 0 txs)
[2026-09-28T16:09:10.957Z INFO  blacksilk_miner] found block 144 (reward 20.02442961 BLK, 0 txs)
[2026-09-28T16:09:28.343Z INFO  blacksilk_miner] found block 145 (reward 20.02441052 BLK, 0 txs)
[2026-09-28T16:09:34.920Z INFO  blacksilk_miner] hash rate 0.8 H/s (light mode)
[2026-09-28T16:09:36.172Z INFO  blacksilk_miner] found block 146 (reward 20.02439142 BLK, 0 txs)
[2026-09-28T16:09:44.656Z INFO  blacksilk_miner] found block 147 (reward 20.02437232 BLK, 0 txs)
[2026-09-28T16:09:46.814Z INFO  blacksilk_miner] found block 148 (reward 20.02435322 BLK, 0 txs)
[2026-09-28T16:09:51.952Z INFO  blacksilk_miner] found block 149 (reward 20.02433413 BLK, 0 txs)
[2026-09-28T16:09:58.363Z INFO  blacksilk_miner] found block 150 (reward 20.02431503 BLK, 0 txs)
[2026-09-28T16:10:03.523Z INFO  blacksilk_miner] found block 151 (reward 20.02429593 BLK, 0 txs)
[2026-09-28T16:10:06.461Z INFO  blacksilk_miner] found block 152 (reward 20.02427684 BLK, 0 txs)
[2026-09-28T16:10:10.361Z INFO  blacksilk_miner] found block 153 (reward 20.02425774 BLK, 0 txs)
[2026-09-28T16:10:19.849Z INFO  blacksilk_miner] found block 154 (reward 20.02423864 BLK, 0 txs)
[2026-09-28T16:10:26.755Z INFO  blacksilk_miner] found block 155 (reward 20.02421955 BLK, 0 txs)
[2026-09-28T16:10:29.875Z INFO  blacksilk_miner] found block 156 (reward 20.02420045 BLK, 0 txs)
[2026-09-28T16:10:35.307Z INFO  blacksilk_miner] hash rate 0.8 H/s (light mode)
[2026-09-28T16:10:41.771Z INFO  blacksilk_miner] found block 157 (reward 20.02418136 BLK, 0 txs)
[2026-09-28T16:10:51.042Z INFO  blacksilk_miner] found block 158 (reward 20.02416226 BLK, 0 txs)
[2026-09-28T16:10:53.778Z INFO  blacksilk_miner] found block 159 (reward 20.02414316 BLK, 0 txs)
[2026-09-28T16:10:57.734Z INFO  blacksilk_miner] found block 160 (reward 20.02412407 BLK, 0 txs)
[2026-09-28T16:11:02.125Z INFO  blacksilk_miner] found block 161 (reward 20.02410497 BLK, 0 txs)
[2026-09-28T16:11:16.194Z INFO  blacksilk_miner] found block 162 (reward 20.02408587 BLK, 0 txs)
[2026-09-28T16:11:24.428Z INFO  blacksilk_miner] found block 163 (reward 20.02406678 BLK, 0 txs)
[2026-09-28T16:11:26.425Z INFO  blacksilk_miner] found block 164 (reward 20.02404768 BLK, 0 txs)
[2026-09-28T16:11:29.535Z INFO  blacksilk_miner] found block 165 (reward 20.02402858 BLK, 0 txs)
[2026-09-28T16:11:35.605Z INFO  blacksilk_miner] hash rate 0.7 H/s (light mode)
[2026-09-28T16:11:45.394Z INFO  blacksilk_miner] found block 166 (reward 20.02400949 BLK, 0 txs)
[2026-09-28T16:11:58.627Z INFO  blacksilk_miner] found block 167 (reward 20.02399039 BLK, 0 txs)
[2026-09-28T16:12:05.863Z INFO  blacksilk_miner] found block 168 (reward 20.02397129 BLK, 0 txs)
[2026-09-28T16:12:12.183Z INFO  blacksilk_miner] found block 169 (reward 20.02395220 BLK, 0 txs)
[2026-09-28T16:12:26.289Z INFO  blacksilk_miner] found block 170 (reward 20.02393310 BLK, 0 txs)
[2026-09-28T16:12:30.970Z INFO  blacksilk_miner] found block 171 (reward 20.02391401 BLK, 0 txs)
[2026-09-28T16:12:36.398Z INFO  blacksilk_miner] hash rate 1.0 H/s (light mode)
[2026-09-28T16:12:37.242Z INFO  blacksilk_miner] found block 172 (reward 20.02389491 BLK, 0 txs)
[2026-09-28T16:12:47.485Z INFO  blacksilk_miner] found block 173 (reward 20.02387581 BLK, 0 txs)
[2026-09-28T16:12:51.914Z INFO  blacksilk_miner] found block 174 (reward 20.02385672 BLK, 0 txs)
[2026-09-28T16:12:57.863Z INFO  blacksilk_miner] found block 175 (reward 20.02383762 BLK, 0 txs)
[2026-09-28T16:13:00.405Z INFO  blacksilk_miner] found block 176 (reward 20.02381852 BLK, 0 txs)
[2026-09-28T16:13:05.335Z INFO  blacksilk_miner] found block 177 (reward 20.02379943 BLK, 0 txs)
[2026-09-28T16:13:12.625Z INFO  blacksilk_miner] found block 178 (reward 20.02378033 BLK, 0 txs)
[2026-09-28T16:13:17.744Z INFO  blacksilk_miner] found block 179 (reward 20.02376124 BLK, 0 txs)
[2026-09-28T16:13:19.927Z INFO  blacksilk_miner] found block 180 (reward 20.02374214 BLK, 0 txs)
[2026-09-28T16:13:24.323Z INFO  blacksilk_miner] found block 181 (reward 20.02372304 BLK, 0 txs)
[2026-09-28T16:13:29.159Z INFO  blacksilk_miner] found block 182 (reward 20.02370395 BLK, 0 txs)
[2026-09-28T16:13:37.362Z INFO  blacksilk_miner] found block 183 (reward 20.02368485 BLK, 0 txs)
[2026-09-28T16:13:42.659Z INFO  blacksilk_miner] hash rate 0.9 H/s (light mode)
[2026-09-28T16:13:55.087Z INFO  blacksilk_miner] found block 184 (reward 20.02366575 BLK, 0 txs)
[2026-09-28T16:13:58.045Z INFO  blacksilk_miner] found block 185 (reward 20.02364666 BLK, 0 txs)
[2026-09-28T16:14:08.410Z INFO  blacksilk_miner] found block 186 (reward 20.02362756 BLK, 0 txs)
[2026-09-28T16:14:13.161Z INFO  blacksilk_miner] found block 187 (reward 20.02360847 BLK, 0 txs)
[2026-09-28T16:14:41.217Z INFO  blacksilk_miner] found block 188 (reward 20.02358937 BLK, 0 txs)
[2026-09-28T16:14:46.270Z INFO  blacksilk_miner] hash rate 1.0 H/s (light mode)
[2026-09-28T16:14:47.308Z INFO  blacksilk_miner] found block 189 (reward 20.02357027 BLK, 0 txs)
[2026-09-28T16:14:49.466Z INFO  blacksilk_miner] found block 190 (reward 20.02355118 BLK, 0 txs)
[2026-09-28T16:14:54.851Z INFO  blacksilk_miner] found block 191 (reward 20.02353208 BLK, 0 txs)
[2026-09-28T16:15:02.362Z INFO  blacksilk_miner] new tip at height 192: work on template 192 abandoned after 1.2s
[2026-09-28T16:15:07.608Z INFO  blacksilk_miner] new tip at height 193: work on template 193 abandoned after 5.2s
[2026-09-28T16:15:10.107Z INFO  blacksilk_miner] new tip at height 194: work on template 194 abandoned after 2.5s
[2026-09-28T16:15:12.020Z INFO  blacksilk_miner] new tip at height 195: work on template 195 abandoned after 1.9s
[2026-09-28T16:15:14.313Z INFO  blacksilk_miner] new tip at height 196: work on template 196 abandoned after 2.3s
[2026-09-28T16:15:22.382Z INFO  blacksilk_miner] found block 197 (reward 20.02341751 BLK, 0 txs)
[2026-09-28T16:15:30.487Z INFO  blacksilk_miner] new tip at height 198: work on template 198 abandoned after 2.7s
[2026-09-28T16:15:47.182Z INFO  blacksilk_miner] hash rate 1.0 H/s (light mode)
[2026-09-28T16:15:50.309Z INFO  blacksilk_miner] found block 199 (reward 20.02337932 BLK, 0 txs)
[2026-09-28T16:15:56.213Z INFO  blacksilk_miner] found block 200 (reward 20.02336022 BLK, 0 txs); not on the node's best chain
[2026-09-28T16:15:58.175Z INFO  blacksilk_miner] found block 201 (reward 20.02334112 BLK, 0 txs)
[2026-09-28T16:16:02.732Z INFO  blacksilk_miner] new tip at height 202: work on template 202 abandoned after 4.6s
[2026-09-28T16:16:06.650Z INFO  blacksilk_miner] found block 203 (reward 20.02330293 BLK, 0 txs); not on the node's best chain
[2026-09-28T16:16:12.571Z INFO  blacksilk_miner] found block 204 (reward 20.02328384 BLK, 0 txs)
[2026-09-28T16:16:15.673Z INFO  blacksilk_miner] found block 205 (reward 20.02326474 BLK, 0 txs)
[2026-09-28T16:16:17.774Z INFO  blacksilk_miner] found block 206 (reward 20.02324565 BLK, 0 txs)
[2026-09-28T16:16:22.102Z INFO  blacksilk_miner] found block 207 (reward 20.02322655 BLK, 0 txs)
[2026-09-28T16:16:26.893Z INFO  blacksilk_miner] found block 208 (reward 20.02320745 BLK, 0 txs)
[2026-09-28T16:16:42.867Z INFO  blacksilk_miner] new tip at height 209: work on template 209 abandoned after 5.1s
[2026-09-28T16:16:48.086Z INFO  blacksilk_miner] found block 210 (reward 20.02316926 BLK, 0 txs)
[2026-09-28T16:16:53.959Z INFO  blacksilk_miner] hash rate 0.8 H/s (light mode)
[2026-09-28T16:16:57.189Z INFO  blacksilk_miner] new tip at height 211: work on template 211 abandoned after 3.2s
[2026-09-28T16:17:07.187Z INFO  blacksilk_miner] new tip at height 212: work on template 212 abandoned after 4.0s
[2026-09-28T16:17:17.684Z INFO  blacksilk_miner] new tip at height 213: work on template 213 abandoned after 4.9s
[2026-09-28T16:17:27.498Z INFO  blacksilk_miner] found block 215 (reward 20.02307379 BLK, 0 txs)
[2026-09-28T16:17:32.270Z INFO  blacksilk_miner] new tip at height 216: work on template 216 abandoned after 4.8s
[2026-09-28T16:17:40.061Z INFO  blacksilk_miner] found block 217 (reward 20.02303559 BLK, 0 txs); not on the node's best chain
[2026-09-28T16:17:44.787Z INFO  blacksilk_miner] new tip at height 218: work on template 218 abandoned after 4.7s
[2026-09-28T16:17:54.084Z INFO  blacksilk_miner] found block 219 (reward 20.02299740 BLK, 0 txs); not on the node's best chain
[2026-09-28T16:17:59.404Z INFO  blacksilk_miner] hash rate 0.9 H/s (light mode)
[2026-09-28T16:18:02.118Z INFO  blacksilk_miner] found block 220 (reward 20.02332291 BLK, 1 txs); not on the node's best chain
[2026-09-28T16:18:10.657Z INFO  blacksilk_miner] found block 221 (reward 20.02295921 BLK, 0 txs)
[2026-09-28T16:18:17.935Z WARN  blacksilk_miner] block 222 rejected: NotNearTip: the parent must be the tip (222) or one of its last 8 ancestors on the connected chain
[2026-09-28T16:18:21.457Z INFO  blacksilk_miner] found block 223 (reward 20.02292102 BLK, 0 txs)
[2026-09-28T16:18:29.526Z INFO  blacksilk_miner] found block 224 (reward 20.02290193 BLK, 0 txs)
[2026-09-28T16:18:34.092Z INFO  blacksilk_miner] found block 225 (reward 20.02288283 BLK, 0 txs)
[2026-09-28T16:18:44.075Z INFO  blacksilk_miner] found block 226 (reward 20.02286374 BLK, 0 txs)
[2026-09-28T16:18:52.187Z INFO  blacksilk_miner] found block 227 (reward 20.02284464 BLK, 0 txs); not on the node's best chain
[2026-09-28T16:18:53.869Z INFO  blacksilk_miner] new tip at height 228: work on template 228 abandoned after 1.7s
[2026-09-28T16:18:59.778Z INFO  blacksilk_miner] hash rate 0.9 H/s (light mode)
[2026-09-28T16:19:04.242Z INFO  blacksilk_miner] new tip at height 229: work on template 229 abandoned after 4.5s
[2026-09-28T16:19:10.383Z INFO  blacksilk_miner] found block 230 (reward 20.02278735 BLK, 0 txs)
[2026-09-28T16:19:16.525Z INFO  blacksilk_miner] found block 231 (reward 20.02276826 BLK, 0 txs); not on the node's best chain
[2026-09-28T16:19:29.479Z INFO  blacksilk_miner] found block 232 (reward 20.02274916 BLK, 0 txs)
[2026-09-28T16:19:51.287Z INFO  blacksilk_miner] found block 233 (reward 20.02273007 BLK, 0 txs); not on the node's best chain
[2026-09-28T16:20:03.263Z INFO  blacksilk_miner] hash rate 1.0 H/s (light mode)
[2026-09-28T16:20:05.193Z INFO  blacksilk_miner] found block 234 (reward 20.02271097 BLK, 0 txs)
[2026-09-28T16:20:15.264Z INFO  blacksilk_miner] found block 235 (reward 20.02269188 BLK, 0 txs)
[2026-09-28T16:20:24.310Z INFO  blacksilk_miner] new tip at height 236: work on template 236 abandoned after 3.9s
[2026-09-28T16:20:36.125Z INFO  blacksilk_miner] found block 237 (reward 20.02299829 BLK, 1 txs)
[2026-09-28T16:20:55.911Z INFO  blacksilk_miner] new tip at height 238: work on template 238 abandoned after 3.6s
[2026-09-28T16:21:04.557Z INFO  blacksilk_miner] hash rate 1.0 H/s (light mode)
[2026-09-28T16:21:05.760Z INFO  blacksilk_miner] found block 239 (reward 20.02261550 BLK, 0 txs); not on the node's best chain
[2026-09-28T16:21:12.601Z INFO  blacksilk_miner] found block 240 (reward 20.02294100 BLK, 1 txs)
[2026-09-28T16:21:19.337Z INFO  blacksilk_miner] found block 241 (reward 20.02257731 BLK, 0 txs)
[2026-09-28T16:21:26.354Z INFO  blacksilk_miner] new tip at height 242: work on template 242 abandoned after 905.7ms
[2026-09-28T16:21:31.331Z INFO  blacksilk_miner] new tip at height 243: work on template 243 abandoned after 4.9s
[2026-09-28T16:21:41.828Z INFO  blacksilk_miner] found block 244 (reward 20.02252002 BLK, 0 txs)
[2026-09-28T16:21:45.962Z INFO  blacksilk_miner] found block 245 (reward 20.02250093 BLK, 0 txs)
[2026-09-28T16:21:48.235Z INFO  blacksilk_miner] found block 246 (reward 20.02248183 BLK, 0 txs)
[2026-09-28T16:21:57.910Z INFO  blacksilk_miner] found block 247 (reward 20.02246274 BLK, 0 txs)
[2026-09-28T16:22:01.925Z INFO  blacksilk_miner] found block 248 (reward 20.02244364 BLK, 0 txs)
[2026-09-28T16:22:05.492Z INFO  blacksilk_miner] hash rate 1.2 H/s (light mode)
[2026-09-28T16:22:06.072Z INFO  blacksilk_miner] found block 249 (reward 20.02242455 BLK, 0 txs)
[2026-09-28T16:22:08.975Z INFO  blacksilk_miner] found block 250 (reward 20.02240545 BLK, 0 txs)
[2026-09-28T16:22:17.060Z INFO  blacksilk_miner] found block 251 (reward 20.02273096 BLK, 1 txs)
[2026-09-28T16:22:23.751Z INFO  blacksilk_miner] found block 252 (reward 20.02236726 BLK, 0 txs)
[2026-09-28T16:22:26.736Z INFO  blacksilk_miner] found block 253 (reward 20.02234817 BLK, 0 txs)
[2026-09-28T16:22:37.599Z INFO  blacksilk_miner] found block 254 (reward 20.02232907 BLK, 0 txs)
[2026-09-28T16:22:41.695Z INFO  blacksilk_miner] found block 255 (reward 20.02230998 BLK, 0 txs)
[2026-09-28T16:22:44.695Z INFO  blacksilk_miner] found block 256 (reward 20.02229089 BLK, 0 txs)
[2026-09-28T16:22:45.995Z INFO  blacksilk_miner] found block 257 (reward 20.02227179 BLK, 0 txs)
[2026-09-28T16:22:52.338Z INFO  blacksilk_miner] found block 258 (reward 20.02225270 BLK, 0 txs)
[2026-09-28T16:22:54.064Z INFO  blacksilk_miner] found block 259 (reward 20.02223360 BLK, 0 txs)
[2026-09-28T16:22:59.840Z INFO  blacksilk_miner] found block 260 (reward 20.02221451 BLK, 0 txs)
[2026-09-28T16:23:04.457Z INFO  blacksilk_miner] found block 261 (reward 20.02219541 BLK, 0 txs)
[2026-09-28T16:23:09.563Z INFO  blacksilk_miner] hash rate 1.5 H/s (light mode)
[2026-09-28T16:23:37.113Z INFO  blacksilk_miner] found block 262 (reward 20.02217632 BLK, 0 txs)
[2026-09-28T16:24:08.712Z INFO  blacksilk_miner] found block 263 (reward 20.02215722 BLK, 0 txs)
[2026-09-28T16:24:14.147Z INFO  blacksilk_miner] hash rate 1.7 H/s (light mode)
[2026-09-28T16:24:28.538Z INFO  blacksilk_miner] found block 264 (reward 20.02213813 BLK, 0 txs)
[2026-09-28T16:24:29.713Z INFO  blacksilk_miner] found block 265 (reward 20.02211903 BLK, 0 txs)
[2026-09-28T16:24:41.647Z INFO  blacksilk_miner] found block 266 (reward 20.02244454 BLK, 1 txs)
[2026-09-28T16:24:44.480Z INFO  blacksilk_miner] found block 267 (reward 20.02208084 BLK, 0 txs)
[2026-09-28T16:24:57.312Z INFO  blacksilk_miner] new tip at height 269: work on template 268 abandoned after 2.1s
[2026-09-28T16:24:58.398Z INFO  blacksilk_miner] found block 270 (reward 20.02202356 BLK, 0 txs)
[2026-09-28T16:25:02.433Z INFO  blacksilk_miner] found block 271 (reward 20.02200447 BLK, 0 txs)
[2026-09-28T16:25:04.812Z INFO  blacksilk_miner] found block 272 (reward 20.02198537 BLK, 0 txs)
[2026-09-28T16:25:05.996Z INFO  blacksilk_miner] found block 273 (reward 20.02196628 BLK, 0 txs)
[2026-09-28T16:25:10.166Z INFO  blacksilk_miner] new tip at height 274: work on template 274 abandoned after 4.2s
[2026-09-28T16:25:14.227Z INFO  blacksilk_miner] hash rate 1.5 H/s (light mode)
[2026-09-28T16:25:14.227Z INFO  blacksilk_miner] new tip at height 275: work on template 275 abandoned after 4.1s
[2026-09-28T16:25:18.802Z INFO  blacksilk_miner] found block 276 (reward 20.02190899 BLK, 0 txs)
[2026-09-28T16:25:22.254Z INFO  blacksilk_miner] found block 277 (reward 20.02188990 BLK, 0 txs)
[2026-09-28T16:25:30.304Z INFO  blacksilk_miner] found block 278 (reward 20.02221541 BLK, 1 txs)
[2026-09-28T16:25:35.534Z INFO  blacksilk_miner] new tip at height 279: work on template 279 abandoned after 5.2s
[2026-09-28T16:25:38.308Z INFO  blacksilk_miner] found block 280 (reward 20.02183262 BLK, 0 txs)
[2026-09-28T16:25:42.861Z INFO  blacksilk_miner] found block 281 (reward 20.02181352 BLK, 0 txs)
[2026-09-28T16:25:54.411Z INFO  blacksilk_miner] new tip at height 282: work on template 282 abandoned after 1.3s
[2026-09-28T16:26:04.074Z INFO  blacksilk_miner] found block 283 (reward 20.02177533 BLK, 0 txs)
[2026-09-28T16:26:06.490Z INFO  blacksilk_miner] found block 284 (reward 20.02210084 BLK, 1 txs)
[2026-09-28T16:26:16.296Z INFO  blacksilk_miner] hash rate 1.6 H/s (light mode)
[2026-09-28T16:26:16.296Z INFO  blacksilk_miner] new tip at height 285: work on template 285 abandoned after 4.5s
[2026-09-28T16:26:18.027Z INFO  blacksilk_miner] found block 286 (reward 20.02171805 BLK, 0 txs)
[2026-09-28T16:26:22.198Z INFO  blacksilk_miner] new tip at height 287: work on template 287 abandoned after 4.2s
[2026-09-28T16:26:24.478Z INFO  blacksilk_miner] found block 288 (reward 20.02202446 BLK, 1 txs)
[2026-09-28T16:26:29.194Z INFO  blacksilk_miner] found block 289 (reward 20.02166077 BLK, 0 txs)
[2026-09-28T16:26:33.060Z INFO  blacksilk_miner] new tip at height 290: work on template 290 abandoned after 3.9s
[2026-09-28T16:26:57.529Z INFO  blacksilk_miner] new tip at height 291: work on template 291 abandoned after 3.8s
[2026-09-28T16:27:02.512Z INFO  blacksilk_miner] new tip at height 292: work on template 292 abandoned after 5.0s
[2026-09-28T16:27:06.280Z INFO  blacksilk_miner] found block 293 (reward 20.02158439 BLK, 0 txs)
[2026-09-28T16:27:11.781Z INFO  blacksilk_miner] found block 294 (reward 20.02156530 BLK, 0 txs)
[2026-09-28T16:27:16.863Z INFO  blacksilk_miner] hash rate 1.7 H/s (light mode)
[2026-09-28T16:27:17.940Z INFO  blacksilk_miner] found block 295 (reward 20.02154620 BLK, 0 txs)
[2026-09-28T16:27:24.194Z INFO  blacksilk_miner] new tip at height 296: work on template 296 abandoned after 1.2s
[2026-09-28T16:27:32.395Z INFO  blacksilk_miner] new tip at height 297: work on template 297 abandoned after 2.8s
[2026-09-28T16:27:36.210Z INFO  blacksilk_miner] new tip at height 298: work on template 298 abandoned after 3.8s
[2026-09-28T16:27:41.080Z INFO  blacksilk_miner] new tip at height 299: work on template 299 abandoned after 4.9s
[2026-09-28T16:27:49.417Z INFO  blacksilk_miner] new tip at height 301: work on template 301 abandoned after 2.9s
[2026-09-28T16:27:52.668Z INFO  blacksilk_miner] new tip at height 302: work on template 302 abandoned after 3.2s
[2026-09-28T16:27:55.524Z INFO  blacksilk_miner] new tip at height 303: work on template 303 abandoned after 2.8s
[2026-09-28T16:27:57.449Z INFO  blacksilk_miner] found block 304 (reward 20.02137436 BLK, 0 txs)
[2026-09-28T16:28:19.003Z INFO  blacksilk_miner] hash rate 1.3 H/s (light mode)
[2026-09-28T16:28:43.278Z INFO  blacksilk_miner] new tip at height 305: work on template 305 abandoned after 2.6s
[2026-09-28T16:28:44.604Z INFO  blacksilk_miner] found block 306 (reward 20.02133617 BLK, 0 txs)
[2026-09-28T16:29:04.218Z INFO  blacksilk_miner] new tip at height 307: work on template 307 abandoned after 3.4s
[2026-09-28T16:29:14.422Z INFO  blacksilk_miner] found block 308 (reward 20.02164258 BLK, 1 txs)
[2026-09-28T16:29:17.510Z INFO  blacksilk_miner] found block 309 (reward 20.02127889 BLK, 0 txs)
[2026-09-28T16:29:21.252Z INFO  blacksilk_miner] hash rate 1.1 H/s (light mode)
[2026-09-28T16:29:22.270Z INFO  blacksilk_miner] found block 310 (reward 20.02125980 BLK, 0 txs)
[2026-09-28T16:29:29.479Z INFO  blacksilk_miner] found block 311 (reward 20.02124070 BLK, 0 txs)
[2026-09-28T16:29:50.271Z INFO  blacksilk_miner] found block 313 (reward 20.02120251 BLK, 0 txs)
[2026-09-28T16:30:06.783Z INFO  blacksilk_miner] found block 314 (reward 20.02118342 BLK, 0 txs)
[2026-09-28T16:30:10.386Z INFO  blacksilk_miner] found block 315 (reward 20.02116433 BLK, 0 txs)
[2026-09-28T16:30:17.880Z INFO  blacksilk_miner] found block 316 (reward 20.02114523 BLK, 0 txs)
[2026-09-28T16:30:23.427Z INFO  blacksilk_miner] hash rate 1.0 H/s (light mode)
[2026-09-28T16:30:27.321Z INFO  blacksilk_miner] found block 318 (reward 20.02110705 BLK, 0 txs)
[2026-09-28T16:30:35.722Z INFO  blacksilk_miner] new tip at height 319: work on template 319 abandoned after 3.1s
[2026-09-28T16:30:43.856Z INFO  blacksilk_miner] found block 320 (reward 20.02141346 BLK, 1 txs)
