[2026-09-28T16:02:18.014Z INFO  blacksilk_node] blacksilk-node 0.1.0 commit bec93ff
[2026-09-28T16:02:18.014Z INFO  blacksilk_node] regtest: genesis 087d6fd4efbc45eb0a895dd0680a7fd305208cae239b1b4275d7148b29a569b7, consensus fingerprint 65334546765a538f41d5e8ec6aff7d6aebd17b26e3f612c2c844b44a1af7abaa
[2026-09-28T16:02:18.014Z INFO  blacksilk_node] regtest: loading C:/bszkeval/w2-mine2-scratch/labnet-run1\node2
[2026-09-28T16:02:18.020Z INFO  blacksilk_node] chain loaded in 5.6ms: height 0, tip 087d6fd4efbc45eb
[2026-09-28T16:02:18.023Z INFO  blacksilk_node] P2P listening on 127.0.0.1:47741
[2026-09-28T16:02:18.023Z INFO  blacksilk_node] RPC listening on http://127.0.0.1:47740
[2026-09-28T16:02:18.028Z WARN  blacksilk_node::cookie] the data directory C:/bszkeval/w2-mine2-scratch/labnet-run1\node2 is outside your user profile: on Windows the RPC cookie is protected only by that directory's permissions; make sure other users cannot read it
[2026-09-28T16:02:18.030Z INFO  blacksilk_node::serve] RPC credential written to C:/bszkeval/w2-mine2-scratch/labnet-run1\node2\rpc.cookie (clients read it: --rpc-cookie)
[2026-09-28T16:02:18.413Z INFO  blacksilk_p2p::net::conn] connected inbound peer 127.0.0.1:59208 (height 0)
[2026-09-28T16:02:18.429Z INFO  blacksilk_p2p::net::conn] connected outbound peer 127.0.0.1:49780 (height 0)
[2026-09-28T16:02:18.444Z INFO  blacksilk_p2p::net::conn] connected inbound peer 127.0.0.1:59213 (height 0)
[2026-09-28T16:02:18.469Z INFO  blacksilk_p2p::net::conn] connected outbound peer 127.0.0.1:49783 (height 0)
[2026-09-28T16:14:57.500Z INFO  blacksilk_node] block 207a64cb437d69eb at height 191 accepted (tip 191)
[2026-09-28T16:14:59.712Z INFO  blacksilk_node] block 7c29d335f8fd0320 at height 192 accepted (tip 192)
[2026-09-28T16:15:05.139Z INFO  blacksilk_node] block 69d19ee1e20bf197 at height 193 accepted (tip 193)
[2026-09-28T16:15:07.250Z INFO  blacksilk_node] block 2e6b0afe443d4277 at height 194 accepted (tip 194)
[2026-09-28T16:15:10.164Z INFO  blacksilk_node] block 60a284624e9b36bc at height 195 accepted (tip 195)
[2026-09-28T16:15:12.087Z INFO  blacksilk_node] block 7a34fcf016025d46 at height 196 accepted (tip 196)
[2026-09-28T16:15:24.034Z INFO  blacksilk_node] block cb4a342551f9eee3 at height 197 accepted (tip 197)
[2026-09-28T16:15:28.326Z INFO  blacksilk_node] block 2175048c9f3d5cf5 at height 198 accepted (tip 198)
[2026-09-28T16:15:49.372Z INFO  blacksilk_node] block 37ad62de9917dc02 at height 199 accepted (tip 199)
[2026-09-28T16:15:54.378Z INFO  blacksilk_node] block 3dc61b130615ae03 at height 200 accepted (tip 200)
[2026-09-28T16:15:57.445Z INFO  blacksilk_node] block d43f444bb3abf0b1 at height 201 accepted (tip 201)
[2026-09-28T16:16:00.561Z INFO  blacksilk_node] block 03d27085e1873667 at height 202 accepted (tip 202)
[2026-09-28T16:16:04.421Z INFO  blacksilk_node] block 3cd4bb45ccb54b03 at height 203 accepted (tip 203)
[2026-09-28T16:16:16.290Z INFO  blacksilk_node] block 46528d96c9863ee0 at height 205 accepted (tip 205)
[2026-09-28T16:16:19.835Z INFO  blacksilk_chain::manager::fork_choice] reorganization: disconnecting 1 block(s) above height 204
[2026-09-28T16:16:19.835Z INFO  blacksilk_chain::manager::fork_choice] mempool after the reorganization: Revalidation { checked: 0, invalid: 0, ring_changed: 0 }; returned transactions: Readmission { readmitted: 0, already_pooled: 0, other_rules: 0, conflicts: 0, invalid: 0, ring_changed: 0, no_room: 0, over_budget: 0 }; 0 beyond the readmission budget, not captured
[2026-09-28T16:16:40.339Z INFO  blacksilk_node] block 7d5b94335c87a9f7 at height 209 accepted (tip 209)
[2026-09-28T16:16:48.287Z INFO  blacksilk_node] block ac82d3a104a95a6e at height 210 accepted (tip 210)
[2026-09-28T16:16:54.258Z INFO  blacksilk_node] block 6c9f5455d4b0bac1 at height 211 accepted (tip 211)
[2026-09-28T16:17:04.840Z INFO  blacksilk_node] block d99d8fb8b834b7d6 at height 212 accepted (tip 212)
[2026-09-28T16:17:16.032Z INFO  blacksilk_node] block bbb9591d53c16133 at height 213 accepted (tip 213)
[2026-09-28T16:17:21.057Z INFO  blacksilk_node] block 745a112d94c09402 at height 214 accepted (tip 214)
[2026-09-28T16:17:26.342Z INFO  blacksilk_node] block b0293d84c92720b3 at height 215 accepted (tip 215)
[2026-09-28T16:17:30.402Z INFO  blacksilk_node] block c3c5569ace69c44d at height 216 accepted (tip 216)
[2026-09-28T16:17:38.562Z INFO  blacksilk_node] block b696832e998714d5 at height 217 accepted (tip 217)
[2026-09-28T16:17:42.757Z INFO  blacksilk_node] block 8c65111816659ff2 at height 218 accepted (tip 218)
[2026-09-28T16:17:51.172Z INFO  blacksilk_node] block 2613b78b627b2786 at height 219 accepted (tip 219)
[2026-09-28T16:18:00.761Z INFO  blacksilk_node] block 673748b0ec28d270 at height 220 accepted (tip 220)
[2026-09-28T16:18:09.646Z INFO  blacksilk_node] block f1e3eda61d841eec at height 221 accepted (tip 221)
[2026-09-28T16:18:15.764Z INFO  blacksilk_node] block 05c8e1bc45dcad3e at height 222 accepted (tip 222)
[2026-09-28T16:18:22.767Z INFO  blacksilk_node] block 68e0ae07c4c81cc9 at height 223 accepted (tip 223)
[2026-09-28T16:18:30.771Z INFO  blacksilk_node] block f3e3e2b8e4bbee02 at height 224 accepted (tip 224)
[2026-09-28T16:18:35.685Z INFO  blacksilk_chain::manager::fork_choice] reorganization: disconnecting 1 block(s) above height 223
[2026-09-28T16:18:35.686Z INFO  blacksilk_chain::manager::fork_choice] mempool after the reorganization: Revalidation { checked: 0, invalid: 0, ring_changed: 0 }; returned transactions: Readmission { readmitted: 0, already_pooled: 0, other_rules: 0, conflicts: 0, invalid: 0, ring_changed: 0, no_room: 0, over_budget: 0 }; 0 beyond the readmission budget, not captured
[2026-09-28T16:18:49.473Z INFO  blacksilk_node] block ec902b620e006c1a at height 227 accepted (tip 227)
[2026-09-28T16:18:52.716Z INFO  blacksilk_node] block f39bfcf988687bfd at height 228 accepted (tip 228)
[2026-09-28T16:19:02.500Z INFO  blacksilk_node] block 384a55ce7df2e12c at height 229 accepted (tip 229)
[2026-09-28T16:19:14.844Z INFO  blacksilk_node] block 13be919a6388715f at height 231 accepted (tip 231)
[2026-09-28T16:19:48.693Z INFO  blacksilk_node] block 0fc503bfc64ad8f4 at height 233 accepted (tip 233)
[2026-09-28T16:20:17.023Z INFO  blacksilk_node] block 53e3d10c58d4ff43 at height 235 accepted (tip 235)
[2026-09-28T16:20:22.968Z INFO  blacksilk_node] block ba9d23d031388830 at height 236 accepted (tip 236)
[2026-09-28T16:20:54.644Z INFO  blacksilk_node] block 50e968442b580605 at height 238 accepted (tip 238)
[2026-09-28T16:21:03.318Z INFO  blacksilk_node] block 08bef6af010fb3d1 at height 239 accepted (tip 239)
[2026-09-28T16:21:20.244Z INFO  blacksilk_node] block 00525ec4e5cb933e at height 241 accepted (tip 241)
[2026-09-28T16:21:24.189Z INFO  blacksilk_node] block c3067b935dec5b0a at height 242 accepted (tip 242)
[2026-09-28T16:21:29.018Z INFO  blacksilk_node] block b8470e7bf85c8468 at height 243 accepted (tip 243)
[2026-09-28T16:21:41.437Z INFO  blacksilk_p2p::net::conn] disconnected peer 127.0.0.1:49780
[2026-09-28T16:21:41.437Z INFO  blacksilk_p2p::net::conn] disconnected peer 127.0.0.1:59213
[2026-09-28T16:21:41.437Z INFO  blacksilk_p2p::net::conn] disconnected peer 127.0.0.1:59208
[2026-09-28T16:21:42.739Z INFO  blacksilk_node] block ccfe6af06d2b13ee at height 244 accepted (tip 244)
[2026-09-28T16:21:44.514Z INFO  blacksilk_node] block 6cb3f5c0d0bcec92 at height 245 accepted (tip 245)
[2026-09-28T16:21:50.733Z INFO  blacksilk_node] block c14315c5d80ed390 at height 246 accepted (tip 246)
[2026-09-28T16:21:53.605Z INFO  blacksilk_node] block 0a93208b1853dd35 at height 247 accepted (tip 247)
[2026-09-28T16:21:54.825Z INFO  blacksilk_node] block 985b8dc3e1dd4353 at height 248 accepted (tip 248)
[2026-09-28T16:22:00.549Z INFO  blacksilk_node] block 46758343b9af4291 at height 249 accepted (tip 249)
[2026-09-28T16:22:03.551Z INFO  blacksilk_node] block 268b59f1c4e79b0a at height 250 accepted (tip 250)
[2026-09-28T16:22:12.974Z INFO  blacksilk_node] block cf0f0abaff86b2ad at height 251 accepted (tip 251)
[2026-09-28T16:22:37.713Z INFO  blacksilk_node] block c37764e31f19e96f at height 252 accepted (tip 252)
[2026-09-28T16:22:39.493Z INFO  blacksilk_node] block ae8dc7acbd0799de at height 253 accepted (tip 253)
[2026-09-28T16:22:47.246Z INFO  blacksilk_node] block 51af8c6cf3ca5b0d at height 254 accepted (tip 254)
[2026-09-28T16:22:52.030Z INFO  blacksilk_node] block 3dbab83fd136b4ca at height 255 accepted (tip 255)
[2026-09-28T16:22:56.723Z INFO  blacksilk_node] block c987bd3992bae6c0 at height 256 accepted (tip 256)
[2026-09-28T16:22:58.942Z INFO  blacksilk_node] block 312f654da97fa159 at height 257 accepted (tip 257)
[2026-09-28T16:23:06.392Z INFO  blacksilk_node] block dfb45e8c963f5aeb at height 258 accepted (tip 258)
[2026-09-28T16:23:09.831Z INFO  blacksilk_node] block 5f27792ffccdda41 at height 259 accepted (tip 259)
[2026-09-28T16:23:25.923Z INFO  blacksilk_node] block 79c2becd5214d2ee at height 260 accepted (tip 260)
[2026-09-28T16:23:35.112Z INFO  blacksilk_node] block ddc18a907a4cd113 at height 261 accepted (tip 261)
[2026-09-28T16:23:38.626Z INFO  blacksilk_node] block 67a03eaee2b4069d at height 262 accepted (tip 262)
[2026-09-28T16:23:46.766Z INFO  blacksilk_node] block bd255d5e60fc0087 at height 263 accepted (tip 263)
[2026-09-28T16:23:51.829Z INFO  blacksilk_node] block c3e7ef983cc05bb6 at height 264 accepted (tip 264)
[2026-09-28T16:23:53.688Z INFO  blacksilk_node] block 3673444e612b6bc9 at height 265 accepted (tip 265)
[2026-09-28T16:23:59.497Z INFO  blacksilk_node] block fdf28dbf49f3bc1f at height 266 accepted (tip 266)
[2026-09-28T16:24:03.593Z INFO  blacksilk_node] block 6f8348d2526d0480 at height 267 accepted (tip 267)
[2026-09-28T16:24:17.055Z INFO  blacksilk_node] block d0fef64571f2b496 at height 268 accepted (tip 268)
[2026-09-28T16:24:45.462Z INFO  blacksilk_node] block c0c2a21083dc1a6b at height 269 accepted (tip 269)
[2026-09-28T16:24:50.905Z INFO  blacksilk_p2p::net::conn] connected outbound peer 127.0.0.1:49780 (height 267)
[2026-09-28T16:24:52.104Z INFO  blacksilk_p2p::net::conn] connected inbound peer 127.0.0.1:59940 (height 267)
[2026-09-28T16:24:52.104Z INFO  blacksilk_p2p::net::conn] connected inbound peer 127.0.0.1:59943 (height 267)
[2026-09-28T16:25:03.323Z INFO  blacksilk_node] block dddbd38aee437a92 at height 271 accepted (tip 271)
[2026-09-28T16:25:09.178Z INFO  blacksilk_node] block cc36b2e72f1b0657 at height 274 accepted (tip 274)
[2026-09-28T16:25:12.707Z INFO  blacksilk_node] block a0403042a7cea5e2 at height 275 accepted (tip 275)
[2026-09-28T16:25:18.383Z INFO  blacksilk_node] block b51e1e97a304a9b7 at height 276 accepted (tip 276)
[2026-09-28T16:25:23.156Z INFO  blacksilk_chain::manager::fork_choice] reorganization: disconnecting 1 block(s) above height 275
[2026-09-28T16:25:23.156Z INFO  blacksilk_chain::manager::fork_choice] mempool after the reorganization: Revalidation { checked: 1, invalid: 0, ring_changed: 0 }; returned transactions: Readmission { readmitted: 0, already_pooled: 0, other_rules: 0, conflicts: 0, invalid: 0, ring_changed: 0, no_room: 0, over_budget: 0 }; 0 beyond the readmission budget, not captured
[2026-09-28T16:25:30.608Z INFO  blacksilk_node] block 41755de4378e59a6 at height 278 accepted (tip 278)
[2026-09-28T16:25:34.210Z INFO  blacksilk_node] block 3d377e38ab5a1e59 at height 279 accepted (tip 279)
[2026-09-28T16:25:52.994Z INFO  blacksilk_node] block e44833d873835f93 at height 282 accepted (tip 282)
[2026-09-28T16:26:15.072Z INFO  blacksilk_node] block 55842706963dc348 at height 285 accepted (tip 285)
[2026-09-28T16:26:20.857Z INFO  blacksilk_node] block f84435acfeeaa7e1 at height 287 accepted (tip 287)
[2026-09-28T16:26:29.121Z INFO  blacksilk_node] block f24557bf0e9016ed at height 289 accepted (tip 289)
[2026-09-28T16:26:31.634Z INFO  blacksilk_node] block 50a78b654043361f at height 290 accepted (tip 290)
[2026-09-28T16:26:56.091Z INFO  blacksilk_node] block 8a537a0575ee499e at height 291 accepted (tip 291)
[2026-09-28T16:27:01.549Z INFO  blacksilk_node] block 87978563fb494ba9 at height 292 accepted (tip 292)
[2026-09-28T16:27:07.143Z INFO  blacksilk_node] block 5d039057470dcf5a at height 293 accepted (tip 293)
[2026-09-28T16:27:13.009Z INFO  blacksilk_node] block e22d666e29ac6751 at height 294 accepted (tip 294)
[2026-09-28T16:27:18.553Z INFO  blacksilk_node] block 6e10cf172dca234c at height 295 accepted (tip 295)
[2026-09-28T16:27:22.998Z INFO  blacksilk_node] block 79cafb247461192f at height 296 accepted (tip 296)
[2026-09-28T16:27:31.156Z INFO  blacksilk_node] block 6ce3bfc517191337 at height 297 accepted (tip 297)
[2026-09-28T16:27:35.040Z INFO  blacksilk_node] block f1671c3261bc627b at height 298 accepted (tip 298)
[2026-09-28T16:27:39.099Z INFO  blacksilk_node] block 83cc0e4993344209 at height 299 accepted (tip 299)
[2026-09-28T16:27:45.094Z INFO  blacksilk_node] block 0eef3f15ce28fc6e at height 300 accepted (tip 300)
[2026-09-28T16:27:47.582Z INFO  blacksilk_node] block 57d1f2ba051ebebd at height 301 accepted (tip 301)
[2026-09-28T16:27:50.334Z INFO  blacksilk_node] block a68c156997139f5e at height 302 accepted (tip 302)
[2026-09-28T16:27:53.667Z INFO  blacksilk_node] block 9670dac8599d9a1b at height 303 accepted (tip 303)
[2026-09-28T16:28:42.082Z INFO  blacksilk_node] block 78f535b86c77c416 at height 305 accepted (tip 305)
[2026-09-28T16:28:43.853Z INFO  blacksilk_node] block 419d7167d4a6faab at height 306 accepted (tip 306)
[2026-09-28T16:29:02.075Z INFO  blacksilk_node] block 337d52e5ffe05c56 at height 307 accepted (tip 307)
[2026-09-28T16:29:29.236Z INFO  blacksilk_node] block 6917a4c7a917e60c at height 311 accepted (tip 311)
[2026-09-28T16:29:34.108Z INFO  blacksilk_node] block 87f87fa04cd1aefa at height 312 accepted (tip 312)
[2026-09-28T16:30:10.284Z INFO  blacksilk_node] block bd33bb2db6f95c4f at height 314 accepted (tip 314)
[2026-09-28T16:30:20.064Z INFO  blacksilk_node] block cec456fb9b0b3990 at height 316 accepted (tip 316)
[2026-09-28T16:30:22.181Z INFO  blacksilk_node] block 61346ea537909435 at height 317 accepted (tip 317)
[2026-09-28T16:30:34.285Z INFO  blacksilk_node] block 9d60aa55168664e5 at height 319 accepted (tip 319)
[2026-09-28T16:31:08.341Z INFO  blacksilk_p2p::net::conn] connected inbound peer 127.0.0.1:60121 (height 16)
