[2026-09-28T16:02:17.985Z INFO  blacksilk_node] blacksilk-node 0.1.0 commit bec93ff
[2026-09-28T16:02:17.985Z INFO  blacksilk_node] regtest: genesis 087d6fd4efbc45eb0a895dd0680a7fd305208cae239b1b4275d7148b29a569b7, consensus fingerprint 65334546765a538f41d5e8ec6aff7d6aebd17b26e3f612c2c844b44a1af7abaa
[2026-09-28T16:02:17.985Z INFO  blacksilk_node] regtest: loading C:/bszkeval/w2-mine2-scratch/labnet-run1\node0
[2026-09-28T16:02:18.014Z INFO  blacksilk_node] chain loaded in 28.4ms: height 0, tip 087d6fd4efbc45eb
[2026-09-28T16:02:18.017Z INFO  blacksilk_node] P2P listening on 127.0.0.1:47701
[2026-09-28T16:02:18.017Z INFO  blacksilk_node] RPC listening on http://127.0.0.1:47700
[2026-09-28T16:02:18.066Z WARN  blacksilk_node::cookie] the data directory C:/bszkeval/w2-mine2-scratch/labnet-run1\node0 is outside your user profile: on Windows the RPC cookie is protected only by that directory's permissions; make sure other users cannot read it
[2026-09-28T16:02:18.066Z INFO  blacksilk_node::serve] RPC credential written to C:/bszkeval/w2-mine2-scratch/labnet-run1\node0\rpc.cookie (clients read it: --rpc-cookie)
[2026-09-28T16:02:18.413Z INFO  blacksilk_p2p::net::conn] connected inbound peer 127.0.0.1:59209 (height 0)
[2026-09-28T16:02:18.469Z INFO  blacksilk_p2p::net::conn] connected outbound peer 127.0.0.1:49702 (height 0)
[2026-09-28T16:02:18.469Z INFO  blacksilk_p2p::net::conn] connected inbound peer 127.0.0.1:59218 (height 0)
[2026-09-28T16:02:18.469Z INFO  blacksilk_p2p::net::conn] connected outbound peer 127.0.0.1:49701 (height 0)
[2026-09-28T16:02:23.801Z INFO  blacksilk_node] block 7d6cb9b90c98f4e3 at height 1 accepted (tip 1)
[2026-09-28T16:02:26.342Z INFO  blacksilk_node] block fdd35935fb50fec8 at height 2 accepted (tip 2)
[2026-09-28T16:02:28.269Z INFO  blacksilk_node] block 11a4a9f448aceed4 at height 3 accepted (tip 3)
[2026-09-28T16:02:30.777Z INFO  blacksilk_node] block 22d9fba190caa3eb at height 4 accepted (tip 4)
[2026-09-28T16:02:33.519Z INFO  blacksilk_node] block 2332167c76c17943 at height 5 accepted (tip 5)
[2026-09-28T16:02:36.075Z INFO  blacksilk_node] block e5fbeb32520592cf at height 6 accepted (tip 6)
[2026-09-28T16:02:38.632Z INFO  blacksilk_node] block 14cb342b80eb2026 at height 7 accepted (tip 7)
[2026-09-28T16:02:40.117Z INFO  blacksilk_node] block 5bb8c9cd01f85a70 at height 8 accepted (tip 8)
[2026-09-28T16:02:41.517Z INFO  blacksilk_node] block 3cd14bf2dc2b5c6a at height 9 accepted (tip 9)
[2026-09-28T16:02:42.755Z INFO  blacksilk_node] block 7898c0d6dc3b85eb at height 10 accepted (tip 10)
[2026-09-28T16:02:43.932Z INFO  blacksilk_node] block 217b02d954ece751 at height 11 accepted (tip 11)
[2026-09-28T16:02:45.134Z INFO  blacksilk_node] block e5cbd26c0aaebc12 at height 12 accepted (tip 12)
[2026-09-28T16:02:46.419Z INFO  blacksilk_node] block 0142adeac992eb29 at height 13 accepted (tip 13)
[2026-09-28T16:02:47.678Z INFO  blacksilk_node] block 87f6c250d305770c at height 14 accepted (tip 14)
[2026-09-28T16:02:48.977Z INFO  blacksilk_node] block 329990344f7a064f at height 15 accepted (tip 15)
[2026-09-28T16:02:50.299Z INFO  blacksilk_node] block 0beb109bae6ab663 at height 16 accepted (tip 16)
[2026-09-28T16:02:51.640Z INFO  blacksilk_node] block ca5657a4e12f950a at height 17 accepted (tip 17)
[2026-09-28T16:02:52.811Z INFO  blacksilk_node] block 777d45e53c11e4f7 at height 18 accepted (tip 18)
[2026-09-28T16:02:54.098Z INFO  blacksilk_node] block be432c1167bf2a37 at height 19 accepted (tip 19)
[2026-09-28T16:02:55.337Z INFO  blacksilk_node] block a9edfb1b9f1b9017 at height 20 accepted (tip 20)
[2026-09-28T16:02:56.708Z INFO  blacksilk_node] block 262000bb3fcec7fa at height 21 accepted (tip 21)
[2026-09-28T16:02:58.279Z INFO  blacksilk_node] block 0aa507b9cefb7671 at height 22 accepted (tip 22)
[2026-09-28T16:03:00.783Z INFO  blacksilk_node] block 266db2364870eee4 at height 23 accepted (tip 23)
[2026-09-28T16:03:03.447Z INFO  blacksilk_node] block 54ee86f85d74a69a at height 24 accepted (tip 24)
[2026-09-28T16:03:05.910Z INFO  blacksilk_node] block dea155c2c9863bca at height 25 accepted (tip 25)
[2026-09-28T16:03:07.975Z INFO  blacksilk_node] block b09afe031714d274 at height 26 accepted (tip 26)
[2026-09-28T16:03:09.614Z INFO  blacksilk_node] block 3c2de26884abccb0 at height 27 accepted (tip 27)
[2026-09-28T16:03:11.853Z INFO  blacksilk_node] block 689dabfcf75cf8d7 at height 28 accepted (tip 28)
[2026-09-28T16:03:14.554Z INFO  blacksilk_node] block 1fd27ff6900f20dc at height 29 accepted (tip 29)
[2026-09-28T16:03:17.540Z INFO  blacksilk_node] block ca1336ab587aea88 at height 30 accepted (tip 30)
[2026-09-28T16:03:20.007Z INFO  blacksilk_node] block 98fffaf4369f744e at height 31 accepted (tip 31)
[2026-09-28T16:03:22.675Z INFO  blacksilk_node] block dd9b6f0fe518b335 at height 32 accepted (tip 32)
[2026-09-28T16:03:25.194Z INFO  blacksilk_node] block d23096ea7a9d2bd7 at height 33 accepted (tip 33)
[2026-09-28T16:03:27.429Z INFO  blacksilk_node] block 68acba2f9ba7ae4a at height 34 accepted (tip 34)
[2026-09-28T16:03:29.777Z INFO  blacksilk_node] block e8bae35b018c99e3 at height 35 accepted (tip 35)
[2026-09-28T16:03:31.911Z INFO  blacksilk_node] block a7dcca02fea3f40f at height 36 accepted (tip 36)
[2026-09-28T16:03:34.094Z INFO  blacksilk_node] block 22f7a05a21bb6e2b at height 37 accepted (tip 37)
[2026-09-28T16:03:35.730Z INFO  blacksilk_node] block 9d1d76bf1126c9a7 at height 38 accepted (tip 38)
[2026-09-28T16:03:37.486Z INFO  blacksilk_node] block f54d0cab56be2720 at height 39 accepted (tip 39)
[2026-09-28T16:03:39.333Z INFO  blacksilk_node] block 185f21ee12f0d5f6 at height 40 accepted (tip 40)
[2026-09-28T16:03:41.044Z INFO  blacksilk_node] block b9e97402fc565ed4 at height 41 accepted (tip 41)
[2026-09-28T16:03:42.520Z INFO  blacksilk_node] block db50bda6865993a1 at height 42 accepted (tip 42)
[2026-09-28T16:03:44.409Z INFO  blacksilk_node] block 160f54b80d7a864c at height 43 accepted (tip 43)
[2026-09-28T16:03:46.993Z INFO  blacksilk_node] block 3ae14caf49844077 at height 44 accepted (tip 44)
[2026-09-28T16:03:49.398Z INFO  blacksilk_node] block 5b2ea20c6fac99f4 at height 45 accepted (tip 45)
[2026-09-28T16:03:52.389Z INFO  blacksilk_node] block 0fe43446e02cd29c at height 46 accepted (tip 46)
[2026-09-28T16:03:54.923Z INFO  blacksilk_node] block 940d66ccc67cd438 at height 47 accepted (tip 47)
[2026-09-28T16:03:57.354Z INFO  blacksilk_node] block 1979ceece3308e8e at height 48 accepted (tip 48)
[2026-09-28T16:03:59.768Z INFO  blacksilk_node] block 69dd38a47473c4f4 at height 49 accepted (tip 49)
[2026-09-28T16:04:02.668Z INFO  blacksilk_node] block 392706fc16d1daf8 at height 50 accepted (tip 50)
[2026-09-28T16:04:04.430Z INFO  blacksilk_node] block 6c3d1a19bebb2449 at height 51 accepted (tip 51)
[2026-09-28T16:04:06.672Z INFO  blacksilk_node] block 62d3f4764857ea05 at height 52 accepted (tip 52)
[2026-09-28T16:04:09.138Z INFO  blacksilk_node] block dc55a38170cf45df at height 53 accepted (tip 53)
[2026-09-28T16:04:10.781Z INFO  blacksilk_node] block b8bfdf00e90df34d at height 54 accepted (tip 54)
[2026-09-28T16:04:13.194Z INFO  blacksilk_node] block 7efc79e388f0ee3a at height 55 accepted (tip 55)
[2026-09-28T16:04:15.009Z INFO  blacksilk_node] block e4d0e18a42f9622e at height 56 accepted (tip 56)
[2026-09-28T16:04:17.312Z INFO  blacksilk_node] block 9ad7a086c42c897e at height 57 accepted (tip 57)
[2026-09-28T16:04:18.695Z INFO  blacksilk_node] block ad37b029a35b9946 at height 58 accepted (tip 58)
[2026-09-28T16:04:20.183Z INFO  blacksilk_node] block 3a21cccb373a6f24 at height 59 accepted (tip 59)
[2026-09-28T16:04:21.695Z INFO  blacksilk_node] block 9cd64bb434e14c06 at height 60 accepted (tip 60)
[2026-09-28T16:04:24.283Z INFO  blacksilk_node] block 0d6e9b9c0643bee5 at height 61 accepted (tip 61)
[2026-09-28T16:04:27.215Z INFO  blacksilk_node] block b93f2c5372a89bb6 at height 62 accepted (tip 62)
[2026-09-28T16:04:29.674Z INFO  blacksilk_node] block 53c02d5a262e0fd9 at height 63 accepted (tip 63)
[2026-09-28T16:04:31.904Z INFO  blacksilk_node] block c8becf038cc1b1fc at height 64 accepted (tip 64)
[2026-09-28T16:04:33.552Z INFO  blacksilk_node] block 7e1f9c3ac805e63d at height 65 accepted (tip 65)
[2026-09-28T16:04:35.020Z INFO  blacksilk_node] block db6f5652e0572fbd at height 66 accepted (tip 66)
[2026-09-28T16:04:36.886Z INFO  blacksilk_node] block 361db08be6f5cb5b at height 67 accepted (tip 67)
[2026-09-28T16:04:39.458Z INFO  blacksilk_node] block 4d7761861fe35422 at height 68 accepted (tip 68)
[2026-09-28T16:04:41.777Z INFO  blacksilk_node] block 4a97d724c368f150 at height 69 accepted (tip 69)
[2026-09-28T16:04:44.651Z INFO  blacksilk_node] block 55fce87ed47440d6 at height 70 accepted (tip 70)
[2026-09-28T16:04:47.010Z INFO  blacksilk_node] block cba4c596116dce01 at height 71 accepted (tip 71)
[2026-09-28T16:04:49.615Z INFO  blacksilk_node] block aaa91d463408d821 at height 72 accepted (tip 72)
[2026-09-28T16:04:51.999Z INFO  blacksilk_node] block cc3abfb4c4c1cfb2 at height 73 accepted (tip 73)
[2026-09-28T16:04:54.561Z INFO  blacksilk_node] block c0f3c63578f2344a at height 74 accepted (tip 74)
[2026-09-28T16:04:56.774Z INFO  blacksilk_node] block 04a27736691efc75 at height 75 accepted (tip 75)
[2026-09-28T16:04:59.152Z INFO  blacksilk_node] block 1b258a61c3935c99 at height 76 accepted (tip 76)
[2026-09-28T16:05:05.324Z INFO  blacksilk_node] block 72471c1f7177ce82 at height 77 accepted (tip 77)
[2026-09-28T16:05:07.692Z INFO  blacksilk_node] block fcaf578dfc244741 at height 78 accepted (tip 78)
[2026-09-28T16:05:12.380Z INFO  blacksilk_node] block 8c84ae22670dca1b at height 79 accepted (tip 79)
[2026-09-28T16:05:18.559Z INFO  blacksilk_node] block f0b086beab7684b8 at height 80 accepted (tip 80)
[2026-09-28T16:05:21.904Z INFO  blacksilk_node] block e0554a1ccd3577b5 at height 81 accepted (tip 81)
[2026-09-28T16:05:24.803Z INFO  blacksilk_node] block c20965aae3cdf6d3 at height 82 accepted (tip 82)
[2026-09-28T16:05:27.270Z INFO  blacksilk_node] block 8f5a7e7a7a9eb671 at height 83 accepted (tip 83)
[2026-09-28T16:05:29.654Z INFO  blacksilk_node] block df65b7d6c206af89 at height 84 accepted (tip 84)
[2026-09-28T16:05:32.976Z INFO  blacksilk_node] block 0896f31a3b800aaf at height 85 accepted (tip 85)
[2026-09-28T16:05:35.513Z INFO  blacksilk_node] block 38c60f30dc58766d at height 86 accepted (tip 86)
[2026-09-28T16:05:37.916Z INFO  blacksilk_node] block 9cb7a183873370bd at height 87 accepted (tip 87)
[2026-09-28T16:05:41.423Z INFO  blacksilk_node] block 5497e15d192d6f37 at height 88 accepted (tip 88)
[2026-09-28T16:05:43.854Z INFO  blacksilk_node] block 32037fcd6e3e513c at height 89 accepted (tip 89)
[2026-09-28T16:05:45.593Z INFO  blacksilk_node] block 3fb4384a0db52860 at height 90 accepted (tip 90)
[2026-09-28T16:05:47.663Z INFO  blacksilk_node] block 976c692b68a083fa at height 91 accepted (tip 91)
[2026-09-28T16:05:49.650Z INFO  blacksilk_node] block c5e7a408fa0e6cd1 at height 92 accepted (tip 92)
[2026-09-28T16:05:51.732Z INFO  blacksilk_node] block 8e5a1052eea4b394 at height 93 accepted (tip 93)
[2026-09-28T16:05:55.000Z INFO  blacksilk_node] block afea7b4c0aa531bd at height 94 accepted (tip 94)
[2026-09-28T16:05:57.062Z INFO  blacksilk_node] block 18a44bb2439eda4e at height 95 accepted (tip 95)
[2026-09-28T16:06:02.189Z INFO  blacksilk_node] block 3a5c22f0a6705529 at height 96 accepted (tip 96)
[2026-09-28T16:06:06.477Z INFO  blacksilk_node] block 4b9b41929cc5c5c8 at height 97 accepted (tip 97)
[2026-09-28T16:06:08.854Z INFO  blacksilk_node] block ac9bfc24e116c092 at height 98 accepted (tip 98)
[2026-09-28T16:06:12.053Z INFO  blacksilk_node] block cc0846132c6b3fd6 at height 99 accepted (tip 99)
[2026-09-28T16:06:15.129Z INFO  blacksilk_node] block 2225dbb23af2425b at height 100 accepted (tip 100)
[2026-09-28T16:06:17.748Z INFO  blacksilk_node] block 85662b1b16e5acea at height 101 accepted (tip 101)
[2026-09-28T16:06:20.129Z INFO  blacksilk_node] block 407e623073c6e31b at height 102 accepted (tip 102)
[2026-09-28T16:06:23.147Z INFO  blacksilk_node] block 87beda03230f8e22 at height 103 accepted (tip 103)
[2026-09-28T16:06:30.003Z INFO  blacksilk_node] block 7a498a8da0d39729 at height 104 accepted (tip 104)
[2026-09-28T16:06:32.950Z INFO  blacksilk_node] block dd7a346c8b8ca871 at height 105 accepted (tip 105)
[2026-09-28T16:06:35.427Z INFO  blacksilk_node] block 16b09533ba06e732 at height 106 accepted (tip 106)
[2026-09-28T16:06:40.866Z INFO  blacksilk_node] block 01913971c62d60ea at height 107 accepted (tip 107)
[2026-09-28T16:06:42.415Z INFO  blacksilk_node] block a435e4079bc0c5e3 at height 108 accepted (tip 108)
[2026-09-28T16:06:44.071Z INFO  blacksilk_node] block 91279b5a45cab071 at height 109 accepted (tip 109)
[2026-09-28T16:06:45.604Z INFO  blacksilk_node] block d8aff56a91192162 at height 110 accepted (tip 110)
[2026-09-28T16:06:47.311Z INFO  blacksilk_node] block 415e66b790978008 at height 111 accepted (tip 111)
[2026-09-28T16:06:51.803Z INFO  blacksilk_node] block d393fb2d56876d1e at height 112 accepted (tip 112)
[2026-09-28T16:06:54.360Z INFO  blacksilk_node] block 288e226c2e20d644 at height 113 accepted (tip 113)
[2026-09-28T16:06:56.759Z INFO  blacksilk_node] block 11cc15cc0ad22b73 at height 114 accepted (tip 114)
[2026-09-28T16:07:02.452Z INFO  blacksilk_node] block 87113b9b95e7b153 at height 115 accepted (tip 115)
[2026-09-28T16:07:04.730Z INFO  blacksilk_node] block 43c3af63402e7a13 at height 116 accepted (tip 116)
[2026-09-28T16:07:08.876Z INFO  blacksilk_node] block 89c97bf291177692 at height 117 accepted (tip 117)
[2026-09-28T16:07:11.959Z INFO  blacksilk_node] block c2e62be37fdca81a at height 118 accepted (tip 118)
[2026-09-28T16:07:21.563Z INFO  blacksilk_node] block 941e88a780ad76f9 at height 119 accepted (tip 119)
[2026-09-28T16:07:24.881Z INFO  blacksilk_node] block d4094bee69866d0f at height 120 accepted (tip 120)
[2026-09-28T16:07:29.560Z INFO  blacksilk_node] block 49078c64a5aabcf8 at height 121 accepted (tip 121)
[2026-09-28T16:07:31.731Z INFO  blacksilk_node] block 0d60df69a8fc80e2 at height 122 accepted (tip 122)
[2026-09-28T16:07:35.297Z INFO  blacksilk_node] block 27d5de7f83ca7309 at height 123 accepted (tip 123)
[2026-09-28T16:07:37.278Z INFO  blacksilk_node] block 19477d86a979e758 at height 124 accepted (tip 124)
[2026-09-28T16:07:38.770Z INFO  blacksilk_node] block 07205853d34bfad8 at height 125 accepted (tip 125)
[2026-09-28T16:07:44.039Z INFO  blacksilk_node] block a826f93de2b6b558 at height 126 accepted (tip 126)
[2026-09-28T16:07:48.478Z INFO  blacksilk_node] block 7a07f864ebc4f689 at height 127 accepted (tip 127)
[2026-09-28T16:07:54.533Z INFO  blacksilk_node] block 1e082a6c426f6938 at height 128 accepted (tip 128)
[2026-09-28T16:07:56.541Z INFO  blacksilk_node] block 0fcb9823556395a5 at height 129 accepted (tip 129)
[2026-09-28T16:08:00.568Z INFO  blacksilk_node] block 4eccbc6b7cfc547a at height 130 accepted (tip 130)
[2026-09-28T16:08:03.429Z INFO  blacksilk_node] block 6efae167f6f9a193 at height 131 accepted (tip 131)
[2026-09-28T16:08:12.946Z INFO  blacksilk_node] block d81e9540534957f8 at height 132 accepted (tip 132)
[2026-09-28T16:08:14.790Z INFO  blacksilk_node] block cf9b9c9bfc512ef6 at height 133 accepted (tip 133)
[2026-09-28T16:08:18.840Z INFO  blacksilk_node] block db9cbf424eec9f1c at height 134 accepted (tip 134)
[2026-09-28T16:08:22.061Z INFO  blacksilk_node] block 6c4872d372263f56 at height 135 accepted (tip 135)
[2026-09-28T16:08:24.334Z INFO  blacksilk_node] block 7071cc9bf0b60945 at height 136 accepted (tip 136)
[2026-09-28T16:08:27.751Z INFO  blacksilk_node] block d5def5f7cf53e06d at height 137 accepted (tip 137)
[2026-09-28T16:08:39.909Z INFO  blacksilk_node] block 8922b31f4c981cf1 at height 138 accepted (tip 138)
[2026-09-28T16:08:54.794Z INFO  blacksilk_node] block fdbeed7e55b5d146 at height 139 accepted (tip 139)
[2026-09-28T16:08:59.059Z INFO  blacksilk_node] block 16f0ea7d50dfa2c1 at height 140 accepted (tip 140)
[2026-09-28T16:09:01.470Z INFO  blacksilk_node] block cae710a700db251b at height 141 accepted (tip 141)
[2026-09-28T16:09:05.401Z INFO  blacksilk_node] block 87436d84260b2b65 at height 142 accepted (tip 142)
[2026-09-28T16:09:07.822Z INFO  blacksilk_node] block aba59849d581ca6a at height 143 accepted (tip 143)
[2026-09-28T16:09:10.957Z INFO  blacksilk_node] block c74edd923d199daf at height 144 accepted (tip 144)
[2026-09-28T16:09:28.343Z INFO  blacksilk_node] block f56650074fed9b57 at height 145 accepted (tip 145)
[2026-09-28T16:09:36.172Z INFO  blacksilk_node] block 3fec0cbb11de2111 at height 146 accepted (tip 146)
[2026-09-28T16:09:44.656Z INFO  blacksilk_node] block 2d9447d3978731a8 at height 147 accepted (tip 147)
[2026-09-28T16:09:46.813Z INFO  blacksilk_node] block ffb981398f58aafc at height 148 accepted (tip 148)
[2026-09-28T16:09:51.952Z INFO  blacksilk_node] block 17472ed1badf6930 at height 149 accepted (tip 149)
[2026-09-28T16:09:58.363Z INFO  blacksilk_node] block 0e6e2c4ab428ac63 at height 150 accepted (tip 150)
[2026-09-28T16:10:03.523Z INFO  blacksilk_node] block bbe0d4e81878643a at height 151 accepted (tip 151)
[2026-09-28T16:10:06.461Z INFO  blacksilk_node] block 2e61d1f20c1ccce1 at height 152 accepted (tip 152)
[2026-09-28T16:10:10.361Z INFO  blacksilk_node] block ad2b10cf3220eaae at height 153 accepted (tip 153)
[2026-09-28T16:10:19.848Z INFO  blacksilk_node] block f02855015bd8b49f at height 154 accepted (tip 154)
[2026-09-28T16:10:26.755Z INFO  blacksilk_node] block e8e7806d6ec4fbb0 at height 155 accepted (tip 155)
[2026-09-28T16:10:29.875Z INFO  blacksilk_node] block 1ec046f48ce31370 at height 156 accepted (tip 156)
[2026-09-28T16:10:41.770Z INFO  blacksilk_node] block 4d93aa47e36b067a at height 157 accepted (tip 157)
[2026-09-28T16:10:51.041Z INFO  blacksilk_node] block 2a3b59caee69bd0e at height 158 accepted (tip 158)
[2026-09-28T16:10:53.778Z INFO  blacksilk_node] block 0da17b7d7c3ea905 at height 159 accepted (tip 159)
[2026-09-28T16:10:57.733Z INFO  blacksilk_node] block 0e812c175dc89fd8 at height 160 accepted (tip 160)
[2026-09-28T16:11:02.125Z INFO  blacksilk_node] block d8075725e327852a at height 161 accepted (tip 161)
[2026-09-28T16:11:16.194Z INFO  blacksilk_node] block 4d2475410a0c244d at height 162 accepted (tip 162)
[2026-09-28T16:11:24.427Z INFO  blacksilk_node] block 3a02f3927c4b7b0b at height 163 accepted (tip 163)
[2026-09-28T16:11:26.425Z INFO  blacksilk_node] block 109ca2b24bac2abd at height 164 accepted (tip 164)
[2026-09-28T16:11:29.535Z INFO  blacksilk_node] block 8a9ef9848bdc5e26 at height 165 accepted (tip 165)
[2026-09-28T16:11:45.394Z INFO  blacksilk_node] block b797a592816e65e6 at height 166 accepted (tip 166)
[2026-09-28T16:11:58.627Z INFO  blacksilk_node] block c970ac09528bc333 at height 167 accepted (tip 167)
[2026-09-28T16:12:05.862Z INFO  blacksilk_node] block cfb8344436f192a2 at height 168 accepted (tip 168)
[2026-09-28T16:12:12.183Z INFO  blacksilk_node] block 068477f71cd255c8 at height 169 accepted (tip 169)
[2026-09-28T16:12:26.288Z INFO  blacksilk_node] block d02fbb83988c93e1 at height 170 accepted (tip 170)
[2026-09-28T16:12:30.970Z INFO  blacksilk_node] block 24b7768272d88290 at height 171 accepted (tip 171)
[2026-09-28T16:12:37.242Z INFO  blacksilk_node] block 025920c54efebb98 at height 172 accepted (tip 172)
[2026-09-28T16:12:47.485Z INFO  blacksilk_node] block 4cf0c2a678ae5cf9 at height 173 accepted (tip 173)
[2026-09-28T16:12:51.914Z INFO  blacksilk_node] block d8a15eff8f41057a at height 174 accepted (tip 174)
[2026-09-28T16:12:57.862Z INFO  blacksilk_node] block 8178f363f256f64e at height 175 accepted (tip 175)
[2026-09-28T16:13:00.404Z INFO  blacksilk_node] block 705454537649ae84 at height 176 accepted (tip 176)
[2026-09-28T16:13:05.335Z INFO  blacksilk_node] block 0600d41acc2aeb65 at height 177 accepted (tip 177)
[2026-09-28T16:13:12.624Z INFO  blacksilk_node] block 35985caa6ee5d3bb at height 178 accepted (tip 178)
[2026-09-28T16:13:17.744Z INFO  blacksilk_node] block 5459bf13c709ab8b at height 179 accepted (tip 179)
[2026-09-28T16:13:19.927Z INFO  blacksilk_node] block 7c44e7daa579dfb5 at height 180 accepted (tip 180)
[2026-09-28T16:13:24.323Z INFO  blacksilk_node] block 242ba36ce396bd4b at height 181 accepted (tip 181)
[2026-09-28T16:13:29.158Z INFO  blacksilk_node] block 94b27d4726d482fe at height 182 accepted (tip 182)
[2026-09-28T16:13:37.362Z INFO  blacksilk_node] block 12d70f749847b563 at height 183 accepted (tip 183)
[2026-09-28T16:13:55.086Z INFO  blacksilk_node] block 11c313ed233310ea at height 184 accepted (tip 184)
[2026-09-28T16:13:58.044Z INFO  blacksilk_node] block 76ec9aeab1532278 at height 185 accepted (tip 185)
[2026-09-28T16:14:08.409Z INFO  blacksilk_node] block 72d19408d589ed49 at height 186 accepted (tip 186)
[2026-09-28T16:14:13.161Z INFO  blacksilk_node] block c6a3fbf9ef32bdb4 at height 187 accepted (tip 187)
[2026-09-28T16:14:41.217Z INFO  blacksilk_node] block 4a158d8343128516 at height 188 accepted (tip 188)
[2026-09-28T16:14:47.308Z INFO  blacksilk_node] block 46a83ec0f8f15db1 at height 189 accepted (tip 189)
[2026-09-28T16:14:49.466Z INFO  blacksilk_node] block 5283559f5796e70b at height 190 accepted (tip 190)
[2026-09-28T16:14:54.851Z INFO  blacksilk_node] block 277fc48a2186db2f at height 191 accepted (tip 191)
[2026-09-28T16:15:22.382Z INFO  blacksilk_node] block 649c5fe046c6ee9f at height 197 accepted (tip 197)
[2026-09-28T16:15:30.264Z INFO  blacksilk_chain::manager::fork_choice] reorganization: disconnecting 1 block(s) above height 196
[2026-09-28T16:15:30.265Z INFO  blacksilk_chain::manager::fork_choice] mempool after the reorganization: Revalidation { checked: 0, invalid: 0, ring_changed: 0 }; returned transactions: Readmission { readmitted: 0, already_pooled: 0, other_rules: 0, conflicts: 0, invalid: 0, ring_changed: 0, no_room: 0, over_budget: 0 }; 0 beyond the readmission budget, not captured
[2026-09-28T16:15:50.309Z INFO  blacksilk_node] block 229168d0cedeaad8 at height 199 accepted (tip 199)
[2026-09-28T16:15:55.863Z INFO  blacksilk_chain::manager::fork_choice] reorganization: disconnecting 1 block(s) above height 198
[2026-09-28T16:15:55.864Z INFO  blacksilk_chain::manager::fork_choice] mempool after the reorganization: Revalidation { checked: 0, invalid: 0, ring_changed: 0 }; returned transactions: Readmission { readmitted: 0, already_pooled: 0, other_rules: 0, conflicts: 0, invalid: 0, ring_changed: 0, no_room: 0, over_budget: 0 }; 0 beyond the readmission budget, not captured
[2026-09-28T16:15:56.213Z INFO  blacksilk_node] block 2387b8944d4415e0 at height 200 accepted (tip 200)
[2026-09-28T16:15:58.175Z INFO  blacksilk_node] block 657d401df6bf7c5b at height 201 accepted (tip 201)
[2026-09-28T16:16:02.092Z INFO  blacksilk_chain::manager::fork_choice] reorganization: disconnecting 1 block(s) above height 200
[2026-09-28T16:16:02.093Z INFO  blacksilk_chain::manager::fork_choice] mempool after the reorganization: Revalidation { checked: 0, invalid: 0, ring_changed: 0 }; returned transactions: Readmission { readmitted: 0, already_pooled: 0, other_rules: 0, conflicts: 0, invalid: 0, ring_changed: 0, no_room: 0, over_budget: 0 }; 0 beyond the readmission budget, not captured
[2026-09-28T16:16:06.650Z INFO  blacksilk_node] block bfe950c6a55f99bf at height 203 accepted (tip 203)
[2026-09-28T16:16:12.571Z INFO  blacksilk_node] block ddcec07cf447f776 at height 204 accepted (tip 204)
[2026-09-28T16:16:15.672Z INFO  blacksilk_node] block b7d0a9e6fc66d9f0 at height 205 accepted (tip 205)
[2026-09-28T16:16:17.774Z INFO  blacksilk_node] block e1203f2864061cf6 at height 206 accepted (tip 206)
[2026-09-28T16:16:22.101Z INFO  blacksilk_node] block 51b6df9bc9ecf36a at height 207 accepted (tip 207)
[2026-09-28T16:16:26.893Z INFO  blacksilk_node] block f4cb6d1b3b40ec58 at height 208 accepted (tip 208)
[2026-09-28T16:16:48.085Z INFO  blacksilk_node] block f05359f68c2c7748 at height 210 accepted (tip 210)
[2026-09-28T16:16:56.396Z INFO  blacksilk_chain::manager::fork_choice] reorganization: disconnecting 1 block(s) above height 209
[2026-09-28T16:16:56.397Z INFO  blacksilk_chain::manager::fork_choice] mempool after the reorganization: Revalidation { checked: 0, invalid: 0, ring_changed: 0 }; returned transactions: Readmission { readmitted: 0, already_pooled: 0, other_rules: 0, conflicts: 0, invalid: 0, ring_changed: 0, no_room: 0, over_budget: 0 }; 0 beyond the readmission budget, not captured
[2026-09-28T16:17:27.498Z INFO  blacksilk_node] block bd4c9896c21f8808 at height 215 accepted (tip 215)
[2026-09-28T16:17:31.436Z INFO  blacksilk_chain::manager::fork_choice] reorganization: disconnecting 1 block(s) above height 214
[2026-09-28T16:17:31.436Z INFO  blacksilk_chain::manager::fork_choice] mempool after the reorganization: Revalidation { checked: 0, invalid: 0, ring_changed: 0 }; returned transactions: Readmission { readmitted: 0, already_pooled: 0, other_rules: 0, conflicts: 0, invalid: 0, ring_changed: 0, no_room: 0, over_budget: 0 }; 0 beyond the readmission budget, not captured
[2026-09-28T16:17:40.061Z INFO  blacksilk_node] block 380976ab2ef3d2bb at height 217 accepted (tip 217)
[2026-09-28T16:17:54.084Z INFO  blacksilk_node] block ed6831eee979394f at height 219 accepted (tip 219)
[2026-09-28T16:18:02.118Z INFO  blacksilk_node] block 589ffcd7b12cf1bf at height 220 accepted (tip 220)
[2026-09-28T16:18:10.657Z INFO  blacksilk_node] block cd43c4cc17aae4b5 at height 221 accepted (tip 221)
[2026-09-28T16:18:17.227Z INFO  blacksilk_chain::manager::fork_choice] reorganization: disconnecting 1 block(s) above height 220
[2026-09-28T16:18:17.227Z INFO  blacksilk_chain::manager::fork_choice] mempool after the reorganization: Revalidation { checked: 0, invalid: 0, ring_changed: 0 }; returned transactions: Readmission { readmitted: 0, already_pooled: 0, other_rules: 0, conflicts: 0, invalid: 0, ring_changed: 0, no_room: 0, over_budget: 0 }; 0 beyond the readmission budget, not captured
[2026-09-28T16:18:17.935Z INFO  blacksilk_node] block refused at the RPC: NotNearTip: the parent must be the tip (222) or one of its last 8 ancestors on the connected chain
[2026-09-28T16:18:21.457Z INFO  blacksilk_node] block e3d31e80cbf5c317 at height 223 accepted (tip 223)
[2026-09-28T16:18:29.526Z INFO  blacksilk_node] block 4db3acf06adf58e1 at height 224 accepted (tip 224)
[2026-09-28T16:18:34.092Z INFO  blacksilk_node] block 016b3630ce815ea4 at height 225 accepted (tip 225)
[2026-09-28T16:18:44.074Z INFO  blacksilk_node] block 1b0ba734abfe64ad at height 226 accepted (tip 226)
[2026-09-28T16:18:52.187Z INFO  blacksilk_node] block c42c0bdb35c2a782 at height 227 accepted (tip 227)
[2026-09-28T16:19:10.383Z INFO  blacksilk_node] block 5fb15764890a3d1a at height 230 accepted (tip 230)
[2026-09-28T16:19:16.525Z INFO  blacksilk_node] block 0359bd651ef92de8 at height 231 accepted (tip 231)
[2026-09-28T16:19:29.478Z INFO  blacksilk_node] block 0eda09e0dac7441a at height 232 accepted (tip 232)
[2026-09-28T16:19:51.287Z INFO  blacksilk_node] block 465ef6da461778f8 at height 233 accepted (tip 233)
[2026-09-28T16:20:05.193Z INFO  blacksilk_node] block 8efc2c8153ee4ee6 at height 234 accepted (tip 234)
[2026-09-28T16:20:15.264Z INFO  blacksilk_node] block e96ecaca3a5ea7d4 at height 235 accepted (tip 235)
[2026-09-28T16:20:36.125Z INFO  blacksilk_node] block 650ab3d417d4b27c at height 237 accepted (tip 237)
[2026-09-28T16:21:05.760Z INFO  blacksilk_node] block 72997f18bc72b63a at height 239 accepted (tip 239)
[2026-09-28T16:21:12.601Z INFO  blacksilk_node] block 0ef339914849d708 at height 240 accepted (tip 240)
[2026-09-28T16:21:19.337Z INFO  blacksilk_node] block 4a2c41c62ee535f0 at height 241 accepted (tip 241)
[2026-09-28T16:21:25.767Z INFO  blacksilk_chain::manager::fork_choice] reorganization: disconnecting 1 block(s) above height 240
[2026-09-28T16:21:25.767Z INFO  blacksilk_chain::manager::fork_choice] mempool after the reorganization: Revalidation { checked: 0, invalid: 0, ring_changed: 0 }; returned transactions: Readmission { readmitted: 0, already_pooled: 0, other_rules: 0, conflicts: 0, invalid: 0, ring_changed: 0, no_room: 0, over_budget: 0 }; 0 beyond the readmission budget, not captured
[2026-09-28T16:21:41.437Z INFO  blacksilk_p2p::net::conn] disconnected peer 127.0.0.1:49702
[2026-09-28T16:21:41.437Z INFO  blacksilk_p2p::net::conn] disconnected peer 127.0.0.1:59218
[2026-09-28T16:21:41.437Z INFO  blacksilk_p2p::net::conn] disconnected peer 127.0.0.1:59209
[2026-09-28T16:21:41.827Z INFO  blacksilk_node] block 4cb4c14077089dc0 at height 244 accepted (tip 244)
[2026-09-28T16:21:45.962Z INFO  blacksilk_node] block 7a916cec6ed5676a at height 245 accepted (tip 245)
[2026-09-28T16:21:48.235Z INFO  blacksilk_node] block 80118cd216fb5a48 at height 246 accepted (tip 246)
[2026-09-28T16:21:57.910Z INFO  blacksilk_node] block cd635f50a59d2d4a at height 247 accepted (tip 247)
[2026-09-28T16:22:01.924Z INFO  blacksilk_node] block b2728940346fe03c at height 248 accepted (tip 248)
[2026-09-28T16:22:06.071Z INFO  blacksilk_node] block e0869f3dc1e84316 at height 249 accepted (tip 249)
[2026-09-28T16:22:08.975Z INFO  blacksilk_node] block 515f1f4d397fd293 at height 250 accepted (tip 250)
[2026-09-28T16:22:17.059Z INFO  blacksilk_node] block b2a3c5c4d650b87b at height 251 accepted (tip 251)
[2026-09-28T16:22:23.750Z INFO  blacksilk_node] block 6c654f523b976a56 at height 252 accepted (tip 252)
[2026-09-28T16:22:26.736Z INFO  blacksilk_node] block 29c11f283d77cdac at height 253 accepted (tip 253)
[2026-09-28T16:22:37.599Z INFO  blacksilk_node] block e44d889e65ef8f71 at height 254 accepted (tip 254)
[2026-09-28T16:22:41.695Z INFO  blacksilk_node] block e6e5884b0d6fadd2 at height 255 accepted (tip 255)
[2026-09-28T16:22:44.695Z INFO  blacksilk_node] block 41881ffe15f42ad0 at height 256 accepted (tip 256)
[2026-09-28T16:22:45.994Z INFO  blacksilk_node] block 35fee3e25b84ea9f at height 257 accepted (tip 257)
[2026-09-28T16:22:52.338Z INFO  blacksilk_node] block 03ad120598ba625c at height 258 accepted (tip 258)
[2026-09-28T16:22:54.064Z INFO  blacksilk_node] block 4e7e6c184fc0c0c2 at height 259 accepted (tip 259)
[2026-09-28T16:22:59.840Z INFO  blacksilk_node] block 1aa36c0dbf140e06 at height 260 accepted (tip 260)
[2026-09-28T16:23:04.457Z INFO  blacksilk_node] block e029d5deb9283a0e at height 261 accepted (tip 261)
[2026-09-28T16:23:37.113Z INFO  blacksilk_node] block f29cc31d47976850 at height 262 accepted (tip 262)
[2026-09-28T16:24:08.712Z INFO  blacksilk_node] block 22c88e047d6b0e58 at height 263 accepted (tip 263)
[2026-09-28T16:24:28.538Z INFO  blacksilk_node] block 07482230f3951dfe at height 264 accepted (tip 264)
[2026-09-28T16:24:29.713Z INFO  blacksilk_node] block 38d97a85276f1e19 at height 265 accepted (tip 265)
[2026-09-28T16:24:41.647Z INFO  blacksilk_node] block 67ff69053b6f1a35 at height 266 accepted (tip 266)
[2026-09-28T16:24:44.480Z INFO  blacksilk_node] block a4cc7393d2b04126 at height 267 accepted (tip 267)
[2026-09-28T16:24:50.518Z INFO  blacksilk_p2p::net::conn] connected inbound peer 127.0.0.1:59936 (height 269)
[2026-09-28T16:24:50.809Z INFO  blacksilk_p2p::net::conn] connected inbound peer 127.0.0.1:59938 (height 269)
[2026-09-28T16:24:52.152Z INFO  blacksilk_p2p::net::conn] connected outbound peer 127.0.0.1:49702 (height 269)
[2026-09-28T16:24:56.678Z WARN  blacksilk_chain::manager::fork_choice] reorganization: disconnecting 24 block(s) above height 243. A reorganization this deep suggests a network partition or a hash-power attack; no depth limit applies
[2026-09-28T16:24:56.691Z INFO  blacksilk_chain::manager::fork_choice] mempool after the reorganization: Revalidation { checked: 0, invalid: 0, ring_changed: 0 }; returned transactions: Readmission { readmitted: 0, already_pooled: 0, other_rules: 0, conflicts: 0, invalid: 2, ring_changed: 0, no_room: 0, over_budget: 0 }; 0 beyond the readmission budget, not captured
[2026-09-28T16:24:58.398Z INFO  blacksilk_node] block addf5f334d405ed1 at height 270 accepted (tip 270)
[2026-09-28T16:25:02.433Z INFO  blacksilk_node] block 3d478b06cea4fbfa at height 271 accepted (tip 271)
[2026-09-28T16:25:04.812Z INFO  blacksilk_node] block 44d94d60619a0d2c at height 272 accepted (tip 272)
[2026-09-28T16:25:05.995Z INFO  blacksilk_node] block 6aa0da15a71173c2 at height 273 accepted (tip 273)
[2026-09-28T16:25:18.802Z INFO  blacksilk_node] block 64fb449607299704 at height 276 accepted (tip 276)
[2026-09-28T16:25:22.254Z INFO  blacksilk_node] block 79fe94287fd4a6e7 at height 277 accepted (tip 277)
[2026-09-28T16:25:30.304Z INFO  blacksilk_node] block f5eb4aabbdc11e5d at height 278 accepted (tip 278)
[2026-09-28T16:25:34.970Z INFO  blacksilk_chain::manager::fork_choice] reorganization: disconnecting 1 block(s) above height 277
[2026-09-28T16:25:34.973Z INFO  blacksilk_chain::manager::fork_choice] mempool after the reorganization: Revalidation { checked: 0, invalid: 0, ring_changed: 0 }; returned transactions: Readmission { readmitted: 0, already_pooled: 0, other_rules: 0, conflicts: 0, invalid: 1, ring_changed: 0, no_room: 0, over_budget: 0 }; 0 beyond the readmission budget, not captured
[2026-09-28T16:25:38.308Z INFO  blacksilk_node] block 5e1cbde2a52eb24d at height 280 accepted (tip 280)
[2026-09-28T16:25:42.861Z INFO  blacksilk_node] block 81c7c55c4ec0a65a at height 281 accepted (tip 281)
[2026-09-28T16:26:04.073Z INFO  blacksilk_node] block ad6014253d855979 at height 283 accepted (tip 283)
[2026-09-28T16:26:06.489Z INFO  blacksilk_node] block d09187112fbc5c5d at height 284 accepted (tip 284)
[2026-09-28T16:26:18.026Z INFO  blacksilk_node] block 266e5980b1a3c1bd at height 286 accepted (tip 286)
[2026-09-28T16:26:24.478Z INFO  blacksilk_node] block d6bdd20f27786e92 at height 288 accepted (tip 288)
[2026-09-28T16:26:29.194Z INFO  blacksilk_node] block cf6ec6497b9b0e08 at height 289 accepted (tip 289)
[2026-09-28T16:26:32.431Z INFO  blacksilk_chain::manager::fork_choice] reorganization: disconnecting 1 block(s) above height 288
[2026-09-28T16:26:32.431Z INFO  blacksilk_chain::manager::fork_choice] mempool after the reorganization: Revalidation { checked: 0, invalid: 0, ring_changed: 0 }; returned transactions: Readmission { readmitted: 0, already_pooled: 0, other_rules: 0, conflicts: 0, invalid: 0, ring_changed: 0, no_room: 0, over_budget: 0 }; 0 beyond the readmission budget, not captured
[2026-09-28T16:27:06.280Z INFO  blacksilk_node] block e2b270bc4c446c46 at height 293 accepted (tip 293)
[2026-09-28T16:27:11.781Z INFO  blacksilk_node] block b9f68b6c00ba8f4c at height 294 accepted (tip 294)
[2026-09-28T16:27:17.939Z INFO  blacksilk_node] block a9fe65e1b40db07e at height 295 accepted (tip 295)
[2026-09-28T16:27:23.762Z INFO  blacksilk_chain::manager::fork_choice] reorganization: disconnecting 1 block(s) above height 294
[2026-09-28T16:27:23.762Z INFO  blacksilk_chain::manager::fork_choice] mempool after the reorganization: Revalidation { checked: 1, invalid: 0, ring_changed: 0 }; returned transactions: Readmission { readmitted: 0, already_pooled: 0, other_rules: 0, conflicts: 0, invalid: 0, ring_changed: 0, no_room: 0, over_budget: 0 }; 0 beyond the readmission budget, not captured
[2026-09-28T16:27:57.449Z INFO  blacksilk_node] block e89dd874a1d57c7c at height 304 accepted (tip 304)
[2026-09-28T16:28:44.604Z INFO  blacksilk_node] block 80fb0d08ee106270 at height 306 accepted (tip 306)
[2026-09-28T16:29:03.332Z INFO  blacksilk_chain::manager::fork_choice] reorganization: disconnecting 1 block(s) above height 305
[2026-09-28T16:29:03.338Z INFO  blacksilk_chain::manager::fork_choice] mempool after the reorganization: Revalidation { checked: 0, invalid: 0, ring_changed: 0 }; returned transactions: Readmission { readmitted: 0, already_pooled: 0, other_rules: 0, conflicts: 0, invalid: 0, ring_changed: 0, no_room: 0, over_budget: 0 }; 0 beyond the readmission budget, not captured
[2026-09-28T16:29:14.422Z INFO  blacksilk_node] block b95559593e710f57 at height 308 accepted (tip 308)
[2026-09-28T16:29:17.510Z INFO  blacksilk_node] block e51b01b7728f8352 at height 309 accepted (tip 309)
[2026-09-28T16:29:22.270Z INFO  blacksilk_node] block 487a30d0d494ae6d at height 310 accepted (tip 310)
[2026-09-28T16:29:29.479Z INFO  blacksilk_node] block eeeeaefa4dddb444 at height 311 accepted (tip 311)
[2026-09-28T16:29:35.453Z INFO  blacksilk_chain::manager::fork_choice] reorganization: disconnecting 1 block(s) above height 310
[2026-09-28T16:29:35.453Z INFO  blacksilk_chain::manager::fork_choice] mempool after the reorganization: Revalidation { checked: 0, invalid: 0, ring_changed: 0 }; returned transactions: Readmission { readmitted: 0, already_pooled: 0, other_rules: 0, conflicts: 0, invalid: 0, ring_changed: 0, no_room: 0, over_budget: 0 }; 0 beyond the readmission budget, not captured
[2026-09-28T16:29:50.270Z INFO  blacksilk_node] block 94d814c084d16024 at height 313 accepted (tip 313)
[2026-09-28T16:30:06.783Z INFO  blacksilk_node] block 5f741868db682980 at height 314 accepted (tip 314)
[2026-09-28T16:30:10.386Z INFO  blacksilk_node] block 3c00b92dbb7f8a33 at height 315 accepted (tip 315)
[2026-09-28T16:30:17.880Z INFO  blacksilk_node] block 69b13368b7ca1e21 at height 316 accepted (tip 316)
[2026-09-28T16:30:27.320Z INFO  blacksilk_node] block f0de7738468877aa at height 318 accepted (tip 318)
[2026-09-28T16:30:43.855Z INFO  blacksilk_node] block f3aebb8d67bb625f at height 320 accepted (tip 320)
[2026-09-28T16:31:06.088Z INFO  blacksilk_p2p::net::conn] connected inbound peer 127.0.0.1:60118 (height 0)
[2026-09-28T16:31:08.325Z INFO  blacksilk_p2p::net::conn] connected inbound peer 127.0.0.1:60122 (height 16)
