[2026-09-28T16:32:17.638Z INFO  blacksilk_miner] mining on regtest at height 0 with 1 threads (light mode; prebuild On: on, 1 build threads)
[2026-09-28T16:32:18.811Z INFO  blacksilk_miner] RandomX key 087d6fd4efbc45eb: light context ready in 1.2s
[2026-09-28T16:32:20.014Z INFO  blacksilk_miner] found block 1 (reward 20.02716064 BLK, 0 txs)
[2026-09-28T16:32:21.248Z INFO  blacksilk_miner] found block 2 (reward 20.02714154 BLK, 0 txs)
[2026-09-28T16:32:22.472Z INFO  blacksilk_miner] found block 3 (reward 20.02712244 BLK, 0 txs)
[2026-09-28T16:32:23.714Z INFO  blacksilk_miner] found block 4 (reward 20.02710334 BLK, 0 txs)
[2026-09-28T16:32:24.923Z INFO  blacksilk_miner] found block 5 (reward 20.02708424 BLK, 0 txs)
[2026-09-28T16:32:26.235Z INFO  blacksilk_miner] found block 6 (reward 20.02706514 BLK, 0 txs)
[2026-09-28T16:32:27.669Z INFO  blacksilk_miner] found block 7 (reward 20.02704604 BLK, 0 txs)
[2026-09-28T16:32:29.357Z INFO  blacksilk_miner] found block 8 (reward 20.02702694 BLK, 0 txs)
[2026-09-28T16:32:30.738Z INFO  blacksilk_miner] found block 9 (reward 20.02700784 BLK, 0 txs)
[2026-09-28T16:32:32.064Z INFO  blacksilk_miner] found block 10 (reward 20.02698875 BLK, 0 txs)
[2026-09-28T16:32:33.414Z INFO  blacksilk_miner] found block 11 (reward 20.02696965 BLK, 0 txs)
[2026-09-28T16:32:34.612Z INFO  blacksilk_miner] found block 12 (reward 20.02695055 BLK, 0 txs)
[2026-09-28T16:32:35.792Z INFO  blacksilk_miner] found block 13 (reward 20.02693145 BLK, 0 txs)
[2026-09-28T16:32:37.138Z INFO  blacksilk_miner] found block 14 (reward 20.02691235 BLK, 0 txs)
[2026-09-28T16:32:38.357Z INFO  blacksilk_miner] found block 15 (reward 20.02689325 BLK, 0 txs)
[2026-09-28T16:32:39.596Z INFO  blacksilk_miner] found block 16 (reward 20.02687415 BLK, 0 txs)
[2026-09-28T16:32:40.750Z INFO  blacksilk_miner] found block 17 (reward 20.02685505 BLK, 0 txs)
[2026-09-28T16:32:42.002Z INFO  blacksilk_miner] found block 18 (reward 20.02683595 BLK, 0 txs)
[2026-09-28T16:32:43.232Z INFO  blacksilk_miner] found block 19 (reward 20.02681685 BLK, 0 txs)
[2026-09-28T16:32:44.449Z INFO  blacksilk_miner] found block 20 (reward 20.02679775 BLK, 0 txs)
[2026-09-28T16:32:45.744Z INFO  blacksilk_miner] found block 21 (reward 20.02677866 BLK, 0 txs)
[2026-09-28T16:32:47.046Z INFO  blacksilk_miner] found block 22 (reward 20.02675956 BLK, 0 txs)
[2026-09-28T16:32:48.288Z INFO  blacksilk_miner] found block 23 (reward 20.02674046 BLK, 0 txs)
[2026-09-28T16:32:49.545Z INFO  blacksilk_miner] found block 24 (reward 20.02672136 BLK, 0 txs)
[2026-09-28T16:32:50.734Z INFO  blacksilk_miner] found block 25 (reward 20.02670226 BLK, 0 txs)
[2026-09-28T16:32:51.933Z INFO  blacksilk_miner] found block 26 (reward 20.02668316 BLK, 0 txs)
[2026-09-28T16:32:53.169Z INFO  blacksilk_miner] found block 27 (reward 20.02666406 BLK, 0 txs)
[2026-09-28T16:32:54.456Z INFO  blacksilk_miner] found block 28 (reward 20.02664496 BLK, 0 txs)
[2026-09-28T16:32:55.594Z INFO  blacksilk_miner] found block 29 (reward 20.02662586 BLK, 0 txs)
[2026-09-28T16:32:56.804Z INFO  blacksilk_miner] found block 30 (reward 20.02660676 BLK, 0 txs)
[2026-09-28T16:32:58.002Z INFO  blacksilk_miner] found block 31 (reward 20.02658767 BLK, 0 txs)
[2026-09-28T16:32:59.140Z INFO  blacksilk_miner] found block 32 (reward 20.02656857 BLK, 0 txs)
[2026-09-28T16:33:00.273Z INFO  blacksilk_miner] found block 33 (reward 20.02654947 BLK, 0 txs)
[2026-09-28T16:33:01.428Z INFO  blacksilk_miner] found block 34 (reward 20.02653037 BLK, 0 txs)
[2026-09-28T16:33:02.573Z INFO  blacksilk_miner] found block 35 (reward 20.02651127 BLK, 0 txs)
[2026-09-28T16:33:03.734Z INFO  blacksilk_miner] found block 36 (reward 20.02649217 BLK, 0 txs)
[2026-09-28T16:33:04.986Z INFO  blacksilk_miner] found block 37 (reward 20.02647307 BLK, 0 txs)
[2026-09-28T16:33:06.176Z INFO  blacksilk_miner] found block 38 (reward 20.02645397 BLK, 0 txs)
[2026-09-28T16:33:07.476Z INFO  blacksilk_miner] found block 39 (reward 20.02643488 BLK, 0 txs)
[2026-09-28T16:33:08.635Z INFO  blacksilk_miner] found block 40 (reward 20.02641578 BLK, 0 txs)
[2026-09-28T16:33:09.825Z INFO  blacksilk_miner] found block 41 (reward 20.02639668 BLK, 0 txs)
[2026-09-28T16:33:10.968Z INFO  blacksilk_miner] found block 42 (reward 20.02637758 BLK, 0 txs)
[2026-09-28T16:33:12.127Z INFO  blacksilk_miner] found block 43 (reward 20.02635848 BLK, 0 txs)
[2026-09-28T16:33:13.313Z INFO  blacksilk_miner] found block 44 (reward 20.02633938 BLK, 0 txs)
[2026-09-28T16:33:14.553Z INFO  blacksilk_miner] found block 45 (reward 20.02632028 BLK, 0 txs)
[2026-09-28T16:33:15.804Z INFO  blacksilk_miner] found block 46 (reward 20.02630119 BLK, 0 txs)
[2026-09-28T16:33:17.112Z INFO  blacksilk_miner] found block 47 (reward 20.02628209 BLK, 0 txs)
[2026-09-28T16:33:17.781Z INFO  blacksilk_miner] hash rate 0.8 H/s (light mode)
[2026-09-28T16:33:18.420Z INFO  blacksilk_miner] found block 48 (reward 20.02626299 BLK, 0 txs)
[2026-09-28T16:33:19.874Z INFO  blacksilk_miner] found block 49 (reward 20.02624389 BLK, 0 txs)
[2026-09-28T16:33:21.331Z INFO  blacksilk_miner] found block 50 (reward 20.02622479 BLK, 0 txs)
[2026-09-28T16:33:22.720Z INFO  blacksilk_miner] found block 51 (reward 20.02620569 BLK, 0 txs)
[2026-09-28T16:33:24.070Z INFO  blacksilk_miner] found block 52 (reward 20.02618659 BLK, 0 txs)
[2026-09-28T16:33:25.452Z INFO  blacksilk_miner] found block 53 (reward 20.02616750 BLK, 0 txs)
[2026-09-28T16:33:26.812Z INFO  blacksilk_miner] found block 54 (reward 20.02614840 BLK, 0 txs)
[2026-09-28T16:33:28.168Z INFO  blacksilk_miner] found block 55 (reward 20.02612930 BLK, 0 txs)
[2026-09-28T16:33:29.518Z INFO  blacksilk_miner] found block 56 (reward 20.02611020 BLK, 0 txs)
[2026-09-28T16:33:30.824Z INFO  blacksilk_miner] found block 57 (reward 20.02609110 BLK, 0 txs)
[2026-09-28T16:33:32.107Z INFO  blacksilk_miner] found block 58 (reward 20.02607200 BLK, 0 txs)
[2026-09-28T16:33:33.418Z INFO  blacksilk_miner] found block 59 (reward 20.02605291 BLK, 0 txs)
[2026-09-28T16:33:34.835Z INFO  blacksilk_miner] found block 60 (reward 20.02603381 BLK, 0 txs)
[2026-09-28T16:33:36.211Z INFO  blacksilk_miner] found block 61 (reward 20.02601471 BLK, 0 txs)
[2026-09-28T16:33:37.569Z INFO  blacksilk_miner] found block 62 (reward 20.02599561 BLK, 0 txs)
[2026-09-28T16:33:38.969Z INFO  blacksilk_miner] found block 63 (reward 20.02597651 BLK, 0 txs)
[2026-09-28T16:33:40.354Z INFO  blacksilk_miner] found block 64 (reward 20.02595741 BLK, 0 txs)
[2026-09-28T16:33:41.704Z INFO  blacksilk_miner] found block 65 (reward 20.02593832 BLK, 0 txs)
[2026-09-28T16:33:43.102Z INFO  blacksilk_miner] found block 66 (reward 20.02591922 BLK, 0 txs)
[2026-09-28T16:33:44.533Z INFO  blacksilk_miner] found block 67 (reward 20.02590012 BLK, 0 txs)
[2026-09-28T16:33:45.945Z INFO  blacksilk_miner] found block 68 (reward 20.02588102 BLK, 0 txs)
[2026-09-28T16:33:47.237Z INFO  blacksilk_miner] found block 69 (reward 20.02586192 BLK, 0 txs)
[2026-09-28T16:33:48.583Z INFO  blacksilk_miner] found block 70 (reward 20.02584282 BLK, 0 txs)
[2026-09-28T16:33:50.060Z INFO  blacksilk_miner] found block 71 (reward 20.02582373 BLK, 0 txs)
[2026-09-28T16:33:51.399Z INFO  blacksilk_miner] found block 72 (reward 20.02580463 BLK, 0 txs)
[2026-09-28T16:33:52.688Z INFO  blacksilk_miner] found block 73 (reward 20.02578553 BLK, 0 txs)
[2026-09-28T16:33:54.329Z INFO  blacksilk_miner] found block 74 (reward 20.02576643 BLK, 0 txs)
[2026-09-28T16:33:55.909Z INFO  blacksilk_miner] found block 75 (reward 20.02574733 BLK, 0 txs)
[2026-09-28T16:33:57.396Z INFO  blacksilk_miner] found block 76 (reward 20.02572824 BLK, 0 txs)
[2026-09-28T16:34:00.068Z INFO  blacksilk_miner] found block 77 (reward 20.02570914 BLK, 0 txs)
[2026-09-28T16:34:01.385Z INFO  blacksilk_miner] found block 78 (reward 20.02569004 BLK, 0 txs)
[2026-09-28T16:34:03.836Z INFO  blacksilk_miner] found block 79 (reward 20.02567094 BLK, 0 txs)
[2026-09-28T16:34:05.177Z INFO  blacksilk_miner] found block 80 (reward 20.02565184 BLK, 0 txs)
[2026-09-28T16:34:07.078Z INFO  blacksilk_miner] found block 81 (reward 20.02563275 BLK, 0 txs)
[2026-09-28T16:34:10.203Z INFO  blacksilk_miner] found block 82 (reward 20.02561365 BLK, 0 txs)
[2026-09-28T16:34:11.453Z INFO  blacksilk_miner] found block 83 (reward 20.02559455 BLK, 0 txs)
[2026-09-28T16:34:12.719Z INFO  blacksilk_miner] found block 84 (reward 20.02557545 BLK, 0 txs)
[2026-09-28T16:34:14.012Z INFO  blacksilk_miner] found block 85 (reward 20.02555635 BLK, 0 txs)
[2026-09-28T16:34:15.300Z INFO  blacksilk_miner] found block 86 (reward 20.02553726 BLK, 0 txs)
[2026-09-28T16:34:16.579Z INFO  blacksilk_miner] found block 87 (reward 20.02551816 BLK, 0 txs)
[2026-09-28T16:34:17.850Z INFO  blacksilk_miner] found block 88 (reward 20.02549906 BLK, 0 txs)
[2026-09-28T16:34:18.515Z INFO  blacksilk_miner] hash rate 0.8 H/s (light mode)
[2026-09-28T16:34:19.146Z INFO  blacksilk_miner] found block 89 (reward 20.02547996 BLK, 0 txs)
[2026-09-28T16:34:20.477Z INFO  blacksilk_miner] found block 90 (reward 20.02546087 BLK, 0 txs)
[2026-09-28T16:34:21.756Z INFO  blacksilk_miner] found block 91 (reward 20.02544177 BLK, 0 txs)
[2026-09-28T16:34:23.018Z INFO  blacksilk_miner] found block 92 (reward 20.02542267 BLK, 0 txs)
[2026-09-28T16:34:24.890Z INFO  blacksilk_miner] found block 93 (reward 20.02540357 BLK, 0 txs)
[2026-09-28T16:34:27.316Z INFO  blacksilk_miner] found block 94 (reward 20.02538447 BLK, 0 txs)
[2026-09-28T16:34:29.753Z INFO  blacksilk_miner] found block 95 (reward 20.02536538 BLK, 0 txs)
[2026-09-28T16:34:32.195Z INFO  blacksilk_miner] found block 96 (reward 20.02534628 BLK, 0 txs)
[2026-09-28T16:34:37.059Z INFO  blacksilk_miner] found block 97 (reward 20.02532718 BLK, 0 txs)
[2026-09-28T16:34:38.340Z INFO  blacksilk_miner] found block 98 (reward 20.02530808 BLK, 0 txs)
[2026-09-28T16:34:40.899Z INFO  blacksilk_miner] found block 99 (reward 20.02528899 BLK, 0 txs)
[2026-09-28T16:34:42.140Z INFO  blacksilk_miner] found block 100 (reward 20.02526989 BLK, 0 txs)
[2026-09-28T16:34:43.989Z INFO  blacksilk_miner] found block 101 (reward 20.02525079 BLK, 0 txs)
[2026-09-28T16:34:45.898Z INFO  blacksilk_miner] found block 102 (reward 20.02523169 BLK, 0 txs)
[2026-09-28T16:34:47.749Z INFO  blacksilk_miner] found block 103 (reward 20.02521260 BLK, 0 txs)
[2026-09-28T16:34:48.976Z INFO  blacksilk_miner] found block 104 (reward 20.02519350 BLK, 0 txs)
[2026-09-28T16:34:50.333Z INFO  blacksilk_miner] found block 105 (reward 20.02517440 BLK, 0 txs)
[2026-09-28T16:34:51.561Z INFO  blacksilk_miner] found block 106 (reward 20.02515530 BLK, 0 txs)
[2026-09-28T16:34:55.250Z INFO  blacksilk_miner] found block 107 (reward 20.02513621 BLK, 0 txs)
[2026-09-28T16:34:56.482Z INFO  blacksilk_miner] found block 108 (reward 20.02511711 BLK, 0 txs)
[2026-09-28T16:34:57.756Z INFO  blacksilk_miner] found block 109 (reward 20.02509801 BLK, 0 txs)
[2026-09-28T16:35:00.263Z INFO  blacksilk_miner] found block 110 (reward 20.02507891 BLK, 0 txs)
[2026-09-28T16:35:01.423Z INFO  blacksilk_miner] found block 111 (reward 20.02505982 BLK, 0 txs)
[2026-09-28T16:35:02.640Z INFO  blacksilk_miner] found block 112 (reward 20.02504072 BLK, 0 txs)
[2026-09-28T16:35:04.442Z INFO  blacksilk_miner] found block 113 (reward 20.02502162 BLK, 0 txs)
[2026-09-28T16:35:06.777Z INFO  blacksilk_miner] found block 114 (reward 20.02500252 BLK, 0 txs)
[2026-09-28T16:35:08.611Z INFO  blacksilk_miner] found block 115 (reward 20.02498343 BLK, 0 txs)
[2026-09-28T16:35:10.009Z INFO  blacksilk_miner] found block 116 (reward 20.02496433 BLK, 0 txs)
[2026-09-28T16:35:12.916Z INFO  blacksilk_miner] found block 117 (reward 20.02494523 BLK, 0 txs)
[2026-09-28T16:35:14.739Z INFO  blacksilk_miner] found block 118 (reward 20.02492613 BLK, 0 txs)
[2026-09-28T16:35:17.105Z INFO  blacksilk_miner] found block 119 (reward 20.02490704 BLK, 0 txs)
[2026-09-28T16:35:20.044Z INFO  blacksilk_miner] hash rate 1.1 H/s (light mode)
[2026-09-28T16:35:20.606Z INFO  blacksilk_miner] found block 120 (reward 20.02488794 BLK, 0 txs)
[2026-09-28T16:35:22.952Z INFO  blacksilk_miner] found block 121 (reward 20.02486884 BLK, 0 txs)
[2026-09-28T16:35:25.356Z INFO  blacksilk_miner] found block 122 (reward 20.02484975 BLK, 0 txs)
[2026-09-28T16:35:26.553Z INFO  blacksilk_miner] found block 123 (reward 20.02483065 BLK, 0 txs)
[2026-09-28T16:35:28.248Z INFO  blacksilk_miner] found block 124 (reward 20.02481155 BLK, 0 txs)
[2026-09-28T16:35:29.437Z INFO  blacksilk_miner] found block 125 (reward 20.02479245 BLK, 0 txs)
[2026-09-28T16:35:30.634Z INFO  blacksilk_miner] found block 126 (reward 20.02477336 BLK, 0 txs)
[2026-09-28T16:35:31.796Z INFO  blacksilk_miner] found block 127 (reward 20.02475426 BLK, 0 txs)
[2026-09-28T16:35:34.843Z INFO  blacksilk_miner] found block 128 (reward 20.02473516 BLK, 0 txs)
[2026-09-28T16:35:36.650Z INFO  blacksilk_miner] found block 129 (reward 20.02471607 BLK, 0 txs)
[2026-09-28T16:35:39.043Z INFO  blacksilk_miner] found block 130 (reward 20.02469697 BLK, 0 txs)
[2026-09-28T16:35:40.321Z INFO  blacksilk_miner] found block 131 (reward 20.02467787 BLK, 0 txs)
[2026-09-28T16:35:42.725Z INFO  blacksilk_miner] found block 132 (reward 20.02465877 BLK, 0 txs)
[2026-09-28T16:35:47.503Z INFO  blacksilk_miner] found block 133 (reward 20.02463968 BLK, 0 txs)
[2026-09-28T16:35:49.301Z INFO  blacksilk_miner] found block 134 (reward 20.02462058 BLK, 0 txs)
[2026-09-28T16:35:55.677Z INFO  blacksilk_miner] found block 135 (reward 20.02460148 BLK, 0 txs)
[2026-09-28T16:35:59.732Z INFO  blacksilk_miner] found block 136 (reward 20.02458239 BLK, 0 txs)
[2026-09-28T16:36:00.939Z INFO  blacksilk_miner] found block 137 (reward 20.02456329 BLK, 0 txs)
[2026-09-28T16:36:04.515Z INFO  blacksilk_miner] found block 138 (reward 20.02454419 BLK, 0 txs)
[2026-09-28T16:36:08.517Z INFO  blacksilk_miner] found block 139 (reward 20.02452510 BLK, 0 txs)
[2026-09-28T16:36:09.746Z INFO  blacksilk_miner] found block 140 (reward 20.02450600 BLK, 0 txs)
[2026-09-28T16:36:12.681Z INFO  blacksilk_miner] found block 141 (reward 20.02448690 BLK, 0 txs)
[2026-09-28T16:36:13.950Z INFO  blacksilk_miner] found block 142 (reward 20.02446781 BLK, 0 txs)
[2026-09-28T16:36:16.653Z INFO  blacksilk_miner] found block 143 (reward 20.02444871 BLK, 0 txs)
[2026-09-28T16:36:18.628Z INFO  blacksilk_miner] found block 144 (reward 20.02442961 BLK, 0 txs)
[2026-09-28T16:36:20.113Z INFO  blacksilk_miner] found block 145 (reward 20.02441052 BLK, 0 txs)
[2026-09-28T16:36:23.943Z INFO  blacksilk_miner] hash rate 1.3 H/s (light mode)
[2026-09-28T16:36:24.572Z INFO  blacksilk_miner] found block 146 (reward 20.02439142 BLK, 0 txs)
[2026-09-28T16:36:27.778Z INFO  blacksilk_miner] found block 147 (reward 20.02437232 BLK, 0 txs)
[2026-09-28T16:36:37.192Z INFO  blacksilk_miner] found block 148 (reward 20.02435322 BLK, 0 txs)
[2026-09-28T16:36:39.139Z INFO  blacksilk_miner] found block 149 (reward 20.02433413 BLK, 0 txs)
[2026-09-28T16:36:40.624Z INFO  blacksilk_miner] found block 150 (reward 20.02431503 BLK, 0 txs)
[2026-09-28T16:36:43.177Z INFO  blacksilk_miner] found block 151 (reward 20.02429593 BLK, 0 txs)
[2026-09-28T16:36:47.508Z INFO  blacksilk_miner] found block 152 (reward 20.02427684 BLK, 0 txs)
[2026-09-28T16:36:48.766Z INFO  blacksilk_miner] found block 153 (reward 20.02425774 BLK, 0 txs)
[2026-09-28T16:36:52.369Z INFO  blacksilk_miner] found block 154 (reward 20.02423864 BLK, 0 txs)
[2026-09-28T16:36:59.049Z INFO  blacksilk_miner] found block 155 (reward 20.02421955 BLK, 0 txs)
[2026-09-28T16:37:02.211Z INFO  blacksilk_miner] found block 156 (reward 20.02420045 BLK, 0 txs)
[2026-09-28T16:37:12.273Z INFO  blacksilk_miner] found block 157 (reward 20.02418136 BLK, 0 txs)
[2026-09-28T16:37:21.856Z INFO  blacksilk_miner] found block 158 (reward 20.02416226 BLK, 0 txs)
[2026-09-28T16:37:23.640Z INFO  blacksilk_miner] found block 159 (reward 20.02414316 BLK, 0 txs)
[2026-09-28T16:37:28.797Z INFO  blacksilk_miner] hash rate 1.4 H/s (light mode)
[2026-09-28T16:37:29.366Z INFO  blacksilk_miner] found block 160 (reward 20.02412407 BLK, 0 txs)
[2026-09-28T16:37:35.767Z INFO  blacksilk_miner] found block 161 (reward 20.02410497 BLK, 0 txs)
[2026-09-28T16:37:37.001Z INFO  blacksilk_miner] found block 162 (reward 20.02408587 BLK, 0 txs)
[2026-09-28T16:37:39.434Z INFO  blacksilk_miner] found block 163 (reward 20.02406678 BLK, 0 txs)
[2026-09-28T16:37:40.704Z INFO  blacksilk_miner] found block 164 (reward 20.02404768 BLK, 0 txs)
[2026-09-28T16:37:47.853Z INFO  blacksilk_miner] found block 165 (reward 20.02402858 BLK, 0 txs)
[2026-09-28T16:37:49.212Z INFO  blacksilk_miner] found block 166 (reward 20.02400949 BLK, 0 txs)
[2026-09-28T16:37:51.134Z INFO  blacksilk_miner] found block 167 (reward 20.02399039 BLK, 0 txs)
[2026-09-28T16:37:52.416Z INFO  blacksilk_miner] found block 168 (reward 20.02397129 BLK, 0 txs)
[2026-09-28T16:37:54.270Z INFO  blacksilk_miner] found block 169 (reward 20.02395220 BLK, 0 txs)
[2026-09-28T16:37:57.249Z INFO  blacksilk_miner] found block 170 (reward 20.02393310 BLK, 0 txs)
[2026-09-28T16:38:00.160Z INFO  blacksilk_miner] found block 171 (reward 20.02391401 BLK, 0 txs)
[2026-09-28T16:38:09.825Z INFO  blacksilk_miner] found block 172 (reward 20.02389491 BLK, 0 txs)
[2026-09-28T16:38:11.011Z INFO  blacksilk_miner] found block 173 (reward 20.02387581 BLK, 0 txs)
[2026-09-28T16:38:21.551Z INFO  blacksilk_miner] found block 174 (reward 20.02385672 BLK, 0 txs)
[2026-09-28T16:38:27.329Z INFO  blacksilk_miner] found block 175 (reward 20.02383762 BLK, 0 txs)
[2026-09-28T16:38:29.279Z INFO  blacksilk_miner] found block 176 (reward 20.02381852 BLK, 0 txs)
[2026-09-28T16:38:34.467Z INFO  blacksilk_miner] hash rate 1.4 H/s (light mode)
[2026-09-28T16:39:07.551Z INFO  blacksilk_miner] found block 177 (reward 20.02379943 BLK, 0 txs)
[2026-09-28T16:39:12.483Z INFO  blacksilk_miner] found block 178 (reward 20.02378033 BLK, 0 txs)
[2026-09-28T16:39:25.791Z INFO  blacksilk_miner] found block 179 (reward 20.02376124 BLK, 0 txs)
[2026-09-28T16:39:29.945Z INFO  blacksilk_miner] found block 180 (reward 20.02374214 BLK, 0 txs)
[2026-09-28T16:39:35.338Z INFO  blacksilk_miner] hash rate 1.6 H/s (light mode)
[2026-09-28T16:39:38.290Z INFO  blacksilk_miner] found block 181 (reward 20.02372304 BLK, 0 txs)
[2026-09-28T16:39:40.183Z INFO  blacksilk_miner] found block 182 (reward 20.02370395 BLK, 0 txs)
[2026-09-28T16:39:48.554Z INFO  blacksilk_miner] found block 183 (reward 20.02368485 BLK, 0 txs)
[2026-09-28T16:39:53.571Z INFO  blacksilk_miner] found block 184 (reward 20.02366575 BLK, 0 txs)
[2026-09-28T16:40:02.560Z INFO  blacksilk_miner] found block 185 (reward 20.02364666 BLK, 0 txs)
[2026-09-28T16:40:30.077Z INFO  blacksilk_miner] found block 186 (reward 20.02362756 BLK, 0 txs)
[2026-09-28T16:40:35.524Z INFO  blacksilk_miner] found block 187 (reward 20.02360847 BLK, 0 txs)
[2026-09-28T16:40:36.901Z INFO  blacksilk_miner] hash rate 1.5 H/s (light mode)
[2026-09-28T16:40:37.474Z INFO  blacksilk_miner] found block 188 (reward 20.02358937 BLK, 0 txs)
[2026-09-28T16:40:39.352Z INFO  blacksilk_miner] found block 189 (reward 20.02357027 BLK, 0 txs)
[2026-09-28T16:40:56.598Z INFO  blacksilk_miner] found block 190 (reward 20.02355118 BLK, 0 txs)
[2026-09-28T16:41:06.194Z INFO  blacksilk_miner] found block 191 (reward 20.02353208 BLK, 0 txs)
[2026-09-28T16:41:09.316Z INFO  blacksilk_miner] found block 192 (reward 20.02351299 BLK, 0 txs)
[2026-09-28T16:41:40.644Z INFO  blacksilk_miner] hash rate 1.6 H/s (light mode)
[2026-09-28T16:41:41.216Z INFO  blacksilk_miner] found block 193 (reward 20.02349389 BLK, 0 txs)
[2026-09-28T16:41:44.290Z INFO  blacksilk_miner] found block 194 (reward 20.02347479 BLK, 0 txs)
[2026-09-28T16:41:49.210Z INFO  blacksilk_miner] new tip at height 195: work on template 195 abandoned after 4.9s
[2026-09-28T16:41:56.409Z INFO  blacksilk_miner] found block 196 (reward 20.02343660 BLK, 0 txs); not on the node's best chain
[2026-09-28T16:42:02.312Z INFO  blacksilk_miner] found block 197 (reward 20.02341751 BLK, 0 txs)
[2026-09-28T16:42:13.716Z INFO  blacksilk_miner] found block 198 (reward 20.02339841 BLK, 0 txs)
[2026-09-28T16:42:24.469Z INFO  blacksilk_miner] found block 199 (reward 20.02337932 BLK, 0 txs)
[2026-09-28T16:42:40.646Z INFO  blacksilk_miner] hash rate 1.6 H/s (light mode)
[2026-09-28T16:42:44.933Z INFO  blacksilk_miner] found block 201 (reward 20.02334112 BLK, 0 txs); not on the node's best chain
[2026-09-28T16:42:51.065Z INFO  blacksilk_miner] found block 202 (reward 20.02332203 BLK, 0 txs); not on the node's best chain
[2026-09-28T16:42:54.618Z INFO  blacksilk_miner] found block 203 (reward 20.02330293 BLK, 0 txs)
[2026-09-28T16:42:59.566Z INFO  blacksilk_miner] new tip at height 204: work on template 204 abandoned after 4.9s
[2026-09-28T16:43:00.732Z INFO  blacksilk_miner] found block 205 (reward 20.02326474 BLK, 0 txs)
[2026-09-28T16:43:03.135Z INFO  blacksilk_miner] found block 206 (reward 20.02324565 BLK, 0 txs)
[2026-09-28T16:43:09.234Z INFO  blacksilk_miner] found block 207 (reward 20.02322655 BLK, 0 txs)
[2026-09-28T16:43:20.657Z INFO  blacksilk_miner] found block 209 (reward 20.02318836 BLK, 0 txs)
[2026-09-28T16:43:21.887Z INFO  blacksilk_miner] found block 210 (reward 20.02316926 BLK, 0 txs)
[2026-09-28T16:43:30.167Z INFO  blacksilk_miner] found block 211 (reward 20.02349477 BLK, 1 txs)
[2026-09-28T16:43:34.813Z INFO  blacksilk_miner] found block 212 (reward 20.02313107 BLK, 0 txs)
[2026-09-28T16:43:40.820Z INFO  blacksilk_miner] hash rate 1.5 H/s (light mode)
[2026-09-28T16:43:40.820Z INFO  blacksilk_miner] new tip at height 213: work on template 213 abandoned after 668.6ms
[2026-09-28T16:43:45.217Z INFO  blacksilk_miner] new tip at height 214: work on template 214 abandoned after 4.4s
[2026-09-28T16:43:54.701Z INFO  blacksilk_miner] found block 215 (reward 20.02307379 BLK, 0 txs)
[2026-09-28T16:43:58.430Z INFO  blacksilk_miner] found block 216 (reward 20.02305469 BLK, 0 txs)
[2026-09-28T16:44:02.640Z INFO  blacksilk_miner] new tip at height 217: work on template 217 abandoned after 4.2s
[2026-09-28T16:44:06.300Z INFO  blacksilk_miner] found block 218 (reward 20.02301650 BLK, 0 txs)
[2026-09-28T16:44:13.140Z INFO  blacksilk_miner] new tip at height 219: work on template 219 abandoned after 1.7s
[2026-09-28T16:44:21.520Z INFO  blacksilk_miner] found block 220 (reward 20.02297831 BLK, 0 txs)
[2026-09-28T16:44:28.858Z INFO  blacksilk_miner] new tip at height 221: work on template 221 abandoned after 2.2s
[2026-09-28T16:44:31.301Z INFO  blacksilk_miner] new tip at height 222: work on template 222 abandoned after 2.4s
[2026-09-28T16:44:39.425Z INFO  blacksilk_miner] found block 223 (reward 20.02292102 BLK, 0 txs); not on the node's best chain
[2026-09-28T16:44:40.931Z INFO  blacksilk_miner] hash rate 1.4 H/s (light mode)
[2026-09-28T16:44:40.931Z INFO  blacksilk_miner] new tip at height 224: work on template 224 abandoned after 1.5s
[2026-09-28T16:44:43.098Z INFO  blacksilk_miner] new tip at height 225: work on template 225 abandoned after 2.2s
[2026-09-28T16:44:47.506Z INFO  blacksilk_miner] new tip at height 226: work on template 226 abandoned after 4.4s
[2026-09-28T16:44:50.299Z INFO  blacksilk_miner] new tip at height 227: work on template 227 abandoned after 2.8s
[2026-09-28T16:45:18.811Z INFO  blacksilk_miner] new tip at height 228: work on template 228 abandoned after 2.2s
[2026-09-28T16:45:25.620Z INFO  blacksilk_miner] new tip at height 229: work on template 229 abandoned after 1.5s
[2026-09-28T16:45:28.421Z INFO  blacksilk_miner] new tip at height 230: work on template 230 abandoned after 2.8s
[2026-09-28T16:45:34.677Z INFO  blacksilk_miner] new tip at height 231: work on template 231 abandoned after 738.0ms
[2026-09-28T16:45:38.659Z INFO  blacksilk_miner] new tip at height 232: work on template 232 abandoned after 4.0s
[2026-09-28T16:45:43.956Z INFO  blacksilk_miner] hash rate 1.5 H/s (light mode)
[2026-09-28T16:45:57.255Z INFO  blacksilk_miner] found block 233 (reward 20.02273007 BLK, 0 txs); not on the node's best chain
[2026-09-28T16:45:58.549Z INFO  blacksilk_miner] found block 234 (reward 20.02271097 BLK, 0 txs)
[2026-09-28T16:46:02.768Z INFO  blacksilk_miner] found block 235 (reward 20.02269188 BLK, 0 txs)
[2026-09-28T16:46:06.809Z INFO  blacksilk_miner] new tip at height 236: work on template 236 abandoned after 4.0s
[2026-09-28T16:46:14.690Z INFO  blacksilk_miner] found block 237 (reward 20.02299829 BLK, 1 txs)
[2026-09-28T16:46:18.686Z INFO  blacksilk_miner] found block 238 (reward 20.02263459 BLK, 0 txs)
[2026-09-28T16:46:26.574Z INFO  blacksilk_miner] new tip at height 240: work on template 240 abandoned after 2.7s
[2026-09-28T16:46:34.792Z INFO  blacksilk_miner] found block 241 (reward 20.02257731 BLK, 0 txs)
[2026-09-28T16:46:39.265Z INFO  blacksilk_miner] found block 242 (reward 20.02255821 BLK, 0 txs)
[2026-09-28T16:46:44.783Z INFO  blacksilk_miner] hash rate 1.4 H/s (light mode)
[2026-09-28T16:46:45.958Z INFO  blacksilk_miner] found block 243 (reward 20.02253912 BLK, 0 txs)
[2026-09-28T16:46:52.689Z INFO  blacksilk_miner] found block 244 (reward 20.02252002 BLK, 0 txs); not on the node's best chain
[2026-09-28T16:46:59.183Z INFO  blacksilk_miner] found block 245 (reward 20.02250093 BLK, 0 txs)
[2026-09-28T16:47:07.059Z INFO  blacksilk_miner] found block 246 (reward 20.02248183 BLK, 0 txs)
[2026-09-28T16:47:12.338Z INFO  blacksilk_miner] found block 247 (reward 20.02246274 BLK, 0 txs)
[2026-09-28T16:47:27.435Z INFO  blacksilk_miner] new tip at height 248: work on template 248 abandoned after 4.5s
[2026-09-28T16:47:30.144Z INFO  blacksilk_miner] found block 249 (reward 20.02242455 BLK, 0 txs)
[2026-09-28T16:47:36.593Z INFO  blacksilk_miner] new tip at height 250: work on template 250 abandoned after 1.3s
[2026-09-28T16:47:46.839Z INFO  blacksilk_miner] hash rate 1.4 H/s (light mode)
[2026-09-28T16:47:48.180Z INFO  blacksilk_miner] found block 251 (reward 20.02238636 BLK, 0 txs)
[2026-09-28T16:47:49.715Z INFO  blacksilk_miner] found block 252 (reward 20.02236726 BLK, 0 txs)
[2026-09-28T16:48:03.272Z INFO  blacksilk_miner] found block 253 (reward 20.02234817 BLK, 0 txs)
[2026-09-28T16:48:13.544Z INFO  blacksilk_miner] found block 254 (reward 20.02232907 BLK, 0 txs)
[2026-09-28T16:48:24.694Z INFO  blacksilk_miner] new tip at height 255: work on template 255 abandoned after 784.9ms
[2026-09-28T16:48:31.042Z INFO  blacksilk_miner] found block 256 (reward 20.02263549 BLK, 1 txs)
[2026-09-28T16:48:36.944Z INFO  blacksilk_miner] new tip at height 257: work on template 257 abandoned after 738.0ms
[2026-09-28T16:48:40.901Z INFO  blacksilk_miner] new tip at height 258: work on template 258 abandoned after 4.0s
[2026-09-28T16:48:49.884Z INFO  blacksilk_miner] hash rate 1.5 H/s (light mode)
[2026-09-28T16:48:50.502Z INFO  blacksilk_miner] found block 259 (reward 20.02223360 BLK, 0 txs)
[2026-09-28T16:48:51.770Z INFO  blacksilk_miner] found block 260 (reward 20.02221451 BLK, 0 txs)
[2026-09-28T16:48:53.070Z INFO  blacksilk_miner] found block 261 (reward 20.02219541 BLK, 0 txs)
[2026-09-28T16:48:57.067Z INFO  blacksilk_miner] found block 262 (reward 20.02217632 BLK, 0 txs)
[2026-09-28T16:49:21.625Z INFO  blacksilk_miner] found block 263 (reward 20.02215722 BLK, 0 txs)
[2026-09-28T16:49:22.902Z INFO  blacksilk_miner] found block 264 (reward 20.02213813 BLK, 0 txs)
[2026-09-28T16:49:27.327Z INFO  blacksilk_miner] found block 265 (reward 20.02246363 BLK, 1 txs)
[2026-09-28T16:49:34.978Z INFO  blacksilk_miner] found block 266 (reward 20.02209994 BLK, 0 txs)
[2026-09-28T16:49:41.875Z INFO  blacksilk_miner] found block 267 (reward 20.02208084 BLK, 0 txs)
[2026-09-28T16:49:52.492Z INFO  blacksilk_miner] hash rate 1.4 H/s (light mode)
[2026-09-28T16:50:23.438Z INFO  blacksilk_miner] found block 268 (reward 20.02275095 BLK, 2 txs)
[2026-09-28T16:50:28.481Z INFO  blacksilk_miner] found block 269 (reward 20.02204265 BLK, 0 txs)
[2026-09-28T16:50:35.465Z INFO  blacksilk_miner] found block 270 (reward 20.02202356 BLK, 0 txs)
[2026-09-28T16:50:56.280Z INFO  blacksilk_miner] hash rate 1.5 H/s (light mode)
[2026-09-28T16:51:37.126Z INFO  blacksilk_miner] found block 271 (reward 20.02269367 BLK, 2 txs)
[2026-09-28T16:51:42.473Z INFO  blacksilk_miner] found block 272 (reward 20.02198537 BLK, 0 txs)
[2026-09-28T16:51:47.713Z INFO  blacksilk_miner] found block 273 (reward 20.02196628 BLK, 0 txs)
[2026-09-28T16:51:55.805Z INFO  blacksilk_miner] found block 274 (reward 20.02229178 BLK, 1 txs)
[2026-09-28T16:51:56.566Z INFO  blacksilk_miner] hash rate 1.5 H/s (light mode)
[2026-09-28T16:51:57.303Z INFO  blacksilk_miner] found block 275 (reward 20.02192809 BLK, 0 txs)
[2026-09-28T16:51:59.500Z INFO  blacksilk_miner] found block 276 (reward 20.02190899 BLK, 0 txs)
[2026-09-28T16:52:22.429Z INFO  blacksilk_miner] found block 277 (reward 20.02223450 BLK, 1 txs)
[2026-09-28T16:52:36.266Z INFO  blacksilk_miner] found block 278 (reward 20.02187081 BLK, 0 txs)
[2026-09-28T16:52:44.777Z INFO  blacksilk_miner] found block 279 (reward 20.02185171 BLK, 0 txs)
[2026-09-28T16:52:53.485Z INFO  blacksilk_miner] found block 280 (reward 20.02217722 BLK, 1 txs)
[2026-09-28T16:52:56.946Z INFO  blacksilk_miner] hash rate 1.4 H/s (light mode)
[2026-09-28T16:52:57.566Z INFO  blacksilk_miner] found block 281 (reward 20.02181352 BLK, 0 txs)
[2026-09-28T16:53:03.020Z INFO  blacksilk_miner] new tip at height 282: work on template 282 abandoned after 5.5s
[2026-09-28T16:53:08.763Z INFO  blacksilk_miner] new tip at height 283: work on template 283 abandoned after 668.6ms
[2026-09-28T16:53:12.134Z INFO  blacksilk_miner] new tip at height 284: work on template 284 abandoned after 3.4s
[2026-09-28T16:53:26.917Z INFO  blacksilk_miner] new tip at height 285: work on template 285 abandoned after 4.6s
[2026-09-28T16:53:36.439Z INFO  blacksilk_miner] new tip at height 286: work on template 286 abandoned after 3.9s
[2026-09-28T16:53:45.339Z INFO  blacksilk_miner] found block 287 (reward 20.02220356 BLK, 1 txs)
[2026-09-28T16:54:00.808Z INFO  blacksilk_miner] hash rate 1.5 H/s (light mode)
[2026-09-28T16:54:00.808Z INFO  blacksilk_miner] new tip at height 288: work on template 288 abandoned after 5.1s
[2026-09-28T16:54:09.232Z INFO  blacksilk_miner] new tip at height 289: work on template 289 abandoned after 3.3s
[2026-09-28T16:54:12.347Z INFO  blacksilk_miner] new tip at height 290: work on template 290 abandoned after 3.1s
[2026-09-28T16:54:15.764Z INFO  blacksilk_miner] found block 291 (reward 20.02162258 BLK, 0 txs)
[2026-09-28T16:54:22.427Z INFO  blacksilk_miner] found block 292 (reward 20.02160349 BLK, 0 txs)
[2026-09-28T16:54:33.426Z INFO  blacksilk_miner] found block 293 (reward 20.02158439 BLK, 0 txs)
[2026-09-28T16:54:39.000Z INFO  blacksilk_miner] found block 294 (reward 20.02156530 BLK, 0 txs)
[2026-09-28T16:54:51.997Z INFO  blacksilk_miner] found block 296 (reward 20.02152711 BLK, 0 txs)
[2026-09-28T16:55:01.255Z INFO  blacksilk_miner] found block 297 (reward 20.02219722 BLK, 2 txs)
[2026-09-28T16:55:06.463Z INFO  blacksilk_miner] hash rate 1.4 H/s (light mode)
[2026-09-28T16:55:13.225Z INFO  blacksilk_miner] found block 298 (reward 20.02148892 BLK, 0 txs)
[2026-09-28T16:55:30.165Z INFO  blacksilk_miner] found block 299 (reward 20.02146983 BLK, 0 txs)
[2026-09-28T16:55:47.228Z INFO  blacksilk_miner] found block 300 (reward 20.02179533 BLK, 1 txs)
[2026-09-28T16:55:49.436Z INFO  blacksilk_miner] found block 301 (reward 20.02143164 BLK, 0 txs)
[2026-09-28T16:55:55.436Z INFO  blacksilk_miner] new tip at height 302: work on template 302 abandoned after 703.1ms
[2026-09-28T16:56:06.174Z INFO  blacksilk_miner] found block 303 (reward 20.02224265 BLK, 2 txs)
[2026-09-28T16:56:11.265Z INFO  blacksilk_miner] hash rate 1.5 H/s (light mode)
[2026-09-28T16:56:23.791Z INFO  blacksilk_miner] new tip at height 304: work on template 304 abandoned after 1.9s
[2026-09-28T16:56:38.797Z INFO  blacksilk_miner] found block 305 (reward 20.02169986 BLK, 1 txs)
[2026-09-28T16:56:44.503Z INFO  blacksilk_miner] new tip at height 306: work on template 306 abandoned after 629.6ms
[2026-09-28T16:56:47.424Z INFO  blacksilk_miner] found block 307 (reward 20.02131708 BLK, 0 txs)
[2026-09-28T16:56:51.171Z INFO  blacksilk_miner] found block 308 (reward 20.02129798 BLK, 0 txs)
[2026-09-28T16:57:01.782Z INFO  blacksilk_miner] new tip at height 310: work on template 310 abandoned after 5.3s
[2026-09-28T16:57:12.331Z INFO  blacksilk_miner] hash rate 1.5 H/s (light mode)
[2026-09-28T16:57:12.945Z INFO  blacksilk_miner] found block 311 (reward 20.02158530 BLK, 1 txs)
[2026-09-28T16:57:29.776Z INFO  blacksilk_miner] found block 312 (reward 20.02191081 BLK, 2 txs)
[2026-09-28T16:57:35.921Z INFO  blacksilk_miner] new tip at height 313: work on template 313 abandoned after 1.1s
[2026-09-28T16:57:39.090Z INFO  blacksilk_miner] new tip at height 314: work on template 314 abandoned after 3.2s
