[2026-09-28T16:32:17.336Z INFO  blacksilk_node] blacksilk-node 0.1.0 commit bec93ff
[2026-09-28T16:32:17.336Z INFO  blacksilk_node] regtest: genesis 087d6fd4efbc45eb0a895dd0680a7fd305208cae239b1b4275d7148b29a569b7, consensus fingerprint 65334546765a538f41d5e8ec6aff7d6aebd17b26e3f612c2c844b44a1af7abaa
[2026-09-28T16:32:17.336Z INFO  blacksilk_node] regtest: loading C:/bszkeval/w2-mine2-scratch/labnet-run2\node0
[2026-09-28T16:32:17.341Z INFO  blacksilk_node] chain loaded in 5.4ms: height 0, tip 087d6fd4efbc45eb
[2026-09-28T16:32:17.346Z INFO  blacksilk_node] P2P listening on 127.0.0.1:47801
[2026-09-28T16:32:17.346Z INFO  blacksilk_node] RPC listening on http://127.0.0.1:47800
[2026-09-28T16:32:17.355Z WARN  blacksilk_node::cookie] the data directory C:/bszkeval/w2-mine2-scratch/labnet-run2\node0 is outside your user profile: on Windows the RPC cookie is protected only by that directory's permissions; make sure other users cannot read it
[2026-09-28T16:32:17.356Z INFO  blacksilk_node::serve] RPC credential written to C:/bszkeval/w2-mine2-scratch/labnet-run2\node0\rpc.cookie (clients read it: --rpc-cookie)
[2026-09-28T16:32:17.714Z INFO  blacksilk_p2p::net::conn] connected inbound peer 127.0.0.1:60182 (height 0)
[2026-09-28T16:32:17.729Z INFO  blacksilk_p2p::net::conn] connected outbound peer 127.0.0.1:49801 (height 0)
[2026-09-28T16:32:17.729Z INFO  blacksilk_p2p::net::conn] connected outbound peer 127.0.0.1:49802 (height 0)
[2026-09-28T16:32:17.729Z INFO  blacksilk_p2p::net::conn] connected inbound peer 127.0.0.1:60187 (height 0)
[2026-09-28T16:32:20.013Z INFO  blacksilk_node] block 2a4f8495e18ef9b5 at height 1 accepted (tip 1)
[2026-09-28T16:32:21.248Z INFO  blacksilk_node] block a7f3029a9a722eec at height 2 accepted (tip 2)
[2026-09-28T16:32:22.472Z INFO  blacksilk_node] block f5d4a14665d8a25a at height 3 accepted (tip 3)
[2026-09-28T16:32:23.714Z INFO  blacksilk_node] block ab1877e061fdfdf4 at height 4 accepted (tip 4)
[2026-09-28T16:32:24.923Z INFO  blacksilk_node] block 408cd594d6637394 at height 5 accepted (tip 5)
[2026-09-28T16:32:26.235Z INFO  blacksilk_node] block a8f5d09e8bf0f2b6 at height 6 accepted (tip 6)
[2026-09-28T16:32:27.669Z INFO  blacksilk_node] block 0e34dc2ec50faa73 at height 7 accepted (tip 7)
[2026-09-28T16:32:29.357Z INFO  blacksilk_node] block 567fc1b35956ad27 at height 8 accepted (tip 8)
[2026-09-28T16:32:30.738Z INFO  blacksilk_node] block 36194648d5a234e9 at height 9 accepted (tip 9)
[2026-09-28T16:32:32.064Z INFO  blacksilk_node] block d0f478f7321da52d at height 10 accepted (tip 10)
[2026-09-28T16:32:33.414Z INFO  blacksilk_node] block abf40e978b09e4f2 at height 11 accepted (tip 11)
[2026-09-28T16:32:34.612Z INFO  blacksilk_node] block 41ca34265431b767 at height 12 accepted (tip 12)
[2026-09-28T16:32:35.792Z INFO  blacksilk_node] block ecde69d684c79c5a at height 13 accepted (tip 13)
[2026-09-28T16:32:37.138Z INFO  blacksilk_node] block 1ca123444b57e5b1 at height 14 accepted (tip 14)
[2026-09-28T16:32:38.356Z INFO  blacksilk_node] block a8191947334ab284 at height 15 accepted (tip 15)
[2026-09-28T16:32:39.596Z INFO  blacksilk_node] block 080825f2bab2b1a9 at height 16 accepted (tip 16)
[2026-09-28T16:32:40.750Z INFO  blacksilk_node] block 4df5c93e94daccfd at height 17 accepted (tip 17)
[2026-09-28T16:32:42.002Z INFO  blacksilk_node] block eaabbdf313de016e at height 18 accepted (tip 18)
[2026-09-28T16:32:43.232Z INFO  blacksilk_node] block a5c29b209be9b983 at height 19 accepted (tip 19)
[2026-09-28T16:32:44.449Z INFO  blacksilk_node] block aa1d32243a4042a8 at height 20 accepted (tip 20)
[2026-09-28T16:32:45.744Z INFO  blacksilk_node] block ab778da5cc96e20d at height 21 accepted (tip 21)
[2026-09-28T16:32:47.046Z INFO  blacksilk_node] block d7ab404249bb6439 at height 22 accepted (tip 22)
[2026-09-28T16:32:48.287Z INFO  blacksilk_node] block aeab1312fb1633f9 at height 23 accepted (tip 23)
[2026-09-28T16:32:49.545Z INFO  blacksilk_node] block 18ddd190469f4ae9 at height 24 accepted (tip 24)
[2026-09-28T16:32:50.734Z INFO  blacksilk_node] block db75559b6a4f07a9 at height 25 accepted (tip 25)
[2026-09-28T16:32:51.933Z INFO  blacksilk_node] block ec83a4605825e978 at height 26 accepted (tip 26)
[2026-09-28T16:32:53.169Z INFO  blacksilk_node] block 5172bb77ae2d8e6d at height 27 accepted (tip 27)
[2026-09-28T16:32:54.455Z INFO  blacksilk_node] block 000de80b7d1226e6 at height 28 accepted (tip 28)
[2026-09-28T16:32:55.594Z INFO  blacksilk_node] block 17d8309cd71a4d28 at height 29 accepted (tip 29)
[2026-09-28T16:32:56.804Z INFO  blacksilk_node] block 90dbe163402ef653 at height 30 accepted (tip 30)
[2026-09-28T16:32:58.002Z INFO  blacksilk_node] block 1d49c35b63530c45 at height 31 accepted (tip 31)
[2026-09-28T16:32:59.139Z INFO  blacksilk_node] block 275cab7b6d4b12f2 at height 32 accepted (tip 32)
[2026-09-28T16:33:00.272Z INFO  blacksilk_node] block e30c086ab1d06d5c at height 33 accepted (tip 33)
[2026-09-28T16:33:01.427Z INFO  blacksilk_node] block 0b1916f89585fe04 at height 34 accepted (tip 34)
[2026-09-28T16:33:02.573Z INFO  blacksilk_node] block ce7f4a74b9e54eee at height 35 accepted (tip 35)
[2026-09-28T16:33:03.734Z INFO  blacksilk_node] block ff592b8a6b41c9a8 at height 36 accepted (tip 36)
[2026-09-28T16:33:04.986Z INFO  blacksilk_node] block 454bc7bd4ec372ef at height 37 accepted (tip 37)
[2026-09-28T16:33:06.176Z INFO  blacksilk_node] block 120f3915856b6b71 at height 38 accepted (tip 38)
[2026-09-28T16:33:07.475Z INFO  blacksilk_node] block df6956473faa283e at height 39 accepted (tip 39)
[2026-09-28T16:33:08.635Z INFO  blacksilk_node] block 552ca020a8c93201 at height 40 accepted (tip 40)
[2026-09-28T16:33:09.825Z INFO  blacksilk_node] block 502f94bf36b1f0b7 at height 41 accepted (tip 41)
[2026-09-28T16:33:10.968Z INFO  blacksilk_node] block 0ea6b65d6c8dffc1 at height 42 accepted (tip 42)
[2026-09-28T16:33:12.127Z INFO  blacksilk_node] block 8f451bf156bf80a0 at height 43 accepted (tip 43)
[2026-09-28T16:33:13.313Z INFO  blacksilk_node] block 61b9c051ad8e136b at height 44 accepted (tip 44)
[2026-09-28T16:33:14.553Z INFO  blacksilk_node] block a1ccfc6f8edc71c0 at height 45 accepted (tip 45)
[2026-09-28T16:33:15.804Z INFO  blacksilk_node] block 2f29de4d6d03254d at height 46 accepted (tip 46)
[2026-09-28T16:33:17.112Z INFO  blacksilk_node] block d261c62010829762 at height 47 accepted (tip 47)
[2026-09-28T16:33:18.419Z INFO  blacksilk_node] block ab6d4ecd537673ca at height 48 accepted (tip 48)
[2026-09-28T16:33:19.874Z INFO  blacksilk_node] block d74cf7258f4907ad at height 49 accepted (tip 49)
[2026-09-28T16:33:21.331Z INFO  blacksilk_node] block ff2066d872b6f13b at height 50 accepted (tip 50)
[2026-09-28T16:33:22.720Z INFO  blacksilk_node] block 3506f4033c0001f5 at height 51 accepted (tip 51)
[2026-09-28T16:33:24.069Z INFO  blacksilk_node] block 050082b5c457e7a2 at height 52 accepted (tip 52)
[2026-09-28T16:33:25.452Z INFO  blacksilk_node] block 49bc03c985832d31 at height 53 accepted (tip 53)
[2026-09-28T16:33:26.812Z INFO  blacksilk_node] block 5810d3e126e81dfe at height 54 accepted (tip 54)
[2026-09-28T16:33:28.168Z INFO  blacksilk_node] block 9ff1719d412e3055 at height 55 accepted (tip 55)
[2026-09-28T16:33:29.517Z INFO  blacksilk_node] block 4c15dd2c3c862361 at height 56 accepted (tip 56)
[2026-09-28T16:33:30.824Z INFO  blacksilk_node] block cdcfc80675fd9a05 at height 57 accepted (tip 57)
[2026-09-28T16:33:32.107Z INFO  blacksilk_node] block 5e970a3ce3304242 at height 58 accepted (tip 58)
[2026-09-28T16:33:33.418Z INFO  blacksilk_node] block f12cb2b377b694b9 at height 59 accepted (tip 59)
[2026-09-28T16:33:34.835Z INFO  blacksilk_node] block 5473e69debac6882 at height 60 accepted (tip 60)
[2026-09-28T16:33:36.210Z INFO  blacksilk_node] block 58d0b18d52bec17d at height 61 accepted (tip 61)
[2026-09-28T16:33:37.569Z INFO  blacksilk_node] block 9b3ba6970f73cd0c at height 62 accepted (tip 62)
[2026-09-28T16:33:38.969Z INFO  blacksilk_node] block 8305cf35e41b007b at height 63 accepted (tip 63)
[2026-09-28T16:33:40.354Z INFO  blacksilk_node] block ea3342f0b35b7a1e at height 64 accepted (tip 64)
[2026-09-28T16:33:41.703Z INFO  blacksilk_node] block 8c3c8efa288026a5 at height 65 accepted (tip 65)
[2026-09-28T16:33:43.102Z INFO  blacksilk_node] block d257b6c8f2844c65 at height 66 accepted (tip 66)
[2026-09-28T16:33:44.532Z INFO  blacksilk_node] block aea5d27890a9b84b at height 67 accepted (tip 67)
[2026-09-28T16:33:45.945Z INFO  blacksilk_node] block 846371583ca43707 at height 68 accepted (tip 68)
[2026-09-28T16:33:47.237Z INFO  blacksilk_node] block 29ac88b32a08357d at height 69 accepted (tip 69)
[2026-09-28T16:33:48.583Z INFO  blacksilk_node] block ffd465acca77532e at height 70 accepted (tip 70)
[2026-09-28T16:33:50.060Z INFO  blacksilk_node] block d191310d005ad4bc at height 71 accepted (tip 71)
[2026-09-28T16:33:51.399Z INFO  blacksilk_node] block 4e35efb5e0407fa9 at height 72 accepted (tip 72)
[2026-09-28T16:33:52.688Z INFO  blacksilk_node] block 5b8cc73a73a962e2 at height 73 accepted (tip 73)
[2026-09-28T16:33:54.328Z INFO  blacksilk_node] block 78848ac7d9e1ff87 at height 74 accepted (tip 74)
[2026-09-28T16:33:55.909Z INFO  blacksilk_node] block bb0aa8adae610d13 at height 75 accepted (tip 75)
[2026-09-28T16:33:57.396Z INFO  blacksilk_node] block c0ae8e39ceef96a5 at height 76 accepted (tip 76)
[2026-09-28T16:34:00.068Z INFO  blacksilk_node] block 861c1d9f1024db3b at height 77 accepted (tip 77)
[2026-09-28T16:34:01.385Z INFO  blacksilk_node] block 347fd8026826f568 at height 78 accepted (tip 78)
[2026-09-28T16:34:03.836Z INFO  blacksilk_node] block a2f3a572a657560b at height 79 accepted (tip 79)
[2026-09-28T16:34:05.177Z INFO  blacksilk_node] block 5fce5215302af074 at height 80 accepted (tip 80)
[2026-09-28T16:34:07.077Z INFO  blacksilk_node] block 072c43753caa7b41 at height 81 accepted (tip 81)
[2026-09-28T16:34:10.203Z INFO  blacksilk_node] block 7c4a53b5a51544f1 at height 82 accepted (tip 82)
[2026-09-28T16:34:11.452Z INFO  blacksilk_node] block 867040ea20ba5d84 at height 83 accepted (tip 83)
[2026-09-28T16:34:12.719Z INFO  blacksilk_node] block 7359e4a2283886a7 at height 84 accepted (tip 84)
[2026-09-28T16:34:14.012Z INFO  blacksilk_node] block cce94e1d2c914e00 at height 85 accepted (tip 85)
[2026-09-28T16:34:15.299Z INFO  blacksilk_node] block 2af5ff672c492f52 at height 86 accepted (tip 86)
[2026-09-28T16:34:16.579Z INFO  blacksilk_node] block 8648736fb0f4d278 at height 87 accepted (tip 87)
[2026-09-28T16:34:17.850Z INFO  blacksilk_node] block e627840fec664eb2 at height 88 accepted (tip 88)
[2026-09-28T16:34:19.146Z INFO  blacksilk_node] block c7555d82573e1955 at height 89 accepted (tip 89)
[2026-09-28T16:34:20.477Z INFO  blacksilk_node] block c004ab92ca28fc3f at height 90 accepted (tip 90)
[2026-09-28T16:34:21.755Z INFO  blacksilk_node] block 21391162fe96e12f at height 91 accepted (tip 91)
[2026-09-28T16:34:23.018Z INFO  blacksilk_node] block 05d99ba88c7084b2 at height 92 accepted (tip 92)
[2026-09-28T16:34:24.889Z INFO  blacksilk_node] block 70767246cfb5d874 at height 93 accepted (tip 93)
[2026-09-28T16:34:27.316Z INFO  blacksilk_node] block c9f9d6d7be6156ec at height 94 accepted (tip 94)
[2026-09-28T16:34:29.753Z INFO  blacksilk_node] block 5c53cb1867021f6f at height 95 accepted (tip 95)
[2026-09-28T16:34:32.195Z INFO  blacksilk_node] block d1f67e58fd7c7f67 at height 96 accepted (tip 96)
[2026-09-28T16:34:37.059Z INFO  blacksilk_node] block e25d98362c94ec94 at height 97 accepted (tip 97)
[2026-09-28T16:34:38.339Z INFO  blacksilk_node] block 8d9846e6083f1385 at height 98 accepted (tip 98)
[2026-09-28T16:34:40.899Z INFO  blacksilk_node] block 3d0b7dc07b069b11 at height 99 accepted (tip 99)
[2026-09-28T16:34:42.139Z INFO  blacksilk_node] block 8e4877a28ddb5f6b at height 100 accepted (tip 100)
[2026-09-28T16:34:43.988Z INFO  blacksilk_node] block efec842ab0ba658f at height 101 accepted (tip 101)
[2026-09-28T16:34:45.898Z INFO  blacksilk_node] block 4319a6e6d0c4aaf7 at height 102 accepted (tip 102)
[2026-09-28T16:34:47.749Z INFO  blacksilk_node] block 34bd6ce566240c60 at height 103 accepted (tip 103)
[2026-09-28T16:34:48.976Z INFO  blacksilk_node] block bce68e34ebb1dd94 at height 104 accepted (tip 104)
[2026-09-28T16:34:50.333Z INFO  blacksilk_node] block 804e20d059030c73 at height 105 accepted (tip 105)
[2026-09-28T16:34:51.560Z INFO  blacksilk_node] block 2a97bf870d0f0ef1 at height 106 accepted (tip 106)
[2026-09-28T16:34:55.250Z INFO  blacksilk_node] block 72029f8364b99e88 at height 107 accepted (tip 107)
[2026-09-28T16:34:56.482Z INFO  blacksilk_node] block f0c6a85cf078dc4b at height 108 accepted (tip 108)
[2026-09-28T16:34:57.755Z INFO  blacksilk_node] block 4ee52724eeb4b047 at height 109 accepted (tip 109)
[2026-09-28T16:35:00.263Z INFO  blacksilk_node] block 5ff165c20cfe7a64 at height 110 accepted (tip 110)
[2026-09-28T16:35:01.423Z INFO  blacksilk_node] block 5cfd4478e941cbe0 at height 111 accepted (tip 111)
[2026-09-28T16:35:02.640Z INFO  blacksilk_node] block 1c0a41c13000c393 at height 112 accepted (tip 112)
[2026-09-28T16:35:04.442Z INFO  blacksilk_node] block 9f8c92255fa1bfd0 at height 113 accepted (tip 113)
[2026-09-28T16:35:06.776Z INFO  blacksilk_node] block c57b44e989f08bed at height 114 accepted (tip 114)
[2026-09-28T16:35:08.610Z INFO  blacksilk_node] block 69fb4846c1a70617 at height 115 accepted (tip 115)
[2026-09-28T16:35:10.008Z INFO  blacksilk_node] block a44a7b8844c101ac at height 116 accepted (tip 116)
[2026-09-28T16:35:12.915Z INFO  blacksilk_node] block 791788b3adaebb74 at height 117 accepted (tip 117)
[2026-09-28T16:35:14.739Z INFO  blacksilk_node] block 798c459578b7540d at height 118 accepted (tip 118)
[2026-09-28T16:35:17.104Z INFO  blacksilk_node] block 3393409ff91540f5 at height 119 accepted (tip 119)
[2026-09-28T16:35:20.606Z INFO  blacksilk_node] block c9e9345b0179763d at height 120 accepted (tip 120)
[2026-09-28T16:35:22.952Z INFO  blacksilk_node] block bc4d9cbcf049c186 at height 121 accepted (tip 121)
[2026-09-28T16:35:25.356Z INFO  blacksilk_node] block 3a1c08f660ea559d at height 122 accepted (tip 122)
[2026-09-28T16:35:26.553Z INFO  blacksilk_node] block f079f82f0db5874e at height 123 accepted (tip 123)
[2026-09-28T16:35:28.248Z INFO  blacksilk_node] block 132b315dfd2216ec at height 124 accepted (tip 124)
[2026-09-28T16:35:29.437Z INFO  blacksilk_node] block bcbe250c5b97a88b at height 125 accepted (tip 125)
[2026-09-28T16:35:30.634Z INFO  blacksilk_node] block 2fff375200fa0882 at height 126 accepted (tip 126)
[2026-09-28T16:35:31.796Z INFO  blacksilk_node] block a2db582f81fc32eb at height 127 accepted (tip 127)
[2026-09-28T16:35:34.843Z INFO  blacksilk_node] block fdd8993055ac8c95 at height 128 accepted (tip 128)
[2026-09-28T16:35:36.650Z INFO  blacksilk_node] block 867f6ba4b0f9f282 at height 129 accepted (tip 129)
[2026-09-28T16:35:39.043Z INFO  blacksilk_node] block 99fd9b0dd94052a4 at height 130 accepted (tip 130)
[2026-09-28T16:35:40.321Z INFO  blacksilk_node] block ca8413dfbabd6769 at height 131 accepted (tip 131)
[2026-09-28T16:35:42.725Z INFO  blacksilk_node] block b04cad64b3e92575 at height 132 accepted (tip 132)
[2026-09-28T16:35:47.503Z INFO  blacksilk_node] block b98226e227820d07 at height 133 accepted (tip 133)
[2026-09-28T16:35:49.301Z INFO  blacksilk_node] block 67ee9b90fece199c at height 134 accepted (tip 134)
[2026-09-28T16:35:55.677Z INFO  blacksilk_node] block eff38b71870b5150 at height 135 accepted (tip 135)
[2026-09-28T16:35:59.732Z INFO  blacksilk_node] block f3e10ef91d8cf219 at height 136 accepted (tip 136)
[2026-09-28T16:36:00.939Z INFO  blacksilk_node] block 138c7a4e3317a0e2 at height 137 accepted (tip 137)
[2026-09-28T16:36:04.514Z INFO  blacksilk_node] block 7cfddebbf2dda21d at height 138 accepted (tip 138)
[2026-09-28T16:36:08.516Z INFO  blacksilk_node] block 70168ae6a5659c14 at height 139 accepted (tip 139)
[2026-09-28T16:36:09.746Z INFO  blacksilk_node] block 01d08f4c4ec4cd20 at height 140 accepted (tip 140)
[2026-09-28T16:36:12.681Z INFO  blacksilk_node] block a49634522b42279f at height 141 accepted (tip 141)
[2026-09-28T16:36:13.950Z INFO  blacksilk_node] block ffe66572dbde1f71 at height 142 accepted (tip 142)
[2026-09-28T16:36:16.653Z INFO  blacksilk_node] block 043e4a539bacc2c7 at height 143 accepted (tip 143)
[2026-09-28T16:36:18.628Z INFO  blacksilk_node] block 7a04322da10bdddb at height 144 accepted (tip 144)
[2026-09-28T16:36:20.113Z INFO  blacksilk_node] block a8bff85251a927ed at height 145 accepted (tip 145)
[2026-09-28T16:36:24.572Z INFO  blacksilk_node] block 2862c315b9daf866 at height 146 accepted (tip 146)
[2026-09-28T16:36:27.777Z INFO  blacksilk_node] block 91aad6cda351712d at height 147 accepted (tip 147)
[2026-09-28T16:36:37.192Z INFO  blacksilk_node] block 832ddba0d1d522a4 at height 148 accepted (tip 148)
[2026-09-28T16:36:39.139Z INFO  blacksilk_node] block 9b0aa3aa1a73efd2 at height 149 accepted (tip 149)
[2026-09-28T16:36:40.623Z INFO  blacksilk_node] block 4b6c42ab6065c89a at height 150 accepted (tip 150)
[2026-09-28T16:36:43.176Z INFO  blacksilk_node] block 7a2a2cef09432195 at height 151 accepted (tip 151)
[2026-09-28T16:36:47.508Z INFO  blacksilk_node] block 5546f1f83b327f7a at height 152 accepted (tip 152)
[2026-09-28T16:36:48.766Z INFO  blacksilk_node] block 62a1b1076f28f6f9 at height 153 accepted (tip 153)
[2026-09-28T16:36:52.369Z INFO  blacksilk_node] block 5872e88ee3aabdf7 at height 154 accepted (tip 154)
[2026-09-28T16:36:59.048Z INFO  blacksilk_node] block bdb0c2fe3d022cac at height 155 accepted (tip 155)
[2026-09-28T16:37:02.211Z INFO  blacksilk_node] block 8d9409286b2a4bc6 at height 156 accepted (tip 156)
[2026-09-28T16:37:12.273Z INFO  blacksilk_node] block ad380de84712ec12 at height 157 accepted (tip 157)
[2026-09-28T16:37:21.856Z INFO  blacksilk_node] block 89f9487362658552 at height 158 accepted (tip 158)
[2026-09-28T16:37:23.640Z INFO  blacksilk_node] block 235433d6a4786d32 at height 159 accepted (tip 159)
[2026-09-28T16:37:29.366Z INFO  blacksilk_node] block 1edf2a9a6f638ec7 at height 160 accepted (tip 160)
[2026-09-28T16:37:35.767Z INFO  blacksilk_node] block e2551daffa049bba at height 161 accepted (tip 161)
[2026-09-28T16:37:37.000Z INFO  blacksilk_node] block c6b1f647fe95c410 at height 162 accepted (tip 162)
[2026-09-28T16:37:39.433Z INFO  blacksilk_node] block 3dc9fed88ab0c1f9 at height 163 accepted (tip 163)
[2026-09-28T16:37:40.703Z INFO  blacksilk_node] block 2c018f0a2ab4d3cf at height 164 accepted (tip 164)
[2026-09-28T16:37:47.853Z INFO  blacksilk_node] block 1709918d005445eb at height 165 accepted (tip 165)
[2026-09-28T16:37:49.211Z INFO  blacksilk_node] block 0fb0a12ff278ab20 at height 166 accepted (tip 166)
[2026-09-28T16:37:51.134Z INFO  blacksilk_node] block c0f92027ee8838c5 at height 167 accepted (tip 167)
[2026-09-28T16:37:52.415Z INFO  blacksilk_node] block 838ce9bdba8d7e54 at height 168 accepted (tip 168)
[2026-09-28T16:37:54.269Z INFO  blacksilk_node] block 284e24ddec73df87 at height 169 accepted (tip 169)
[2026-09-28T16:37:57.249Z INFO  blacksilk_node] block f61be46215e19c42 at height 170 accepted (tip 170)
[2026-09-28T16:38:00.160Z INFO  blacksilk_node] block bd69dd4b9b44a8c0 at height 171 accepted (tip 171)
[2026-09-28T16:38:09.825Z INFO  blacksilk_node] block 81ab0cded2dde7ff at height 172 accepted (tip 172)
[2026-09-28T16:38:11.011Z INFO  blacksilk_node] block 80e101015eda2f0e at height 173 accepted (tip 173)
[2026-09-28T16:38:21.551Z INFO  blacksilk_node] block 5160306c39d6ebf1 at height 174 accepted (tip 174)
[2026-09-28T16:38:27.329Z INFO  blacksilk_node] block 79208a91d55ac41b at height 175 accepted (tip 175)
[2026-09-28T16:38:29.279Z INFO  blacksilk_node] block f47927d9272b1fc8 at height 176 accepted (tip 176)
[2026-09-28T16:39:07.551Z INFO  blacksilk_node] block 5dd3046196252292 at height 177 accepted (tip 177)
[2026-09-28T16:39:12.483Z INFO  blacksilk_node] block 830119504f0007ff at height 178 accepted (tip 178)
[2026-09-28T16:39:25.791Z INFO  blacksilk_node] block 3c5ff3c6fce114b4 at height 179 accepted (tip 179)
[2026-09-28T16:39:29.945Z INFO  blacksilk_node] block 2cbcddb55057cf5c at height 180 accepted (tip 180)
[2026-09-28T16:39:38.290Z INFO  blacksilk_node] block d4ee6a00e91b73a0 at height 181 accepted (tip 181)
[2026-09-28T16:39:40.182Z INFO  blacksilk_node] block e5bc0e7c8d09ec08 at height 182 accepted (tip 182)
[2026-09-28T16:39:48.553Z INFO  blacksilk_node] block 62660827c008faef at height 183 accepted (tip 183)
[2026-09-28T16:39:53.571Z INFO  blacksilk_node] block eed7b37846c7c43b at height 184 accepted (tip 184)
[2026-09-28T16:40:02.560Z INFO  blacksilk_node] block 7c912579a9f146a7 at height 185 accepted (tip 185)
[2026-09-28T16:40:30.077Z INFO  blacksilk_node] block 7fb6f8350010b5cc at height 186 accepted (tip 186)
[2026-09-28T16:40:35.523Z INFO  blacksilk_node] block e25d98544e6a9006 at height 187 accepted (tip 187)
[2026-09-28T16:40:37.474Z INFO  blacksilk_node] block aaf13cce0b4cca3a at height 188 accepted (tip 188)
[2026-09-28T16:40:39.352Z INFO  blacksilk_node] block e382b4b4568561d5 at height 189 accepted (tip 189)
[2026-09-28T16:40:56.598Z INFO  blacksilk_node] block c3cefc2abb2160eb at height 190 accepted (tip 190)
[2026-09-28T16:41:06.194Z INFO  blacksilk_node] block 6faa16cc91c4f1a5 at height 191 accepted (tip 191)
[2026-09-28T16:41:09.316Z INFO  blacksilk_node] block aee7f2970ab08e32 at height 192 accepted (tip 192)
[2026-09-28T16:41:41.216Z INFO  blacksilk_node] block 1925bc1f4fcb5283 at height 193 accepted (tip 193)
[2026-09-28T16:41:44.289Z INFO  blacksilk_node] block bac970f0d4eb87cb at height 194 accepted (tip 194)
[2026-09-28T16:41:48.827Z INFO  blacksilk_chain::manager::fork_choice] reorganization: disconnecting 1 block(s) above height 193
[2026-09-28T16:41:48.828Z INFO  blacksilk_chain::manager::fork_choice] mempool after the reorganization: Revalidation { checked: 0, invalid: 0, ring_changed: 0 }; returned transactions: Readmission { readmitted: 0, already_pooled: 0, other_rules: 0, conflicts: 0, invalid: 0, ring_changed: 0, no_room: 0, over_budget: 0 }; 0 beyond the readmission budget, not captured
[2026-09-28T16:41:56.409Z INFO  blacksilk_node] block 0785bd93db955915 at height 196 accepted (tip 196)
[2026-09-28T16:42:02.311Z INFO  blacksilk_node] block 2c6350b732ac92b1 at height 197 accepted (tip 197)
[2026-09-28T16:42:13.715Z INFO  blacksilk_node] block 9a2d4b42147447b8 at height 198 accepted (tip 198)
[2026-09-28T16:42:24.469Z INFO  blacksilk_node] block b9ff9a565d5c82bc at height 199 accepted (tip 199)
[2026-09-28T16:42:44.933Z INFO  blacksilk_node] block 4ee8b3bde53ec0e6 at height 201 accepted (tip 201)
[2026-09-28T16:42:51.065Z INFO  blacksilk_node] block 390831c3ab77156c at height 202 accepted (tip 202)
[2026-09-28T16:42:54.618Z INFO  blacksilk_node] block 028db5ca6a617930 at height 203 accepted (tip 203)
[2026-09-28T16:43:00.732Z INFO  blacksilk_node] block d0dc79978181b120 at height 205 accepted (tip 205)
[2026-09-28T16:43:03.135Z INFO  blacksilk_node] block e093265b9c3a440d at height 206 accepted (tip 206)
[2026-09-28T16:43:09.234Z INFO  blacksilk_node] block 32b4502af2a090dc at height 207 accepted (tip 207)
[2026-09-28T16:43:20.657Z INFO  blacksilk_node] block aa280e801ff5bdd2 at height 209 accepted (tip 209)
[2026-09-28T16:43:21.887Z INFO  blacksilk_node] block 45859550ac24e0ed at height 210 accepted (tip 210)
[2026-09-28T16:43:30.167Z INFO  blacksilk_node] block 6188812a392035c5 at height 211 accepted (tip 211)
[2026-09-28T16:43:34.813Z INFO  blacksilk_node] block 92c3c5e3884e0d21 at height 212 accepted (tip 212)
[2026-09-28T16:43:54.701Z INFO  blacksilk_node] block eafcdf7f9e32b821 at height 215 accepted (tip 215)
[2026-09-28T16:43:58.430Z INFO  blacksilk_node] block 539d195e12fb43b1 at height 216 accepted (tip 216)
[2026-09-28T16:44:06.300Z INFO  blacksilk_node] block bb9f755190992387 at height 218 accepted (tip 218)
[2026-09-28T16:44:12.862Z INFO  blacksilk_chain::manager::fork_choice] reorganization: disconnecting 1 block(s) above height 217
[2026-09-28T16:44:12.863Z INFO  blacksilk_chain::manager::fork_choice] mempool after the reorganization: Revalidation { checked: 0, invalid: 0, ring_changed: 0 }; returned transactions: Readmission { readmitted: 0, already_pooled: 0, other_rules: 0, conflicts: 0, invalid: 0, ring_changed: 0, no_room: 0, over_budget: 0 }; 0 beyond the readmission budget, not captured
[2026-09-28T16:44:21.520Z INFO  blacksilk_node] block 9a5205fa9a1f4626 at height 220 accepted (tip 220)
[2026-09-28T16:44:39.425Z INFO  blacksilk_node] block 48f3438554cfbf67 at height 223 accepted (tip 223)
[2026-09-28T16:45:57.255Z INFO  blacksilk_node] block 2fb790fbed10ff8d at height 233 accepted (tip 233)
[2026-09-28T16:45:58.548Z INFO  blacksilk_node] block 6e049626520323c8 at height 234 accepted (tip 234)
[2026-09-28T16:46:02.768Z INFO  blacksilk_node] block 7345dc2189432550 at height 235 accepted (tip 235)
[2026-09-28T16:46:14.690Z INFO  blacksilk_node] block 352f79ffe0313da1 at height 237 accepted (tip 237)
[2026-09-28T16:46:18.686Z INFO  blacksilk_node] block 9062f56f1f22a010 at height 238 accepted (tip 238)
[2026-09-28T16:46:34.791Z INFO  blacksilk_node] block 051f2380ceda711d at height 241 accepted (tip 241)
[2026-09-28T16:46:39.264Z INFO  blacksilk_node] block 9e45e33980c19763 at height 242 accepted (tip 242)
[2026-09-28T16:46:45.958Z INFO  blacksilk_node] block 249a3f96b1f421e1 at height 243 accepted (tip 243)
[2026-09-28T16:46:52.689Z INFO  blacksilk_node] block a479aae1232e710b at height 244 accepted (tip 244)
[2026-09-28T16:46:59.183Z INFO  blacksilk_node] block 37e01743c91f7dbb at height 245 accepted (tip 245)
[2026-09-28T16:47:07.059Z INFO  blacksilk_node] block 9bd06ee2cd5ad020 at height 246 accepted (tip 246)
[2026-09-28T16:47:12.338Z INFO  blacksilk_node] block a80b332ba9bad015 at height 247 accepted (tip 247)
[2026-09-28T16:47:27.134Z INFO  blacksilk_chain::manager::fork_choice] reorganization: disconnecting 1 block(s) above height 246
[2026-09-28T16:47:27.140Z INFO  blacksilk_chain::manager::fork_choice] mempool after the reorganization: Revalidation { checked: 0, invalid: 0, ring_changed: 0 }; returned transactions: Readmission { readmitted: 0, already_pooled: 0, other_rules: 0, conflicts: 0, invalid: 0, ring_changed: 0, no_room: 0, over_budget: 0 }; 0 beyond the readmission budget, not captured
[2026-09-28T16:47:30.144Z INFO  blacksilk_node] block ef4dc725e1539bf9 at height 249 accepted (tip 249)
[2026-09-28T16:47:48.180Z INFO  blacksilk_node] block 61ccfea4f4c7a457 at height 251 accepted (tip 251)
[2026-09-28T16:47:49.715Z INFO  blacksilk_node] block 9b25024abbabbd4c at height 252 accepted (tip 252)
[2026-09-28T16:48:03.272Z INFO  blacksilk_node] block a80e99cc3541330c at height 253 accepted (tip 253)
[2026-09-28T16:48:13.544Z INFO  blacksilk_node] block 3726f6edc7fc9f1e at height 254 accepted (tip 254)
[2026-09-28T16:48:31.042Z INFO  blacksilk_node] block 1624fdd2309ee542 at height 256 accepted (tip 256)
[2026-09-28T16:48:42.135Z INFO  blacksilk_p2p::net::conn] disconnected peer 127.0.0.1:49802
[2026-09-28T16:48:42.135Z INFO  blacksilk_p2p::net::conn] disconnected peer 127.0.0.1:60187
[2026-09-28T16:48:42.136Z INFO  blacksilk_p2p::net::conn] disconnected peer 127.0.0.1:60182
[2026-09-28T16:48:50.502Z INFO  blacksilk_node] block af996f7a13a39ffe at height 259 accepted (tip 259)
[2026-09-28T16:48:51.769Z INFO  blacksilk_node] block a06183824db7599a at height 260 accepted (tip 260)
[2026-09-28T16:48:53.070Z INFO  blacksilk_node] block 0521290493c40a35 at height 261 accepted (tip 261)
[2026-09-28T16:48:57.067Z INFO  blacksilk_node] block 7913ddec8dec4d1d at height 262 accepted (tip 262)
[2026-09-28T16:49:21.625Z INFO  blacksilk_node] block 782a261c3e093849 at height 263 accepted (tip 263)
[2026-09-28T16:49:22.902Z INFO  blacksilk_node] block 4545e736f6256929 at height 264 accepted (tip 264)
[2026-09-28T16:49:27.326Z INFO  blacksilk_node] block 919d3ed5dffbaea6 at height 265 accepted (tip 265)
[2026-09-28T16:49:34.978Z INFO  blacksilk_node] block b455bf48be338a64 at height 266 accepted (tip 266)
[2026-09-28T16:49:41.875Z INFO  blacksilk_node] block 57291547259ee338 at height 267 accepted (tip 267)
[2026-09-28T16:50:23.438Z INFO  blacksilk_node] block 3c5727af627c36a1 at height 268 accepted (tip 268)
[2026-09-28T16:50:28.480Z INFO  blacksilk_node] block 4f2abb77e42e3458 at height 269 accepted (tip 269)
[2026-09-28T16:50:35.465Z INFO  blacksilk_node] block 37aa55ddaf382350 at height 270 accepted (tip 270)
[2026-09-28T16:51:37.126Z INFO  blacksilk_node] block 7f8c9d67f3fe4e4e at height 271 accepted (tip 271)
[2026-09-28T16:51:42.472Z INFO  blacksilk_node] block c49bda006d3a870c at height 272 accepted (tip 272)
[2026-09-28T16:51:42.820Z INFO  blacksilk_p2p::net::conn] connected inbound peer 127.0.0.1:60769 (height 270)
[2026-09-28T16:51:47.713Z INFO  blacksilk_node] block 9d511e7b11071159 at height 273 accepted (tip 273)
[2026-09-28T16:51:52.078Z INFO  blacksilk_p2p::net::conn] connected inbound peer 127.0.0.1:60777 (height 273)
[2026-09-28T16:51:52.390Z INFO  blacksilk_p2p::net::conn] connected outbound peer 127.0.0.1:49802 (height 273)
[2026-09-28T16:51:55.804Z INFO  blacksilk_node] block d0eb4aeb6b6aca20 at height 274 accepted (tip 274)
[2026-09-28T16:51:57.303Z INFO  blacksilk_node] block 87f749148ba0fafd at height 275 accepted (tip 275)
[2026-09-28T16:51:59.500Z INFO  blacksilk_node] block 835958fa5ff82dae at height 276 accepted (tip 276)
[2026-09-28T16:52:22.429Z INFO  blacksilk_node] block cb6751f1947c7076 at height 277 accepted (tip 277)
[2026-09-28T16:52:36.265Z INFO  blacksilk_node] block 43ca3f600f1451e0 at height 278 accepted (tip 278)
[2026-09-28T16:52:44.777Z INFO  blacksilk_node] block fa4f032f30a038d3 at height 279 accepted (tip 279)
[2026-09-28T16:52:53.485Z INFO  blacksilk_node] block 09dd806e56d7f4eb at height 280 accepted (tip 280)
[2026-09-28T16:52:57.566Z INFO  blacksilk_node] block 5a8571fa3ffa5a93 at height 281 accepted (tip 281)
[2026-09-28T16:53:45.339Z INFO  blacksilk_node] block 9c04112f997dd5c4 at height 287 accepted (tip 287)
[2026-09-28T16:54:15.763Z INFO  blacksilk_node] block 685fd0f7f8eee8c1 at height 291 accepted (tip 291)
[2026-09-28T16:54:22.426Z INFO  blacksilk_node] block 1d062216ab383e61 at height 292 accepted (tip 292)
[2026-09-28T16:54:33.426Z INFO  blacksilk_node] block 20e93d8ef04a292c at height 293 accepted (tip 293)
[2026-09-28T16:54:39.000Z INFO  blacksilk_node] block abb250c3baa9d622 at height 294 accepted (tip 294)
[2026-09-28T16:54:51.997Z INFO  blacksilk_node] block f22068fc03d15ac5 at height 296 accepted (tip 296)
[2026-09-28T16:55:01.255Z INFO  blacksilk_node] block b07179f715c7a845 at height 297 accepted (tip 297)
[2026-09-28T16:55:13.224Z INFO  blacksilk_node] block f3900050eb82fc11 at height 298 accepted (tip 298)
[2026-09-28T16:55:30.164Z INFO  blacksilk_node] block c63e485f1f6f4a1b at height 299 accepted (tip 299)
[2026-09-28T16:55:47.228Z INFO  blacksilk_node] block 7b22932d01eb3913 at height 300 accepted (tip 300)
[2026-09-28T16:55:49.435Z INFO  blacksilk_node] block ddc3721ae67eaacf at height 301 accepted (tip 301)
[2026-09-28T16:56:06.174Z INFO  blacksilk_node] block 1f39b72576082822 at height 303 accepted (tip 303)
[2026-09-28T16:56:38.797Z INFO  blacksilk_node] block c65f6f1e66485a12 at height 305 accepted (tip 305)
[2026-09-28T16:56:47.424Z INFO  blacksilk_node] block 1a8e152aaab085fd at height 307 accepted (tip 307)
[2026-09-28T16:56:51.171Z INFO  blacksilk_node] block 1dfe4c6a8c521135 at height 308 accepted (tip 308)
[2026-09-28T16:57:12.944Z INFO  blacksilk_node] block dbadaf16b56bc753 at height 311 accepted (tip 311)
[2026-09-28T16:57:29.776Z INFO  blacksilk_node] block 64d82f5983d99d6f at height 312 accepted (tip 312)
[2026-09-28T16:58:02.499Z INFO  blacksilk_p2p::net::conn] connected inbound peer 127.0.0.1:60924 (height 0)
