[2026-09-29T23:22:48.615Z INFO  blacksilk_miner] mining on regtest at height 0 with 1 threads (light mode; prebuild On: on, 1 build threads)
[2026-09-29T23:22:49.768Z INFO  blacksilk_miner] RandomX key 087d6fd4efbc45eb: light context ready in 1.1s
[2026-09-29T23:22:51.041Z INFO  blacksilk_miner] found block 1 (reward 20.02716064 BLK, 0 txs)
[2026-09-29T23:22:52.709Z INFO  blacksilk_miner] found block 2 (reward 20.02714154 BLK, 0 txs)
[2026-09-29T23:22:54.113Z INFO  blacksilk_miner] found block 3 (reward 20.02712244 BLK, 0 txs)
[2026-09-29T23:22:55.508Z INFO  blacksilk_miner] found block 4 (reward 20.02710334 BLK, 0 txs)
[2026-09-29T23:22:56.899Z INFO  blacksilk_miner] found block 5 (reward 20.02708424 BLK, 0 txs)
[2026-09-29T23:22:58.375Z INFO  blacksilk_miner] found block 6 (reward 20.02706514 BLK, 0 txs)
[2026-09-29T23:22:59.739Z INFO  blacksilk_miner] found block 7 (reward 20.02704604 BLK, 0 txs)
[2026-09-29T23:23:01.288Z INFO  blacksilk_miner] found block 8 (reward 20.02702694 BLK, 0 txs)
[2026-09-29T23:23:02.832Z INFO  blacksilk_miner] found block 9 (reward 20.02700784 BLK, 0 txs)
[2026-09-29T23:23:04.274Z INFO  blacksilk_miner] found block 10 (reward 20.02698875 BLK, 0 txs)
[2026-09-29T23:23:05.779Z INFO  blacksilk_miner] found block 11 (reward 20.02696965 BLK, 0 txs)
[2026-09-29T23:23:07.684Z INFO  blacksilk_miner] found block 12 (reward 20.02695055 BLK, 0 txs)
[2026-09-29T23:23:09.591Z INFO  blacksilk_miner] found block 13 (reward 20.02693145 BLK, 0 txs)
[2026-09-29T23:23:11.105Z INFO  blacksilk_miner] found block 14 (reward 20.02691235 BLK, 0 txs)
[2026-09-29T23:23:12.673Z INFO  blacksilk_miner] found block 15 (reward 20.02689325 BLK, 0 txs)
[2026-09-29T23:23:14.261Z INFO  blacksilk_miner] found block 16 (reward 20.02687415 BLK, 0 txs)
[2026-09-29T23:23:15.727Z INFO  blacksilk_miner] found block 17 (reward 20.02685505 BLK, 0 txs)
[2026-09-29T23:23:17.168Z INFO  blacksilk_miner] found block 18 (reward 20.02683595 BLK, 0 txs)
[2026-09-29T23:23:18.674Z INFO  blacksilk_miner] found block 19 (reward 20.02681685 BLK, 0 txs)
[2026-09-29T23:23:20.207Z INFO  blacksilk_miner] found block 20 (reward 20.02679775 BLK, 0 txs)
[2026-09-29T23:23:21.657Z INFO  blacksilk_miner] found block 21 (reward 20.02677866 BLK, 0 txs)
[2026-09-29T23:23:23.211Z INFO  blacksilk_miner] found block 22 (reward 20.02675956 BLK, 0 txs)
[2026-09-29T23:23:24.971Z INFO  blacksilk_miner] found block 23 (reward 20.02674046 BLK, 0 txs)
[2026-09-29T23:23:26.631Z INFO  blacksilk_miner] found block 24 (reward 20.02672136 BLK, 0 txs)
[2026-09-29T23:23:28.106Z INFO  blacksilk_miner] found block 25 (reward 20.02670226 BLK, 0 txs)
[2026-09-29T23:23:29.646Z INFO  blacksilk_miner] found block 26 (reward 20.02668316 BLK, 0 txs)
[2026-09-29T23:23:30.914Z INFO  blacksilk_miner] found block 27 (reward 20.02666406 BLK, 0 txs)
[2026-09-29T23:23:32.198Z INFO  blacksilk_miner] found block 28 (reward 20.02664496 BLK, 0 txs)
[2026-09-29T23:23:33.647Z INFO  blacksilk_miner] found block 29 (reward 20.02662586 BLK, 0 txs)
[2026-09-29T23:23:35.046Z INFO  blacksilk_miner] found block 30 (reward 20.02660676 BLK, 0 txs)
[2026-09-29T23:23:36.738Z INFO  blacksilk_miner] found block 31 (reward 20.02658767 BLK, 0 txs)
[2026-09-29T23:23:38.087Z INFO  blacksilk_miner] found block 32 (reward 20.02656857 BLK, 0 txs)
[2026-09-29T23:23:39.581Z INFO  blacksilk_miner] found block 33 (reward 20.02654947 BLK, 0 txs)
[2026-09-29T23:23:41.230Z INFO  blacksilk_miner] found block 34 (reward 20.02653037 BLK, 0 txs)
[2026-09-29T23:23:43.336Z INFO  blacksilk_miner] found block 35 (reward 20.02651127 BLK, 0 txs)
[2026-09-29T23:23:45.407Z INFO  blacksilk_miner] found block 36 (reward 20.02649217 BLK, 0 txs)
[2026-09-29T23:23:47.125Z INFO  blacksilk_miner] found block 37 (reward 20.02647307 BLK, 0 txs)
[2026-09-29T23:23:48.883Z INFO  blacksilk_miner] found block 38 (reward 20.02645397 BLK, 0 txs)
[2026-09-29T23:23:49.647Z INFO  blacksilk_miner] hash rate 0.6 H/s (light mode)
[2026-09-29T23:23:50.375Z INFO  blacksilk_miner] found block 39 (reward 20.02643488 BLK, 0 txs)
[2026-09-29T23:23:51.802Z INFO  blacksilk_miner] found block 40 (reward 20.02641578 BLK, 0 txs)
[2026-09-29T23:23:53.233Z INFO  blacksilk_miner] found block 41 (reward 20.02639668 BLK, 0 txs)
[2026-09-29T23:23:54.521Z INFO  blacksilk_miner] found block 42 (reward 20.02637758 BLK, 0 txs)
[2026-09-29T23:23:55.911Z INFO  blacksilk_miner] found block 43 (reward 20.02635848 BLK, 0 txs)
[2026-09-29T23:23:57.316Z INFO  blacksilk_miner] found block 44 (reward 20.02633938 BLK, 0 txs)
[2026-09-29T23:23:58.746Z INFO  blacksilk_miner] found block 45 (reward 20.02632028 BLK, 0 txs)
[2026-09-29T23:24:00.170Z INFO  blacksilk_miner] found block 46 (reward 20.02630119 BLK, 0 txs)
[2026-09-29T23:24:01.622Z INFO  blacksilk_miner] found block 47 (reward 20.02628209 BLK, 0 txs)
[2026-09-29T23:24:03.163Z INFO  blacksilk_miner] found block 48 (reward 20.02626299 BLK, 0 txs)
[2026-09-29T23:24:04.563Z INFO  blacksilk_miner] found block 49 (reward 20.02624389 BLK, 0 txs)
[2026-09-29T23:24:05.904Z INFO  blacksilk_miner] found block 50 (reward 20.02622479 BLK, 0 txs)
[2026-09-29T23:24:07.335Z INFO  blacksilk_miner] found block 51 (reward 20.02620569 BLK, 0 txs)
[2026-09-29T23:24:08.679Z INFO  blacksilk_miner] found block 52 (reward 20.02618659 BLK, 0 txs)
[2026-09-29T23:24:10.042Z INFO  blacksilk_miner] found block 53 (reward 20.02616750 BLK, 0 txs)
[2026-09-29T23:24:11.349Z INFO  blacksilk_miner] found block 54 (reward 20.02614840 BLK, 0 txs)
[2026-09-29T23:24:12.925Z INFO  blacksilk_miner] found block 55 (reward 20.02612930 BLK, 0 txs)
[2026-09-29T23:24:14.395Z INFO  blacksilk_miner] found block 56 (reward 20.02611020 BLK, 0 txs)
[2026-09-29T23:24:15.980Z INFO  blacksilk_miner] found block 57 (reward 20.02609110 BLK, 0 txs)
[2026-09-29T23:24:17.385Z INFO  blacksilk_miner] found block 58 (reward 20.02607200 BLK, 0 txs)
[2026-09-29T23:24:18.737Z INFO  blacksilk_miner] found block 59 (reward 20.02605291 BLK, 0 txs)
[2026-09-29T23:24:19.956Z INFO  blacksilk_miner] found block 60 (reward 20.02603381 BLK, 0 txs)
[2026-09-29T23:24:21.642Z INFO  blacksilk_miner] found block 61 (reward 20.02601471 BLK, 0 txs)
[2026-09-29T23:24:23.058Z INFO  blacksilk_miner] found block 62 (reward 20.02599561 BLK, 0 txs)
[2026-09-29T23:24:24.488Z INFO  blacksilk_miner] found block 63 (reward 20.02597651 BLK, 0 txs)
[2026-09-29T23:24:25.790Z INFO  blacksilk_miner] found block 64 (reward 20.02595741 BLK, 0 txs)
[2026-09-29T23:24:27.026Z INFO  blacksilk_miner] found block 65 (reward 20.02593832 BLK, 0 txs)
[2026-09-29T23:24:29.208Z INFO  blacksilk_miner] found block 66 (reward 20.02591922 BLK, 0 txs)
[2026-09-29T23:24:30.468Z INFO  blacksilk_miner] found block 67 (reward 20.02590012 BLK, 0 txs)
[2026-09-29T23:24:31.735Z INFO  blacksilk_miner] found block 68 (reward 20.02588102 BLK, 0 txs)
[2026-09-29T23:24:32.997Z INFO  blacksilk_miner] found block 69 (reward 20.02586192 BLK, 0 txs)
[2026-09-29T23:24:34.454Z INFO  blacksilk_miner] found block 70 (reward 20.02584282 BLK, 0 txs)
[2026-09-29T23:24:35.954Z INFO  blacksilk_miner] found block 71 (reward 20.02582373 BLK, 0 txs)
[2026-09-29T23:24:37.512Z INFO  blacksilk_miner] found block 72 (reward 20.02580463 BLK, 0 txs)
[2026-09-29T23:24:38.944Z INFO  blacksilk_miner] found block 73 (reward 20.02578553 BLK, 0 txs)
[2026-09-29T23:24:40.294Z INFO  blacksilk_miner] found block 74 (reward 20.02576643 BLK, 0 txs)
[2026-09-29T23:24:41.897Z INFO  blacksilk_miner] found block 75 (reward 20.02574733 BLK, 0 txs)
[2026-09-29T23:24:43.184Z INFO  blacksilk_miner] found block 76 (reward 20.02572824 BLK, 0 txs)
[2026-09-29T23:24:48.461Z INFO  blacksilk_miner] found block 77 (reward 20.02570914 BLK, 0 txs)
[2026-09-29T23:24:50.214Z INFO  blacksilk_miner] hash rate 0.7 H/s (light mode)
[2026-09-29T23:24:51.058Z INFO  blacksilk_miner] found block 78 (reward 20.02569004 BLK, 0 txs)
[2026-09-29T23:24:53.070Z INFO  blacksilk_miner] found block 79 (reward 20.02567094 BLK, 0 txs)
[2026-09-29T23:24:55.538Z INFO  blacksilk_miner] found block 80 (reward 20.02565184 BLK, 0 txs)
[2026-09-29T23:24:57.023Z INFO  blacksilk_miner] found block 81 (reward 20.02563275 BLK, 0 txs)
[2026-09-29T23:24:58.785Z INFO  blacksilk_miner] found block 82 (reward 20.02561365 BLK, 0 txs)
[2026-09-29T23:25:04.349Z INFO  blacksilk_miner] found block 83 (reward 20.02559455 BLK, 0 txs)
[2026-09-29T23:25:06.108Z INFO  blacksilk_miner] found block 84 (reward 20.02557545 BLK, 0 txs)
[2026-09-29T23:25:08.724Z INFO  blacksilk_miner] found block 85 (reward 20.02555635 BLK, 0 txs)
[2026-09-29T23:25:10.444Z INFO  blacksilk_miner] found block 86 (reward 20.02553726 BLK, 0 txs)
[2026-09-29T23:25:12.429Z INFO  blacksilk_miner] found block 87 (reward 20.02551816 BLK, 0 txs)
[2026-09-29T23:25:13.986Z INFO  blacksilk_miner] found block 88 (reward 20.02549906 BLK, 0 txs)
[2026-09-29T23:25:16.692Z INFO  blacksilk_miner] found block 89 (reward 20.02547996 BLK, 0 txs)
[2026-09-29T23:25:18.717Z INFO  blacksilk_miner] found block 90 (reward 20.02546087 BLK, 0 txs)
[2026-09-29T23:25:21.681Z INFO  blacksilk_miner] found block 91 (reward 20.02544177 BLK, 0 txs)
[2026-09-29T23:25:24.111Z INFO  blacksilk_miner] found block 92 (reward 20.02542267 BLK, 0 txs)
[2026-09-29T23:25:25.365Z INFO  blacksilk_miner] found block 93 (reward 20.02540357 BLK, 0 txs)
[2026-09-29T23:25:28.042Z INFO  blacksilk_miner] found block 94 (reward 20.02538447 BLK, 0 txs)
[2026-09-29T23:25:30.584Z INFO  blacksilk_miner] found block 95 (reward 20.02536538 BLK, 0 txs)
[2026-09-29T23:25:34.385Z INFO  blacksilk_miner] found block 96 (reward 20.02534628 BLK, 0 txs)
[2026-09-29T23:25:36.668Z INFO  blacksilk_miner] found block 97 (reward 20.02532718 BLK, 0 txs)
[2026-09-29T23:25:38.461Z INFO  blacksilk_miner] found block 98 (reward 20.02530808 BLK, 0 txs)
[2026-09-29T23:25:40.650Z INFO  blacksilk_miner] found block 99 (reward 20.02528899 BLK, 0 txs)
[2026-09-29T23:25:43.885Z INFO  blacksilk_miner] found block 100 (reward 20.02526989 BLK, 0 txs)
[2026-09-29T23:25:46.011Z INFO  blacksilk_miner] found block 101 (reward 20.02525079 BLK, 0 txs)
[2026-09-29T23:25:48.987Z INFO  blacksilk_miner] found block 102 (reward 20.02523169 BLK, 0 txs)
[2026-09-29T23:25:50.736Z INFO  blacksilk_miner] found block 103 (reward 20.02521260 BLK, 0 txs)
[2026-09-29T23:25:51.440Z INFO  blacksilk_miner] hash rate 0.8 H/s (light mode)
[2026-09-29T23:25:52.298Z INFO  blacksilk_miner] found block 104 (reward 20.02519350 BLK, 0 txs)
[2026-09-29T23:25:54.521Z INFO  blacksilk_miner] found block 105 (reward 20.02517440 BLK, 0 txs)
[2026-09-29T23:25:57.305Z INFO  blacksilk_miner] found block 106 (reward 20.02515530 BLK, 0 txs)
[2026-09-29T23:26:00.167Z INFO  blacksilk_miner] found block 107 (reward 20.02513621 BLK, 0 txs)
[2026-09-29T23:26:09.135Z INFO  blacksilk_miner] found block 108 (reward 20.02511711 BLK, 0 txs)
[2026-09-29T23:26:12.377Z INFO  blacksilk_miner] found block 109 (reward 20.02509801 BLK, 0 txs)
[2026-09-29T23:26:14.846Z INFO  blacksilk_miner] found block 110 (reward 20.02507891 BLK, 0 txs)
[2026-09-29T23:26:16.940Z INFO  blacksilk_miner] found block 111 (reward 20.02505982 BLK, 0 txs)
[2026-09-29T23:26:18.776Z INFO  blacksilk_miner] found block 112 (reward 20.02504072 BLK, 0 txs)
[2026-09-29T23:26:22.251Z INFO  blacksilk_miner] found block 113 (reward 20.02502162 BLK, 0 txs)
[2026-09-29T23:26:24.422Z INFO  blacksilk_miner] found block 114 (reward 20.02500252 BLK, 0 txs)
[2026-09-29T23:26:28.783Z INFO  blacksilk_miner] found block 115 (reward 20.02498343 BLK, 0 txs)
[2026-09-29T23:26:31.484Z INFO  blacksilk_miner] found block 116 (reward 20.02496433 BLK, 0 txs)
[2026-09-29T23:26:35.031Z INFO  blacksilk_miner] found block 117 (reward 20.02494523 BLK, 0 txs)
[2026-09-29T23:26:38.074Z INFO  blacksilk_miner] found block 118 (reward 20.02492613 BLK, 0 txs)
[2026-09-29T23:26:39.765Z INFO  blacksilk_miner] found block 119 (reward 20.02490704 BLK, 0 txs)
[2026-09-29T23:26:41.988Z INFO  blacksilk_miner] found block 120 (reward 20.02488794 BLK, 0 txs)
[2026-09-29T23:26:49.423Z INFO  blacksilk_miner] found block 121 (reward 20.02486884 BLK, 0 txs)
[2026-09-29T23:26:51.873Z INFO  blacksilk_miner] hash rate 0.7 H/s (light mode)
[2026-09-29T23:26:52.559Z INFO  blacksilk_miner] found block 122 (reward 20.02484975 BLK, 0 txs)
[2026-09-29T23:27:00.611Z INFO  blacksilk_miner] found block 123 (reward 20.02483065 BLK, 0 txs)
[2026-09-29T23:27:02.598Z INFO  blacksilk_miner] found block 124 (reward 20.02481155 BLK, 0 txs)
[2026-09-29T23:27:05.103Z INFO  blacksilk_miner] found block 125 (reward 20.02479245 BLK, 0 txs)
[2026-09-29T23:27:07.485Z INFO  blacksilk_miner] found block 126 (reward 20.02477336 BLK, 0 txs)
[2026-09-29T23:27:12.198Z INFO  blacksilk_miner] found block 127 (reward 20.02475426 BLK, 0 txs)
[2026-09-29T23:27:14.704Z INFO  blacksilk_miner] found block 128 (reward 20.02473516 BLK, 0 txs)
[2026-09-29T23:27:16.526Z INFO  blacksilk_miner] found block 129 (reward 20.02471607 BLK, 0 txs)
[2026-09-29T23:27:17.850Z INFO  blacksilk_miner] found block 130 (reward 20.02469697 BLK, 0 txs)
[2026-09-29T23:27:19.234Z INFO  blacksilk_miner] found block 131 (reward 20.02467787 BLK, 0 txs)
[2026-09-29T23:27:20.514Z INFO  blacksilk_miner] found block 132 (reward 20.02465877 BLK, 0 txs)
[2026-09-29T23:27:24.041Z INFO  blacksilk_miner] found block 133 (reward 20.02463968 BLK, 0 txs)
[2026-09-29T23:27:25.875Z INFO  blacksilk_miner] found block 134 (reward 20.02462058 BLK, 0 txs)
[2026-09-29T23:27:32.835Z INFO  blacksilk_miner] found block 135 (reward 20.02460148 BLK, 0 txs)
[2026-09-29T23:27:34.540Z INFO  blacksilk_miner] found block 136 (reward 20.02458239 BLK, 0 txs)
[2026-09-29T23:27:51.458Z INFO  blacksilk_miner] found block 137 (reward 20.02456329 BLK, 0 txs)
[2026-09-29T23:27:57.345Z INFO  blacksilk_miner] hash rate 1.2 H/s (light mode)
[2026-09-29T23:28:18.843Z INFO  blacksilk_miner] found block 138 (reward 20.02454419 BLK, 0 txs)
[2026-09-29T23:28:23.702Z INFO  blacksilk_miner] found block 139 (reward 20.02452510 BLK, 0 txs)
[2026-09-29T23:28:27.900Z INFO  blacksilk_miner] found block 140 (reward 20.02450600 BLK, 0 txs)
[2026-09-29T23:28:30.186Z INFO  blacksilk_miner] found block 141 (reward 20.02448690 BLK, 0 txs)
[2026-09-29T23:28:31.720Z INFO  blacksilk_miner] found block 142 (reward 20.02446781 BLK, 0 txs)
[2026-09-29T23:28:34.357Z INFO  blacksilk_miner] found block 143 (reward 20.02444871 BLK, 0 txs)
[2026-09-29T23:28:35.857Z INFO  blacksilk_miner] found block 144 (reward 20.02442961 BLK, 0 txs)
[2026-09-29T23:28:43.534Z INFO  blacksilk_miner] found block 145 (reward 20.02441052 BLK, 0 txs)
[2026-09-29T23:28:44.671Z INFO  blacksilk_miner] found block 146 (reward 20.02439142 BLK, 0 txs)
[2026-09-29T23:28:46.485Z INFO  blacksilk_miner] found block 147 (reward 20.02437232 BLK, 0 txs)
[2026-09-29T23:28:51.503Z INFO  blacksilk_miner] found block 148 (reward 20.02435322 BLK, 0 txs)
[2026-09-29T23:28:56.364Z INFO  blacksilk_miner] found block 149 (reward 20.02433413 BLK, 0 txs)
[2026-09-29T23:29:00.512Z INFO  blacksilk_miner] hash rate 1.1 H/s (light mode)
[2026-09-29T23:29:01.141Z INFO  blacksilk_miner] found block 150 (reward 20.02431503 BLK, 0 txs)
[2026-09-29T23:29:03.752Z INFO  blacksilk_miner] found block 151 (reward 20.02429593 BLK, 0 txs)
[2026-09-29T23:29:09.281Z INFO  blacksilk_miner] found block 152 (reward 20.02427684 BLK, 0 txs)
[2026-09-29T23:29:13.005Z INFO  blacksilk_miner] found block 153 (reward 20.02425774 BLK, 0 txs)
[2026-09-29T23:29:19.204Z INFO  blacksilk_miner] found block 154 (reward 20.02423864 BLK, 0 txs)
[2026-09-29T23:29:26.427Z INFO  blacksilk_miner] found block 155 (reward 20.02421955 BLK, 0 txs)
[2026-09-29T23:29:27.763Z INFO  blacksilk_miner] found block 156 (reward 20.02420045 BLK, 0 txs)
[2026-09-29T23:29:29.092Z INFO  blacksilk_miner] found block 157 (reward 20.02418136 BLK, 0 txs)
[2026-09-29T23:29:30.862Z INFO  blacksilk_miner] found block 158 (reward 20.02416226 BLK, 0 txs)
[2026-09-29T23:29:36.302Z INFO  blacksilk_miner] found block 159 (reward 20.02414316 BLK, 0 txs)
[2026-09-29T23:29:38.191Z INFO  blacksilk_miner] found block 160 (reward 20.02412407 BLK, 0 txs)
[2026-09-29T23:29:41.851Z INFO  blacksilk_miner] found block 161 (reward 20.02410497 BLK, 0 txs)
[2026-09-29T23:29:43.131Z INFO  blacksilk_miner] found block 162 (reward 20.02408587 BLK, 0 txs)
[2026-09-29T23:29:52.549Z INFO  blacksilk_miner] found block 163 (reward 20.02406678 BLK, 0 txs)
[2026-09-29T23:29:56.370Z INFO  blacksilk_miner] found block 164 (reward 20.02404768 BLK, 0 txs)
[2026-09-29T23:29:58.407Z INFO  blacksilk_miner] found block 165 (reward 20.02402858 BLK, 0 txs)
[2026-09-29T23:30:00.145Z INFO  blacksilk_miner] found block 166 (reward 20.02400949 BLK, 0 txs)
[2026-09-29T23:30:00.780Z INFO  blacksilk_miner] hash rate 1.4 H/s (light mode)
[2026-09-29T23:30:01.325Z INFO  blacksilk_miner] found block 167 (reward 20.02399039 BLK, 0 txs)
[2026-09-29T23:30:05.724Z INFO  blacksilk_miner] found block 168 (reward 20.02397129 BLK, 0 txs)
[2026-09-29T23:30:08.267Z INFO  blacksilk_miner] found block 169 (reward 20.02395220 BLK, 0 txs)
[2026-09-29T23:30:11.754Z INFO  blacksilk_miner] found block 170 (reward 20.02393310 BLK, 0 txs)
[2026-09-29T23:30:14.759Z INFO  blacksilk_miner] found block 171 (reward 20.02391401 BLK, 0 txs)
[2026-09-29T23:30:17.815Z INFO  blacksilk_miner] found block 172 (reward 20.02389491 BLK, 0 txs)
[2026-09-29T23:30:21.397Z INFO  blacksilk_miner] found block 173 (reward 20.02387581 BLK, 0 txs)
[2026-09-29T23:30:29.207Z INFO  blacksilk_miner] found block 174 (reward 20.02385672 BLK, 0 txs)
[2026-09-29T23:30:30.532Z INFO  blacksilk_miner] found block 175 (reward 20.02383762 BLK, 0 txs)
[2026-09-29T23:30:37.895Z INFO  blacksilk_miner] found block 176 (reward 20.02381852 BLK, 0 txs)
[2026-09-29T23:30:39.639Z INFO  blacksilk_miner] found block 177 (reward 20.02379943 BLK, 0 txs)
[2026-09-29T23:30:43.049Z INFO  blacksilk_miner] found block 178 (reward 20.02378033 BLK, 0 txs)
[2026-09-29T23:30:50.020Z INFO  blacksilk_miner] found block 179 (reward 20.02376124 BLK, 0 txs)
[2026-09-29T23:30:54.867Z INFO  blacksilk_miner] found block 180 (reward 20.02374214 BLK, 0 txs)
[2026-09-29T23:30:58.769Z INFO  blacksilk_miner] found block 181 (reward 20.02372304 BLK, 0 txs)
[2026-09-29T23:31:04.650Z INFO  blacksilk_miner] hash rate 1.5 H/s (light mode)
[2026-09-29T23:31:09.677Z INFO  blacksilk_miner] found block 182 (reward 20.02370395 BLK, 0 txs)
[2026-09-29T23:31:13.197Z INFO  blacksilk_miner] found block 183 (reward 20.02368485 BLK, 0 txs)
[2026-09-29T23:31:29.955Z INFO  blacksilk_miner] found block 184 (reward 20.02366575 BLK, 0 txs)
[2026-09-29T23:31:31.267Z INFO  blacksilk_miner] found block 185 (reward 20.02364666 BLK, 0 txs)
[2026-09-29T23:31:34.395Z INFO  blacksilk_miner] found block 186 (reward 20.02362756 BLK, 0 txs)
[2026-09-29T23:31:36.898Z INFO  blacksilk_miner] found block 187 (reward 20.02360847 BLK, 0 txs)
[2026-09-29T23:31:38.811Z INFO  blacksilk_miner] found block 188 (reward 20.02358937 BLK, 0 txs)
[2026-09-29T23:31:40.171Z INFO  blacksilk_miner] found block 189 (reward 20.02357027 BLK, 0 txs)
[2026-09-29T23:31:50.402Z INFO  blacksilk_miner] found block 190 (reward 20.02355118 BLK, 0 txs)
[2026-09-29T23:31:52.239Z INFO  blacksilk_miner] found block 191 (reward 20.02353208 BLK, 0 txs)
[2026-09-29T23:31:55.205Z INFO  blacksilk_miner] found block 192 (reward 20.02351299 BLK, 0 txs)
[2026-09-29T23:31:57.046Z INFO  blacksilk_miner] found block 193 (reward 20.02349389 BLK, 0 txs)
[2026-09-29T23:31:58.960Z INFO  blacksilk_miner] found block 194 (reward 20.02347479 BLK, 0 txs)
[2026-09-29T23:32:04.440Z INFO  blacksilk_miner] found block 195 (reward 20.02345570 BLK, 0 txs)
[2026-09-29T23:32:07.121Z INFO  blacksilk_miner] hash rate 1.4 H/s (light mode)
[2026-09-29T23:32:07.762Z INFO  blacksilk_miner] found block 196 (reward 20.02343660 BLK, 0 txs)
[2026-09-29T23:32:13.560Z INFO  blacksilk_miner] found block 197 (reward 20.02341751 BLK, 0 txs)
[2026-09-29T23:32:22.633Z INFO  blacksilk_miner] found block 198 (reward 20.02339841 BLK, 0 txs)
[2026-09-29T23:32:23.995Z INFO  blacksilk_miner] found block 199 (reward 20.02337932 BLK, 0 txs)
[2026-09-29T23:32:29.727Z INFO  blacksilk_miner] found block 200 (reward 20.02336022 BLK, 0 txs)
[2026-09-29T23:32:36.222Z INFO  blacksilk_miner] found block 201 (reward 20.02334112 BLK, 0 txs)
[2026-09-29T23:32:38.619Z INFO  blacksilk_miner] found block 202 (reward 20.02332203 BLK, 0 txs)
[2026-09-29T23:32:39.896Z INFO  blacksilk_miner] found block 203 (reward 20.02330293 BLK, 0 txs)
[2026-09-29T23:32:45.959Z INFO  blacksilk_miner] found block 204 (reward 20.02328384 BLK, 0 txs)
[2026-09-29T23:33:04.828Z INFO  blacksilk_miner] found block 205 (reward 20.02326474 BLK, 0 txs)
[2026-09-29T23:33:10.554Z INFO  blacksilk_miner] hash rate 1.4 H/s (light mode)
[2026-09-29T23:33:26.940Z INFO  blacksilk_miner] found block 206 (reward 20.02324565 BLK, 0 txs)
[2026-09-29T23:33:42.421Z INFO  blacksilk_miner] found block 207 (reward 20.02322655 BLK, 0 txs)
[2026-09-29T23:33:51.732Z INFO  blacksilk_miner] found block 208 (reward 20.02320745 BLK, 0 txs)
[2026-09-29T23:34:07.644Z INFO  blacksilk_miner] found block 209 (reward 20.02318836 BLK, 0 txs)
[2026-09-29T23:34:13.178Z INFO  blacksilk_miner] hash rate 1.0 H/s (light mode)
[2026-09-29T23:34:14.735Z INFO  blacksilk_miner] found block 210 (reward 20.02316926 BLK, 0 txs)
[2026-09-29T23:34:28.532Z INFO  blacksilk_miner] found block 211 (reward 20.02315017 BLK, 0 txs)
[2026-09-29T23:34:30.712Z INFO  blacksilk_miner] found block 212 (reward 20.02313107 BLK, 0 txs)
[2026-09-29T23:35:02.146Z INFO  blacksilk_miner] found block 213 (reward 20.02311198 BLK, 0 txs)
[2026-09-29T23:35:10.245Z INFO  blacksilk_miner] new tip at height 214: work on template 214 abandoned after 2.8s
[2026-09-29T23:35:13.324Z INFO  blacksilk_miner] found block 215 (reward 20.02307379 BLK, 0 txs)
[2026-09-29T23:35:18.499Z INFO  blacksilk_miner] hash rate 0.9 H/s (light mode)
[2026-09-29T23:35:20.923Z INFO  blacksilk_miner] found block 216 (reward 20.02305469 BLK, 0 txs)
[2026-09-29T23:35:38.843Z INFO  blacksilk_miner] found block 217 (reward 20.02303559 BLK, 0 txs)
[2026-09-29T23:35:49.187Z INFO  blacksilk_miner] new tip at height 218: work on template 218 abandoned after 4.9s
[2026-09-29T23:35:53.714Z INFO  blacksilk_miner] found block 219 (reward 20.02299740 BLK, 0 txs)
[2026-09-29T23:35:59.549Z INFO  blacksilk_miner] found block 220 (reward 20.02297831 BLK, 0 txs)
[2026-09-29T23:36:13.532Z INFO  blacksilk_miner] new tip at height 221: work on template 221 abandoned after 2.7s
[2026-09-29T23:36:19.883Z INFO  blacksilk_miner] hash rate 0.9 H/s (light mode)
[2026-09-29T23:36:28.774Z INFO  blacksilk_miner] found block 222 (reward 20.02294012 BLK, 0 txs)
[2026-09-29T23:36:37.101Z INFO  blacksilk_miner] new tip at height 223: work on template 223 abandoned after 2.7s
[2026-09-29T23:36:43.029Z INFO  blacksilk_miner] found block 224 (reward 20.02290193 BLK, 0 txs)
[2026-09-29T23:36:48.924Z INFO  blacksilk_miner] found block 225 (reward 20.02288283 BLK, 0 txs)
[2026-09-29T23:36:57.760Z INFO  blacksilk_miner] found block 226 (reward 20.02320834 BLK, 1 txs)
[2026-09-29T23:37:14.207Z INFO  blacksilk_miner] found block 227 (reward 20.02284464 BLK, 0 txs)
[2026-09-29T23:37:20.687Z INFO  blacksilk_miner] hash rate 0.9 H/s (light mode)
[2026-09-29T23:37:22.986Z INFO  blacksilk_miner] found block 228 (reward 20.02282555 BLK, 0 txs); not on the node's best chain
[2026-09-29T23:37:24.891Z INFO  blacksilk_miner] found block 229 (reward 20.02280645 BLK, 0 txs)
[2026-09-29T23:37:31.863Z INFO  blacksilk_miner] new tip at height 230: work on template 230 abandoned after 1.8s
[2026-09-29T23:37:34.048Z INFO  blacksilk_miner] found block 231 (reward 20.02276826 BLK, 0 txs)
[2026-09-29T23:37:37.803Z INFO  blacksilk_miner] found block 232 (reward 20.02274916 BLK, 0 txs)
[2026-09-29T23:37:43.211Z INFO  blacksilk_miner] found block 233 (reward 20.02273007 BLK, 0 txs)
[2026-09-29T23:37:52.522Z INFO  blacksilk_miner] new tip at height 234: work on template 234 abandoned after 4.1s
[2026-09-29T23:37:55.425Z INFO  blacksilk_miner] new tip at height 235: work on template 235 abandoned after 2.9s
[2026-09-29T23:38:03.313Z INFO  blacksilk_miner] found block 236 (reward 20.02267278 BLK, 0 txs)
[2026-09-29T23:38:06.303Z INFO  blacksilk_miner] found block 237 (reward 20.02265369 BLK, 0 txs)
[2026-09-29T23:38:09.882Z INFO  blacksilk_miner] new tip at height 238: work on template 238 abandoned after 3.6s
[2026-09-29T23:38:20.415Z INFO  blacksilk_miner] found block 239 (reward 20.02261550 BLK, 0 txs)
[2026-09-29T23:38:25.067Z INFO  blacksilk_miner] hash rate 1.3 H/s (light mode)
[2026-09-29T23:38:25.067Z INFO  blacksilk_miner] new tip at height 240: work on template 240 abandoned after 4.7s
[2026-09-29T23:38:32.380Z INFO  blacksilk_miner] found block 241 (reward 20.02292191 BLK, 1 txs)
[2026-09-29T23:38:46.400Z INFO  blacksilk_miner] new tip at height 242: work on template 242 abandoned after 3.5s
[2026-09-29T23:38:48.185Z INFO  blacksilk_miner] new tip at height 243: work on template 243 abandoned after 1.8s
[2026-09-29T23:38:53.260Z INFO  blacksilk_miner] found block 244 (reward 20.02252002 BLK, 0 txs)
[2026-09-29T23:39:01.759Z INFO  blacksilk_miner] new tip at height 245: work on template 245 abandoned after 2.9s
[2026-09-29T23:39:19.743Z INFO  blacksilk_miner] found block 246 (reward 20.02248183 BLK, 0 txs)
[2026-09-29T23:39:25.124Z INFO  blacksilk_miner] hash rate 1.2 H/s (light mode)
[2026-09-29T23:39:26.631Z INFO  blacksilk_miner] found block 247 (reward 20.02246274 BLK, 0 txs)
[2026-09-29T23:39:34.505Z INFO  blacksilk_miner] found block 248 (reward 20.02244364 BLK, 0 txs)
[2026-09-29T23:39:44.012Z INFO  blacksilk_miner] found block 249 (reward 20.02242455 BLK, 0 txs)
[2026-09-29T23:39:52.217Z INFO  blacksilk_miner] found block 250 (reward 20.02240545 BLK, 0 txs)
[2026-09-29T23:39:58.017Z INFO  blacksilk_miner] found block 251 (reward 20.02238636 BLK, 0 txs)
[2026-09-29T23:40:01.103Z INFO  blacksilk_miner] found block 252 (reward 20.02236726 BLK, 0 txs)
[2026-09-29T23:40:05.676Z INFO  blacksilk_miner] found block 253 (reward 20.02234817 BLK, 0 txs)
[2026-09-29T23:40:07.430Z INFO  blacksilk_miner] found block 254 (reward 20.02232907 BLK, 0 txs)
[2026-09-29T23:40:17.003Z INFO  blacksilk_miner] found block 255 (reward 20.02230998 BLK, 0 txs)
[2026-09-29T23:40:27.582Z INFO  blacksilk_miner] hash rate 1.3 H/s (light mode)
[2026-09-29T23:40:30.644Z INFO  blacksilk_miner] found block 256 (reward 20.02229089 BLK, 0 txs)
[2026-09-29T23:40:49.156Z INFO  blacksilk_miner] found block 257 (reward 20.02227179 BLK, 0 txs)
[2026-09-29T23:40:56.009Z INFO  blacksilk_miner] found block 258 (reward 20.02225270 BLK, 0 txs)
[2026-09-29T23:41:29.090Z INFO  blacksilk_miner] hash rate 0.8 H/s (light mode)
[2026-09-29T23:41:56.792Z INFO  blacksilk_miner] found block 259 (reward 20.02223360 BLK, 0 txs)
[2026-09-29T23:42:03.775Z INFO  blacksilk_miner] found block 260 (reward 20.02221451 BLK, 0 txs)
[2026-09-29T23:42:06.398Z INFO  blacksilk_miner] found block 261 (reward 20.02219541 BLK, 0 txs)
[2026-09-29T23:42:19.070Z INFO  blacksilk_miner] found block 262 (reward 20.02217632 BLK, 0 txs); not on the node's best chain
[2026-09-29T23:42:31.028Z INFO  blacksilk_miner] hash rate 0.8 H/s (light mode)
[2026-09-29T23:42:32.786Z INFO  blacksilk_miner] new tip at height 263: work on template 263 abandoned after 1.8s
[2026-09-29T23:42:36.300Z INFO  blacksilk_miner] found block 264 (reward 20.02213813 BLK, 0 txs); not on the node's best chain
[2026-09-29T23:42:44.876Z INFO  blacksilk_miner] found block 265 (reward 20.02246363 BLK, 1 txs)
[2026-09-29T23:43:04.391Z INFO  blacksilk_miner] found block 267 (reward 20.02208084 BLK, 0 txs)
[2026-09-29T23:43:07.702Z INFO  blacksilk_miner] found block 268 (reward 20.02206175 BLK, 0 txs)
[2026-09-29T23:43:20.839Z INFO  blacksilk_miner] found block 269 (reward 20.02204265 BLK, 0 txs)
[2026-09-29T23:43:32.645Z INFO  blacksilk_miner] hash rate 0.9 H/s (light mode)
[2026-09-29T23:43:34.166Z INFO  blacksilk_miner] found block 270 (reward 20.02202356 BLK, 0 txs)
[2026-09-29T23:43:43.078Z INFO  blacksilk_miner] new tip at height 271: work on template 271 abandoned after 2.8s
[2026-09-29T23:44:01.144Z INFO  blacksilk_miner] new tip at height 272: work on template 272 abandoned after 1.2s
[2026-09-29T23:44:35.640Z INFO  blacksilk_miner] hash rate 1.0 H/s (light mode)
[2026-09-29T23:44:38.256Z INFO  blacksilk_miner] found block 274 (reward 20.02229178 BLK, 1 txs)
[2026-09-29T23:44:46.521Z INFO  blacksilk_miner] found block 275 (reward 20.02192809 BLK, 0 txs)
[2026-09-29T23:45:09.536Z INFO  blacksilk_miner] found block 276 (reward 20.02225359 BLK, 1 txs)
[2026-09-29T23:45:12.077Z INFO  blacksilk_miner] found block 277 (reward 20.02188990 BLK, 0 txs)
[2026-09-29T23:45:17.220Z INFO  blacksilk_miner] found block 278 (reward 20.02187081 BLK, 0 txs)
[2026-09-29T23:45:24.439Z INFO  blacksilk_miner] new tip at height 279: work on template 279 abandoned after 2.1s
[2026-09-29T23:45:32.998Z INFO  blacksilk_miner] found block 280 (reward 20.02217722 BLK, 1 txs)
[2026-09-29T23:45:38.819Z INFO  blacksilk_miner] hash rate 0.9 H/s (light mode)
[2026-09-29T23:45:48.841Z INFO  blacksilk_miner] found block 281 (reward 20.02181352 BLK, 0 txs); not on the node's best chain
[2026-09-29T23:46:04.034Z INFO  blacksilk_miner] found block 282 (reward 20.02179443 BLK, 0 txs); not on the node's best chain
[2026-09-29T23:46:18.112Z INFO  blacksilk_miner] found block 284 (reward 20.02175624 BLK, 0 txs)
[2026-09-29T23:46:22.946Z INFO  blacksilk_miner] found block 285 (reward 20.02173715 BLK, 0 txs)
[2026-09-29T23:46:25.203Z INFO  blacksilk_miner] found block 286 (reward 20.02171805 BLK, 0 txs)
[2026-09-29T23:46:41.136Z INFO  blacksilk_miner] hash rate 1.0 H/s (light mode)
[2026-09-29T23:46:57.948Z INFO  blacksilk_miner] found block 287 (reward 20.02169896 BLK, 0 txs)
[2026-09-29T23:47:05.136Z INFO  blacksilk_miner] found block 288 (reward 20.02167986 BLK, 0 txs)
[2026-09-29T23:47:26.147Z INFO  blacksilk_miner] found block 289 (reward 20.02166077 BLK, 0 txs)
[2026-09-29T23:47:30.143Z INFO  blacksilk_miner] found block 290 (reward 20.02164167 BLK, 0 txs)
[2026-09-29T23:47:31.928Z INFO  blacksilk_miner] found block 291 (reward 20.02162258 BLK, 0 txs)
[2026-09-29T23:47:39.616Z INFO  blacksilk_miner] found block 292 (reward 20.02160349 BLK, 0 txs)
[2026-09-29T23:47:42.201Z INFO  blacksilk_miner] hash rate 1.5 H/s (light mode)
[2026-09-29T23:47:42.854Z INFO  blacksilk_miner] found block 293 (reward 20.02158439 BLK, 0 txs)
[2026-09-29T23:47:45.616Z INFO  blacksilk_miner] found block 294 (reward 20.02156530 BLK, 0 txs)
[2026-09-29T23:47:48.494Z INFO  blacksilk_miner] found block 295 (reward 20.02154620 BLK, 0 txs)
[2026-09-29T23:47:55.750Z INFO  blacksilk_miner] found block 296 (reward 20.02152711 BLK, 0 txs)
[2026-09-29T23:47:58.371Z INFO  blacksilk_miner] found block 297 (reward 20.02150802 BLK, 0 txs)
[2026-09-29T23:47:59.730Z INFO  blacksilk_miner] found block 298 (reward 20.02148892 BLK, 0 txs)
[2026-09-29T23:48:01.714Z INFO  blacksilk_miner] found block 299 (reward 20.02146983 BLK, 0 txs)
[2026-09-29T23:48:03.872Z INFO  blacksilk_miner] found block 300 (reward 20.02145073 BLK, 0 txs)
[2026-09-29T23:48:18.123Z INFO  blacksilk_miner] found block 301 (reward 20.02143164 BLK, 0 txs)
[2026-09-29T23:48:21.808Z INFO  blacksilk_miner] found block 302 (reward 20.02141255 BLK, 0 txs)
[2026-09-29T23:48:43.389Z INFO  blacksilk_miner] hash rate 1.3 H/s (light mode)
[2026-09-29T23:48:59.212Z INFO  blacksilk_miner] found block 303 (reward 20.02173805 BLK, 1 txs)
[2026-09-29T23:49:05.922Z INFO  blacksilk_miner] found block 304 (reward 20.02137436 BLK, 0 txs)
[2026-09-29T23:49:09.411Z INFO  blacksilk_miner] found block 305 (reward 20.02135526 BLK, 0 txs)
[2026-09-29T23:49:22.383Z INFO  blacksilk_miner] found block 306 (reward 20.02168077 BLK, 1 txs); not on the node's best chain
[2026-09-29T23:49:24.978Z INFO  blacksilk_miner] found block 307 (reward 20.02131708 BLK, 0 txs)
[2026-09-29T23:49:37.596Z INFO  blacksilk_miner] new tip at height 308: work on template 308 abandoned after 2.1s
[2026-09-29T23:49:48.291Z INFO  blacksilk_miner] hash rate 1.3 H/s (light mode)
[2026-09-29T23:50:00.294Z INFO  blacksilk_miner] new tip at height 309: work on template 309 abandoned after 1.4s
[2026-09-29T23:50:02.111Z INFO  blacksilk_miner] found block 310 (reward 20.02125980 BLK, 0 txs)
[2026-09-29T23:50:18.835Z INFO  blacksilk_miner] found block 311 (reward 20.02124070 BLK, 0 txs)
[2026-09-29T23:50:28.059Z INFO  blacksilk_miner] new tip at height 312: work on template 312 abandoned after 3.7s
[2026-09-29T23:50:43.893Z INFO  blacksilk_miner] found block 313 (reward 20.02120251 BLK, 0 txs)
[2026-09-29T23:50:49.306Z INFO  blacksilk_miner] hash rate 1.5 H/s (light mode)
[2026-09-29T23:50:50.180Z INFO  blacksilk_miner] found block 314 (reward 20.02118342 BLK, 0 txs); not on the node's best chain
[2026-09-29T23:51:17.402Z INFO  blacksilk_miner] new tip at height 316: work on template 316 abandoned after 5.1s
[2026-09-29T23:51:19.911Z INFO  blacksilk_miner] found block 317 (reward 20.02112614 BLK, 0 txs); not on the node's best chain
[2026-09-29T23:51:24.469Z INFO  blacksilk_miner] found block 318 (reward 20.02110705 BLK, 0 txs); not on the node's best chain
[2026-09-29T23:51:28.144Z INFO  blacksilk_miner] found block 319 (reward 20.02108795 BLK, 0 txs)
[2026-09-29T23:51:36.344Z INFO  blacksilk_miner] found block 320 (reward 20.02106886 BLK, 0 txs)
[2026-09-29T23:51:52.596Z INFO  blacksilk_miner] hash rate 1.4 H/s (light mode)
[2026-09-29T23:51:59.078Z INFO  blacksilk_miner] new tip at height 322: work on template 322 abandoned after 986.7ms
[2026-09-29T23:52:00.302Z INFO  blacksilk_miner] found block 323 (reward 20.02101158 BLK, 0 txs)
[2026-09-29T23:52:09.708Z INFO  blacksilk_miner] new tip at height 325: work on template 325 abandoned after 4.0s
[2026-09-29T23:52:27.456Z INFO  blacksilk_miner] new tip at height 326: work on template 326 abandoned after 1.6s
[2026-09-29T23:52:30.736Z INFO  blacksilk_miner] found block 327 (reward 20.02093520 BLK, 0 txs)
[2026-09-29T23:52:33.341Z INFO  blacksilk_miner] found block 328 (reward 20.02091611 BLK, 0 txs)
[2026-09-29T23:52:49.571Z INFO  blacksilk_miner] new tip at height 329: work on template 329 abandoned after 783.5ms
[2026-09-29T23:52:53.215Z INFO  blacksilk_miner] hash rate 1.4 H/s (light mode)
[2026-09-29T23:52:53.215Z INFO  blacksilk_miner] new tip at height 330: work on template 330 abandoned after 3.6s
[2026-09-29T23:53:03.266Z INFO  blacksilk_miner] found block 331 (reward 20.02120343 BLK, 1 txs); not on the node's best chain
[2026-09-29T23:53:04.679Z INFO  blacksilk_miner] new tip at height 332: work on template 332 abandoned after 1.4s
[2026-09-29T23:53:19.702Z INFO  blacksilk_miner] found block 333 (reward 20.02082064 BLK, 0 txs)
[2026-09-29T23:53:44.652Z INFO  blacksilk_miner] found block 334 (reward 20.02080155 BLK, 0 txs)
[2026-09-29T23:53:53.342Z INFO  blacksilk_miner] hash rate 1.5 H/s (light mode)
[2026-09-29T23:53:54.009Z INFO  blacksilk_miner] found block 335 (reward 20.02078246 BLK, 0 txs)
[2026-09-29T23:53:59.613Z INFO  blacksilk_miner] found block 336 (reward 20.02076336 BLK, 0 txs)
[2026-09-29T23:54:01.519Z INFO  blacksilk_miner] found block 337 (reward 20.02074427 BLK, 0 txs)
[2026-09-29T23:54:08.415Z INFO  blacksilk_miner] found block 338 (reward 20.02072518 BLK, 0 txs)
[2026-09-29T23:54:10.579Z INFO  blacksilk_miner] found block 339 (reward 20.02070608 BLK, 0 txs)
[2026-09-29T23:54:55.220Z INFO  blacksilk_miner] hash rate 1.4 H/s (light mode)
[2026-09-29T23:54:58.349Z INFO  blacksilk_miner] found block 340 (reward 20.02068699 BLK, 0 txs)
[2026-09-29T23:55:25.272Z INFO  blacksilk_miner] found block 341 (reward 20.02101250 BLK, 1 txs)
[2026-09-29T23:55:25.901Z INFO  blacksilk_miner] new tip at height 341: work on template 342 abandoned after 627.4ms
