[2026-09-29T23:55:46.276Z INFO  blacksilk_node] blacksilk-node 0.1.0 commit 9b048275425b2993763045b9f1575aba1669dcca
[2026-09-29T23:55:46.276Z INFO  blacksilk_node] regtest: genesis 087d6fd4efbc45eb0a895dd0680a7fd305208cae239b1b4275d7148b29a569b7, consensus fingerprint 5fb8ef8f74efa7631e2d9aa5f809fc0d9ab9273fdc54d45e5aad73f889c5e72b
[2026-09-29T23:55:46.276Z INFO  blacksilk_node] regtest: loading C:/bszkeval/w4-lab-scratch/run4\node-late
[2026-09-29T23:55:46.283Z INFO  blacksilk_node] chain loaded in 7.4ms: height 0, tip 087d6fd4efbc45eb
[2026-09-29T23:55:46.287Z INFO  blacksilk_node] P2P listening on 127.0.0.1:54101
[2026-09-29T23:55:46.288Z INFO  blacksilk_node] RPC listening on http://127.0.0.1:54100
[2026-09-29T23:55:46.293Z WARN  blacksilk_node::cookie] the data directory C:/bszkeval/w4-lab-scratch/run4\node-late is outside your user profile: on Windows the RPC cookie is protected only by that directory's permissions; make sure other users cannot read it
[2026-09-29T23:55:46.293Z INFO  blacksilk_node::serve] RPC credential written to C:/bszkeval/w4-lab-scratch/run4\node-late\rpc.cookie (clients read it: --rpc-cookie)
[2026-09-29T23:55:46.543Z INFO  blacksilk_p2p::net::conn] connected outbound peer 127.0.0.1:54001 (height 341)
[2026-09-29T23:55:46.543Z DEBUG blacksilk_p2p::net::addr_relay] peer 1: addr with 1 entries
[2026-09-29T23:55:46.543Z DEBUG blacksilk_p2p::net::addr_relay] peer 1: addr with 5 entries
[2026-09-29T23:55:48.178Z INFO  blacksilk_chain::manager::template] caught up at height 0: block templates are served from now on
[2026-09-29T23:55:48.373Z DEBUG blacksilk_p2p::net::blocks] peer 1: block 5cb5eb1096a2 at height 1 received
[2026-09-29T23:55:48.373Z DEBUG blacksilk_p2p::net::blocks] peer 1: block 0cdaef65a83d at height 2 received
[2026-09-29T23:55:48.373Z DEBUG blacksilk_p2p::net::blocks] peer 1: block a1148f034192 at height 3 received
[2026-09-29T23:55:48.379Z DEBUG blacksilk_p2p::net::blocks] peer 1: block aa553e4676ec at height 4 received
[2026-09-29T23:55:48.383Z DEBUG blacksilk_p2p::net::blocks] peer 1: block bf4573ddc860 at height 5 received
[2026-09-29T23:55:48.386Z DEBUG blacksilk_p2p::net::blocks] peer 1: block 9f14bd74d78e at height 6 received
[2026-09-29T23:55:48.389Z DEBUG blacksilk_p2p::net::blocks] peer 1: block b92a79eed5d7 at height 7 received
[2026-09-29T23:55:48.392Z DEBUG blacksilk_p2p::net::blocks] peer 1: block 681041b23fe4 at height 8 received
[2026-09-29T23:55:48.654Z INFO  blacksilk_p2p::net::conn] connected outbound peer 127.0.0.1:54021 (height 341)
[2026-09-29T23:55:48.654Z DEBUG blacksilk_p2p::net::addr_relay] peer 2: addr with 1 entries
[2026-09-29T23:55:48.654Z INFO  blacksilk_p2p::net::conn] connected block-relay-only outbound peer 127.0.0.1:54061 (height 341)
[2026-09-29T23:55:48.654Z DEBUG blacksilk_p2p::net::addr_relay] peer 2: addr with 5 entries
[2026-09-29T23:55:48.679Z INFO  blacksilk_p2p::net::conn] connected outbound peer 127.0.0.1:54041 (height 341)
[2026-09-29T23:55:48.679Z DEBUG blacksilk_p2p::net::addr_relay] peer 4: addr with 1 entries
[2026-09-29T23:55:48.679Z DEBUG blacksilk_p2p::net::addr_relay] peer 4: addr with 5 entries
[2026-09-29T23:55:48.690Z INFO  blacksilk_p2p::net::conn] connected outbound peer 127.0.0.1:54081 (height 341)
[2026-09-29T23:55:48.690Z DEBUG blacksilk_p2p::net::addr_relay] peer 5: addr with 1 entries
[2026-09-29T23:55:48.690Z DEBUG blacksilk_p2p::net::addr_relay] peer 5: addr with 5 entries
[2026-09-29T23:55:49.201Z DEBUG blacksilk_p2p::net::blocks] peer 1: block a7516b75fe1d at height 10 received
[2026-09-29T23:55:49.201Z DEBUG blacksilk_p2p::net::blocks] peer 2: block 53b085e901cb at height 14 received
[2026-09-29T23:55:49.201Z DEBUG blacksilk_p2p::net::blocks] peer 5: block 9f2497b47f26 at height 12 received
[2026-09-29T23:55:49.202Z DEBUG blacksilk_p2p::net::blocks] peer 1: block 8d064351ca66 at height 13 received
[2026-09-29T23:55:49.202Z DEBUG blacksilk_p2p::net::blocks] peer 4: block 044dee20c51a at height 9 received
[2026-09-29T23:55:49.202Z DEBUG blacksilk_p2p::net::blocks] peer 2: block 553014641e0a at height 16 received
[2026-09-29T23:55:49.235Z DEBUG blacksilk_p2p::net::blocks] peer 3: block 399ea9db0810 at height 11 received
[2026-09-29T23:55:49.235Z DEBUG blacksilk_p2p::net::blocks] peer 1: block 4b65ab73939e at height 15 received
[2026-09-29T23:55:50.348Z DEBUG blacksilk_p2p::net::blocks] peer 1: block 52d4e676d2f8 at height 18 received
[2026-09-29T23:55:50.348Z DEBUG blacksilk_p2p::net::blocks] peer 4: block 80a47265362f at height 20 received
[2026-09-29T23:55:50.348Z DEBUG blacksilk_p2p::net::blocks] peer 1: block c4ce85100001 at height 23 received
[2026-09-29T23:55:50.348Z DEBUG blacksilk_p2p::net::blocks] peer 3: block b975f27ad651 at height 17 received
[2026-09-29T23:55:50.348Z DEBUG blacksilk_p2p::net::blocks] peer 3: block 7e8d759d68fa at height 24 received
[2026-09-29T23:55:50.348Z DEBUG blacksilk_p2p::net::blocks] peer 5: block 368567811d70 at height 21 received
[2026-09-29T23:55:50.348Z DEBUG blacksilk_p2p::net::blocks] peer 5: block adebb43a2cb6 at height 22 received
[2026-09-29T23:55:50.395Z DEBUG blacksilk_p2p::net::blocks] peer 2: block 82888ffa5fa4 at height 19 received
[2026-09-29T23:55:51.446Z DEBUG blacksilk_p2p::net::blocks] peer 3: block 4bad75d081f7 at height 32 received
[2026-09-29T23:55:51.446Z DEBUG blacksilk_p2p::net::blocks] peer 2: block 208f847d19a6 at height 27 received
[2026-09-29T23:55:51.446Z DEBUG blacksilk_p2p::net::blocks] peer 5: block 0bc32f592b6d at height 28 received
[2026-09-29T23:55:51.446Z DEBUG blacksilk_p2p::net::blocks] peer 2: block e3996adc86e3 at height 29 received
[2026-09-29T23:55:51.446Z DEBUG blacksilk_p2p::net::blocks] peer 2: block 3ccd735aeca6 at height 31 received
[2026-09-29T23:55:51.482Z DEBUG blacksilk_p2p::net::blocks] peer 1: block 65f36f9821b1 at height 25 received
[2026-09-29T23:55:51.483Z DEBUG blacksilk_p2p::net::blocks] peer 1: block 0839b293f547 at height 26 received
[2026-09-29T23:55:51.483Z DEBUG blacksilk_p2p::net::blocks] peer 1: block bc2d2971d18c at height 30 received
[2026-09-29T23:55:52.333Z DEBUG blacksilk_p2p::net::blocks] peer 1: block 40f5ad3a4dc6 at height 34 received
[2026-09-29T23:55:52.333Z DEBUG blacksilk_p2p::net::blocks] peer 3: block a37fb8ebc176 at height 35 received
[2026-09-29T23:55:52.333Z DEBUG blacksilk_p2p::net::blocks] peer 4: block 500bfe9e7123 at height 37 received
[2026-09-29T23:55:52.333Z DEBUG blacksilk_p2p::net::blocks] peer 5: block bac68d1116dd at height 33 received
[2026-09-29T23:55:52.333Z DEBUG blacksilk_p2p::net::blocks] peer 1: block 38dd76125c65 at height 38 received
[2026-09-29T23:55:52.380Z DEBUG blacksilk_p2p::net::blocks] peer 1: block c6a8f5dd6457 at height 40 received
[2026-09-29T23:55:52.380Z DEBUG blacksilk_p2p::net::blocks] peer 5: block f08ca60afc72 at height 36 received
[2026-09-29T23:55:52.380Z DEBUG blacksilk_p2p::net::blocks] peer 5: block 4445c6d553b1 at height 39 received
[2026-09-29T23:55:53.379Z DEBUG blacksilk_p2p::net::blocks] peer 4: block 480d94bd6a23 at height 47 received
[2026-09-29T23:55:53.379Z DEBUG blacksilk_p2p::net::blocks] peer 2: block eb4c3f8ed401 at height 42 received
[2026-09-29T23:55:53.379Z DEBUG blacksilk_p2p::net::blocks] peer 5: block 3fedafa0dabf at height 41 received
[2026-09-29T23:55:53.398Z DEBUG blacksilk_p2p::net::blocks] peer 3: block bb8001da3de3 at height 43 received
[2026-09-29T23:55:53.398Z DEBUG blacksilk_p2p::net::blocks] peer 2: block f6cab95b7aaa at height 44 received
[2026-09-29T23:55:53.446Z DEBUG blacksilk_p2p::net::blocks] peer 3: block 2b2e7164314b at height 45 received
[2026-09-29T23:55:53.446Z DEBUG blacksilk_p2p::net::blocks] peer 2: block 217512f6447d at height 48 received
[2026-09-29T23:55:53.446Z DEBUG blacksilk_p2p::net::blocks] peer 3: block 427894accf06 at height 46 received
[2026-09-29T23:55:54.516Z DEBUG blacksilk_p2p::net::blocks] peer 1: block ea9dd9ad5882 at height 50 received
[2026-09-29T23:55:54.516Z DEBUG blacksilk_p2p::net::blocks] peer 5: block 9823f4c356b6 at height 49 received
[2026-09-29T23:55:54.516Z DEBUG blacksilk_p2p::net::blocks] peer 1: block 54e849d424ae at height 51 received
[2026-09-29T23:55:54.516Z DEBUG blacksilk_p2p::net::blocks] peer 2: block ec373a13a36c at height 52 received
[2026-09-29T23:55:54.516Z DEBUG blacksilk_p2p::net::blocks] peer 3: block 16db184fff33 at height 55 received
[2026-09-29T23:55:54.516Z DEBUG blacksilk_p2p::net::blocks] peer 5: block 60c70794e972 at height 53 received
[2026-09-29T23:55:54.516Z DEBUG blacksilk_p2p::net::blocks] peer 2: block 017a46135fc5 at height 56 received
[2026-09-29T23:55:54.516Z DEBUG blacksilk_p2p::net::blocks] peer 1: block 95d35d34d9de at height 54 received
[2026-09-29T23:55:55.626Z DEBUG blacksilk_p2p::net::blocks] peer 2: block 6981430f2c27 at height 61 received
[2026-09-29T23:55:55.626Z DEBUG blacksilk_p2p::net::blocks] peer 3: block d55a7e6c589d at height 57 received
[2026-09-29T23:55:55.626Z DEBUG blacksilk_p2p::net::blocks] peer 5: block 4735b9b563b1 at height 60 received
[2026-09-29T23:55:55.626Z DEBUG blacksilk_p2p::net::blocks] peer 3: block 05d20dd232eb at height 58 received
[2026-09-29T23:55:55.626Z DEBUG blacksilk_p2p::net::blocks] peer 3: block 45a4297a1068 at height 59 received
[2026-09-29T23:55:55.626Z DEBUG blacksilk_p2p::net::blocks] peer 4: block ad6e5a35cd4d at height 63 received
[2026-09-29T23:55:55.627Z DEBUG blacksilk_p2p::net::blocks] peer 2: block 3a8afd8f23fa at height 62 received
[2026-09-29T23:55:55.627Z DEBUG blacksilk_p2p::net::blocks] peer 2: block 0804dff33ea7 at height 64 received
[2026-09-29T23:55:56.664Z DEBUG blacksilk_p2p::net::blocks] peer 2: block 4759bcbc0d7a at height 66 received
[2026-09-29T23:55:56.699Z DEBUG blacksilk_p2p::net::blocks] peer 2: block e94894339d03 at height 71 received
[2026-09-29T23:55:56.699Z DEBUG blacksilk_p2p::net::blocks] peer 1: block 5699a73f7c7a at height 70 received
[2026-09-29T23:55:56.699Z DEBUG blacksilk_p2p::net::blocks] peer 3: block d0d95c763095 at height 65 received
[2026-09-29T23:55:56.699Z DEBUG blacksilk_p2p::net::blocks] peer 1: block 4cb76c3067ad at height 72 received
[2026-09-29T23:55:56.699Z DEBUG blacksilk_p2p::net::blocks] peer 5: block 74f4ec7b047a at height 67 received
[2026-09-29T23:55:56.699Z DEBUG blacksilk_p2p::net::blocks] peer 5: block 88ad2f0e831a at height 68 received
[2026-09-29T23:55:56.699Z DEBUG blacksilk_p2p::net::blocks] peer 5: block 3ee6e7f147b5 at height 69 received
[2026-09-29T23:55:57.762Z DEBUG blacksilk_p2p::net::blocks] peer 2: block ba9d7928634f at height 73 received
[2026-09-29T23:55:57.762Z DEBUG blacksilk_p2p::net::blocks] peer 2: block eb6759411b2e at height 74 received
[2026-09-29T23:55:57.762Z DEBUG blacksilk_p2p::net::blocks] peer 2: block 83ee3e542206 at height 76 received
[2026-09-29T23:55:57.762Z DEBUG blacksilk_p2p::net::blocks] peer 5: block b3157bf34de6 at height 78 received
[2026-09-29T23:55:57.762Z DEBUG blacksilk_p2p::net::blocks] peer 5: block a4b310f113a8 at height 80 received
[2026-09-29T23:55:57.762Z DEBUG blacksilk_p2p::net::blocks] peer 1: block 6919a79104aa at height 79 received
[2026-09-29T23:55:57.796Z DEBUG blacksilk_p2p::net::blocks] peer 4: block e6ba14e7217f at height 75 received
[2026-09-29T23:55:57.796Z DEBUG blacksilk_p2p::net::blocks] peer 4: block 1f5b4f8980ec at height 77 received
[2026-09-29T23:55:58.833Z DEBUG blacksilk_p2p::net::blocks] peer 4: block 629ef80301ee at height 84 received
[2026-09-29T23:55:58.833Z DEBUG blacksilk_p2p::net::blocks] peer 3: block de023e3b6cbb at height 83 received
[2026-09-29T23:55:58.834Z DEBUG blacksilk_p2p::net::blocks] peer 2: block aeb64c382b08 at height 85 received
[2026-09-29T23:55:58.834Z DEBUG blacksilk_p2p::net::blocks] peer 1: block dcfc1fb92b4a at height 87 received
[2026-09-29T23:55:58.834Z DEBUG blacksilk_p2p::net::blocks] peer 3: block 9c21dc50b5d3 at height 86 received
[2026-09-29T23:55:58.916Z DEBUG blacksilk_p2p::net::blocks] peer 5: block 701b48d0c05f at height 81 received
[2026-09-29T23:55:58.916Z DEBUG blacksilk_p2p::net::blocks] peer 5: block 59c1ce485321 at height 82 received
[2026-09-29T23:55:58.916Z DEBUG blacksilk_p2p::net::blocks] peer 5: block cc9742c96202 at height 88 received
[2026-09-29T23:55:59.934Z DEBUG blacksilk_p2p::net::blocks] peer 4: block 00990b9d0531 at height 90 received
[2026-09-29T23:55:59.934Z DEBUG blacksilk_p2p::net::blocks] peer 4: block 6d142ac26c43 at height 94 received
[2026-09-29T23:55:59.934Z DEBUG blacksilk_p2p::net::blocks] peer 4: block 660474b88405 at height 95 received
[2026-09-29T23:55:59.970Z DEBUG blacksilk_p2p::net::blocks] peer 2: block ec0a8f183f37 at height 96 received
[2026-09-29T23:55:59.970Z DEBUG blacksilk_p2p::net::blocks] peer 1: block bb8a7bdb4487 at height 92 received
[2026-09-29T23:55:59.988Z DEBUG blacksilk_p2p::net::blocks] peer 5: block 15f489b87f4a at height 89 received
[2026-09-29T23:55:59.988Z DEBUG blacksilk_p2p::net::blocks] peer 5: block 3525606d1991 at height 91 received
[2026-09-29T23:55:59.988Z DEBUG blacksilk_p2p::net::blocks] peer 5: block dcaee53f26c2 at height 93 received
[2026-09-29T23:56:00.989Z DEBUG blacksilk_p2p::net::blocks] peer 1: block 0730c2cbea19 at height 97 received
[2026-09-29T23:56:00.989Z DEBUG blacksilk_p2p::net::blocks] peer 2: block 265f4ab712b7 at height 100 received
[2026-09-29T23:56:00.989Z DEBUG blacksilk_p2p::net::blocks] peer 5: block 39940de4bcd8 at height 99 received
[2026-09-29T23:56:00.989Z DEBUG blacksilk_p2p::net::blocks] peer 1: block 7c1043309330 at height 98 received
[2026-09-29T23:56:00.989Z DEBUG blacksilk_p2p::net::blocks] peer 2: block 3054d52ad7da at height 102 received
[2026-09-29T23:56:00.989Z DEBUG blacksilk_p2p::net::blocks] peer 5: block d9512150821e at height 101 received
[2026-09-29T23:56:00.989Z DEBUG blacksilk_p2p::net::blocks] peer 2: block 87279aec86f3 at height 103 received
[2026-09-29T23:56:01.005Z DEBUG blacksilk_p2p::net::blocks] peer 3: block de822de3bd94 at height 104 received
[2026-09-29T23:56:02.037Z DEBUG blacksilk_p2p::net::blocks] peer 4: block 9dfffbd97b27 at height 107 received
[2026-09-29T23:56:02.037Z DEBUG blacksilk_p2p::net::blocks] peer 4: block ac0cd05d6715 at height 111 received
[2026-09-29T23:56:02.037Z DEBUG blacksilk_p2p::net::blocks] peer 5: block 31d5ffef0818 at height 108 received
[2026-09-29T23:56:02.037Z DEBUG blacksilk_p2p::net::blocks] peer 1: block 681937528e9c at height 105 received
[2026-09-29T23:56:02.037Z DEBUG blacksilk_p2p::net::blocks] peer 5: block 98f695a15dd3 at height 110 received
[2026-09-29T23:56:02.037Z DEBUG blacksilk_p2p::net::blocks] peer 1: block c2dcbc01457e at height 106 received
[2026-09-29T23:56:02.037Z DEBUG blacksilk_p2p::net::blocks] peer 5: block cae5fdb4d61f at height 112 received
[2026-09-29T23:56:02.037Z DEBUG blacksilk_p2p::net::blocks] peer 1: block 0fbb230b8844 at height 109 received
[2026-09-29T23:56:03.094Z DEBUG blacksilk_p2p::net::blocks] peer 1: block 3b2a94e4b889 at height 116 received
[2026-09-29T23:56:03.094Z DEBUG blacksilk_p2p::net::blocks] peer 5: block cb11876a74ad at height 115 received
[2026-09-29T23:56:03.094Z DEBUG blacksilk_p2p::net::blocks] peer 5: block ebc4e1a1f86f at height 117 received
[2026-09-29T23:56:03.094Z DEBUG blacksilk_p2p::net::blocks] peer 5: block 3c6dd55b0612 at height 118 received
[2026-09-29T23:56:03.094Z DEBUG blacksilk_p2p::net::blocks] peer 3: block add1b4722bea at height 120 received
[2026-09-29T23:56:03.130Z DEBUG blacksilk_p2p::net::blocks] peer 4: block a447260889d9 at height 113 received
[2026-09-29T23:56:03.130Z DEBUG blacksilk_p2p::net::blocks] peer 4: block 4a866c2ee9e5 at height 114 received
[2026-09-29T23:56:03.130Z DEBUG blacksilk_p2p::net::blocks] peer 4: block 89d7fe48bc69 at height 119 received
[2026-09-29T23:56:04.175Z DEBUG blacksilk_p2p::net::blocks] peer 1: block 093444e03abf at height 128 received
[2026-09-29T23:56:04.175Z DEBUG blacksilk_p2p::net::blocks] peer 5: block 3cac99472a98 at height 125 received
[2026-09-29T23:56:04.175Z DEBUG blacksilk_p2p::net::blocks] peer 3: block 78a1c5503019 at height 121 received
[2026-09-29T23:56:04.175Z DEBUG blacksilk_p2p::net::blocks] peer 5: block 318d4796c7a0 at height 127 received
[2026-09-29T23:56:04.175Z DEBUG blacksilk_p2p::net::blocks] peer 4: block e5df13da8447 at height 122 received
[2026-09-29T23:56:04.175Z DEBUG blacksilk_p2p::net::blocks] peer 3: block 78478dffea82 at height 124 received
[2026-09-29T23:56:04.175Z DEBUG blacksilk_p2p::net::blocks] peer 3: block b07fa394bf7d at height 126 received
[2026-09-29T23:56:04.175Z DEBUG blacksilk_p2p::net::blocks] peer 2: block 650208944490 at height 123 received
[2026-09-29T23:56:05.238Z DEBUG blacksilk_p2p::net::blocks] peer 4: block 0a551b0ba030 at height 131 received
[2026-09-29T23:56:05.238Z DEBUG blacksilk_p2p::net::blocks] peer 1: block af83544c5c40 at height 129 received
[2026-09-29T23:56:05.238Z DEBUG blacksilk_p2p::net::blocks] peer 3: block f9f6e7c6b58e at height 133 received
[2026-09-29T23:56:05.238Z DEBUG blacksilk_p2p::net::blocks] peer 1: block 0deaa5af5e30 at height 130 received
[2026-09-29T23:56:05.238Z DEBUG blacksilk_p2p::net::blocks] peer 5: block f74218043e21 at height 136 received
[2026-09-29T23:56:05.238Z DEBUG blacksilk_p2p::net::blocks] peer 1: block f43ac88c707e at height 132 received
[2026-09-29T23:56:05.238Z DEBUG blacksilk_p2p::net::blocks] peer 4: block 174ec6b437df at height 135 received
[2026-09-29T23:56:05.247Z DEBUG blacksilk_p2p::net::blocks] peer 2: block 62d4c9621c26 at height 134 received
[2026-09-29T23:56:06.307Z DEBUG blacksilk_p2p::net::blocks] peer 4: block 0d62cff2bc88 at height 143 received
[2026-09-29T23:56:06.307Z DEBUG blacksilk_p2p::net::blocks] peer 1: block 701711d3cc0d at height 137 received
[2026-09-29T23:56:06.307Z DEBUG blacksilk_p2p::net::blocks] peer 5: block 78f4fc826cc2 at height 139 received
[2026-09-29T23:56:06.308Z DEBUG blacksilk_p2p::net::blocks] peer 1: block 1293012ea540 at height 142 received
[2026-09-29T23:56:06.308Z DEBUG blacksilk_p2p::net::blocks] peer 5: block e960f52ca501 at height 140 received
[2026-09-29T23:56:06.308Z DEBUG blacksilk_p2p::net::blocks] peer 1: block f06643342b0e at height 144 received
[2026-09-29T23:56:06.308Z DEBUG blacksilk_p2p::net::blocks] peer 5: block c49a96310acc at height 141 received
[2026-09-29T23:56:06.308Z DEBUG blacksilk_p2p::net::blocks] peer 3: block 1c71e090f255 at height 138 received
[2026-09-29T23:56:07.428Z DEBUG blacksilk_p2p::net::blocks] peer 4: block 3b638d0f6f46 at height 146 received
[2026-09-29T23:56:07.428Z DEBUG blacksilk_p2p::net::blocks] peer 4: block d4a596a1d4c2 at height 148 received
[2026-09-29T23:56:07.428Z DEBUG blacksilk_p2p::net::blocks] peer 3: block 1c305e75228b at height 145 received
[2026-09-29T23:56:07.428Z DEBUG blacksilk_p2p::net::blocks] peer 5: block 413381a7f66a at height 147 received
[2026-09-29T23:56:07.428Z DEBUG blacksilk_p2p::net::blocks] peer 1: block fe75c4e0a419 at height 149 received
[2026-09-29T23:56:07.428Z DEBUG blacksilk_p2p::net::blocks] peer 1: block 889271fb8fcb at height 150 received
[2026-09-29T23:56:07.428Z DEBUG blacksilk_p2p::net::blocks] peer 1: block 04c7c1774a04 at height 152 received
[2026-09-29T23:56:07.443Z DEBUG blacksilk_p2p::net::blocks] peer 2: block d9abc341b6a7 at height 151 received
[2026-09-29T23:56:08.525Z DEBUG blacksilk_p2p::net::blocks] peer 2: block 14b96384c90f at height 160 received
[2026-09-29T23:56:08.525Z DEBUG blacksilk_p2p::net::blocks] peer 1: block f8160746ecdc at height 154 received
[2026-09-29T23:56:08.525Z DEBUG blacksilk_p2p::net::blocks] peer 5: block 8a80b832cdcf at height 153 received
[2026-09-29T23:56:08.558Z DEBUG blacksilk_p2p::net::blocks] peer 5: block ac272c146f4f at height 155 received
[2026-09-29T23:56:08.558Z DEBUG blacksilk_p2p::net::blocks] peer 5: block ca5d42eb2c70 at height 156 received
[2026-09-29T23:56:08.525Z DEBUG blacksilk_p2p::net::blocks] peer 3: block 6c5b3f1c7504 at height 159 received
[2026-09-29T23:56:08.558Z DEBUG blacksilk_p2p::net::blocks] peer 1: block 0d2a0ffff2f2 at height 157 received
[2026-09-29T23:56:08.558Z DEBUG blacksilk_p2p::net::blocks] peer 1: block ec60c5bfdff5 at height 158 received
[2026-09-29T23:56:09.648Z DEBUG blacksilk_p2p::net::blocks] peer 2: block 2c1bff9dc565 at height 163 received
[2026-09-29T23:56:09.648Z DEBUG blacksilk_p2p::net::blocks] peer 4: block 6cf8e2807279 at height 161 received
[2026-09-29T23:56:09.648Z DEBUG blacksilk_p2p::net::blocks] peer 1: block 0e075679c661 at height 162 received
[2026-09-29T23:56:09.648Z DEBUG blacksilk_p2p::net::blocks] peer 5: block 2c52549a0140 at height 165 received
[2026-09-29T23:56:09.648Z DEBUG blacksilk_p2p::net::blocks] peer 3: block 14d2cedbe2ca at height 164 received
[2026-09-29T23:56:09.648Z DEBUG blacksilk_p2p::net::blocks] peer 4: block c71cacf9e054 at height 166 received
[2026-09-29T23:56:09.648Z DEBUG blacksilk_p2p::net::blocks] peer 5: block d1c6d2a16bd9 at height 167 received
[2026-09-29T23:56:09.648Z DEBUG blacksilk_p2p::net::blocks] peer 5: block b1149e22aebf at height 168 received
[2026-09-29T23:56:10.464Z DEBUG blacksilk_p2p::net::blocks] peer 1: block 243d2d06ae6f at height 171 received
[2026-09-29T23:56:10.479Z DEBUG blacksilk_p2p::net::blocks] peer 1: block b2e6da217fa3 at height 174 received
[2026-09-29T23:56:10.517Z DEBUG blacksilk_p2p::net::blocks] peer 5: block db6d46b26b7f at height 172 received
[2026-09-29T23:56:10.517Z DEBUG blacksilk_p2p::net::blocks] peer 3: block c574dc29cd79 at height 169 received
[2026-09-29T23:56:10.641Z DEBUG blacksilk_p2p::net::blocks] peer 3: block d5ce76db84de at height 173 received
[2026-09-29T23:56:10.517Z DEBUG blacksilk_p2p::net::blocks] peer 4: block ed08613e754b at height 170 received
[2026-09-29T23:56:10.641Z DEBUG blacksilk_p2p::net::blocks] peer 5: block 8c009fe13ef2 at height 175 received
[2026-09-29T23:56:10.641Z DEBUG blacksilk_p2p::net::blocks] peer 4: block f39d6b29bf6a at height 176 received
[2026-09-29T23:56:11.795Z DEBUG blacksilk_p2p::net::blocks] peer 4: block c396fffae4a3 at height 178 received
[2026-09-29T23:56:11.795Z DEBUG blacksilk_p2p::net::blocks] peer 5: block 59bf7c13a4fe at height 177 received
[2026-09-29T23:56:11.795Z DEBUG blacksilk_p2p::net::blocks] peer 4: block d7b6ff9ddb6f at height 182 received
[2026-09-29T23:56:11.795Z DEBUG blacksilk_p2p::net::blocks] peer 3: block f3ad380ff47a at height 181 received
[2026-09-29T23:56:11.795Z DEBUG blacksilk_p2p::net::blocks] peer 4: block 7e24d43cfb3f at height 183 received
[2026-09-29T23:56:11.795Z DEBUG blacksilk_p2p::net::blocks] peer 5: block 2c865d94a6d1 at height 179 received
[2026-09-29T23:56:11.795Z DEBUG blacksilk_p2p::net::blocks] peer 2: block b26bd8a47901 at height 180 received
[2026-09-29T23:56:11.795Z DEBUG blacksilk_p2p::net::blocks] peer 5: block ffd968266043 at height 184 received
[2026-09-29T23:56:12.841Z DEBUG blacksilk_p2p::net::blocks] peer 1: block 046787306206 at height 187 received
[2026-09-29T23:56:12.841Z DEBUG blacksilk_p2p::net::blocks] peer 2: block aa88352e9dbc at height 191 received
[2026-09-29T23:56:12.899Z DEBUG blacksilk_p2p::net::blocks] peer 4: block 473ca024a64b at height 192 received
[2026-09-29T23:56:12.922Z DEBUG blacksilk_p2p::net::blocks] peer 3: block 5d162194b7e6 at height 186 received
[2026-09-29T23:56:12.922Z DEBUG blacksilk_p2p::net::blocks] peer 3: block c36c7c94b907 at height 188 received
[2026-09-29T23:56:12.922Z DEBUG blacksilk_p2p::net::blocks] peer 3: block 8ae22524fc1b at height 190 received
[2026-09-29T23:56:12.922Z DEBUG blacksilk_p2p::net::blocks] peer 5: block 36d2eb3d878d at height 185 received
[2026-09-29T23:56:12.922Z DEBUG blacksilk_p2p::net::blocks] peer 5: block 5e9c74e48f53 at height 189 received
[2026-09-29T23:56:13.964Z DEBUG blacksilk_p2p::net::blocks] peer 2: block 511eab6fb1e9 at height 194 received
[2026-09-29T23:56:13.965Z DEBUG blacksilk_p2p::net::blocks] peer 5: block ae4bf872f60a at height 197 received
[2026-09-29T23:56:13.965Z DEBUG blacksilk_p2p::net::blocks] peer 5: block 4177728d5aa5 at height 198 received
[2026-09-29T23:56:13.965Z DEBUG blacksilk_p2p::net::blocks] peer 5: block 5e7980254b16 at height 199 received
[2026-09-29T23:56:13.965Z DEBUG blacksilk_p2p::net::blocks] peer 1: block 24d5ecbb0255 at height 193 received
[2026-09-29T23:56:13.965Z DEBUG blacksilk_p2p::net::blocks] peer 4: block 8b81f9b1f7f5 at height 200 received
[2026-09-29T23:56:13.965Z DEBUG blacksilk_p2p::net::blocks] peer 1: block afe9bbe64294 at height 195 received
[2026-09-29T23:56:13.965Z DEBUG blacksilk_p2p::net::blocks] peer 1: block 0a972fe73684 at height 196 received
[2026-09-29T23:56:15.091Z DEBUG blacksilk_p2p::net::blocks] peer 1: block 453e7e1f6cf1 at height 208 received
[2026-09-29T23:56:15.091Z DEBUG blacksilk_p2p::net::blocks] peer 3: block 56c3356d0848 at height 201 received
[2026-09-29T23:56:15.091Z DEBUG blacksilk_p2p::net::blocks] peer 3: block 3f71a2ce6b3a at height 202 received
[2026-09-29T23:56:15.091Z DEBUG blacksilk_p2p::net::blocks] peer 3: block c4d8ef78ea11 at height 206 received
[2026-09-29T23:56:15.098Z DEBUG blacksilk_p2p::net::blocks] peer 4: block 51a80049deb3 at height 203 received
[2026-09-29T23:56:15.098Z DEBUG blacksilk_p2p::net::blocks] peer 4: block bb56b127cdee at height 205 received
[2026-09-29T23:56:15.133Z DEBUG blacksilk_p2p::net::blocks] peer 2: block 25fa917e4aa1 at height 204 received
[2026-09-29T23:56:15.133Z DEBUG blacksilk_p2p::net::blocks] peer 2: block 9ddd956fc6c1 at height 207 received
[2026-09-29T23:56:16.199Z DEBUG blacksilk_p2p::net::blocks] peer 3: block c252f03e4f5a at height 212 received
[2026-09-29T23:56:16.199Z DEBUG blacksilk_p2p::net::blocks] peer 3: block f83ef548c391 at height 215 received
[2026-09-29T23:56:16.199Z DEBUG blacksilk_p2p::net::blocks] peer 4: block 76f69bb10420 at height 209 received
[2026-09-29T23:56:16.199Z DEBUG blacksilk_p2p::net::blocks] peer 2: block e1a4ddef49c9 at height 210 received
[2026-09-29T23:56:16.199Z DEBUG blacksilk_p2p::net::blocks] peer 2: block 849e903e5ac6 at height 211 received
[2026-09-29T23:56:16.231Z DEBUG blacksilk_p2p::net::blocks] peer 1: block c9f9bc346ac9 at height 213 received
[2026-09-29T23:56:16.231Z DEBUG blacksilk_p2p::net::blocks] peer 1: block c7e023eccf04 at height 214 received
[2026-09-29T23:56:16.231Z DEBUG blacksilk_p2p::net::blocks] peer 1: block 85eb85931ed7 at height 216 received
[2026-09-29T23:56:17.302Z DEBUG blacksilk_p2p::net::blocks] peer 5: block 9dbc909c43d6 at height 224 received
[2026-09-29T23:56:17.302Z DEBUG blacksilk_p2p::net::blocks] peer 4: block 8397cb0100d8 at height 217 received
[2026-09-29T23:56:17.302Z DEBUG blacksilk_p2p::net::blocks] peer 4: block ebcb360b1e2c at height 221 received
[2026-09-29T23:56:17.302Z DEBUG blacksilk_p2p::net::blocks] peer 3: block 739b67f72568 at height 218 received
[2026-09-29T23:56:17.302Z DEBUG blacksilk_p2p::net::blocks] peer 1: block b79a0ddf88c8 at height 220 received
[2026-09-29T23:56:17.302Z DEBUG blacksilk_p2p::net::blocks] peer 3: block 28275e9bb2d6 at height 219 received
[2026-09-29T23:56:17.302Z DEBUG blacksilk_p2p::net::blocks] peer 1: block 9c142741879c at height 223 received
[2026-09-29T23:56:17.302Z DEBUG blacksilk_p2p::net::blocks] peer 3: block 448506cc93f3 at height 222 received
[2026-09-29T23:56:18.708Z DEBUG blacksilk_p2p::net::blocks] peer 2: block 2d272b150c16 at height 231 received
[2026-09-29T23:56:18.735Z DEBUG blacksilk_p2p::net::blocks] peer 5: block 5c75b3d9a8e5 at height 225 received
[2026-09-29T23:56:18.735Z DEBUG blacksilk_p2p::net::blocks] peer 4: block 2c29fae537e2 at height 230 received
[2026-09-29T23:56:18.735Z DEBUG blacksilk_p2p::net::blocks] peer 3: block 753c2c6d2e5f at height 228 received
[2026-09-29T23:56:18.736Z DEBUG blacksilk_p2p::net::blocks] peer 3: block 301cb7e2c575 at height 229 received
[2026-09-29T23:56:18.736Z DEBUG blacksilk_p2p::net::blocks] peer 5: block 82affbc8e24c at height 226 received
[2026-09-29T23:56:18.736Z DEBUG blacksilk_p2p::net::blocks] peer 5: block 3912c7ce34e7 at height 227 received
[2026-09-29T23:56:18.782Z DEBUG blacksilk_p2p::net::blocks] peer 1: block 1fdf870972de at height 232 received
[2026-09-29T23:56:19.782Z DEBUG blacksilk_p2p::net::blocks] peer 1: block d3b3a21c2a8b at height 240 received
[2026-09-29T23:56:19.783Z DEBUG blacksilk_p2p::net::blocks] peer 5: block da8e84f54baf at height 238 received
[2026-09-29T23:56:19.783Z DEBUG blacksilk_p2p::net::blocks] peer 2: block 1779f386e4d9 at height 234 received
[2026-09-29T23:56:19.783Z DEBUG blacksilk_p2p::net::blocks] peer 4: block 06f9f1a9456e at height 235 received
[2026-09-29T23:56:19.783Z DEBUG blacksilk_p2p::net::blocks] peer 3: block 5905c30da5a7 at height 233 received
[2026-09-29T23:56:19.783Z DEBUG blacksilk_p2p::net::blocks] peer 2: block d79afa735b4b at height 236 received
[2026-09-29T23:56:19.783Z DEBUG blacksilk_p2p::net::blocks] peer 4: block 44dfc97c5a12 at height 237 received
[2026-09-29T23:56:19.783Z DEBUG blacksilk_p2p::net::blocks] peer 4: block 8ecf082b08ce at height 239 received
[2026-09-29T23:56:21.123Z DEBUG blacksilk_p2p::net::blocks] peer 2: block ee0a1613433f at height 248 received
[2026-09-29T23:56:21.123Z DEBUG blacksilk_p2p::net::blocks] peer 5: block baad34066f1b at height 241 received
[2026-09-29T23:56:21.123Z DEBUG blacksilk_p2p::net::blocks] peer 3: block 15c009ed9891 at height 245 received
[2026-09-29T23:56:21.123Z DEBUG blacksilk_p2p::net::blocks] peer 5: block e267ee1e1d7e at height 246 received
[2026-09-29T23:56:21.123Z DEBUG blacksilk_p2p::net::blocks] peer 5: block ed675e5fd771 at height 247 received
[2026-09-29T23:56:21.123Z DEBUG blacksilk_p2p::net::blocks] peer 1: block 21c5ca9e66ae at height 243 received
[2026-09-29T23:56:21.123Z DEBUG blacksilk_p2p::net::blocks] peer 4: block b8a1eee396a0 at height 242 received
[2026-09-29T23:56:21.123Z DEBUG blacksilk_p2p::net::blocks] peer 4: block d1863213867d at height 244 received
[2026-09-29T23:56:22.220Z DEBUG blacksilk_p2p::net::blocks] peer 5: block d14e8b19b9ff at height 256 received
[2026-09-29T23:56:22.220Z DEBUG blacksilk_p2p::net::blocks] peer 2: block 2bcccde59aba at height 249 received
[2026-09-29T23:56:22.220Z DEBUG blacksilk_p2p::net::blocks] peer 1: block 1aae80a3f98a at height 255 received
[2026-09-29T23:56:22.220Z DEBUG blacksilk_p2p::net::blocks] peer 3: block fa7d4e686647 at height 250 received
[2026-09-29T23:56:22.220Z DEBUG blacksilk_p2p::net::blocks] peer 2: block 9c38b8b1d57b at height 251 received
[2026-09-29T23:56:22.220Z DEBUG blacksilk_p2p::net::blocks] peer 3: block bc6e1fdf85d7 at height 253 received
[2026-09-29T23:56:22.220Z DEBUG blacksilk_p2p::net::blocks] peer 2: block fa978d86285a at height 252 received
[2026-09-29T23:56:22.220Z DEBUG blacksilk_p2p::net::blocks] peer 3: block a8d4c782d969 at height 254 received
[2026-09-29T23:56:23.596Z DEBUG blacksilk_p2p::net::blocks] peer 2: block efd62db85cfb at height 264 received
[2026-09-29T23:56:23.596Z DEBUG blacksilk_p2p::net::blocks] peer 5: block 4a6b331a1d1e at height 257 received
[2026-09-29T23:56:23.596Z DEBUG blacksilk_p2p::net::blocks] peer 1: block 2e7ed1d45ca3 at height 258 received
[2026-09-29T23:56:23.596Z DEBUG blacksilk_p2p::net::blocks] peer 5: block 98962547e864 at height 259 received
[2026-09-29T23:56:23.596Z DEBUG blacksilk_p2p::net::blocks] peer 1: block 6579d7c8d969 at height 263 received
[2026-09-29T23:56:23.596Z DEBUG blacksilk_p2p::net::blocks] peer 4: block 1f757071d721 at height 260 received
[2026-09-29T23:56:23.596Z DEBUG blacksilk_p2p::net::blocks] peer 4: block 09913cd2f24f at height 261 received
[2026-09-29T23:56:23.596Z DEBUG blacksilk_p2p::net::blocks] peer 4: block 6d036f44dc2c at height 262 received
[2026-09-29T23:56:24.734Z DEBUG blacksilk_p2p::net::blocks] peer 1: block a1b7669880e8 at height 269 received
[2026-09-29T23:56:24.734Z DEBUG blacksilk_p2p::net::blocks] peer 3: block 4bb5f4928065 at height 266 received
[2026-09-29T23:56:24.734Z DEBUG blacksilk_p2p::net::blocks] peer 5: block 24a407a9f870 at height 268 received
[2026-09-29T23:56:24.734Z DEBUG blacksilk_p2p::net::blocks] peer 2: block 936a779e93cc at height 267 received
[2026-09-29T23:56:24.734Z DEBUG blacksilk_p2p::net::blocks] peer 1: block fb1d86901a5a at height 270 received
[2026-09-29T23:56:24.734Z DEBUG blacksilk_p2p::net::blocks] peer 5: block 42346fe64dce at height 272 received
[2026-09-29T23:56:24.734Z DEBUG blacksilk_p2p::net::blocks] peer 2: block 249ee8981f6c at height 271 received
[2026-09-29T23:56:24.734Z DEBUG blacksilk_p2p::net::blocks] peer 4: block 10aeeee8d488 at height 265 received
[2026-09-29T23:56:25.814Z DEBUG blacksilk_p2p::net::blocks] peer 4: block 675eb0f0b78f at height 273 received
[2026-09-29T23:56:25.814Z DEBUG blacksilk_p2p::net::blocks] peer 4: block 14acc8e05160 at height 275 received
[2026-09-29T23:56:25.815Z DEBUG blacksilk_p2p::net::blocks] peer 2: block 70caa962c4f2 at height 278 received
[2026-09-29T23:56:25.815Z DEBUG blacksilk_p2p::net::blocks] peer 3: block 8fa555d20a83 at height 276 received
[2026-09-29T23:56:25.815Z DEBUG blacksilk_p2p::net::blocks] peer 2: block b62868d3dd0a at height 280 received
[2026-09-29T23:56:25.875Z DEBUG blacksilk_p2p::net::blocks] peer 1: block eb57c651085f at height 274 received
[2026-09-29T23:56:25.875Z DEBUG blacksilk_p2p::net::blocks] peer 1: block 8cc713b44470 at height 277 received
[2026-09-29T23:56:25.875Z DEBUG blacksilk_p2p::net::blocks] peer 1: block e3844be3aff4 at height 279 received
[2026-09-29T23:56:26.870Z DEBUG blacksilk_p2p::net::blocks] peer 5: block e1f75415ce8d at height 283 received
[2026-09-29T23:56:26.870Z DEBUG blacksilk_p2p::net::blocks] peer 5: block 8e11ea0274f1 at height 284 received
[2026-09-29T23:56:26.870Z DEBUG blacksilk_p2p::net::blocks] peer 5: block 67676c9f5267 at height 286 received
[2026-09-29T23:56:26.870Z DEBUG blacksilk_p2p::net::blocks] peer 3: block f44eae4595d7 at height 285 received
[2026-09-29T23:56:26.870Z DEBUG blacksilk_p2p::net::blocks] peer 2: block 6c2a0d77adaf at height 287 received
[2026-09-29T23:56:26.870Z DEBUG blacksilk_p2p::net::blocks] peer 4: block 22dda3db6fb2 at height 288 received
[2026-09-29T23:56:26.870Z DEBUG blacksilk_p2p::net::blocks] peer 1: block 6bc5083c9a95 at height 281 received
[2026-09-29T23:56:26.870Z DEBUG blacksilk_p2p::net::blocks] peer 1: block 5fdf7b89089b at height 282 received
[2026-09-29T23:56:27.925Z DEBUG blacksilk_p2p::net::blocks] peer 4: block e00dafc95144 at height 291 received
[2026-09-29T23:56:27.925Z DEBUG blacksilk_p2p::net::blocks] peer 1: block c1b2fe6c4c21 at height 290 received
[2026-09-29T23:56:27.925Z DEBUG blacksilk_p2p::net::blocks] peer 4: block 66cc7221b4ff at height 294 received
[2026-09-29T23:56:27.925Z DEBUG blacksilk_p2p::net::blocks] peer 3: block f0d7b72ca5c8 at height 293 received
[2026-09-29T23:56:27.925Z DEBUG blacksilk_p2p::net::blocks] peer 1: block 9e2d41622f99 at height 292 received
[2026-09-29T23:56:27.925Z DEBUG blacksilk_p2p::net::blocks] peer 3: block 318ff230d924 at height 295 received
[2026-09-29T23:56:27.925Z DEBUG blacksilk_p2p::net::blocks] peer 2: block 5144bd7b8fb5 at height 289 received
[2026-09-29T23:56:27.925Z DEBUG blacksilk_p2p::net::blocks] peer 2: block 3758366983d3 at height 296 received
[2026-09-29T23:56:29.031Z DEBUG blacksilk_p2p::net::blocks] peer 2: block cf8c2affd31f at height 299 received
[2026-09-29T23:56:29.031Z DEBUG blacksilk_p2p::net::blocks] peer 2: block c5f8a484b63a at height 300 received
[2026-09-29T23:56:29.032Z DEBUG blacksilk_p2p::net::blocks] peer 5: block ff8199ca9d11 at height 303 received
[2026-09-29T23:56:29.096Z DEBUG blacksilk_p2p::net::blocks] peer 3: block 0311c19f6ae8 at height 301 received
[2026-09-29T23:56:29.096Z DEBUG blacksilk_p2p::net::blocks] peer 3: block 9a2c9049ab82 at height 304 received
[2026-09-29T23:56:29.113Z DEBUG blacksilk_p2p::net::blocks] peer 4: block 6d8fc71fad34 at height 297 received
[2026-09-29T23:56:29.113Z DEBUG blacksilk_p2p::net::blocks] peer 4: block f4529fb80eec at height 298 received
[2026-09-29T23:56:29.113Z DEBUG blacksilk_p2p::net::blocks] peer 4: block 6218b67ee4c9 at height 302 received
[2026-09-29T23:56:30.097Z DEBUG blacksilk_p2p::net::blocks] peer 5: block b5d0ee297f2f at height 308 received
[2026-09-29T23:56:30.097Z DEBUG blacksilk_p2p::net::blocks] peer 4: block 2e92037db53f at height 307 received
[2026-09-29T23:56:30.097Z DEBUG blacksilk_p2p::net::blocks] peer 2: block 982c0aec00e4 at height 305 received
[2026-09-29T23:56:30.097Z DEBUG blacksilk_p2p::net::blocks] peer 4: block 28ed8f8cad13 at height 311 received
[2026-09-29T23:56:30.097Z DEBUG blacksilk_p2p::net::blocks] peer 2: block 7603270c7ede at height 310 received
[2026-09-29T23:56:30.097Z DEBUG blacksilk_p2p::net::blocks] peer 4: block 4186818b7ca0 at height 312 received
[2026-09-29T23:56:30.098Z DEBUG blacksilk_p2p::net::blocks] peer 1: block fe19aec0b263 at height 306 received
[2026-09-29T23:56:30.098Z DEBUG blacksilk_p2p::net::blocks] peer 1: block aa3646146d2c at height 309 received
[2026-09-29T23:56:31.179Z DEBUG blacksilk_p2p::net::blocks] peer 3: block 53cc4da8ed6b at height 316 received
[2026-09-29T23:56:31.179Z DEBUG blacksilk_p2p::net::blocks] peer 4: block 675985cb62d4 at height 315 received
[2026-09-29T23:56:31.179Z DEBUG blacksilk_p2p::net::blocks] peer 1: block b8325d10b43a at height 313 received
[2026-09-29T23:56:31.220Z DEBUG blacksilk_p2p::net::blocks] peer 4: block 2c639e186947 at height 317 received
[2026-09-29T23:56:31.221Z DEBUG blacksilk_p2p::net::blocks] peer 1: block d10c35917a41 at height 314 received
[2026-09-29T23:56:31.248Z DEBUG blacksilk_p2p::net::blocks] peer 2: block eaaf35e326e9 at height 318 received
[2026-09-29T23:56:31.248Z DEBUG blacksilk_p2p::net::blocks] peer 2: block e31c40764f61 at height 319 received
[2026-09-29T23:56:31.248Z DEBUG blacksilk_p2p::net::blocks] peer 2: block 5c09efac21e3 at height 320 received
[2026-09-29T23:56:32.252Z DEBUG blacksilk_p2p::net::blocks] peer 4: block 82bff4990c68 at height 323 received
[2026-09-29T23:56:32.252Z DEBUG blacksilk_p2p::net::blocks] peer 3: block 802c4628c716 at height 325 received
[2026-09-29T23:56:32.291Z DEBUG blacksilk_p2p::net::blocks] peer 4: block f6c02782937b at height 328 received
[2026-09-29T23:56:32.368Z DEBUG blacksilk_p2p::net::blocks] peer 3: block 4001b75a6286 at height 326 received
[2026-09-29T23:56:32.368Z DEBUG blacksilk_p2p::net::blocks] peer 3: block 219b863ddd5c at height 327 received
[2026-09-29T23:56:32.368Z DEBUG blacksilk_p2p::net::blocks] peer 5: block 6a63aebda0b6 at height 321 received
[2026-09-29T23:56:32.369Z DEBUG blacksilk_p2p::net::blocks] peer 2: block 25236e88c3d0 at height 322 received
[2026-09-29T23:56:32.369Z DEBUG blacksilk_p2p::net::blocks] peer 2: block 354c36423256 at height 324 received
[2026-09-29T23:56:33.337Z DEBUG blacksilk_p2p::net::blocks] peer 5: block 6f9934aa8c78 at height 329 received
[2026-09-29T23:56:33.337Z DEBUG blacksilk_p2p::net::blocks] peer 3: block 0347899d13c0 at height 330 received
[2026-09-29T23:56:33.337Z DEBUG blacksilk_p2p::net::blocks] peer 5: block 4f1e714dc0b0 at height 332 received
[2026-09-29T23:56:33.337Z DEBUG blacksilk_p2p::net::blocks] peer 3: block 4f04cbb6fae6 at height 333 received
[2026-09-29T23:56:33.338Z DEBUG blacksilk_p2p::net::blocks] peer 3: block dcd63ae03a04 at height 336 received
[2026-09-29T23:56:33.360Z DEBUG blacksilk_p2p::net::blocks] peer 4: block 241ff95055eb at height 331 received
[2026-09-29T23:56:33.361Z DEBUG blacksilk_p2p::net::blocks] peer 2: block b0d4ed72d0d8 at height 334 received
[2026-09-29T23:56:33.362Z DEBUG blacksilk_p2p::net::blocks] peer 2: block 13d1957ccf8a at height 335 received
[2026-09-29T23:56:34.066Z DEBUG blacksilk_p2p::net::headers] peer 1: 341 headers up to height 341 accepted (new: true)
[2026-09-29T23:56:34.067Z DEBUG blacksilk_p2p::net::blocks] peer 2: block e3427c274d74 at height 337 received
[2026-09-29T23:56:34.067Z DEBUG blacksilk_p2p::net::blocks] peer 1: block 7de63ba4a4ef at height 338 received
[2026-09-29T23:56:34.067Z DEBUG blacksilk_p2p::net::blocks] peer 1: block 342041b5152a at height 340 received
[2026-09-29T23:56:34.067Z DEBUG blacksilk_p2p::net::blocks] peer 5: block 74b38db0f066 at height 339 received
[2026-09-29T23:56:34.067Z DEBUG blacksilk_p2p::net::blocks] peer 1: block bd3ef08a6b43 at height 341 received
[2026-09-29T23:56:34.070Z DEBUG blacksilk_p2p::net::headers] peer 2: 333 headers up to height 341 accepted (new: false)
[2026-09-29T23:56:34.075Z DEBUG blacksilk_p2p::net::headers] peer 3: 333 headers up to height 341 accepted (new: false)
[2026-09-29T23:56:34.087Z DEBUG blacksilk_p2p::net::headers] peer 4: 333 headers up to height 341 accepted (new: false)
[2026-09-29T23:56:34.087Z DEBUG blacksilk_p2p::net::headers] peer 5: 333 headers up to height 341 accepted (new: false)
