[2026-09-29T03:50:00.185Z DEBUG blacksilk_p2p::net::headers] peer 2: 1 headers up to height 2031 accepted (new: true)
[2026-09-29T03:50:00.261Z DEBUG blacksilk_p2p::net::blocks] peer 2: block e7f598221c22 at height 2031 received
[2026-09-29T03:50:00.467Z DEBUG blacksilk_p2p::net::headers] peer 18: 1 headers up to height 2031 accepted (new: false)
[2026-09-29T03:50:00.467Z DEBUG blacksilk_p2p::net::headers] peer 17: 1 headers up to height 2031 accepted (new: false)
[2026-09-29T03:50:00.494Z DEBUG blacksilk_p2p::net::headers] peer 19: 1 headers up to height 2031 accepted (new: false)
[2026-09-29T03:50:05.787Z DEBUG blacksilk_p2p::net::headers] peer 2: 1 headers up to height 2032 accepted (new: true)
[2026-09-29T03:50:05.870Z DEBUG blacksilk_p2p::net::blocks] peer 2: block 17232aef7f4b at height 2032 received
[2026-09-29T03:50:06.040Z DEBUG blacksilk_p2p::net::headers] peer 18: 1 headers up to height 2032 accepted (new: false)
[2026-09-29T03:50:06.040Z DEBUG blacksilk_p2p::net::headers] peer 17: 1 headers up to height 2032 accepted (new: false)
[2026-09-29T03:50:11.378Z DEBUG blacksilk_p2p::net::headers] peer 2: 1 headers up to height 2033 accepted (new: true)
[2026-09-29T03:50:11.448Z DEBUG blacksilk_p2p::net::blocks] peer 2: block 2695c68df641 at height 2033 received
[2026-09-29T03:50:11.611Z DEBUG blacksilk_p2p::net::headers] peer 17: 1 headers up to height 2033 accepted (new: false)
[2026-09-29T03:50:11.611Z DEBUG blacksilk_p2p::net::headers] peer 18: 1 headers up to height 2033 accepted (new: false)
[2026-09-29T03:50:14.203Z DEBUG blacksilk_p2p::net::stem] stem tx de04dfb624c5 -> peer 18
[2026-09-29T03:50:16.686Z DEBUG blacksilk_p2p::net::headers] peer 2: 1 headers up to height 2034 accepted (new: true)
[2026-09-29T03:50:16.765Z DEBUG blacksilk_p2p::net::blocks] peer 2: block 1b2d63f06135 at height 2034 received
[2026-09-29T03:50:21.264Z DEBUG blacksilk_p2p::net::headers] peer 2: 1 headers up to height 2035 accepted (new: true)
[2026-09-29T03:50:21.341Z DEBUG blacksilk_p2p::net::blocks] peer 2: block 26699727304b at height 2035 received
[2026-09-29T03:50:21.377Z DEBUG blacksilk_p2p::net::headers] peer 17: 1 headers up to height 2035 accepted (new: false)
[2026-09-29T03:50:21.377Z DEBUG blacksilk_p2p::net::headers] peer 19: 1 headers up to height 2035 accepted (new: false)
[2026-09-29T03:50:21.377Z DEBUG blacksilk_p2p::net::headers] peer 18: 1 headers up to height 2035 accepted (new: false)
[2026-09-29T03:50:34.291Z DEBUG blacksilk_p2p::net::stem] stem tx aaf64e5a0610 -> peer 18
[2026-09-29T03:50:36.737Z DEBUG blacksilk_p2p::net::maintenance] embargo expired for 8381571477f5
[2026-09-29T03:50:36.743Z DEBUG blacksilk_p2p::net::stem] fluff tx 8381571477f5
[2026-09-29T03:50:44.128Z DEBUG blacksilk_p2p::net::headers] peer 2: 1 headers up to height 2036 accepted (new: true)
[2026-09-29T03:50:44.200Z DEBUG blacksilk_p2p::net::blocks] peer 2: block cd388c9c76e1 at height 2036 received
[2026-09-29T03:50:44.282Z DEBUG blacksilk_p2p::net::headers] peer 19: 1 headers up to height 2036 accepted (new: false)
[2026-09-29T03:50:44.344Z DEBUG blacksilk_p2p::net::headers] peer 18: 1 headers up to height 2036 accepted (new: false)
[2026-09-29T03:50:44.344Z DEBUG blacksilk_p2p::net::headers] peer 17: 1 headers up to height 2036 accepted (new: false)
[2026-09-29T03:50:50.176Z DEBUG blacksilk_p2p::net::headers] peer 2: 1 headers up to height 2037 accepted (new: true)
[2026-09-29T03:50:50.265Z DEBUG blacksilk_p2p::net::blocks] peer 2: block fc23cc77fe2a at height 2037 received
[2026-09-29T03:50:50.343Z DEBUG blacksilk_p2p::net::headers] peer 19: 1 headers up to height 2037 accepted (new: false)
[2026-09-29T03:50:50.414Z DEBUG blacksilk_p2p::net::headers] peer 18: 1 headers up to height 2037 accepted (new: false)
[2026-09-29T03:50:50.414Z DEBUG blacksilk_p2p::net::headers] peer 17: 1 headers up to height 2037 accepted (new: false)
[2026-09-29T03:50:54.453Z DEBUG blacksilk_p2p::net::stem] stem tx 8efd0870fd8f -> peer 18
[2026-09-29T03:50:58.540Z DEBUG blacksilk_p2p::net::headers] peer 2: 1 headers up to height 2038 accepted (new: true)
[2026-09-29T03:50:58.606Z DEBUG blacksilk_p2p::net::blocks] peer 2: block 7ecd31d2fe23 at height 2038 received
[2026-09-29T03:50:58.734Z DEBUG blacksilk_p2p::net::headers] peer 19: 1 headers up to height 2038 accepted (new: false)
[2026-09-29T03:50:58.785Z DEBUG blacksilk_p2p::net::headers] peer 18: 1 headers up to height 2038 accepted (new: false)
[2026-09-29T03:50:58.785Z DEBUG blacksilk_p2p::net::headers] peer 17: 1 headers up to height 2038 accepted (new: false)
[2026-09-29T03:51:00.432Z DEBUG blacksilk_p2p::net::headers] peer 2: 1 headers up to height 2039 accepted (new: true)
[2026-09-29T03:51:00.493Z DEBUG blacksilk_p2p::net::blocks] peer 2: block d984116955f9 at height 2039 received
[2026-09-29T03:51:00.628Z DEBUG blacksilk_p2p::net::headers] peer 18: 1 headers up to height 2039 accepted (new: false)
[2026-09-29T03:51:00.629Z DEBUG blacksilk_p2p::net::headers] peer 17: 1 headers up to height 2039 accepted (new: false)
[2026-09-29T03:51:09.083Z DEBUG blacksilk_p2p::net::headers] peer 2: 1 headers up to height 2040 accepted (new: true)
[2026-09-29T03:51:09.162Z DEBUG blacksilk_p2p::net::blocks] peer 2: block 39a4d2084fc4 at height 2040 received
[2026-09-29T03:51:09.259Z DEBUG blacksilk_p2p::net::headers] peer 19: 1 headers up to height 2040 accepted (new: false)
[2026-09-29T03:51:09.344Z DEBUG blacksilk_p2p::net::headers] peer 18: 1 headers up to height 2040 accepted (new: false)
[2026-09-29T03:51:09.344Z DEBUG blacksilk_p2p::net::headers] peer 17: 1 headers up to height 2040 accepted (new: false)
[2026-09-29T03:51:14.655Z DEBUG blacksilk_p2p::net::stem] stem tx 1a9a57334271 -> peer 18
[2026-09-29T03:51:18.263Z DEBUG blacksilk_p2p::net::maintenance] embargo expired for 8efd0870fd8f
[2026-09-29T03:51:18.268Z DEBUG blacksilk_p2p::net::stem] fluff tx 8efd0870fd8f
[2026-09-29T03:51:26.112Z DEBUG blacksilk_p2p::net::headers] peer 2: 1 headers up to height 2041 accepted (new: true)
[2026-09-29T03:51:26.197Z DEBUG blacksilk_p2p::net::blocks] peer 2: block 212fb0dcaea4 at height 2041 received
[2026-09-29T03:51:26.438Z DEBUG blacksilk_p2p::net::headers] peer 18: 1 headers up to height 2041 accepted (new: false)
[2026-09-29T03:51:26.438Z DEBUG blacksilk_p2p::net::headers] peer 17: 1 headers up to height 2041 accepted (new: false)
[2026-09-29T03:51:38.415Z DEBUG blacksilk_p2p::net::headers] peer 2: 1 headers up to height 2042 accepted (new: true)
[2026-09-29T03:51:38.485Z DEBUG blacksilk_p2p::net::blocks] peer 2: block 6bbc256771a3 at height 2042 received
[2026-09-29T03:51:38.584Z DEBUG blacksilk_p2p::net::headers] peer 19: 1 headers up to height 2042 accepted (new: false)
[2026-09-29T03:51:38.735Z DEBUG blacksilk_p2p::net::headers] peer 18: 1 headers up to height 2042 accepted (new: false)
[2026-09-29T03:51:38.735Z DEBUG blacksilk_p2p::net::headers] peer 17: 1 headers up to height 2042 accepted (new: false)
[2026-09-29T03:51:39.797Z DEBUG blacksilk_p2p::net::headers] peer 2: 1 headers up to height 2043 accepted (new: true)
[2026-09-29T03:51:39.889Z DEBUG blacksilk_p2p::net::blocks] peer 2: block 87f6e4abcb69 at height 2043 received
[2026-09-29T03:51:40.046Z DEBUG blacksilk_p2p::net::headers] peer 18: 1 headers up to height 2043 accepted (new: false)
[2026-09-29T03:51:40.046Z DEBUG blacksilk_p2p::net::headers] peer 17: 1 headers up to height 2043 accepted (new: false)
[2026-09-29T03:51:43.749Z INFO  blacksilk_p2p::net::conn] disconnected peer 127.0.0.1:50243
[2026-09-29T03:51:43.749Z INFO  blacksilk_p2p::net::conn] disconnected peer 127.0.0.1:50242
[2026-09-29T03:51:43.749Z INFO  blacksilk_p2p::net::conn] disconnected peer 127.0.0.1:36708
[2026-09-29T03:51:45.759Z DEBUG blacksilk_p2p::net::conn] 127.0.0.1:50242: transport handshake failed: Io(Os { code: 10054, kind: ConnectionReset, message: "An existing connection was forcibly closed by the remote host." })
[2026-09-29T03:51:45.759Z DEBUG blacksilk_p2p::net::conn] 127.0.0.1:50243: transport handshake failed: Io(Os { code: 10054, kind: ConnectionReset, message: "An existing connection was forcibly closed by the remote host." })
[2026-09-29T03:51:49.940Z DEBUG blacksilk_p2p::net::headers] peer 2: 1 headers up to height 2044 accepted (new: true)
[2026-09-29T03:51:49.993Z DEBUG blacksilk_p2p::net::blocks] peer 2: block f61f983fa519 at height 2044 received
[2026-09-29T03:51:56.284Z DEBUG blacksilk_p2p::net::conn] 127.0.0.1:50243: transport handshake failed: Io(Os { code: 10054, kind: ConnectionReset, message: "An existing connection was forcibly closed by the remote host." })
[2026-09-29T03:51:56.284Z DEBUG blacksilk_p2p::net::conn] 127.0.0.1:50242: transport handshake failed: Io(Os { code: 10053, kind: ConnectionAborted, message: "An established connection was aborted by the software in your host machine." })
[2026-09-29T03:52:06.784Z DEBUG blacksilk_p2p::net::conn] 127.0.0.1:50243: transport handshake failed: Io(Custom { kind: UnexpectedEof, error: "early eof" })
[2026-09-29T03:52:06.784Z DEBUG blacksilk_p2p::net::conn] 127.0.0.1:50242: transport handshake failed: Io(Os { code: 10054, kind: ConnectionReset, message: "An existing connection was forcibly closed by the remote host." })
[2026-09-29T03:52:10.485Z DEBUG blacksilk_p2p::net::headers] peer 2: 1 headers up to height 2045 accepted (new: true)
[2026-09-29T03:52:10.546Z DEBUG blacksilk_p2p::net::blocks] peer 2: block 56144709b9ac at height 2045 received
[2026-09-29T03:52:14.638Z DEBUG blacksilk_p2p::net::headers] peer 2: 1 headers up to height 2046 accepted (new: true)
[2026-09-29T03:52:14.722Z DEBUG blacksilk_p2p::net::blocks] peer 2: block c6f2efbe4fe8 at height 2046 received
[2026-09-29T03:52:14.894Z DEBUG blacksilk_p2p::net::stem] local tx adbeeb06b958 held until a stem peer exists
[2026-09-29T03:52:17.304Z DEBUG blacksilk_p2p::net::conn] 127.0.0.1:50243: transport handshake failed: Io(Custom { kind: UnexpectedEof, error: "early eof" })
[2026-09-29T03:52:17.304Z DEBUG blacksilk_p2p::net::conn] 127.0.0.1:50242: transport handshake failed: Io(Os { code: 10053, kind: ConnectionAborted, message: "An established connection was aborted by the software in your host machine." })
[2026-09-29T03:52:27.849Z DEBUG blacksilk_p2p::net::conn] 127.0.0.1:50242: transport handshake failed: Io(Os { code: 10054, kind: ConnectionReset, message: "An existing connection was forcibly closed by the remote host." })
[2026-09-29T03:52:27.849Z DEBUG blacksilk_p2p::net::conn] 127.0.0.1:50243: transport handshake failed: Io(Os { code: 10054, kind: ConnectionReset, message: "An existing connection was forcibly closed by the remote host." })
[2026-09-29T03:52:29.099Z DEBUG blacksilk_p2p::net::headers] peer 2: 1 headers up to height 2047 accepted (new: true)
[2026-09-29T03:52:29.175Z DEBUG blacksilk_p2p::net::blocks] peer 2: block 8cfa667197f4 at height 2047 received
[2026-09-29T03:52:32.066Z DEBUG blacksilk_p2p::net::headers] peer 2: 1 headers up to height 2048 accepted (new: true)
[2026-09-29T03:52:32.136Z DEBUG blacksilk_p2p::net::blocks] peer 2: block 3bbf6fb874d6 at height 2048 received
[2026-09-29T03:52:38.540Z DEBUG blacksilk_p2p::net::conn] 127.0.0.1:50242: transport handshake failed: Io(Custom { kind: UnexpectedEof, error: "early eof" })
[2026-09-29T03:52:38.540Z DEBUG blacksilk_p2p::net::conn] 127.0.0.1:50243: transport handshake failed: Io(Os { code: 10053, kind: ConnectionAborted, message: "An established connection was aborted by the software in your host machine." })
[2026-09-29T03:52:49.287Z DEBUG blacksilk_p2p::net::conn] 127.0.0.1:50243: transport handshake failed: Io(Custom { kind: UnexpectedEof, error: "early eof" })
[2026-09-29T03:52:49.287Z DEBUG blacksilk_p2p::net::conn] 127.0.0.1:50242: transport handshake failed: Io(Os { code: 10054, kind: ConnectionReset, message: "An existing connection was forcibly closed by the remote host." })
[2026-09-29T03:52:51.451Z DEBUG blacksilk_p2p::net::headers] peer 2: 1 headers up to height 2049 accepted (new: true)
[2026-09-29T03:52:51.518Z DEBUG blacksilk_p2p::net::blocks] peer 2: block 07e7f2f04c23 at height 2049 received
[2026-09-29T03:53:00.247Z DEBUG blacksilk_p2p::net::conn] 127.0.0.1:50242: transport handshake failed: Io(Os { code: 10054, kind: ConnectionReset, message: "An existing connection was forcibly closed by the remote host." })
[2026-09-29T03:53:00.247Z DEBUG blacksilk_p2p::net::conn] 127.0.0.1:50243: transport handshake failed: Io(Os { code: 10054, kind: ConnectionReset, message: "An existing connection was forcibly closed by the remote host." })
[2026-09-29T03:53:09.836Z DEBUG blacksilk_p2p::net::headers] peer 2: 1 headers up to height 2050 accepted (new: true)
[2026-09-29T03:53:09.903Z DEBUG blacksilk_p2p::net::blocks] peer 2: block adad1f3dbd83 at height 2050 received
[2026-09-29T03:53:10.974Z DEBUG blacksilk_p2p::net::conn] 127.0.0.1:50243: transport handshake failed: Io(Os { code: 10054, kind: ConnectionReset, message: "An existing connection was forcibly closed by the remote host." })
[2026-09-29T03:53:10.974Z DEBUG blacksilk_p2p::net::conn] 127.0.0.1:50242: transport handshake failed: Io(Os { code: 10054, kind: ConnectionReset, message: "An existing connection was forcibly closed by the remote host." })
[2026-09-29T03:53:13.117Z DEBUG blacksilk_p2p::net::stem] local tx 11708acac041 held until a stem peer exists
[2026-09-29T03:53:15.044Z DEBUG blacksilk_p2p::net::headers] peer 2: 1 headers up to height 2051 accepted (new: true)
[2026-09-29T03:53:15.111Z DEBUG blacksilk_p2p::net::blocks] peer 2: block c8e677a44bce at height 2051 received
[2026-09-29T03:53:21.714Z DEBUG blacksilk_p2p::net::conn] 127.0.0.1:50243: transport handshake failed: Io(Custom { kind: UnexpectedEof, error: "early eof" })
[2026-09-29T03:53:21.714Z DEBUG blacksilk_p2p::net::conn] 127.0.0.1:50242: transport handshake failed: Io(Os { code: 10054, kind: ConnectionReset, message: "An existing connection was forcibly closed by the remote host." })
[2026-09-29T03:53:30.829Z DEBUG blacksilk_p2p::net::maintenance] embargo expired for adbeeb06b958
[2026-09-29T03:53:30.835Z DEBUG blacksilk_p2p::net::stem] fluff tx adbeeb06b958
[2026-09-29T03:53:32.779Z DEBUG blacksilk_p2p::net::conn] 127.0.0.1:50243: transport handshake failed: Io(Custom { kind: UnexpectedEof, error: "early eof" })
[2026-09-29T03:53:32.779Z DEBUG blacksilk_p2p::net::conn] 127.0.0.1:50242: transport handshake failed: Io(Os { code: 10053, kind: ConnectionAborted, message: "An established connection was aborted by the software in your host machine." })
[2026-09-29T03:53:33.463Z DEBUG blacksilk_p2p::net::stem] local tx 386c1a346a17 held until a stem peer exists
[2026-09-29T03:53:43.544Z DEBUG blacksilk_p2p::net::conn] 127.0.0.1:50243: transport handshake failed: Io(Os { code: 10053, kind: ConnectionAborted, message: "An established connection was aborted by the software in your host machine." })
[2026-09-29T03:53:43.544Z DEBUG blacksilk_p2p::net::conn] 127.0.0.1:50242: transport handshake failed: Io(Custom { kind: UnexpectedEof, error: "early eof" })
[2026-09-29T03:53:45.123Z DEBUG blacksilk_p2p::net::headers] peer 2: 1 headers up to height 2052 accepted (new: true)
[2026-09-29T03:53:45.188Z DEBUG blacksilk_p2p::net::blocks] peer 2: block 52a2e67ab0d4 at height 2052 received
[2026-09-29T03:53:54.403Z DEBUG blacksilk_p2p::net::conn] 127.0.0.1:50242: transport handshake failed: Io(Custom { kind: UnexpectedEof, error: "early eof" })
[2026-09-29T03:53:54.403Z DEBUG blacksilk_p2p::net::conn] 127.0.0.1:50243: transport handshake failed: Io(Os { code: 10053, kind: ConnectionAborted, message: "An established connection was aborted by the software in your host machine." })
[2026-09-29T03:54:05.230Z DEBUG blacksilk_p2p::net::conn] 127.0.0.1:50243: transport handshake failed: Io(Os { code: 10053, kind: ConnectionAborted, message: "An established connection was aborted by the software in your host machine." })
[2026-09-29T03:54:05.230Z DEBUG blacksilk_p2p::net::conn] 127.0.0.1:50242: transport handshake failed: Io(Os { code: 10053, kind: ConnectionAborted, message: "An established connection was aborted by the software in your host machine." })
[2026-09-29T03:54:14.838Z DEBUG blacksilk_p2p::net::headers] peer 2: 1 headers up to height 2053 accepted (new: true)
[2026-09-29T03:54:14.907Z DEBUG blacksilk_p2p::net::blocks] peer 2: block 5c85dbbbf3f5 at height 2053 received
[2026-09-29T03:54:16.165Z DEBUG blacksilk_p2p::net::conn] 127.0.0.1:50242: transport handshake failed: Io(Os { code: 10053, kind: ConnectionAborted, message: "An established connection was aborted by the software in your host machine." })
[2026-09-29T03:54:16.165Z DEBUG blacksilk_p2p::net::conn] 127.0.0.1:50243: transport handshake failed: Io(Custom { kind: UnexpectedEof, error: "early eof" })
[2026-09-29T03:54:18.775Z DEBUG blacksilk_p2p::net::maintenance] embargo expired for 11708acac041
[2026-09-29T03:54:18.781Z DEBUG blacksilk_p2p::net::stem] fluff tx 11708acac041
[2026-09-29T03:54:23.935Z DEBUG blacksilk_p2p::net::headers] peer 2: 1 headers up to height 2054 accepted (new: true)
[2026-09-29T03:54:24.011Z DEBUG blacksilk_p2p::net::blocks] peer 2: block 096cca3c6fc0 at height 2054 received
[2026-09-29T03:54:25.826Z DEBUG blacksilk_p2p::net::headers] peer 2: 1 headers up to height 2055 accepted (new: true)
[2026-09-29T03:54:25.922Z DEBUG blacksilk_p2p::net::blocks] peer 2: block 241e9f81d03f at height 2055 received
[2026-09-29T03:54:26.925Z DEBUG blacksilk_p2p::net::conn] 127.0.0.1:50243: transport handshake failed: Io(Os { code: 10053, kind: ConnectionAborted, message: "An established connection was aborted by the software in your host machine." })
[2026-09-29T03:54:26.925Z DEBUG blacksilk_p2p::net::conn] 127.0.0.1:50242: transport handshake failed: Io(Os { code: 10054, kind: ConnectionReset, message: "An existing connection was forcibly closed by the remote host." })
[2026-09-29T03:54:33.701Z DEBUG blacksilk_p2p::net::stem] fluff tx e3f4c49c18ca
[2026-09-29T03:54:34.918Z DEBUG blacksilk_p2p::net::maintenance] embargo expired for 386c1a346a17
[2026-09-29T03:54:34.939Z DEBUG blacksilk_p2p::net::stem] fluff tx 386c1a346a17
[2026-09-29T03:54:37.005Z DEBUG blacksilk_p2p::net::headers] peer 2: 1 headers up to height 2056 accepted (new: true)
[2026-09-29T03:54:37.121Z DEBUG blacksilk_p2p::net::blocks] peer 2: block 1e0db94d1578 at height 2056 received
[2026-09-29T03:54:37.885Z DEBUG blacksilk_p2p::net::conn] 127.0.0.1:50242: transport handshake failed: Io(Custom { kind: UnexpectedEof, error: "early eof" })
[2026-09-29T03:54:37.885Z DEBUG blacksilk_p2p::net::conn] 127.0.0.1:50243: transport handshake failed: Io(Os { code: 10054, kind: ConnectionReset, message: "An existing connection was forcibly closed by the remote host." })
[2026-09-29T03:54:48.950Z INFO  blacksilk_p2p::net::conn] connected outbound peer 127.0.0.1:50242 (height 2044)
[2026-09-29T03:54:48.950Z INFO  blacksilk_p2p::net::conn] connected outbound peer 127.0.0.1:50243 (height 2044)
[2026-09-29T03:54:54.775Z DEBUG blacksilk_p2p::net::headers] peer 2: 1 headers up to height 2057 accepted (new: true)
[2026-09-29T03:54:54.775Z DEBUG blacksilk_p2p::net::headers] peer 20: 1 headers up to height 2057 accepted (new: false)
[2026-09-29T03:54:54.855Z DEBUG blacksilk_p2p::net::blocks] peer 2: block 55e68da70eb5 at height 2057 received
[2026-09-29T03:54:57.917Z INFO  blacksilk_p2p::net::conn] connected inbound peer 127.0.0.1:40197 (height 2057)
[2026-09-29T03:55:09.267Z DEBUG blacksilk_p2p::net::headers] peer 2: 1 headers up to height 2058 accepted (new: true)
[2026-09-29T03:55:09.278Z DEBUG blacksilk_p2p::net::headers] peer 21: 1 headers up to height 2058 accepted (new: false)
[2026-09-29T03:55:09.278Z DEBUG blacksilk_p2p::net::headers] peer 20: 1 headers up to height 2058 accepted (new: false)
[2026-09-29T03:55:09.278Z DEBUG blacksilk_p2p::net::headers] peer 22: 1 headers up to height 2058 accepted (new: false)
[2026-09-29T03:55:09.374Z DEBUG blacksilk_p2p::net::blocks] peer 2: block 14fd610b39e3 at height 2058 received
[2026-09-29T03:55:16.992Z DEBUG blacksilk_p2p::net::stem] stem tx a6d93423aedd -> peer 20
[2026-09-29T03:55:32.785Z DEBUG blacksilk_p2p::net::stem] fluff tx c1ab670d8595
[2026-09-29T03:55:45.510Z DEBUG blacksilk_p2p::net::headers] peer 2: 1 headers up to height 2059 accepted (new: true)
[2026-09-29T03:55:45.586Z DEBUG blacksilk_p2p::net::blocks] peer 2: block 70b62de68e81 at height 2059 received
[2026-09-29T03:55:45.867Z DEBUG blacksilk_p2p::net::headers] peer 21: 1 headers up to height 2059 accepted (new: false)
[2026-09-29T03:55:45.868Z DEBUG blacksilk_p2p::net::headers] peer 22: 1 headers up to height 2059 accepted (new: false)
[2026-09-29T03:55:45.883Z DEBUG blacksilk_p2p::net::headers] peer 20: 1 headers up to height 2059 accepted (new: false)
[2026-09-29T03:55:49.390Z DEBUG blacksilk_p2p::net::headers] peer 2: 1 headers up to height 2060 accepted (new: true)
[2026-09-29T03:55:49.502Z DEBUG blacksilk_p2p::net::blocks] peer 2: block 1083eeb388c3 at height 2060 received
[2026-09-29T03:55:49.711Z DEBUG blacksilk_p2p::net::headers] peer 20: 1 headers up to height 2060 accepted (new: false)
[2026-09-29T03:55:58.685Z DEBUG blacksilk_p2p::net::headers] peer 2: 1 headers up to height 2061 accepted (new: true)
[2026-09-29T03:55:58.935Z DEBUG blacksilk_p2p::net::blocks] peer 2: block 5543263e4052 at height 2061 received
[2026-09-29T03:55:59.126Z DEBUG blacksilk_p2p::net::headers] peer 22: 1 headers up to height 2061 accepted (new: false)
[2026-09-29T03:55:59.126Z DEBUG blacksilk_p2p::net::headers] peer 21: 1 headers up to height 2061 accepted (new: false)
[2026-09-29T03:55:59.247Z DEBUG blacksilk_p2p::net::headers] peer 20: 1 headers up to height 2061 accepted (new: false)
[2026-09-29T03:56:02.770Z DEBUG blacksilk_p2p::net::headers] peer 2: 1 headers up to height 2062 accepted (new: true)
[2026-09-29T03:56:02.841Z DEBUG blacksilk_p2p::net::blocks] peer 2: block c9bcc3ddec87 at height 2062 received
[2026-09-29T03:56:02.857Z DEBUG blacksilk_p2p::net::headers] peer 21: 1 headers up to height 2062 accepted (new: false)
[2026-09-29T03:56:02.857Z DEBUG blacksilk_p2p::net::headers] peer 22: 1 headers up to height 2062 accepted (new: false)
[2026-09-29T03:56:02.957Z DEBUG blacksilk_p2p::net::headers] peer 20: 1 headers up to height 2062 accepted (new: false)
[2026-09-29T03:56:03.556Z DEBUG blacksilk_p2p::net::stem] fluff tx a0a832feefe9
[2026-09-29T03:56:32.126Z DEBUG blacksilk_p2p::net::stem] fluff tx 4f030e3a4f82
[2026-09-29T03:56:57.295Z DEBUG blacksilk_p2p::net::headers] peer 2: 1 headers up to height 2063 accepted (new: true)
[2026-09-29T03:56:57.295Z DEBUG blacksilk_p2p::net::headers] peer 21: 1 headers up to height 2063 accepted (new: false)
[2026-09-29T03:56:57.331Z DEBUG blacksilk_p2p::net::headers] peer 22: 1 headers up to height 2063 accepted (new: false)
[2026-09-29T03:56:57.416Z DEBUG blacksilk_p2p::net::blocks] peer 2: block 580bcd74b32a at height 2063 received
[2026-09-29T03:56:57.650Z DEBUG blacksilk_p2p::net::headers] peer 20: 1 headers up to height 2063 accepted (new: false)
[2026-09-29T03:57:10.410Z DEBUG blacksilk_p2p::net::headers] peer 2: 1 headers up to height 2064 accepted (new: true)
[2026-09-29T03:57:10.451Z DEBUG blacksilk_p2p::net::headers] peer 21: 1 headers up to height 2064 accepted (new: false)
[2026-09-29T03:57:10.451Z DEBUG blacksilk_p2p::net::headers] peer 22: 1 headers up to height 2064 accepted (new: false)
[2026-09-29T03:57:10.544Z DEBUG blacksilk_p2p::net::blocks] peer 2: block cd25ee70f856 at height 2064 received
[2026-09-29T03:57:10.544Z DEBUG blacksilk_p2p::net::headers] peer 20: 1 headers up to height 2064 accepted (new: false)
[2026-09-29T03:57:12.223Z DEBUG blacksilk_p2p::net::headers] peer 2: 1 headers up to height 2065 accepted (new: true)
[2026-09-29T03:57:12.223Z DEBUG blacksilk_p2p::net::headers] peer 22: 1 headers up to height 2065 accepted (new: false)
[2026-09-29T03:57:12.223Z DEBUG blacksilk_p2p::net::headers] peer 21: 1 headers up to height 2065 accepted (new: false)
[2026-09-29T03:57:12.223Z DEBUG blacksilk_p2p::net::headers] peer 20: 1 headers up to height 2065 accepted (new: false)
[2026-09-29T03:57:12.301Z DEBUG blacksilk_p2p::net::blocks] peer 2: block 75437ca0ac61 at height 2065 received
[2026-09-29T03:57:30.618Z DEBUG blacksilk_p2p::net::headers] peer 2: 1 headers up to height 2066 accepted (new: true)
[2026-09-29T03:57:30.731Z DEBUG blacksilk_p2p::net::blocks] peer 2: block c58e2ce92db1 at height 2066 received
[2026-09-29T03:57:32.696Z DEBUG blacksilk_p2p::net::stem] stem tx 459ac9fa1447 -> peer 20
[2026-09-29T03:57:34.129Z DEBUG blacksilk_p2p::net::headers] peer 2: 1 headers up to height 2067 accepted (new: true)
[2026-09-29T03:57:34.129Z DEBUG blacksilk_p2p::net::headers] peer 21: 1 headers up to height 2067 accepted (new: false)
[2026-09-29T03:57:34.129Z DEBUG blacksilk_p2p::net::headers] peer 22: 1 headers up to height 2067 accepted (new: false)
[2026-09-29T03:57:34.198Z DEBUG blacksilk_p2p::net::blocks] peer 2: block e9edde09d361 at height 2067 received
[2026-09-29T03:57:43.609Z DEBUG blacksilk_p2p::net::headers] peer 2: 1 headers up to height 2068 accepted (new: true)
[2026-09-29T03:57:43.681Z DEBUG blacksilk_p2p::net::blocks] peer 2: block 07d761051b0d at height 2068 received
[2026-09-29T03:57:49.841Z DEBUG blacksilk_p2p::net::headers] peer 2: 1 headers up to height 2069 accepted (new: true)
[2026-09-29T03:57:49.960Z DEBUG blacksilk_p2p::net::blocks] peer 2: block dc8cfca27e11 at height 2069 received
[2026-09-29T03:57:49.960Z DEBUG blacksilk_p2p::net::headers] peer 21: 1 headers up to height 2069 accepted (new: false)
[2026-09-29T03:57:49.976Z DEBUG blacksilk_p2p::net::headers] peer 22: 1 headers up to height 2069 accepted (new: false)
[2026-09-29T03:57:50.211Z DEBUG blacksilk_p2p::net::headers] peer 20: 1 headers up to height 2069 accepted (new: false)
[2026-09-29T03:57:52.833Z DEBUG blacksilk_p2p::net::stem] stem tx 6c73972c389a -> peer 20
[2026-09-29T03:58:00.494Z DEBUG blacksilk_p2p::net::headers] peer 2: 1 headers up to height 2070 accepted (new: true)
[2026-09-29T03:58:00.521Z DEBUG blacksilk_p2p::net::headers] peer 21: 1 headers up to height 2070 accepted (new: false)
[2026-09-29T03:58:00.545Z DEBUG blacksilk_p2p::net::blocks] peer 2: block 7b9ef58674c7 at height 2070 received
[2026-09-29T03:58:00.547Z DEBUG blacksilk_p2p::net::headers] peer 22: 1 headers up to height 2070 accepted (new: false)
[2026-09-29T03:58:00.749Z DEBUG blacksilk_p2p::net::headers] peer 20: 1 headers up to height 2070 accepted (new: false)
[2026-09-29T03:58:14.404Z DEBUG blacksilk_p2p::net::headers] peer 2: 1 headers up to height 2071 accepted (new: true)
[2026-09-29T03:58:14.466Z DEBUG blacksilk_p2p::net::blocks] peer 2: block c99320e204a2 at height 2071 received
[2026-09-29T03:58:14.482Z DEBUG blacksilk_p2p::net::headers] peer 21: 1 headers up to height 2071 accepted (new: false)
[2026-09-29T03:58:14.482Z DEBUG blacksilk_p2p::net::headers] peer 22: 1 headers up to height 2071 accepted (new: false)
[2026-09-29T03:58:27.173Z DEBUG blacksilk_p2p::net::headers] peer 2: 1 headers up to height 2072 accepted (new: true)
[2026-09-29T03:58:27.246Z DEBUG blacksilk_p2p::net::blocks] peer 2: block 5632ba177909 at height 2072 received
[2026-09-29T03:58:27.521Z DEBUG blacksilk_p2p::net::headers] peer 20: 1 headers up to height 2072 accepted (new: false)
[2026-09-29T03:58:29.760Z DEBUG blacksilk_p2p::net::headers] peer 2: 1 headers up to height 2073 accepted (new: true)
[2026-09-29T03:58:29.823Z DEBUG blacksilk_p2p::net::blocks] peer 2: block 5e08a0380e11 at height 2073 received
[2026-09-29T03:58:37.379Z DEBUG blacksilk_p2p::net::headers] peer 2: 1 headers up to height 2074 accepted (new: true)
[2026-09-29T03:58:37.456Z DEBUG blacksilk_p2p::net::blocks] peer 2: block 0d2f1bb36b84 at height 2074 received
[2026-09-29T03:58:37.559Z DEBUG blacksilk_p2p::net::headers] peer 21: 1 headers up to height 2074 accepted (new: false)
[2026-09-29T03:58:37.559Z DEBUG blacksilk_p2p::net::headers] peer 22: 1 headers up to height 2074 accepted (new: false)
[2026-09-29T03:58:37.785Z DEBUG blacksilk_p2p::net::headers] peer 20: 1 headers up to height 2074 accepted (new: false)
[2026-09-29T03:58:45.327Z DEBUG blacksilk_p2p::net::headers] peer 2: 1 headers up to height 2075 accepted (new: true)
[2026-09-29T03:58:45.404Z DEBUG blacksilk_p2p::net::blocks] peer 2: block 46a604b81db2 at height 2075 received
[2026-09-29T03:58:45.688Z DEBUG blacksilk_p2p::net::headers] peer 22: 1 headers up to height 2075 accepted (new: false)
[2026-09-29T03:58:45.688Z DEBUG blacksilk_p2p::net::headers] peer 20: 1 headers up to height 2075 accepted (new: false)
[2026-09-29T03:58:45.688Z DEBUG blacksilk_p2p::net::headers] peer 21: 1 headers up to height 2075 accepted (new: false)
[2026-09-29T03:58:49.759Z DEBUG blacksilk_p2p::net::headers] peer 2: 1 headers up to height 2076 accepted (new: true)
[2026-09-29T03:58:49.838Z DEBUG blacksilk_p2p::net::blocks] peer 2: block 9dab74227d0f at height 2076 received
[2026-09-29T03:58:49.899Z DEBUG blacksilk_p2p::net::headers] peer 22: 1 headers up to height 2076 accepted (new: false)
[2026-09-29T03:58:49.899Z DEBUG blacksilk_p2p::net::headers] peer 20: 1 headers up to height 2076 accepted (new: false)
[2026-09-29T03:58:49.899Z DEBUG blacksilk_p2p::net::headers] peer 21: 1 headers up to height 2076 accepted (new: false)
[2026-09-29T03:58:56.888Z DEBUG blacksilk_p2p::net::headers] peer 2: 1 headers up to height 2077 accepted (new: true)
[2026-09-29T03:58:56.957Z DEBUG blacksilk_p2p::net::blocks] peer 2: block 62652180f429 at height 2077 received
[2026-09-29T03:58:56.998Z DEBUG blacksilk_p2p::net::headers] peer 21: 1 headers up to height 2077 accepted (new: false)
[2026-09-29T03:58:56.999Z DEBUG blacksilk_p2p::net::headers] peer 22: 1 headers up to height 2077 accepted (new: false)
[2026-09-29T03:58:58.670Z DEBUG blacksilk_p2p::net::headers] peer 2: 1 headers up to height 2078 accepted (new: true)
[2026-09-29T03:58:58.746Z DEBUG blacksilk_p2p::net::blocks] peer 2: block 74d86e9b9429 at height 2078 received
[2026-09-29T03:58:58.827Z DEBUG blacksilk_p2p::net::headers] peer 22: 1 headers up to height 2078 accepted (new: false)
[2026-09-29T03:58:58.828Z DEBUG blacksilk_p2p::net::headers] peer 21: 1 headers up to height 2078 accepted (new: false)
[2026-09-29T03:58:58.848Z DEBUG blacksilk_p2p::net::headers] peer 20: 1 headers up to height 2078 accepted (new: false)
[2026-09-29T03:59:02.470Z DEBUG blacksilk_p2p::net::headers] peer 2: 1 headers up to height 2079 accepted (new: true)
[2026-09-29T03:59:02.544Z DEBUG blacksilk_p2p::net::blocks] peer 2: block fbe3e9baed2f at height 2079 received
[2026-09-29T03:59:02.767Z DEBUG blacksilk_p2p::net::headers] peer 22: 1 headers up to height 2079 accepted (new: false)
[2026-09-29T03:59:02.768Z DEBUG blacksilk_p2p::net::headers] peer 21: 1 headers up to height 2079 accepted (new: false)
[2026-09-29T03:59:02.808Z DEBUG blacksilk_p2p::net::headers] peer 20: 1 headers up to height 2079 accepted (new: false)
[2026-09-29T03:59:06.064Z DEBUG blacksilk_p2p::net::headers] peer 20: 1 headers up to height 2080 accepted (new: true)
[2026-09-29T03:59:06.145Z DEBUG blacksilk_p2p::net::blocks] peer 20: block e7b47dc0fde3 at height 2080 received
[2026-09-29T03:59:06.668Z DEBUG blacksilk_p2p::net::headers] peer 2: 1 headers up to height 2080 accepted (new: true)
[2026-09-29T03:59:06.668Z DEBUG blacksilk_p2p::net::headers] peer 21: 1 headers up to height 2080 accepted (new: false)
[2026-09-29T03:59:06.668Z DEBUG blacksilk_p2p::net::headers] peer 22: 1 headers up to height 2080 accepted (new: false)
[2026-09-29T03:59:07.421Z DEBUG blacksilk_p2p::net::headers] peer 2: 1 headers up to height 2081 accepted (new: true)
[2026-09-29T03:59:07.484Z DEBUG blacksilk_p2p::net::blocks] peer 2: block e9ee2fa0be07 at height 2080 received
[2026-09-29T03:59:07.503Z DEBUG blacksilk_p2p::net::blocks] peer 2: block 54345e7528f8 at height 2081 received
[2026-09-29T03:59:07.506Z INFO  blacksilk_chain::manager::fork_choice] reorganization: disconnecting 1 block(s) above height 2079
[2026-09-29T03:59:07.512Z INFO  blacksilk_chain::manager::fork_choice] mempool after the reorganization: Revalidation { checked: 0, invalid: 0, ring_changed: 0 }; returned transactions: Readmission { readmitted: 0, already_pooled: 0, other_rules: 0, conflicts: 0, invalid: 0, ring_changed: 0, no_room: 0, over_budget: 0 }; 0 beyond the readmission budget, not captured
[2026-09-29T03:59:07.724Z DEBUG blacksilk_p2p::net::headers] peer 22: 1 headers up to height 2081 accepted (new: false)
[2026-09-29T03:59:07.724Z DEBUG blacksilk_p2p::net::headers] peer 21: 1 headers up to height 2081 accepted (new: false)
[2026-09-29T03:59:13.056Z DEBUG blacksilk_p2p::net::stem] stem tx 614dde99987f -> peer 20
[2026-09-29T03:59:16.408Z DEBUG blacksilk_p2p::net::headers] peer 2: 1 headers up to height 2082 accepted (new: true)
[2026-09-29T03:59:16.484Z DEBUG blacksilk_p2p::net::blocks] peer 2: block 10fb2027e0b6 at height 2082 received
[2026-09-29T03:59:16.545Z DEBUG blacksilk_p2p::net::headers] peer 20: 1 headers up to height 2082 accepted (new: false)
[2026-09-29T03:59:16.645Z DEBUG blacksilk_p2p::net::headers] peer 22: 1 headers up to height 2082 accepted (new: false)
[2026-09-29T03:59:16.645Z DEBUG blacksilk_p2p::net::headers] peer 21: 1 headers up to height 2082 accepted (new: false)
[2026-09-29T03:59:17.775Z DEBUG blacksilk_p2p::net::headers] peer 2: 1 headers up to height 2083 accepted (new: true)
[2026-09-29T03:59:17.858Z DEBUG blacksilk_p2p::net::blocks] peer 2: block ef0ea613e5e7 at height 2083 received
[2026-09-29T03:59:17.878Z DEBUG blacksilk_p2p::net::headers] peer 20: 1 headers up to height 2083 accepted (new: false)
[2026-09-29T03:59:17.995Z DEBUG blacksilk_p2p::net::headers] peer 22: 1 headers up to height 2083 accepted (new: false)
[2026-09-29T03:59:17.995Z DEBUG blacksilk_p2p::net::headers] peer 21: 1 headers up to height 2083 accepted (new: false)
[2026-09-29T03:59:19.612Z DEBUG blacksilk_p2p::net::headers] peer 2: 1 headers up to height 2084 accepted (new: true)
[2026-09-29T03:59:19.690Z DEBUG blacksilk_p2p::net::blocks] peer 2: block 136b288c71f5 at height 2084 received
[2026-09-29T03:59:19.850Z DEBUG blacksilk_p2p::net::headers] peer 21: 1 headers up to height 2084 accepted (new: false)
[2026-09-29T03:59:19.850Z DEBUG blacksilk_p2p::net::headers] peer 22: 1 headers up to height 2084 accepted (new: false)
[2026-09-29T03:59:25.151Z DEBUG blacksilk_p2p::net::headers] peer 2: 1 headers up to height 2085 accepted (new: true)
[2026-09-29T03:59:25.231Z DEBUG blacksilk_p2p::net::blocks] peer 2: block e35fbd8156a4 at height 2085 received
[2026-09-29T03:59:25.293Z DEBUG blacksilk_p2p::net::headers] peer 20: 1 headers up to height 2085 accepted (new: false)
[2026-09-29T03:59:25.353Z DEBUG blacksilk_p2p::net::headers] peer 21: 1 headers up to height 2085 accepted (new: false)
[2026-09-29T03:59:25.373Z DEBUG blacksilk_p2p::net::headers] peer 22: 1 headers up to height 2085 accepted (new: false)
[2026-09-29T03:59:40.411Z DEBUG blacksilk_p2p::net::headers] peer 2: 1 headers up to height 2086 accepted (new: true)
[2026-09-29T03:59:40.485Z DEBUG blacksilk_p2p::net::blocks] peer 2: block 790e7f1d0045 at height 2086 received
[2026-09-29T03:59:40.527Z DEBUG blacksilk_p2p::net::headers] peer 20: 1 headers up to height 2086 accepted (new: false)
[2026-09-29T03:59:40.589Z DEBUG blacksilk_p2p::net::headers] peer 22: 1 headers up to height 2086 accepted (new: false)
[2026-09-29T03:59:42.803Z DEBUG blacksilk_p2p::net::headers] peer 2: 1 headers up to height 2087 accepted (new: true)
[2026-09-29T03:59:42.879Z DEBUG blacksilk_p2p::net::blocks] peer 2: block b1b7126e9b2f at height 2087 received
[2026-09-29T03:59:42.954Z DEBUG blacksilk_p2p::net::headers] peer 21: 1 headers up to height 2087 accepted (new: false)
[2026-09-29T03:59:42.954Z DEBUG blacksilk_p2p::net::headers] peer 22: 1 headers up to height 2087 accepted (new: false)
[2026-09-29T03:59:43.185Z DEBUG blacksilk_p2p::net::headers] peer 20: 1 headers up to height 2087 accepted (new: false)
[2026-09-29T03:59:46.780Z DEBUG blacksilk_p2p::net::headers] peer 2: 1 headers up to height 2088 accepted (new: true)
[2026-09-29T03:59:46.846Z DEBUG blacksilk_p2p::net::blocks] peer 2: block b613716ef0ef at height 2088 received
[2026-09-29T03:59:46.915Z DEBUG blacksilk_p2p::net::headers] peer 22: 1 headers up to height 2088 accepted (new: false)
[2026-09-29T03:59:46.915Z DEBUG blacksilk_p2p::net::headers] peer 21: 1 headers up to height 2088 accepted (new: false)
[2026-09-29T03:59:47.157Z DEBUG blacksilk_p2p::net::headers] peer 20: 1 headers up to height 2088 accepted (new: false)
[2026-09-29T03:59:48.863Z DEBUG blacksilk_p2p::net::headers] peer 2: 1 headers up to height 2089 accepted (new: true)
[2026-09-29T03:59:48.944Z DEBUG blacksilk_p2p::net::blocks] peer 2: block d08ef07f220b at height 2089 received
[2026-09-29T03:59:49.007Z DEBUG blacksilk_p2p::net::headers] peer 20: 1 headers up to height 2089 accepted (new: false)
[2026-09-29T03:59:49.007Z DEBUG blacksilk_p2p::net::headers] peer 22: 1 headers up to height 2089 accepted (new: false)
[2026-09-29T03:59:49.007Z DEBUG blacksilk_p2p::net::headers] peer 21: 1 headers up to height 2089 accepted (new: false)
[2026-09-29T03:59:51.534Z DEBUG blacksilk_p2p::net::headers] peer 2: 1 headers up to height 2090 accepted (new: true)
[2026-09-29T03:59:51.624Z DEBUG blacksilk_p2p::net::blocks] peer 2: block 514b497cbc5d at height 2090 received
[2026-09-29T03:59:51.881Z DEBUG blacksilk_p2p::net::headers] peer 22: 1 headers up to height 2090 accepted (new: false)
[2026-09-29T03:59:51.897Z DEBUG blacksilk_p2p::net::headers] peer 21: 1 headers up to height 2090 accepted (new: false)
[2026-09-29T03:59:51.918Z DEBUG blacksilk_p2p::net::headers] peer 20: 1 headers up to height 2090 accepted (new: false)
[2026-09-29T04:00:03.067Z DEBUG blacksilk_p2p::net::headers] peer 2: 1 headers up to height 2091 accepted (new: true)
[2026-09-29T04:00:03.133Z DEBUG blacksilk_p2p::net::blocks] peer 2: block 8cb0faf2925d at height 2091 received
[2026-09-29T04:00:03.220Z DEBUG blacksilk_p2p::net::headers] peer 21: 1 headers up to height 2091 accepted (new: false)
[2026-09-29T04:00:03.220Z DEBUG blacksilk_p2p::net::headers] peer 22: 1 headers up to height 2091 accepted (new: false)
[2026-09-29T04:00:03.236Z DEBUG blacksilk_p2p::net::headers] peer 20: 1 headers up to height 2091 accepted (new: false)
[2026-09-29T04:00:15.118Z DEBUG blacksilk_p2p::net::headers] peer 2: 1 headers up to height 2092 accepted (new: true)
[2026-09-29T04:00:15.188Z DEBUG blacksilk_p2p::net::blocks] peer 2: block 3f671ea57ee1 at height 2092 received
[2026-09-29T04:00:15.267Z DEBUG blacksilk_p2p::net::headers] peer 22: 1 headers up to height 2092 accepted (new: false)
[2026-09-29T04:00:15.268Z DEBUG blacksilk_p2p::net::headers] peer 21: 1 headers up to height 2092 accepted (new: false)
[2026-09-29T04:00:15.355Z DEBUG blacksilk_p2p::net::headers] peer 20: 1 headers up to height 2092 accepted (new: false)
[2026-09-29T04:00:27.697Z DEBUG blacksilk_p2p::net::headers] peer 2: 1 headers up to height 2093 accepted (new: true)
[2026-09-29T04:00:27.800Z DEBUG blacksilk_p2p::net::blocks] peer 2: block e15d5f557d06 at height 2093 received
[2026-09-29T04:00:33.633Z DEBUG blacksilk_p2p::net::stem] stem tx 7622fe95a2e9 -> peer 20
[2026-09-29T04:00:38.469Z DEBUG blacksilk_p2p::net::headers] peer 2: 1 headers up to height 2094 accepted (new: true)
[2026-09-29T04:00:38.550Z DEBUG blacksilk_p2p::net::blocks] peer 2: block 3505dfa49f42 at height 2094 received
[2026-09-29T04:00:38.641Z DEBUG blacksilk_p2p::net::headers] peer 20: 1 headers up to height 2094 accepted (new: false)
[2026-09-29T04:00:40.066Z DEBUG blacksilk_p2p::net::headers] peer 2: 1 headers up to height 2095 accepted (new: true)
[2026-09-29T04:00:40.155Z DEBUG blacksilk_p2p::net::blocks] peer 2: block 5e7d2550ae57 at height 2095 received
[2026-09-29T04:00:40.206Z DEBUG blacksilk_p2p::net::headers] peer 20: 1 headers up to height 2095 accepted (new: false)
[2026-09-29T04:01:03.412Z DEBUG blacksilk_p2p::net::headers] peer 2: 1 headers up to height 2096 accepted (new: true)
[2026-09-29T04:01:03.488Z DEBUG blacksilk_p2p::net::blocks] peer 2: block dedc7ec0144c at height 2096 received
[2026-09-29T04:01:03.585Z DEBUG blacksilk_p2p::net::headers] peer 22: 1 headers up to height 2096 accepted (new: false)
[2026-09-29T04:01:03.586Z DEBUG blacksilk_p2p::net::headers] peer 21: 1 headers up to height 2096 accepted (new: false)
[2026-09-29T04:01:03.602Z DEBUG blacksilk_p2p::net::headers] peer 20: 1 headers up to height 2096 accepted (new: false)
[2026-09-29T04:01:08.688Z DEBUG blacksilk_p2p::net::headers] peer 2: 1 headers up to height 2097 accepted (new: true)
[2026-09-29T04:01:08.771Z DEBUG blacksilk_p2p::net::blocks] peer 2: block 709bd0c62a64 at height 2097 received
[2026-09-29T04:01:09.071Z DEBUG blacksilk_p2p::net::headers] peer 21: 1 headers up to height 2097 accepted (new: false)
[2026-09-29T04:01:09.071Z DEBUG blacksilk_p2p::net::headers] peer 20: 1 headers up to height 2097 accepted (new: false)
[2026-09-29T04:01:09.071Z DEBUG blacksilk_p2p::net::headers] peer 22: 1 headers up to height 2097 accepted (new: false)
[2026-09-29T04:01:24.011Z DEBUG blacksilk_p2p::net::headers] peer 2: 1 headers up to height 2098 accepted (new: true)
[2026-09-29T04:01:24.073Z DEBUG blacksilk_p2p::net::blocks] peer 2: block f5275db97433 at height 2098 received
[2026-09-29T04:01:24.330Z DEBUG blacksilk_p2p::net::headers] peer 21: 1 headers up to height 2098 accepted (new: false)
[2026-09-29T04:01:24.330Z DEBUG blacksilk_p2p::net::headers] peer 22: 1 headers up to height 2098 accepted (new: false)
[2026-09-29T04:01:24.351Z DEBUG blacksilk_p2p::net::headers] peer 20: 1 headers up to height 2098 accepted (new: false)
[2026-09-29T04:01:43.261Z DEBUG blacksilk_p2p::net::headers] peer 2: 1 headers up to height 2099 accepted (new: true)
[2026-09-29T04:01:43.323Z DEBUG blacksilk_p2p::net::blocks] peer 2: block fcc953900d08 at height 2099 received
[2026-09-29T04:01:50.393Z DEBUG blacksilk_p2p::net::headers] peer 2: 1 headers up to height 2100 accepted (new: true)
[2026-09-29T04:01:50.459Z DEBUG blacksilk_p2p::net::blocks] peer 2: block 02c031d42884 at height 2100 received
[2026-09-29T04:01:51.228Z DEBUG blacksilk_p2p::net::headers] peer 2: 1 headers up to height 2101 accepted (new: true)
[2026-09-29T04:01:51.229Z DEBUG blacksilk_p2p::net::headers] peer 20: 1 headers up to height 2100 accepted (new: false)
[2026-09-29T04:01:51.303Z DEBUG blacksilk_p2p::net::blocks] peer 2: block 5341418bfb67 at height 2101 received
[2026-09-29T04:01:51.399Z DEBUG blacksilk_p2p::net::headers] peer 20: 1 headers up to height 2101 accepted (new: false)
[2026-09-29T04:01:51.423Z DEBUG blacksilk_p2p::net::headers] peer 21: 1 headers up to height 2101 accepted (new: false)
[2026-09-29T04:01:51.423Z DEBUG blacksilk_p2p::net::headers] peer 22: 1 headers up to height 2101 accepted (new: false)
[2026-09-29T04:01:54.020Z DEBUG blacksilk_p2p::net::stem] stem tx 300ec3ffc24a -> peer 20
[2026-09-29T04:01:57.778Z DEBUG blacksilk_p2p::net::headers] peer 2: 1 headers up to height 2102 accepted (new: true)
[2026-09-29T04:01:57.852Z DEBUG blacksilk_p2p::net::blocks] peer 2: block ca398d81ed47 at height 2102 received
[2026-09-29T04:01:57.979Z DEBUG blacksilk_p2p::net::headers] peer 22: 1 headers up to height 2102 accepted (new: false)
[2026-09-29T04:01:57.979Z DEBUG blacksilk_p2p::net::headers] peer 21: 1 headers up to height 2102 accepted (new: false)
[2026-09-29T04:02:10.729Z DEBUG blacksilk_p2p::net::maintenance] embargo expired for 300ec3ffc24a
[2026-09-29T04:02:10.735Z DEBUG blacksilk_p2p::net::stem] fluff tx 300ec3ffc24a
[2026-09-29T04:02:15.716Z DEBUG blacksilk_p2p::net::headers] peer 2: 1 headers up to height 2103 accepted (new: true)
[2026-09-29T04:02:15.779Z DEBUG blacksilk_p2p::net::blocks] peer 2: block dc748c4e4338 at height 2103 received
[2026-09-29T04:02:37.553Z DEBUG blacksilk_p2p::net::headers] peer 2: 1 headers up to height 2104 accepted (new: true)
[2026-09-29T04:02:37.620Z DEBUG blacksilk_p2p::net::blocks] peer 2: block a43e730831d1 at height 2104 received
[2026-09-29T04:02:37.722Z DEBUG blacksilk_p2p::net::headers] peer 21: 1 headers up to height 2104 accepted (new: false)
[2026-09-29T04:02:37.741Z DEBUG blacksilk_p2p::net::headers] peer 20: 1 headers up to height 2104 accepted (new: false)
[2026-09-29T04:02:37.741Z DEBUG blacksilk_p2p::net::headers] peer 22: 1 headers up to height 2104 accepted (new: false)
[2026-09-29T04:02:39.427Z DEBUG blacksilk_p2p::net::headers] peer 2: 1 headers up to height 2105 accepted (new: true)
[2026-09-29T04:02:39.487Z DEBUG blacksilk_p2p::net::blocks] peer 2: block 7b32d3c13a95 at height 2105 received
[2026-09-29T04:02:39.586Z DEBUG blacksilk_p2p::net::headers] peer 21: 1 headers up to height 2105 accepted (new: false)
[2026-09-29T04:02:39.586Z DEBUG blacksilk_p2p::net::headers] peer 22: 1 headers up to height 2105 accepted (new: false)
[2026-09-29T04:02:49.921Z DEBUG blacksilk_p2p::net::headers] peer 2: 1 headers up to height 2106 accepted (new: true)
[2026-09-29T04:02:49.993Z DEBUG blacksilk_p2p::net::blocks] peer 2: block c8eea7a9d722 at height 2106 received
[2026-09-29T04:02:50.047Z DEBUG blacksilk_p2p::net::headers] peer 22: 1 headers up to height 2106 accepted (new: false)
[2026-09-29T04:02:50.047Z DEBUG blacksilk_p2p::net::headers] peer 21: 1 headers up to height 2106 accepted (new: false)
[2026-09-29T04:02:50.047Z DEBUG blacksilk_p2p::net::headers] peer 20: 1 headers up to height 2106 accepted (new: false)
[2026-09-29T04:02:53.636Z DEBUG blacksilk_p2p::net::headers] peer 2: 1 headers up to height 2107 accepted (new: true)
[2026-09-29T04:02:53.730Z DEBUG blacksilk_p2p::net::blocks] peer 2: block cd2b40113a60 at height 2107 received
[2026-09-29T04:02:53.768Z DEBUG blacksilk_p2p::net::headers] peer 21: 1 headers up to height 2107 accepted (new: false)
[2026-09-29T04:02:53.769Z DEBUG blacksilk_p2p::net::headers] peer 22: 1 headers up to height 2107 accepted (new: false)
[2026-09-29T04:02:54.713Z DEBUG blacksilk_p2p::net::stem] stem tx f54a42caec88 -> peer 20
[2026-09-29T04:03:04.640Z DEBUG blacksilk_p2p::net::headers] peer 2: 1 headers up to height 2108 accepted (new: true)
[2026-09-29T04:03:04.716Z DEBUG blacksilk_p2p::net::blocks] peer 2: block 78ae8e567095 at height 2108 received
[2026-09-29T04:03:04.862Z DEBUG blacksilk_p2p::net::headers] peer 20: 1 headers up to height 2108 accepted (new: false)
[2026-09-29T04:03:04.887Z DEBUG blacksilk_p2p::net::headers] peer 21: 1 headers up to height 2108 accepted (new: false)
[2026-09-29T04:03:04.887Z DEBUG blacksilk_p2p::net::headers] peer 22: 1 headers up to height 2108 accepted (new: false)
[2026-09-29T04:03:07.266Z DEBUG blacksilk_p2p::net::headers] peer 2: 1 headers up to height 2109 accepted (new: true)
[2026-09-29T04:03:07.338Z DEBUG blacksilk_p2p::net::blocks] peer 2: block 2a23ce59e8d4 at height 2109 received
[2026-09-29T04:03:36.339Z DEBUG blacksilk_p2p::net::headers] peer 2: 1 headers up to height 2110 accepted (new: true)
[2026-09-29T04:03:36.424Z DEBUG blacksilk_p2p::net::blocks] peer 2: block 5b27d912e998 at height 2110 received
[2026-09-29T04:03:37.198Z DEBUG blacksilk_p2p::net::headers] peer 2: 1 headers up to height 2111 accepted (new: true)
[2026-09-29T04:03:37.198Z DEBUG blacksilk_p2p::net::headers] peer 20: 1 headers up to height 2110 accepted (new: false)
[2026-09-29T04:03:37.275Z DEBUG blacksilk_p2p::net::blocks] peer 2: block 7326d160ac0f at height 2111 received
[2026-09-29T04:03:39.016Z DEBUG blacksilk_p2p::net::headers] peer 2: 1 headers up to height 2112 accepted (new: true)
[2026-09-29T04:03:39.079Z DEBUG blacksilk_p2p::net::blocks] peer 2: block 9da046dff578 at height 2112 received
[2026-09-29T04:03:42.005Z DEBUG blacksilk_p2p::net::headers] peer 2: 1 headers up to height 2113 accepted (new: true)
[2026-09-29T04:03:42.070Z DEBUG blacksilk_p2p::net::blocks] peer 2: block 41d90bf040a1 at height 2113 received
[2026-09-29T04:03:47.217Z DEBUG blacksilk_p2p::net::headers] peer 2: 1 headers up to height 2114 accepted (new: true)
[2026-09-29T04:03:47.280Z DEBUG blacksilk_p2p::net::blocks] peer 2: block 442e39fa1ff4 at height 2114 received
[2026-09-29T04:03:52.506Z DEBUG blacksilk_p2p::net::headers] peer 2: 1 headers up to height 2115 accepted (new: true)
[2026-09-29T04:03:52.564Z DEBUG blacksilk_p2p::net::blocks] peer 2: block 16d602b114fc at height 2115 received
[2026-09-29T04:03:55.664Z DEBUG blacksilk_p2p::net::headers] peer 2: 1 headers up to height 2116 accepted (new: true)
[2026-09-29T04:03:55.747Z DEBUG blacksilk_p2p::net::blocks] peer 2: block 01b887f4ed81 at height 2116 received
[2026-09-29T04:03:55.892Z DEBUG blacksilk_p2p::net::headers] peer 20: 1 headers up to height 2116 accepted (new: false)
[2026-09-29T04:03:55.994Z DEBUG blacksilk_p2p::net::headers] peer 22: 1 headers up to height 2116 accepted (new: false)
[2026-09-29T04:03:55.994Z DEBUG blacksilk_p2p::net::headers] peer 21: 1 headers up to height 2116 accepted (new: false)
[2026-09-29T04:04:28.527Z DEBUG blacksilk_p2p::net::headers] peer 2: 1 headers up to height 2117 accepted (new: true)
[2026-09-29T04:04:28.610Z DEBUG blacksilk_p2p::net::blocks] peer 2: block 7ccf08616e53 at height 2117 received
[2026-09-29T04:04:28.650Z DEBUG blacksilk_p2p::net::headers] peer 22: 1 headers up to height 2117 accepted (new: false)
[2026-09-29T04:04:28.650Z DEBUG blacksilk_p2p::net::headers] peer 21: 1 headers up to height 2117 accepted (new: false)
[2026-09-29T04:04:28.711Z DEBUG blacksilk_p2p::net::headers] peer 20: 1 headers up to height 2117 accepted (new: false)
[2026-09-29T04:04:30.877Z DEBUG blacksilk_p2p::net::headers] peer 2: 1 headers up to height 2118 accepted (new: true)
[2026-09-29T04:04:30.956Z DEBUG blacksilk_p2p::net::blocks] peer 2: block 376849076f4c at height 2118 received
[2026-09-29T04:04:38.261Z DEBUG blacksilk_p2p::net::headers] peer 2: 1 headers up to height 2119 accepted (new: true)
[2026-09-29T04:04:38.311Z DEBUG blacksilk_p2p::net::blocks] peer 2: block 510860ea8273 at height 2119 received
[2026-09-29T04:04:40.076Z DEBUG blacksilk_p2p::net::headers] peer 2: 1 headers up to height 2120 accepted (new: true)
[2026-09-29T04:04:40.149Z DEBUG blacksilk_p2p::net::blocks] peer 2: block f50fa25e1db9 at height 2120 received
[2026-09-29T04:04:40.234Z DEBUG blacksilk_p2p::net::headers] peer 22: 1 headers up to height 2120 accepted (new: false)
[2026-09-29T04:04:40.234Z DEBUG blacksilk_p2p::net::headers] peer 21: 1 headers up to height 2120 accepted (new: false)
[2026-09-29T04:04:40.285Z DEBUG blacksilk_p2p::net::headers] peer 20: 1 headers up to height 2120 accepted (new: false)
[2026-09-29T04:04:45.336Z DEBUG blacksilk_p2p::net::headers] peer 2: 1 headers up to height 2121 accepted (new: true)
[2026-09-29T04:04:45.406Z DEBUG blacksilk_p2p::net::blocks] peer 2: block 19b3b9e776c0 at height 2121 received
[2026-09-29T04:04:45.538Z DEBUG blacksilk_p2p::net::headers] peer 20: 1 headers up to height 2121 accepted (new: false)
[2026-09-29T04:04:45.538Z DEBUG blacksilk_p2p::net::headers] peer 21: 1 headers up to height 2121 accepted (new: false)
[2026-09-29T04:04:45.538Z DEBUG blacksilk_p2p::net::headers] peer 22: 1 headers up to height 2121 accepted (new: false)
[2026-09-29T04:04:55.516Z DEBUG blacksilk_p2p::net::stem] stem tx d8e5258960fd -> peer 20
[2026-09-29T04:05:12.473Z DEBUG blacksilk_p2p::net::headers] peer 2: 1 headers up to height 2122 accepted (new: true)
[2026-09-29T04:05:12.553Z DEBUG blacksilk_p2p::net::blocks] peer 2: block d0095f9c526b at height 2122 received
[2026-09-29T04:05:12.598Z DEBUG blacksilk_p2p::net::headers] peer 20: 1 headers up to height 2122 accepted (new: false)
[2026-09-29T04:05:12.845Z DEBUG blacksilk_p2p::net::headers] peer 21: 1 headers up to height 2122 accepted (new: false)
[2026-09-29T04:05:12.845Z DEBUG blacksilk_p2p::net::headers] peer 22: 1 headers up to height 2122 accepted (new: false)
[2026-09-29T04:05:22.781Z DEBUG blacksilk_p2p::net::headers] peer 2: 1 headers up to height 2123 accepted (new: true)
[2026-09-29T04:05:22.829Z DEBUG blacksilk_p2p::net::blocks] peer 2: block 83cc8c1d2806 at height 2123 received
[2026-09-29T04:05:23.074Z DEBUG blacksilk_p2p::net::headers] peer 21: 1 headers up to height 2123 accepted (new: false)
[2026-09-29T04:05:23.074Z DEBUG blacksilk_p2p::net::headers] peer 22: 1 headers up to height 2123 accepted (new: false)
[2026-09-29T04:05:30.936Z DEBUG blacksilk_p2p::net::headers] peer 2: 1 headers up to height 2124 accepted (new: true)
[2026-09-29T04:05:31.023Z DEBUG blacksilk_p2p::net::blocks] peer 2: block f465d0313520 at height 2124 received
[2026-09-29T04:05:31.064Z DEBUG blacksilk_p2p::net::headers] peer 20: 1 headers up to height 2124 accepted (new: false)
[2026-09-29T04:05:31.213Z DEBUG blacksilk_p2p::net::headers] peer 21: 1 headers up to height 2124 accepted (new: false)
[2026-09-29T04:05:31.213Z DEBUG blacksilk_p2p::net::headers] peer 22: 1 headers up to height 2124 accepted (new: false)
[2026-09-29T04:05:35.782Z DEBUG blacksilk_p2p::net::stem] stem tx 3509f42bc2c2 -> peer 20
[2026-09-29T04:05:37.493Z DEBUG blacksilk_p2p::net::headers] peer 2: 1 headers up to height 2125 accepted (new: true)
[2026-09-29T04:05:37.566Z DEBUG blacksilk_p2p::net::blocks] peer 2: block a1e06d496f6f at height 2125 received
[2026-09-29T04:05:37.608Z DEBUG blacksilk_p2p::net::headers] peer 20: 1 headers up to height 2125 accepted (new: false)
[2026-09-29T04:05:37.748Z DEBUG blacksilk_p2p::net::headers] peer 21: 1 headers up to height 2125 accepted (new: false)
[2026-09-29T04:05:37.749Z DEBUG blacksilk_p2p::net::headers] peer 22: 1 headers up to height 2125 accepted (new: false)
[2026-09-29T04:05:43.894Z DEBUG blacksilk_p2p::net::headers] peer 2: 1 headers up to height 2126 accepted (new: true)
[2026-09-29T04:05:43.981Z DEBUG blacksilk_p2p::net::blocks] peer 2: block 2de91f5230fd at height 2126 received
[2026-09-29T04:05:44.020Z DEBUG blacksilk_p2p::net::headers] peer 21: 1 headers up to height 2126 accepted (new: false)
[2026-09-29T04:05:44.021Z DEBUG blacksilk_p2p::net::headers] peer 22: 1 headers up to height 2126 accepted (new: false)
[2026-09-29T04:05:51.197Z DEBUG blacksilk_p2p::net::headers] peer 2: 1 headers up to height 2127 accepted (new: true)
[2026-09-29T04:05:51.281Z DEBUG blacksilk_p2p::net::blocks] peer 2: block 52e5246869e8 at height 2127 received
[2026-09-29T04:05:55.076Z DEBUG blacksilk_p2p::net::headers] peer 2: 1 headers up to height 2128 accepted (new: true)
[2026-09-29T04:05:55.152Z DEBUG blacksilk_p2p::net::blocks] peer 2: block fc03ded9887f at height 2128 received
[2026-09-29T04:05:56.909Z DEBUG blacksilk_p2p::net::stem] stem tx 8c21cfb96474 -> peer 20
[2026-09-29T04:06:01.606Z DEBUG blacksilk_p2p::net::headers] peer 2: 1 headers up to height 2129 accepted (new: true)
[2026-09-29T04:06:01.676Z DEBUG blacksilk_p2p::net::blocks] peer 2: block 6b87d0e3b223 at height 2129 received
[2026-09-29T04:06:04.251Z DEBUG blacksilk_p2p::net::headers] peer 2: 1 headers up to height 2130 accepted (new: true)
[2026-09-29T04:06:04.323Z DEBUG blacksilk_p2p::net::blocks] peer 2: block 68df272d7f8d at height 2130 received
[2026-09-29T04:06:04.436Z DEBUG blacksilk_p2p::net::headers] peer 20: 1 headers up to height 2130 accepted (new: false)
[2026-09-29T04:06:04.564Z DEBUG blacksilk_p2p::net::headers] peer 22: 1 headers up to height 2130 accepted (new: false)
[2026-09-29T04:06:04.565Z DEBUG blacksilk_p2p::net::headers] peer 21: 1 headers up to height 2130 accepted (new: false)
[2026-09-29T04:06:17.110Z DEBUG blacksilk_p2p::net::stem] stem tx 383c0c9d3d06 -> peer 20
[2026-09-29T04:06:50.510Z DEBUG blacksilk_p2p::net::headers] peer 2: 1 headers up to height 2131 accepted (new: true)
[2026-09-29T04:06:50.579Z DEBUG blacksilk_p2p::net::blocks] peer 2: block 6f865ae335fb at height 2131 received
[2026-09-29T04:06:50.801Z DEBUG blacksilk_p2p::net::headers] peer 20: 1 headers up to height 2131 accepted (new: false)
[2026-09-29T04:06:57.375Z DEBUG blacksilk_p2p::net::stem] stem tx 728262139b0a -> peer 20
[2026-09-29T04:07:07.073Z DEBUG blacksilk_p2p::net::headers] peer 2: 1 headers up to height 2132 accepted (new: true)
[2026-09-29T04:07:07.147Z DEBUG blacksilk_p2p::net::blocks] peer 2: block 473cb69fbd2b at height 2132 received
[2026-09-29T04:07:09.014Z DEBUG blacksilk_p2p::net::headers] peer 2: 1 headers up to height 2133 accepted (new: true)
[2026-09-29T04:07:09.014Z DEBUG blacksilk_p2p::net::headers] peer 22: 1 headers up to height 2133 accepted (new: false)
[2026-09-29T04:07:09.014Z DEBUG blacksilk_p2p::net::headers] peer 21: 1 headers up to height 2133 accepted (new: false)
[2026-09-29T04:07:09.090Z DEBUG blacksilk_p2p::net::blocks] peer 2: block e97abb1b2839 at height 2133 received
[2026-09-29T04:07:13.972Z DEBUG blacksilk_p2p::net::headers] peer 2: 1 headers up to height 2134 accepted (new: true)
[2026-09-29T04:07:14.055Z DEBUG blacksilk_p2p::net::blocks] peer 2: block 3794e7d83548 at height 2134 received
[2026-09-29T04:07:14.239Z DEBUG blacksilk_p2p::net::headers] peer 21: 1 headers up to height 2134 accepted (new: false)
[2026-09-29T04:07:14.239Z DEBUG blacksilk_p2p::net::headers] peer 22: 1 headers up to height 2134 accepted (new: false)
[2026-09-29T04:07:17.415Z DEBUG blacksilk_p2p::net::stem] stem tx 485a6cdc3ff7 -> peer 21
[2026-09-29T04:07:35.298Z DEBUG blacksilk_p2p::net::headers] peer 2: 1 headers up to height 2135 accepted (new: true)
[2026-09-29T04:07:35.362Z DEBUG blacksilk_p2p::net::blocks] peer 2: block 573658ba5199 at height 2135 received
[2026-09-29T04:07:37.531Z DEBUG blacksilk_p2p::net::stem] stem tx 6f4635c8a82f -> peer 20
[2026-09-29T04:07:54.805Z DEBUG blacksilk_p2p::net::headers] peer 20: 1 headers up to height 2136 accepted (new: true)
[2026-09-29T04:07:54.877Z DEBUG blacksilk_p2p::net::blocks] peer 20: block c94dfad4713c at height 2136 received
[2026-09-29T04:07:54.978Z DEBUG blacksilk_p2p::net::headers] peer 22: 1 headers up to height 2136 accepted (new: false)
[2026-09-29T04:07:54.978Z DEBUG blacksilk_p2p::net::headers] peer 21: 1 headers up to height 2136 accepted (new: false)
[2026-09-29T04:07:57.729Z DEBUG blacksilk_p2p::net::stem] stem tx 1848d4df8b2f -> peer 20
[2026-09-29T04:08:01.173Z DEBUG blacksilk_p2p::net::headers] peer 2: 1 headers up to height 2137 accepted (new: true)
[2026-09-29T04:08:01.232Z DEBUG blacksilk_p2p::net::blocks] peer 2: block 6b9a774bcbb9 at height 2137 received
[2026-09-29T04:08:01.278Z DEBUG blacksilk_p2p::net::headers] peer 22: 1 headers up to height 2137 accepted (new: false)
[2026-09-29T04:08:01.278Z DEBUG blacksilk_p2p::net::headers] peer 21: 1 headers up to height 2137 accepted (new: false)
[2026-09-29T04:08:09.788Z DEBUG blacksilk_p2p::net::headers] peer 2: 1 headers up to height 2138 accepted (new: true)
[2026-09-29T04:08:09.871Z DEBUG blacksilk_p2p::net::blocks] peer 2: block 74b95c90a9b8 at height 2138 received
[2026-09-29T04:08:11.188Z DEBUG blacksilk_p2p::net::headers] peer 2: 1 headers up to height 2139 accepted (new: true)
[2026-09-29T04:08:11.247Z DEBUG blacksilk_p2p::net::blocks] peer 2: block 205c67f10b12 at height 2139 received
[2026-09-29T04:08:11.370Z DEBUG blacksilk_p2p::net::headers] peer 20: 1 headers up to height 2139 accepted (new: false)
[2026-09-29T04:08:11.422Z DEBUG blacksilk_p2p::net::headers] peer 22: 1 headers up to height 2139 accepted (new: false)
[2026-09-29T04:08:11.422Z DEBUG blacksilk_p2p::net::headers] peer 21: 1 headers up to height 2139 accepted (new: false)
[2026-09-29T04:08:12.781Z DEBUG blacksilk_p2p::net::headers] peer 2: 1 headers up to height 2140 accepted (new: true)
[2026-09-29T04:08:12.834Z DEBUG blacksilk_p2p::net::blocks] peer 2: block 0eb5af7e6f5f at height 2140 received
[2026-09-29T04:08:12.944Z DEBUG blacksilk_p2p::net::headers] peer 20: 1 headers up to height 2140 accepted (new: false)
[2026-09-29T04:08:13.009Z DEBUG blacksilk_p2p::net::headers] peer 21: 1 headers up to height 2140 accepted (new: false)
[2026-09-29T04:08:13.009Z DEBUG blacksilk_p2p::net::headers] peer 22: 1 headers up to height 2140 accepted (new: false)
[2026-09-29T04:08:17.339Z DEBUG blacksilk_p2p::net::headers] peer 2: 1 headers up to height 2141 accepted (new: true)
[2026-09-29T04:08:17.408Z DEBUG blacksilk_p2p::net::blocks] peer 2: block e95fe6bf6550 at height 2141 received
[2026-09-29T04:08:17.639Z DEBUG blacksilk_p2p::net::headers] peer 20: 1 headers up to height 2141 accepted (new: false)
[2026-09-29T04:08:17.823Z DEBUG blacksilk_p2p::net::stem] stem tx b572610d45fe -> peer 20
[2026-09-29T04:08:22.981Z DEBUG blacksilk_p2p::net::headers] peer 2: 1 headers up to height 2142 accepted (new: true)
[2026-09-29T04:08:23.039Z DEBUG blacksilk_p2p::net::blocks] peer 2: block b7b29254838b at height 2142 received
[2026-09-29T04:08:23.169Z DEBUG blacksilk_p2p::net::headers] peer 20: 1 headers up to height 2142 accepted (new: false)
[2026-09-29T04:08:26.070Z DEBUG blacksilk_p2p::net::headers] peer 2: 1 headers up to height 2143 accepted (new: true)
[2026-09-29T04:08:26.145Z DEBUG blacksilk_p2p::net::blocks] peer 2: block fffaacbfef66 at height 2143 received
[2026-09-29T04:08:26.355Z DEBUG blacksilk_p2p::net::headers] peer 20: 1 headers up to height 2143 accepted (new: false)
[2026-09-29T04:08:26.355Z DEBUG blacksilk_p2p::net::headers] peer 21: 1 headers up to height 2143 accepted (new: false)
[2026-09-29T04:08:26.373Z DEBUG blacksilk_p2p::net::headers] peer 22: 1 headers up to height 2143 accepted (new: false)
[2026-09-29T04:08:30.944Z DEBUG blacksilk_p2p::net::headers] peer 2: 1 headers up to height 2144 accepted (new: true)
[2026-09-29T04:08:31.032Z DEBUG blacksilk_p2p::net::blocks] peer 2: block 60e6088cdd97 at height 2144 received
[2026-09-29T04:08:31.069Z DEBUG blacksilk_p2p::net::headers] peer 22: 1 headers up to height 2144 accepted (new: false)
[2026-09-29T04:08:31.069Z DEBUG blacksilk_p2p::net::headers] peer 21: 1 headers up to height 2144 accepted (new: false)
[2026-09-29T04:08:31.087Z DEBUG blacksilk_p2p::net::headers] peer 20: 1 headers up to height 2144 accepted (new: false)
[2026-09-29T04:08:37.851Z DEBUG blacksilk_p2p::net::stem] stem tx 7095f4e3eed1 -> peer 20
[2026-09-29T04:08:48.343Z DEBUG blacksilk_p2p::net::headers] peer 2: 1 headers up to height 2145 accepted (new: true)
[2026-09-29T04:08:48.401Z DEBUG blacksilk_p2p::net::blocks] peer 2: block 3d26ae6bb770 at height 2145 received
[2026-09-29T04:08:48.477Z DEBUG blacksilk_p2p::net::headers] peer 22: 1 headers up to height 2145 accepted (new: false)
[2026-09-29T04:08:48.478Z DEBUG blacksilk_p2p::net::headers] peer 21: 1 headers up to height 2145 accepted (new: false)
[2026-09-29T04:08:48.498Z DEBUG blacksilk_p2p::net::headers] peer 20: 1 headers up to height 2145 accepted (new: false)
[2026-09-29T04:08:57.618Z DEBUG blacksilk_p2p::net::headers] peer 2: 1 headers up to height 2146 accepted (new: true)
[2026-09-29T04:08:57.628Z DEBUG blacksilk_p2p::net::headers] peer 22: 1 headers up to height 2146 accepted (new: false)
[2026-09-29T04:08:57.628Z DEBUG blacksilk_p2p::net::headers] peer 21: 1 headers up to height 2146 accepted (new: false)
[2026-09-29T04:08:57.699Z DEBUG blacksilk_p2p::net::blocks] peer 2: block 14fcf41cb293 at height 2146 received
[2026-09-29T04:08:57.904Z DEBUG blacksilk_p2p::net::headers] peer 20: 1 headers up to height 2146 accepted (new: false)
[2026-09-29T04:08:57.922Z DEBUG blacksilk_p2p::net::stem] stem tx 46620c233597 -> peer 20
[2026-09-29T04:09:01.764Z DEBUG blacksilk_p2p::net::headers] peer 2: 1 headers up to height 2147 accepted (new: true)
[2026-09-29T04:09:01.845Z DEBUG blacksilk_p2p::net::blocks] peer 2: block c6489605c73e at height 2147 received
[2026-09-29T04:09:02.078Z DEBUG blacksilk_p2p::net::headers] peer 20: 1 headers up to height 2147 accepted (new: false)
[2026-09-29T04:09:02.147Z DEBUG blacksilk_p2p::net::headers] peer 21: 1 headers up to height 2147 accepted (new: false)
[2026-09-29T04:09:02.147Z DEBUG blacksilk_p2p::net::headers] peer 22: 1 headers up to height 2147 accepted (new: false)
[2026-09-29T04:09:06.921Z DEBUG blacksilk_p2p::net::headers] peer 2: 1 headers up to height 2148 accepted (new: true)
[2026-09-29T04:09:07.014Z DEBUG blacksilk_p2p::net::blocks] peer 2: block 4992fbdab2c0 at height 2148 received
[2026-09-29T04:09:07.031Z DEBUG blacksilk_p2p::net::headers] peer 20: 1 headers up to height 2148 accepted (new: false)
[2026-09-29T04:09:07.150Z DEBUG blacksilk_p2p::net::headers] peer 21: 1 headers up to height 2148 accepted (new: false)
[2026-09-29T04:09:07.150Z DEBUG blacksilk_p2p::net::headers] peer 22: 1 headers up to height 2148 accepted (new: false)
[2026-09-29T04:09:18.008Z DEBUG blacksilk_p2p::net::stem] stem tx 06dd1408cc07 -> peer 20
[2026-09-29T04:09:19.195Z DEBUG blacksilk_p2p::net::headers] peer 2: 1 headers up to height 2149 accepted (new: true)
[2026-09-29T04:09:19.299Z DEBUG blacksilk_p2p::net::blocks] peer 2: block 4d6ad195fbd7 at height 2149 received
[2026-09-29T04:09:19.605Z DEBUG blacksilk_p2p::net::headers] peer 21: 1 headers up to height 2149 accepted (new: false)
[2026-09-29T04:09:33.701Z DEBUG blacksilk_p2p::net::headers] peer 2: 1 headers up to height 2150 accepted (new: true)
[2026-09-29T04:09:33.773Z DEBUG blacksilk_p2p::net::blocks] peer 2: block 41cbef1386db at height 2150 received
[2026-09-29T04:09:34.044Z DEBUG blacksilk_p2p::net::headers] peer 21: 1 headers up to height 2150 accepted (new: false)
[2026-09-29T04:09:34.044Z DEBUG blacksilk_p2p::net::headers] peer 22: 1 headers up to height 2150 accepted (new: false)
[2026-09-29T04:09:38.294Z DEBUG blacksilk_p2p::net::stem] stem tx efc19a5837c1 -> peer 20
[2026-09-29T04:09:45.640Z DEBUG blacksilk_p2p::net::headers] peer 2: 1 headers up to height 2151 accepted (new: true)
[2026-09-29T04:09:45.709Z DEBUG blacksilk_p2p::net::blocks] peer 2: block 81f99d2aade9 at height 2151 received
[2026-09-29T04:09:45.773Z DEBUG blacksilk_p2p::net::headers] peer 21: 1 headers up to height 2151 accepted (new: false)
[2026-09-29T04:09:45.789Z DEBUG blacksilk_p2p::net::headers] peer 22: 1 headers up to height 2151 accepted (new: false)
[2026-09-29T04:09:51.470Z DEBUG blacksilk_p2p::net::headers] peer 2: 1 headers up to height 2152 accepted (new: true)
[2026-09-29T04:09:51.557Z DEBUG blacksilk_p2p::net::blocks] peer 2: block f3562d29d0c1 at height 2152 received
[2026-09-29T04:09:51.557Z DEBUG blacksilk_p2p::net::headers] peer 20: 1 headers up to height 2152 accepted (new: false)
[2026-09-29T04:09:58.321Z DEBUG blacksilk_p2p::net::stem] stem tx c74ee04d95be -> peer 20
