[2026-09-29T23:16:44.011Z INFO  blacksilk_node] blacksilk-node 0.1.0 commit 9b048275425b2993763045b9f1575aba1669dcca
[2026-09-29T23:16:44.012Z INFO  blacksilk_node] regtest: genesis 087d6fd4efbc45eb0a895dd0680a7fd305208cae239b1b4275d7148b29a569b7, consensus fingerprint 5fb8ef8f74efa7631e2d9aa5f809fc0d9ab9273fdc54d45e5aad73f889c5e72b
[2026-09-29T23:16:44.012Z INFO  blacksilk_node] regtest: loading C:/bszkeval/w4-lab-scratch/run3\node-late
[2026-09-29T23:16:44.020Z INFO  blacksilk_node] chain loaded in 7.9ms: height 0, tip 087d6fd4efbc45eb
[2026-09-29T23:16:44.023Z INFO  blacksilk_node] P2P listening on 127.0.0.1:53101
[2026-09-29T23:16:44.024Z INFO  blacksilk_node] RPC listening on http://127.0.0.1:53100
[2026-09-29T23:16:44.029Z WARN  blacksilk_node::cookie] the data directory C:/bszkeval/w4-lab-scratch/run3\node-late is outside your user profile: on Windows the RPC cookie is protected only by that directory's permissions; make sure other users cannot read it
[2026-09-29T23:16:44.029Z INFO  blacksilk_node::serve] RPC credential written to C:/bszkeval/w4-lab-scratch/run3\node-late\rpc.cookie (clients read it: --rpc-cookie)
[2026-09-29T23:16:44.283Z INFO  blacksilk_p2p::net::conn] connected outbound peer 127.0.0.1:53001 (height 544)
[2026-09-29T23:16:44.283Z DEBUG blacksilk_p2p::net::addr_relay] peer 1: addr with 1 entries
[2026-09-29T23:16:44.283Z DEBUG blacksilk_p2p::net::addr_relay] peer 1: addr with 5 entries
[2026-09-29T23:16:45.858Z INFO  blacksilk_chain::manager::template] caught up at height 0: block templates are served from now on
[2026-09-29T23:16:46.127Z DEBUG blacksilk_p2p::net::blocks] peer 1: block e93b84b62371 at height 1 received
[2026-09-29T23:16:46.127Z DEBUG blacksilk_p2p::net::blocks] peer 1: block e13f25698690 at height 2 received
[2026-09-29T23:16:46.127Z DEBUG blacksilk_p2p::net::blocks] peer 1: block 4f577e9a3420 at height 3 received
[2026-09-29T23:16:46.135Z DEBUG blacksilk_p2p::net::blocks] peer 1: block 739a24148bed at height 4 received
[2026-09-29T23:16:46.140Z DEBUG blacksilk_p2p::net::blocks] peer 1: block 15947f0ed3ad at height 5 received
[2026-09-29T23:16:46.142Z DEBUG blacksilk_p2p::net::blocks] peer 1: block 942c5640a3be at height 6 received
[2026-09-29T23:16:46.145Z DEBUG blacksilk_p2p::net::blocks] peer 1: block e10634d8f022 at height 7 received
[2026-09-29T23:16:46.148Z DEBUG blacksilk_p2p::net::blocks] peer 1: block 4cc14b26dac5 at height 8 received
[2026-09-29T23:16:46.454Z INFO  blacksilk_p2p::net::conn] connected block-relay-only outbound peer 127.0.0.1:53061 (height 544)
[2026-09-29T23:16:46.454Z INFO  blacksilk_p2p::net::conn] connected outbound peer 127.0.0.1:53081 (height 544)
[2026-09-29T23:16:46.454Z INFO  blacksilk_p2p::net::conn] connected outbound peer 127.0.0.1:53021 (height 544)
[2026-09-29T23:16:46.454Z DEBUG blacksilk_p2p::net::addr_relay] peer 3: addr with 1 entries
[2026-09-29T23:16:46.454Z INFO  blacksilk_p2p::net::conn] connected outbound peer 127.0.0.1:53041 (height 544)
[2026-09-29T23:16:46.454Z DEBUG blacksilk_p2p::net::addr_relay] peer 4: addr with 1 entries
[2026-09-29T23:16:46.454Z DEBUG blacksilk_p2p::net::addr_relay] peer 5: addr with 1 entries
[2026-09-29T23:16:46.454Z DEBUG blacksilk_p2p::net::addr_relay] peer 4: addr with 5 entries
[2026-09-29T23:16:46.454Z DEBUG blacksilk_p2p::net::addr_relay] peer 3: addr with 5 entries
[2026-09-29T23:16:46.454Z DEBUG blacksilk_p2p::net::addr_relay] peer 5: addr with 5 entries
[2026-09-29T23:16:46.948Z DEBUG blacksilk_p2p::net::blocks] peer 5: block 1dadd828276d at height 11 received
[2026-09-29T23:16:46.948Z DEBUG blacksilk_p2p::net::blocks] peer 4: block 0b4ca395ceb5 at height 12 received
[2026-09-29T23:16:46.948Z DEBUG blacksilk_p2p::net::blocks] peer 2: block a5c95297000f at height 9 received
[2026-09-29T23:16:46.948Z DEBUG blacksilk_p2p::net::blocks] peer 4: block b12f2e80dba7 at height 14 received
[2026-09-29T23:16:46.948Z DEBUG blacksilk_p2p::net::blocks] peer 2: block 9f48544ad9bc at height 10 received
[2026-09-29T23:16:46.948Z DEBUG blacksilk_p2p::net::blocks] peer 4: block 9678f2274f1c at height 15 received
[2026-09-29T23:16:46.948Z DEBUG blacksilk_p2p::net::blocks] peer 2: block b80d224e835b at height 13 received
[2026-09-29T23:16:46.963Z DEBUG blacksilk_p2p::net::blocks] peer 1: block 6feceef83f0b at height 16 received
[2026-09-29T23:16:48.056Z DEBUG blacksilk_p2p::net::blocks] peer 4: block fb5e3cb08c95 at height 19 received
[2026-09-29T23:16:48.056Z DEBUG blacksilk_p2p::net::blocks] peer 1: block a2d79d81d8ea at height 23 received
[2026-09-29T23:16:48.056Z DEBUG blacksilk_p2p::net::blocks] peer 2: block 5e305fa9f64d at height 17 received
[2026-09-29T23:16:48.056Z DEBUG blacksilk_p2p::net::blocks] peer 4: block a86ad3960864 at height 20 received
[2026-09-29T23:16:48.056Z DEBUG blacksilk_p2p::net::blocks] peer 5: block aae1fd608a5c at height 18 received
[2026-09-29T23:16:48.056Z DEBUG blacksilk_p2p::net::blocks] peer 4: block b6c39f3cd6c2 at height 21 received
[2026-09-29T23:16:48.056Z DEBUG blacksilk_p2p::net::blocks] peer 5: block ccd1d049594c at height 22 received
[2026-09-29T23:16:48.056Z DEBUG blacksilk_p2p::net::blocks] peer 5: block 72ebb589ac0b at height 24 received
[2026-09-29T23:16:48.795Z DEBUG blacksilk_p2p::net::blocks] peer 1: block ac246aa25f13 at height 26 received
[2026-09-29T23:16:48.795Z DEBUG blacksilk_p2p::net::blocks] peer 3: block e3de2e461cbf at height 29 received
[2026-09-29T23:16:48.795Z DEBUG blacksilk_p2p::net::blocks] peer 5: block 37a182a1a4e6 at height 28 received
[2026-09-29T23:16:48.795Z DEBUG blacksilk_p2p::net::blocks] peer 4: block 115ef0ba6a4b at height 25 received
[2026-09-29T23:16:48.795Z DEBUG blacksilk_p2p::net::blocks] peer 3: block 1eea6a6157de at height 32 received
[2026-09-29T23:16:48.795Z DEBUG blacksilk_p2p::net::blocks] peer 5: block e4ce6b8c159c at height 31 received
[2026-09-29T23:16:48.795Z DEBUG blacksilk_p2p::net::blocks] peer 4: block e53db3f07cd1 at height 27 received
[2026-09-29T23:16:48.795Z DEBUG blacksilk_p2p::net::blocks] peer 4: block 42c4f39a7837 at height 30 received
[2026-09-29T23:16:49.675Z DEBUG blacksilk_p2p::net::blocks] peer 5: block df227f5b7e52 at height 33 received
[2026-09-29T23:16:49.675Z DEBUG blacksilk_p2p::net::blocks] peer 1: block 16848407cadc at height 36 received
[2026-09-29T23:16:49.675Z DEBUG blacksilk_p2p::net::blocks] peer 3: block 71f9deff26df at height 34 received
[2026-09-29T23:16:49.675Z DEBUG blacksilk_p2p::net::blocks] peer 4: block 3d836107dffe at height 37 received
[2026-09-29T23:16:49.675Z DEBUG blacksilk_p2p::net::blocks] peer 1: block f44dc689114e at height 38 received
[2026-09-29T23:16:49.675Z DEBUG blacksilk_p2p::net::blocks] peer 5: block 00431a52c343 at height 35 received
[2026-09-29T23:16:49.675Z DEBUG blacksilk_p2p::net::blocks] peer 1: block 2443c192c0d3 at height 40 received
[2026-09-29T23:16:49.675Z DEBUG blacksilk_p2p::net::blocks] peer 5: block e8142b8069ef at height 39 received
[2026-09-29T23:16:50.723Z DEBUG blacksilk_p2p::net::blocks] peer 2: block e7107d614676 at height 43 received
[2026-09-29T23:16:50.723Z DEBUG blacksilk_p2p::net::blocks] peer 2: block bc9ca3bb9b90 at height 46 received
[2026-09-29T23:16:50.723Z DEBUG blacksilk_p2p::net::blocks] peer 3: block a340b5651823 at height 41 received
[2026-09-29T23:16:50.723Z DEBUG blacksilk_p2p::net::blocks] peer 3: block ad0c13302bc9 at height 45 received
[2026-09-29T23:16:50.761Z DEBUG blacksilk_p2p::net::blocks] peer 1: block d5048335656b at height 44 received
[2026-09-29T23:16:50.761Z DEBUG blacksilk_p2p::net::blocks] peer 1: block bdb379fb0048 at height 48 received
[2026-09-29T23:16:50.777Z DEBUG blacksilk_p2p::net::blocks] peer 5: block daebac6c2b0c at height 42 received
[2026-09-29T23:16:50.777Z DEBUG blacksilk_p2p::net::blocks] peer 5: block 01d09f841845 at height 47 received
[2026-09-29T23:16:51.812Z DEBUG blacksilk_p2p::net::blocks] peer 2: block 084022620dda at height 56 received
[2026-09-29T23:16:51.812Z DEBUG blacksilk_p2p::net::blocks] peer 4: block 2adb09340964 at height 49 received
[2026-09-29T23:16:51.812Z DEBUG blacksilk_p2p::net::blocks] peer 4: block 9bb17010c912 at height 51 received
[2026-09-29T23:16:51.813Z DEBUG blacksilk_p2p::net::blocks] peer 4: block c6a30569fc08 at height 54 received
[2026-09-29T23:16:51.813Z DEBUG blacksilk_p2p::net::blocks] peer 1: block cee9c06bc462 at height 50 received
[2026-09-29T23:16:51.813Z DEBUG blacksilk_p2p::net::blocks] peer 1: block 7f3078cf8ee4 at height 52 received
[2026-09-29T23:16:51.813Z DEBUG blacksilk_p2p::net::blocks] peer 1: block 003904c10b03 at height 53 received
[2026-09-29T23:16:51.846Z DEBUG blacksilk_p2p::net::blocks] peer 5: block dc376193be47 at height 55 received
[2026-09-29T23:16:52.658Z DEBUG blacksilk_p2p::net::blocks] peer 2: block 87b02d8d1cc1 at height 61 received
[2026-09-29T23:16:52.658Z DEBUG blacksilk_p2p::net::blocks] peer 4: block 9668f18d074b at height 57 received
[2026-09-29T23:16:52.658Z DEBUG blacksilk_p2p::net::blocks] peer 3: block b03e238a5ec1 at height 60 received
[2026-09-29T23:16:52.658Z DEBUG blacksilk_p2p::net::blocks] peer 2: block e9c93351b026 at height 64 received
[2026-09-29T23:16:52.658Z DEBUG blacksilk_p2p::net::blocks] peer 4: block 0399941202c2 at height 58 received
[2026-09-29T23:16:52.658Z DEBUG blacksilk_p2p::net::blocks] peer 3: block 1c097b13bb1e at height 62 received
[2026-09-29T23:16:52.658Z DEBUG blacksilk_p2p::net::blocks] peer 3: block 03218b41110e at height 63 received
[2026-09-29T23:16:52.658Z DEBUG blacksilk_p2p::net::blocks] peer 5: block b5afb778fa9a at height 59 received
[2026-09-29T23:16:53.701Z DEBUG blacksilk_p2p::net::blocks] peer 2: block ea3b8a060efe at height 66 received
[2026-09-29T23:16:53.701Z DEBUG blacksilk_p2p::net::blocks] peer 2: block b70eff00dd3d at height 67 received
[2026-09-29T23:16:53.701Z DEBUG blacksilk_p2p::net::blocks] peer 2: block 8a752ac347a7 at height 69 received
[2026-09-29T23:16:53.701Z DEBUG blacksilk_p2p::net::blocks] peer 5: block d61cbb5ea006 at height 70 received
[2026-09-29T23:16:53.701Z DEBUG blacksilk_p2p::net::blocks] peer 1: block c1b38767ccc1 at height 68 received
[2026-09-29T23:16:53.701Z DEBUG blacksilk_p2p::net::blocks] peer 1: block 3697429b7e1a at height 71 received
[2026-09-29T23:16:53.701Z DEBUG blacksilk_p2p::net::blocks] peer 1: block 458d8ab95c10 at height 72 received
[2026-09-29T23:16:53.740Z DEBUG blacksilk_p2p::net::blocks] peer 3: block 926dbdf2a86e at height 65 received
[2026-09-29T23:16:54.471Z DEBUG blacksilk_p2p::net::blocks] peer 5: block cb55a1907ee4 at height 73 received
[2026-09-29T23:16:54.471Z DEBUG blacksilk_p2p::net::blocks] peer 5: block 3db0b3b55f05 at height 74 received
[2026-09-29T23:16:54.471Z DEBUG blacksilk_p2p::net::blocks] peer 5: block 676bc4840345 at height 78 received
[2026-09-29T23:16:54.471Z DEBUG blacksilk_p2p::net::blocks] peer 4: block db3f2eb453b7 at height 80 received
[2026-09-29T23:16:54.471Z DEBUG blacksilk_p2p::net::blocks] peer 1: block 620670299de5 at height 76 received
[2026-09-29T23:16:54.471Z DEBUG blacksilk_p2p::net::blocks] peer 1: block 813abec092f5 at height 77 received
[2026-09-29T23:16:54.471Z DEBUG blacksilk_p2p::net::blocks] peer 3: block b5471d7b9c67 at height 75 received
[2026-09-29T23:16:54.471Z DEBUG blacksilk_p2p::net::blocks] peer 3: block 1636bb867a0d at height 79 received
[2026-09-29T23:16:55.622Z DEBUG blacksilk_p2p::net::blocks] peer 3: block 16029e033151 at height 85 received
[2026-09-29T23:16:55.622Z DEBUG blacksilk_p2p::net::blocks] peer 3: block be14c75fdafa at height 86 received
[2026-09-29T23:16:55.622Z DEBUG blacksilk_p2p::net::blocks] peer 2: block 87883070e09d at height 81 received
[2026-09-29T23:16:55.622Z DEBUG blacksilk_p2p::net::blocks] peer 5: block 8a727d5a228f at height 84 received
[2026-09-29T23:16:55.622Z DEBUG blacksilk_p2p::net::blocks] peer 2: block e92812cead0e at height 82 received
[2026-09-29T23:16:55.622Z DEBUG blacksilk_p2p::net::blocks] peer 5: block a5d371952868 at height 87 received
[2026-09-29T23:16:55.622Z DEBUG blacksilk_p2p::net::blocks] peer 2: block b278f4c5cb4b at height 83 received
[2026-09-29T23:16:55.623Z DEBUG blacksilk_p2p::net::blocks] peer 1: block 6feea0d77970 at height 88 received
[2026-09-29T23:16:56.432Z DEBUG blacksilk_p2p::net::blocks] peer 3: block c685f99f690f at height 91 received
[2026-09-29T23:16:56.432Z DEBUG blacksilk_p2p::net::blocks] peer 2: block 8c64b54f6aa1 at height 95 received
[2026-09-29T23:16:56.432Z DEBUG blacksilk_p2p::net::blocks] peer 4: block 026aaa2c12da at height 92 received
[2026-09-29T23:16:56.432Z DEBUG blacksilk_p2p::net::blocks] peer 5: block db4840736ed4 at height 89 received
[2026-09-29T23:16:56.476Z DEBUG blacksilk_p2p::net::blocks] peer 1: block dc8af2c76f5b at height 90 received
[2026-09-29T23:16:56.476Z DEBUG blacksilk_p2p::net::blocks] peer 2: block d864403e9e18 at height 96 received
[2026-09-29T23:16:56.492Z DEBUG blacksilk_p2p::net::blocks] peer 4: block 64b253e2f0ec at height 93 received
[2026-09-29T23:16:56.492Z DEBUG blacksilk_p2p::net::blocks] peer 4: block cc2e1caeae28 at height 94 received
[2026-09-29T23:16:57.585Z DEBUG blacksilk_p2p::net::blocks] peer 5: block 231df76ecba7 at height 97 received
[2026-09-29T23:16:57.585Z DEBUG blacksilk_p2p::net::blocks] peer 2: block b5d1d9634395 at height 102 received
[2026-09-29T23:16:57.586Z DEBUG blacksilk_p2p::net::blocks] peer 1: block a1288ba33cb5 at height 99 received
[2026-09-29T23:16:57.586Z DEBUG blacksilk_p2p::net::blocks] peer 1: block d2a9f2f7779a at height 101 received
[2026-09-29T23:16:57.586Z DEBUG blacksilk_p2p::net::blocks] peer 1: block e2669591d486 at height 103 received
[2026-09-29T23:16:57.623Z DEBUG blacksilk_p2p::net::blocks] peer 3: block 657aa712f5a9 at height 98 received
[2026-09-29T23:16:57.623Z DEBUG blacksilk_p2p::net::blocks] peer 3: block 0d8a90f53116 at height 100 received
[2026-09-29T23:16:57.623Z DEBUG blacksilk_p2p::net::blocks] peer 3: block 7aea3b9eebe8 at height 104 received
[2026-09-29T23:16:58.483Z DEBUG blacksilk_p2p::net::blocks] peer 3: block 9c9a70c7d768 at height 109 received
[2026-09-29T23:16:58.483Z DEBUG blacksilk_p2p::net::blocks] peer 4: block 0d90478427ba at height 105 received
[2026-09-29T23:16:58.483Z DEBUG blacksilk_p2p::net::blocks] peer 2: block cf4460628ad4 at height 107 received
[2026-09-29T23:16:58.483Z DEBUG blacksilk_p2p::net::blocks] peer 1: block 33c4b5b98cc9 at height 106 received
[2026-09-29T23:16:58.483Z DEBUG blacksilk_p2p::net::blocks] peer 3: block f6f1b249679f at height 110 received
[2026-09-29T23:16:58.483Z DEBUG blacksilk_p2p::net::blocks] peer 5: block 2275de2dae7b at height 108 received
[2026-09-29T23:16:58.483Z DEBUG blacksilk_p2p::net::blocks] peer 5: block 621b38158045 at height 111 received
[2026-09-29T23:16:58.483Z DEBUG blacksilk_p2p::net::blocks] peer 5: block 111f519a3d5e at height 112 received
[2026-09-29T23:16:59.508Z DEBUG blacksilk_p2p::net::blocks] peer 4: block 9c9a41285703 at height 118 received
[2026-09-29T23:16:59.508Z DEBUG blacksilk_p2p::net::blocks] peer 5: block 35c249ca0731 at height 116 received
[2026-09-29T23:16:59.508Z DEBUG blacksilk_p2p::net::blocks] peer 1: block 91e12ef8ff7c at height 113 received
[2026-09-29T23:16:59.508Z DEBUG blacksilk_p2p::net::blocks] peer 1: block 3b676410c895 at height 117 received
[2026-09-29T23:16:59.508Z DEBUG blacksilk_p2p::net::blocks] peer 1: block b8e2bc583265 at height 120 received
[2026-09-29T23:16:59.509Z DEBUG blacksilk_p2p::net::blocks] peer 2: block a0b764015ac5 at height 114 received
[2026-09-29T23:16:59.509Z DEBUG blacksilk_p2p::net::blocks] peer 2: block 1eaa7a33985e at height 115 received
[2026-09-29T23:16:59.509Z DEBUG blacksilk_p2p::net::blocks] peer 2: block 775fbb47df79 at height 119 received
[2026-09-29T23:17:00.359Z DEBUG blacksilk_p2p::net::blocks] peer 5: block 45fcec4dc366 at height 125 received
[2026-09-29T23:17:00.359Z DEBUG blacksilk_p2p::net::blocks] peer 1: block a342df9c112a at height 124 received
[2026-09-29T23:17:00.359Z DEBUG blacksilk_p2p::net::blocks] peer 2: block 255a5e210177 at height 122 received
[2026-09-29T23:17:00.359Z DEBUG blacksilk_p2p::net::blocks] peer 4: block ae623e5fe557 at height 121 received
[2026-09-29T23:17:00.359Z DEBUG blacksilk_p2p::net::blocks] peer 5: block 423a3bc3f38d at height 127 received
[2026-09-29T23:17:00.359Z DEBUG blacksilk_p2p::net::blocks] peer 4: block 8ddcdec5c568 at height 123 received
[2026-09-29T23:17:00.359Z DEBUG blacksilk_p2p::net::blocks] peer 5: block 2f84562a0944 at height 128 received
[2026-09-29T23:17:00.359Z DEBUG blacksilk_p2p::net::blocks] peer 4: block c416d1c35bac at height 126 received
[2026-09-29T23:17:01.469Z DEBUG blacksilk_p2p::net::blocks] peer 5: block 77bc6420de2d at height 132 received
[2026-09-29T23:17:01.469Z DEBUG blacksilk_p2p::net::blocks] peer 5: block 05767202cba9 at height 134 received
[2026-09-29T23:17:01.469Z DEBUG blacksilk_p2p::net::blocks] peer 3: block 42149cb57043 at height 129 received
[2026-09-29T23:17:01.469Z DEBUG blacksilk_p2p::net::blocks] peer 3: block a86ca2a2bf89 at height 131 received
[2026-09-29T23:17:01.469Z DEBUG blacksilk_p2p::net::blocks] peer 3: block 96c28d777f2a at height 133 received
[2026-09-29T23:17:01.470Z DEBUG blacksilk_p2p::net::blocks] peer 2: block 561a4f9b785f at height 136 received
[2026-09-29T23:17:01.510Z DEBUG blacksilk_p2p::net::blocks] peer 4: block 02d9ea5116f2 at height 130 received
[2026-09-29T23:17:01.510Z DEBUG blacksilk_p2p::net::blocks] peer 4: block b91226c9f308 at height 135 received
[2026-09-29T23:17:02.274Z DEBUG blacksilk_p2p::net::blocks] peer 1: block 85ea1875e05e at height 142 received
[2026-09-29T23:17:02.274Z DEBUG blacksilk_p2p::net::blocks] peer 5: block 0b7b8ac04645 at height 137 received
[2026-09-29T23:17:02.274Z DEBUG blacksilk_p2p::net::blocks] peer 5: block a56963a21f55 at height 139 received
[2026-09-29T23:17:02.274Z DEBUG blacksilk_p2p::net::blocks] peer 2: block 71c5c37016b5 at height 140 received
[2026-09-29T23:17:02.274Z DEBUG blacksilk_p2p::net::blocks] peer 4: block 659af4985707 at height 138 received
[2026-09-29T23:17:02.274Z DEBUG blacksilk_p2p::net::blocks] peer 3: block 88001ce67802 at height 141 received
[2026-09-29T23:17:02.274Z DEBUG blacksilk_p2p::net::blocks] peer 3: block de57e5ab4943 at height 143 received
[2026-09-29T23:17:02.274Z DEBUG blacksilk_p2p::net::blocks] peer 3: block 2279ab8b16ab at height 144 received
[2026-09-29T23:17:03.328Z DEBUG blacksilk_p2p::net::blocks] peer 2: block 0e7ec3a1eb42 at height 145 received
[2026-09-29T23:17:03.328Z DEBUG blacksilk_p2p::net::blocks] peer 4: block 10e317af3b4f at height 147 received
[2026-09-29T23:17:03.328Z DEBUG blacksilk_p2p::net::blocks] peer 5: block b9b25565c080 at height 146 received
[2026-09-29T23:17:03.328Z DEBUG blacksilk_p2p::net::blocks] peer 4: block 5b9318fffdeb at height 150 received
[2026-09-29T23:17:03.328Z DEBUG blacksilk_p2p::net::blocks] peer 4: block cfb0beaa6707 at height 152 received
[2026-09-29T23:17:03.376Z DEBUG blacksilk_p2p::net::blocks] peer 3: block 532c10ce7dbc at height 148 received
[2026-09-29T23:17:03.376Z DEBUG blacksilk_p2p::net::blocks] peer 3: block 68b907d03184 at height 149 received
[2026-09-29T23:17:03.376Z DEBUG blacksilk_p2p::net::blocks] peer 3: block 3d7337c56cd6 at height 151 received
[2026-09-29T23:17:04.454Z DEBUG blacksilk_p2p::net::blocks] peer 2: block 5f104d1dbf32 at height 153 received
[2026-09-29T23:17:04.454Z DEBUG blacksilk_p2p::net::blocks] peer 1: block f25b1f9109de at height 155 received
[2026-09-29T23:17:04.454Z DEBUG blacksilk_p2p::net::blocks] peer 2: block bc448aa758de at height 154 received
[2026-09-29T23:17:04.454Z DEBUG blacksilk_p2p::net::blocks] peer 3: block 6ac2e8940648 at height 159 received
[2026-09-29T23:17:04.454Z DEBUG blacksilk_p2p::net::blocks] peer 1: block a8e23624d285 at height 160 received
[2026-09-29T23:17:04.454Z DEBUG blacksilk_p2p::net::blocks] peer 2: block c7ff2452012f at height 157 received
[2026-09-29T23:17:04.454Z DEBUG blacksilk_p2p::net::blocks] peer 5: block f5f5f4c06f04 at height 156 received
[2026-09-29T23:17:04.454Z DEBUG blacksilk_p2p::net::blocks] peer 5: block fc386b6d6e9b at height 158 received
[2026-09-29T23:17:05.514Z DEBUG blacksilk_p2p::net::blocks] peer 2: block f4d450c50bbd at height 161 received
[2026-09-29T23:17:05.514Z DEBUG blacksilk_p2p::net::blocks] peer 2: block 766d83aa3c31 at height 166 received
[2026-09-29T23:17:05.514Z DEBUG blacksilk_p2p::net::blocks] peer 2: block 357d53485a60 at height 168 received
[2026-09-29T23:17:05.514Z DEBUG blacksilk_p2p::net::blocks] peer 3: block 587982fa466d at height 162 received
[2026-09-29T23:17:05.514Z DEBUG blacksilk_p2p::net::blocks] peer 4: block 32e74e72e680 at height 163 received
[2026-09-29T23:17:05.514Z DEBUG blacksilk_p2p::net::blocks] peer 3: block 162de93287c0 at height 164 received
[2026-09-29T23:17:05.514Z DEBUG blacksilk_p2p::net::blocks] peer 4: block 8f35a969dd1f at height 167 received
[2026-09-29T23:17:05.514Z DEBUG blacksilk_p2p::net::blocks] peer 3: block 24353026c510 at height 165 received
[2026-09-29T23:17:06.378Z DEBUG blacksilk_p2p::net::blocks] peer 2: block 30d4439b85b9 at height 174 received
[2026-09-29T23:17:06.378Z DEBUG blacksilk_p2p::net::blocks] peer 2: block c4b23abbe1ee at height 175 received
[2026-09-29T23:17:06.378Z DEBUG blacksilk_p2p::net::blocks] peer 5: block 49e4ad00c47c at height 169 received
[2026-09-29T23:17:06.378Z DEBUG blacksilk_p2p::net::blocks] peer 1: block 25a02052b7fc at height 171 received
[2026-09-29T23:17:06.378Z DEBUG blacksilk_p2p::net::blocks] peer 5: block 8b5317f3173e at height 172 received
[2026-09-29T23:17:06.378Z DEBUG blacksilk_p2p::net::blocks] peer 5: block 084493464f30 at height 173 received
[2026-09-29T23:17:06.379Z DEBUG blacksilk_p2p::net::blocks] peer 3: block 179faced448a at height 170 received
[2026-09-29T23:17:06.379Z DEBUG blacksilk_p2p::net::blocks] peer 3: block d4df5bacd469 at height 176 received
[2026-09-29T23:17:07.455Z DEBUG blacksilk_p2p::net::blocks] peer 2: block 242338fbef90 at height 183 received
[2026-09-29T23:17:07.455Z DEBUG blacksilk_p2p::net::blocks] peer 5: block 0de1d9170656 at height 180 received
[2026-09-29T23:17:07.455Z DEBUG blacksilk_p2p::net::blocks] peer 4: block ffc9a560f1e7 at height 177 received
[2026-09-29T23:17:07.455Z DEBUG blacksilk_p2p::net::blocks] peer 5: block 19c284172414 at height 184 received
[2026-09-29T23:17:07.455Z DEBUG blacksilk_p2p::net::blocks] peer 1: block 383b40f1f967 at height 178 received
[2026-09-29T23:17:07.455Z DEBUG blacksilk_p2p::net::blocks] peer 1: block 5137f7a73746 at height 181 received
[2026-09-29T23:17:07.455Z DEBUG blacksilk_p2p::net::blocks] peer 1: block 84261e278b17 at height 182 received
[2026-09-29T23:17:07.494Z DEBUG blacksilk_p2p::net::blocks] peer 3: block 6b6079aa6a02 at height 179 received
[2026-09-29T23:17:08.254Z DEBUG blacksilk_p2p::net::blocks] peer 4: block e2666e69bbb9 at height 192 received
[2026-09-29T23:17:08.254Z DEBUG blacksilk_p2p::net::blocks] peer 5: block d629e46b5075 at height 185 received
[2026-09-29T23:17:08.254Z DEBUG blacksilk_p2p::net::blocks] peer 2: block 82521f8140f0 at height 189 received
[2026-09-29T23:17:08.254Z DEBUG blacksilk_p2p::net::blocks] peer 5: block 8eaf952a20c2 at height 187 received
[2026-09-29T23:17:08.254Z DEBUG blacksilk_p2p::net::blocks] peer 5: block 4d103fd2ce86 at height 190 received
[2026-09-29T23:17:08.273Z DEBUG blacksilk_p2p::net::blocks] peer 3: block 4c820da9b19b at height 186 received
[2026-09-29T23:17:08.273Z DEBUG blacksilk_p2p::net::blocks] peer 3: block 6da6b5a8fa5f at height 188 received
[2026-09-29T23:17:08.273Z DEBUG blacksilk_p2p::net::blocks] peer 3: block ade18f4efbca at height 191 received
[2026-09-29T23:17:09.374Z DEBUG blacksilk_p2p::net::blocks] peer 1: block 2cfe695bf809 at height 193 received
[2026-09-29T23:17:09.374Z DEBUG blacksilk_p2p::net::blocks] peer 2: block 87e53f00e6d4 at height 199 received
[2026-09-29T23:17:09.374Z DEBUG blacksilk_p2p::net::blocks] peer 4: block bc72962935b7 at height 197 received
[2026-09-29T23:17:09.374Z DEBUG blacksilk_p2p::net::blocks] peer 1: block 4a4f7a009fc9 at height 196 received
[2026-09-29T23:17:09.374Z DEBUG blacksilk_p2p::net::blocks] peer 4: block 269bcb76ebff at height 200 received
[2026-09-29T23:17:09.374Z DEBUG blacksilk_p2p::net::blocks] peer 3: block 53bdf606c0c4 at height 194 received
[2026-09-29T23:17:09.374Z DEBUG blacksilk_p2p::net::blocks] peer 3: block d7ae0afaadaf at height 195 received
[2026-09-29T23:17:09.374Z DEBUG blacksilk_p2p::net::blocks] peer 3: block 0ce551b2ce18 at height 198 received
[2026-09-29T23:17:10.170Z DEBUG blacksilk_p2p::net::blocks] peer 4: block 7068ed7d3340 at height 201 received
[2026-09-29T23:17:10.170Z DEBUG blacksilk_p2p::net::blocks] peer 1: block bf5b66b67a21 at height 203 received
[2026-09-29T23:17:10.170Z DEBUG blacksilk_p2p::net::blocks] peer 5: block 960d74f5cae5 at height 202 received
[2026-09-29T23:17:10.170Z DEBUG blacksilk_p2p::net::blocks] peer 3: block 2c1a705c3b42 at height 204 received
[2026-09-29T23:17:10.170Z DEBUG blacksilk_p2p::net::blocks] peer 4: block 79b433fbab62 at height 208 received
[2026-09-29T23:17:10.170Z DEBUG blacksilk_p2p::net::blocks] peer 1: block 4cb72258f7c9 at height 207 received
[2026-09-29T23:17:10.170Z DEBUG blacksilk_p2p::net::blocks] peer 5: block f8da14612995 at height 205 received
[2026-09-29T23:17:10.170Z DEBUG blacksilk_p2p::net::blocks] peer 5: block febf4571a5dc at height 206 received
[2026-09-29T23:17:11.015Z DEBUG blacksilk_p2p::net::blocks] peer 1: block aec15c058ad2 at height 211 received
[2026-09-29T23:17:11.015Z DEBUG blacksilk_p2p::net::blocks] peer 5: block 8a1554a45064 at height 210 received
[2026-09-29T23:17:11.015Z DEBUG blacksilk_p2p::net::blocks] peer 2: block 732b43e059fa at height 212 received
[2026-09-29T23:17:11.015Z DEBUG blacksilk_p2p::net::blocks] peer 4: block 74a89c1efa38 at height 209 received
[2026-09-29T23:17:11.015Z DEBUG blacksilk_p2p::net::blocks] peer 5: block 67d46615194b at height 216 received
[2026-09-29T23:17:11.015Z DEBUG blacksilk_p2p::net::blocks] peer 2: block 7c9ef62c0379 at height 214 received
[2026-09-29T23:17:11.015Z DEBUG blacksilk_p2p::net::blocks] peer 4: block 954dbc2f6b79 at height 215 received
[2026-09-29T23:17:11.015Z DEBUG blacksilk_p2p::net::blocks] peer 3: block 26cc1d09c161 at height 213 received
[2026-09-29T23:17:12.056Z DEBUG blacksilk_p2p::net::blocks] peer 5: block 07ff0e177baf at height 223 received
[2026-09-29T23:17:12.056Z DEBUG blacksilk_p2p::net::blocks] peer 2: block 21068b2fef6d at height 217 received
[2026-09-29T23:17:12.056Z DEBUG blacksilk_p2p::net::blocks] peer 4: block 0e74274ecdfa at height 221 received
[2026-09-29T23:17:12.056Z DEBUG blacksilk_p2p::net::blocks] peer 1: block 3dff1de71c91 at height 219 received
[2026-09-29T23:17:12.057Z DEBUG blacksilk_p2p::net::blocks] peer 2: block b2375e04e47a at height 218 received
[2026-09-29T23:17:12.057Z DEBUG blacksilk_p2p::net::blocks] peer 4: block 357a9e7c93bd at height 222 received
[2026-09-29T23:17:12.057Z DEBUG blacksilk_p2p::net::blocks] peer 2: block 728a27e3f78d at height 220 received
[2026-09-29T23:17:12.057Z DEBUG blacksilk_p2p::net::blocks] peer 4: block 2af4e4d8888d at height 224 received
[2026-09-29T23:17:13.121Z DEBUG blacksilk_p2p::net::blocks] peer 4: block da88adf9c7e7 at height 232 received
[2026-09-29T23:17:13.122Z DEBUG blacksilk_p2p::net::blocks] peer 5: block 1c59ed914f10 at height 225 received
[2026-09-29T23:17:13.122Z DEBUG blacksilk_p2p::net::blocks] peer 2: block fc04bbe4eacd at height 227 received
[2026-09-29T23:17:13.122Z DEBUG blacksilk_p2p::net::blocks] peer 5: block 2a17f568a92b at height 229 received
[2026-09-29T23:17:13.122Z DEBUG blacksilk_p2p::net::blocks] peer 2: block 66755aedeec1 at height 230 received
[2026-09-29T23:17:13.122Z DEBUG blacksilk_p2p::net::blocks] peer 5: block e4fea1cf36b6 at height 231 received
[2026-09-29T23:17:13.153Z DEBUG blacksilk_p2p::net::blocks] peer 1: block 86b964658c6d at height 226 received
[2026-09-29T23:17:13.153Z DEBUG blacksilk_p2p::net::blocks] peer 1: block 3f228eaecd0d at height 228 received
[2026-09-29T23:17:13.961Z DEBUG blacksilk_p2p::net::blocks] peer 5: block 14bff59a90ba at height 238 received
[2026-09-29T23:17:13.961Z DEBUG blacksilk_p2p::net::blocks] peer 5: block 957dcc764735 at height 239 received
[2026-09-29T23:17:13.961Z DEBUG blacksilk_p2p::net::blocks] peer 3: block cd64a1b432a5 at height 235 received
[2026-09-29T23:17:13.961Z DEBUG blacksilk_p2p::net::blocks] peer 1: block 64c806538d8f at height 233 received
[2026-09-29T23:17:13.961Z DEBUG blacksilk_p2p::net::blocks] peer 4: block 5b20991eb1d2 at height 234 received
[2026-09-29T23:17:13.962Z DEBUG blacksilk_p2p::net::blocks] peer 1: block e928c5d7717b at height 236 received
[2026-09-29T23:17:13.962Z DEBUG blacksilk_p2p::net::blocks] peer 4: block 8f500333f69d at height 240 received
[2026-09-29T23:17:13.962Z DEBUG blacksilk_p2p::net::blocks] peer 3: block aeacd677867e at height 237 received
[2026-09-29T23:17:14.830Z DEBUG blacksilk_p2p::net::blocks] peer 3: block c0f0f4f6b20f at height 241 received
[2026-09-29T23:17:14.830Z DEBUG blacksilk_p2p::net::blocks] peer 4: block 42f362c34fd6 at height 244 received
[2026-09-29T23:17:14.830Z DEBUG blacksilk_p2p::net::blocks] peer 2: block 604c806250cb at height 248 received
[2026-09-29T23:17:14.830Z DEBUG blacksilk_p2p::net::blocks] peer 1: block 7319f7bd900f at height 242 received
[2026-09-29T23:17:14.831Z DEBUG blacksilk_p2p::net::blocks] peer 5: block 1359b11487fa at height 243 received
[2026-09-29T23:17:14.914Z DEBUG blacksilk_p2p::net::blocks] peer 3: block affe84660aea at height 247 received
[2026-09-29T23:17:14.914Z DEBUG blacksilk_p2p::net::blocks] peer 1: block c1b32928ca77 at height 245 received
[2026-09-29T23:17:14.914Z DEBUG blacksilk_p2p::net::blocks] peer 1: block ce824ca446b8 at height 246 received
[2026-09-29T23:17:15.916Z DEBUG blacksilk_p2p::net::blocks] peer 4: block 0ae41df7e98a at height 251 received
[2026-09-29T23:17:15.916Z DEBUG blacksilk_p2p::net::blocks] peer 4: block b79689873190 at height 254 received
[2026-09-29T23:17:15.916Z DEBUG blacksilk_p2p::net::blocks] peer 1: block aa44a2762d4e at height 255 received
[2026-09-29T23:17:15.916Z DEBUG blacksilk_p2p::net::blocks] peer 2: block 1ee2e6aef61d at height 250 received
[2026-09-29T23:17:15.916Z DEBUG blacksilk_p2p::net::blocks] peer 2: block ad4597de1ab5 at height 252 received
[2026-09-29T23:17:15.916Z DEBUG blacksilk_p2p::net::blocks] peer 2: block 971acdbca775 at height 253 received
[2026-09-29T23:17:15.916Z DEBUG blacksilk_p2p::net::blocks] peer 5: block 3209f2472350 at height 249 received
[2026-09-29T23:17:15.916Z DEBUG blacksilk_p2p::net::blocks] peer 5: block 0f6e6547b9c5 at height 256 received
[2026-09-29T23:17:16.714Z DEBUG blacksilk_p2p::net::blocks] peer 1: block 564ebb20800b at height 259 received
[2026-09-29T23:17:16.714Z DEBUG blacksilk_p2p::net::blocks] peer 2: block 8938397a5c62 at height 261 received
[2026-09-29T23:17:16.714Z DEBUG blacksilk_p2p::net::blocks] peer 4: block a662d707939b at height 257 received
[2026-09-29T23:17:16.714Z DEBUG blacksilk_p2p::net::blocks] peer 3: block 070c7a895ab2 at height 262 received
[2026-09-29T23:17:16.715Z DEBUG blacksilk_p2p::net::blocks] peer 5: block b9eb5e11d41c at height 263 received
[2026-09-29T23:17:16.746Z DEBUG blacksilk_p2p::net::blocks] peer 4: block 9b5c797ed808 at height 258 received
[2026-09-29T23:17:16.778Z DEBUG blacksilk_p2p::net::blocks] peer 3: block 1dd981feef98 at height 264 received
[2026-09-29T23:17:16.782Z DEBUG blacksilk_p2p::net::blocks] peer 4: block bde30cc57e6e at height 260 received
[2026-09-29T23:17:17.844Z DEBUG blacksilk_p2p::net::blocks] peer 5: block 170fa2ae0154 at height 268 received
[2026-09-29T23:17:17.844Z DEBUG blacksilk_p2p::net::blocks] peer 1: block ada46b10c693 at height 270 received
[2026-09-29T23:17:17.844Z DEBUG blacksilk_p2p::net::blocks] peer 5: block e3b446000001 at height 271 received
[2026-09-29T23:17:17.844Z DEBUG blacksilk_p2p::net::blocks] peer 4: block 532c0a66511f at height 265 received
[2026-09-29T23:17:17.844Z DEBUG blacksilk_p2p::net::blocks] peer 2: block 34f825b54039 at height 267 received
[2026-09-29T23:17:17.844Z DEBUG blacksilk_p2p::net::blocks] peer 4: block 79422c5aaab3 at height 266 received
[2026-09-29T23:17:17.844Z DEBUG blacksilk_p2p::net::blocks] peer 2: block f662da8fc020 at height 269 received
[2026-09-29T23:17:17.844Z DEBUG blacksilk_p2p::net::blocks] peer 2: block 579b0946f91e at height 272 received
[2026-09-29T23:17:18.927Z DEBUG blacksilk_p2p::net::blocks] peer 2: block c72e91129ce2 at height 274 received
[2026-09-29T23:17:18.927Z DEBUG blacksilk_p2p::net::blocks] peer 3: block dae579677202 at height 275 received
[2026-09-29T23:17:18.927Z DEBUG blacksilk_p2p::net::blocks] peer 4: block f0119f6f6ad6 at height 280 received
[2026-09-29T23:17:18.927Z DEBUG blacksilk_p2p::net::blocks] peer 3: block f254cb6dddb3 at height 277 received
[2026-09-29T23:17:18.927Z DEBUG blacksilk_p2p::net::blocks] peer 1: block 4c735c870ed9 at height 273 received
[2026-09-29T23:17:18.927Z DEBUG blacksilk_p2p::net::blocks] peer 1: block d3145e1982a2 at height 276 received
[2026-09-29T23:17:18.927Z DEBUG blacksilk_p2p::net::blocks] peer 1: block f1fd3046e82a at height 278 received
[2026-09-29T23:17:18.927Z DEBUG blacksilk_p2p::net::blocks] peer 3: block 44b1d76f7456 at height 279 received
[2026-09-29T23:17:19.747Z DEBUG blacksilk_p2p::net::blocks] peer 1: block 1c7d2b42013c at height 284 received
[2026-09-29T23:17:19.748Z DEBUG blacksilk_p2p::net::blocks] peer 1: block 74206e071f15 at height 288 received
[2026-09-29T23:17:19.748Z DEBUG blacksilk_p2p::net::blocks] peer 2: block f83054a98f79 at height 281 received
[2026-09-29T23:17:19.748Z DEBUG blacksilk_p2p::net::blocks] peer 5: block 89884f41c60c at height 282 received
[2026-09-29T23:17:19.748Z DEBUG blacksilk_p2p::net::blocks] peer 4: block 696ac4e5790c at height 283 received
[2026-09-29T23:17:19.748Z DEBUG blacksilk_p2p::net::blocks] peer 2: block e6ca01934560 at height 286 received
[2026-09-29T23:17:19.748Z DEBUG blacksilk_p2p::net::blocks] peer 2: block 09cafc5f5327 at height 287 received
[2026-09-29T23:17:19.748Z DEBUG blacksilk_p2p::net::blocks] peer 5: block 0bd4890a776b at height 285 received
[2026-09-29T23:17:20.830Z DEBUG blacksilk_p2p::net::blocks] peer 2: block b3d480955736 at height 293 received
[2026-09-29T23:17:20.830Z DEBUG blacksilk_p2p::net::blocks] peer 2: block 37afcd19de7b at height 294 received
[2026-09-29T23:17:20.830Z DEBUG blacksilk_p2p::net::blocks] peer 2: block e5cb2141f8aa at height 295 received
[2026-09-29T23:17:20.830Z DEBUG blacksilk_p2p::net::blocks] peer 3: block d7e98f99069b at height 290 received
[2026-09-29T23:17:20.830Z DEBUG blacksilk_p2p::net::blocks] peer 5: block f7ad80fe2900 at height 296 received
[2026-09-29T23:17:20.830Z DEBUG blacksilk_p2p::net::blocks] peer 3: block 41dd58517b5e at height 291 received
[2026-09-29T23:17:20.830Z DEBUG blacksilk_p2p::net::blocks] peer 3: block 0d4a823f8cb1 at height 292 received
[2026-09-29T23:17:20.831Z DEBUG blacksilk_p2p::net::blocks] peer 1: block ff970295808a at height 289 received
[2026-09-29T23:17:21.621Z DEBUG blacksilk_p2p::net::blocks] peer 5: block 7d598f582353 at height 298 received
[2026-09-29T23:17:21.621Z DEBUG blacksilk_p2p::net::blocks] peer 5: block 91b81606742e at height 302 received
[2026-09-29T23:17:21.621Z DEBUG blacksilk_p2p::net::blocks] peer 3: block 92e5301dd3de at height 300 received
[2026-09-29T23:17:21.621Z DEBUG blacksilk_p2p::net::blocks] peer 1: block e89de3a07d29 at height 301 received
[2026-09-29T23:17:21.621Z DEBUG blacksilk_p2p::net::blocks] peer 4: block 35e8d196c85a at height 297 received
[2026-09-29T23:17:21.621Z DEBUG blacksilk_p2p::net::blocks] peer 4: block cc9ff5225904 at height 299 received
[2026-09-29T23:17:21.621Z DEBUG blacksilk_p2p::net::blocks] peer 4: block f771b04ae969 at height 303 received
[2026-09-29T23:17:21.621Z DEBUG blacksilk_p2p::net::blocks] peer 1: block fa6f7c83e142 at height 304 received
[2026-09-29T23:17:22.451Z DEBUG blacksilk_p2p::net::blocks] peer 3: block c13cadab7b35 at height 308 received
[2026-09-29T23:17:22.451Z DEBUG blacksilk_p2p::net::blocks] peer 2: block f4e2e8e1f864 at height 305 received
[2026-09-29T23:17:22.451Z DEBUG blacksilk_p2p::net::blocks] peer 4: block f7e6d05e37c5 at height 306 received
[2026-09-29T23:17:22.451Z DEBUG blacksilk_p2p::net::blocks] peer 1: block 7ea1aa4c0fcb at height 310 received
[2026-09-29T23:17:22.478Z DEBUG blacksilk_p2p::net::blocks] peer 3: block 76780adc5e50 at height 311 received
[2026-09-29T23:17:22.494Z DEBUG blacksilk_p2p::net::blocks] peer 2: block 676ae40a84d1 at height 307 received
[2026-09-29T23:17:22.494Z DEBUG blacksilk_p2p::net::blocks] peer 3: block 95fd1cc32190 at height 312 received
[2026-09-29T23:17:22.494Z DEBUG blacksilk_p2p::net::blocks] peer 2: block df4e6a7dee76 at height 309 received
[2026-09-29T23:17:23.527Z DEBUG blacksilk_p2p::net::blocks] peer 1: block 5a6d954c3d47 at height 319 received
[2026-09-29T23:17:23.527Z DEBUG blacksilk_p2p::net::blocks] peer 3: block 089f6fcb8ad2 at height 313 received
[2026-09-29T23:17:23.527Z DEBUG blacksilk_p2p::net::blocks] peer 3: block 3f637a67a0ca at height 315 received
[2026-09-29T23:17:23.528Z DEBUG blacksilk_p2p::net::blocks] peer 2: block dea5652be8fd at height 316 received
[2026-09-29T23:17:23.543Z DEBUG blacksilk_p2p::net::blocks] peer 4: block 222902831f05 at height 314 received
[2026-09-29T23:17:23.543Z DEBUG blacksilk_p2p::net::blocks] peer 4: block d1276a663fce at height 320 received
[2026-09-29T23:17:23.544Z DEBUG blacksilk_p2p::net::blocks] peer 5: block 31f60375c6ff at height 317 received
[2026-09-29T23:17:23.544Z DEBUG blacksilk_p2p::net::blocks] peer 5: block 887f8eb0269d at height 318 received
[2026-09-29T23:17:24.635Z DEBUG blacksilk_p2p::net::blocks] peer 2: block 8e1e22837c93 at height 326 received
[2026-09-29T23:17:24.635Z DEBUG blacksilk_p2p::net::blocks] peer 1: block e4a7337e7f81 at height 323 received
[2026-09-29T23:17:24.635Z DEBUG blacksilk_p2p::net::blocks] peer 4: block f47657fbe4e9 at height 321 received
[2026-09-29T23:17:24.635Z DEBUG blacksilk_p2p::net::blocks] peer 3: block 477b6a6ad9e1 at height 322 received
[2026-09-29T23:17:24.635Z DEBUG blacksilk_p2p::net::blocks] peer 3: block 119658842ad9 at height 327 received
[2026-09-29T23:17:24.635Z DEBUG blacksilk_p2p::net::blocks] peer 4: block 21cc4f5c1530 at height 324 received
[2026-09-29T23:17:24.636Z DEBUG blacksilk_p2p::net::blocks] peer 4: block 0b29b3fd83a7 at height 325 received
[2026-09-29T23:17:24.713Z DEBUG blacksilk_p2p::net::blocks] peer 5: block e1a747297ad0 at height 328 received
[2026-09-29T23:17:25.451Z DEBUG blacksilk_p2p::net::blocks] peer 1: block 6caba085e91f at height 329 received
[2026-09-29T23:17:25.451Z DEBUG blacksilk_p2p::net::blocks] peer 3: block 75fa3bc7d780 at height 333 received
[2026-09-29T23:17:25.451Z DEBUG blacksilk_p2p::net::blocks] peer 4: block 12d3ac19acf1 at height 332 received
[2026-09-29T23:17:25.451Z DEBUG blacksilk_p2p::net::blocks] peer 1: block 7351d61aaa17 at height 330 received
[2026-09-29T23:17:25.451Z DEBUG blacksilk_p2p::net::blocks] peer 1: block 5c7256cfdfdf at height 331 received
[2026-09-29T23:17:25.451Z DEBUG blacksilk_p2p::net::blocks] peer 5: block 76c40fd0b6c5 at height 334 received
[2026-09-29T23:17:25.452Z DEBUG blacksilk_p2p::net::blocks] peer 2: block acd1cfdc9f7f at height 335 received
[2026-09-29T23:17:25.452Z DEBUG blacksilk_p2p::net::blocks] peer 4: block 242df5ef9109 at height 336 received
[2026-09-29T23:17:26.498Z DEBUG blacksilk_p2p::net::blocks] peer 3: block 2e8f7b64c815 at height 337 received
[2026-09-29T23:17:26.498Z DEBUG blacksilk_p2p::net::blocks] peer 4: block aa5d7687e6d2 at height 340 received
[2026-09-29T23:17:26.498Z DEBUG blacksilk_p2p::net::blocks] peer 1: block 5fd3d44cf2bf at height 339 received
[2026-09-29T23:17:26.498Z DEBUG blacksilk_p2p::net::blocks] peer 3: block 4b3ab4877d56 at height 344 received
[2026-09-29T23:17:26.498Z DEBUG blacksilk_p2p::net::blocks] peer 4: block 14559cf96a55 at height 342 received
[2026-09-29T23:17:26.498Z DEBUG blacksilk_p2p::net::blocks] peer 1: block e955d53ae3a0 at height 341 received
[2026-09-29T23:17:26.498Z DEBUG blacksilk_p2p::net::blocks] peer 5: block bcbf0acecda2 at height 338 received
[2026-09-29T23:17:26.545Z DEBUG blacksilk_p2p::net::blocks] peer 2: block 5d90aa77d44b at height 343 received
[2026-09-29T23:17:27.343Z DEBUG blacksilk_p2p::net::blocks] peer 3: block 5fd3e86a783b at height 351 received
[2026-09-29T23:17:27.343Z DEBUG blacksilk_p2p::net::blocks] peer 5: block 4e3ed15148cb at height 348 received
[2026-09-29T23:17:27.343Z DEBUG blacksilk_p2p::net::blocks] peer 1: block 047675cb4b84 at height 345 received
[2026-09-29T23:17:27.376Z DEBUG blacksilk_p2p::net::blocks] peer 2: block 2663badaa698 at height 349 received
[2026-09-29T23:17:27.410Z DEBUG blacksilk_p2p::net::blocks] peer 1: block e0cc2418d60b at height 346 received
[2026-09-29T23:17:27.410Z DEBUG blacksilk_p2p::net::blocks] peer 2: block efe53eea78fa at height 350 received
[2026-09-29T23:17:27.410Z DEBUG blacksilk_p2p::net::blocks] peer 1: block 81f6b71683f9 at height 347 received
[2026-09-29T23:17:27.410Z DEBUG blacksilk_p2p::net::blocks] peer 2: block 60f01eddb2ec at height 352 received
[2026-09-29T23:17:28.474Z DEBUG blacksilk_p2p::net::blocks] peer 3: block 2b98b4457a83 at height 353 received
[2026-09-29T23:17:28.474Z DEBUG blacksilk_p2p::net::blocks] peer 2: block c7541d449f21 at height 355 received
[2026-09-29T23:17:28.474Z DEBUG blacksilk_p2p::net::blocks] peer 4: block 368e0cd3cf3a at height 354 received
[2026-09-29T23:17:28.474Z DEBUG blacksilk_p2p::net::blocks] peer 2: block 8235b2ff8b6e at height 358 received
[2026-09-29T23:17:28.474Z DEBUG blacksilk_p2p::net::blocks] peer 4: block 758c3fe6895f at height 357 received
[2026-09-29T23:17:28.474Z DEBUG blacksilk_p2p::net::blocks] peer 2: block ef4abddf8a42 at height 360 received
[2026-09-29T23:17:28.523Z DEBUG blacksilk_p2p::net::blocks] peer 1: block 3898835d6c6a at height 356 received
[2026-09-29T23:17:28.523Z DEBUG blacksilk_p2p::net::blocks] peer 1: block 1d87919f1fe1 at height 359 received
[2026-09-29T23:17:29.298Z DEBUG blacksilk_p2p::net::blocks] peer 1: block 0b84f6f8a596 at height 367 received
[2026-09-29T23:17:29.298Z DEBUG blacksilk_p2p::net::blocks] peer 1: block b968ca371ecc at height 368 received
[2026-09-29T23:17:29.298Z DEBUG blacksilk_p2p::net::blocks] peer 5: block eda0fe7fed64 at height 362 received
[2026-09-29T23:17:29.298Z DEBUG blacksilk_p2p::net::blocks] peer 5: block 945c2806957c at height 363 received
[2026-09-29T23:17:29.298Z DEBUG blacksilk_p2p::net::blocks] peer 5: block d6ef831cc554 at height 365 received
[2026-09-29T23:17:29.301Z DEBUG blacksilk_p2p::net::blocks] peer 2: block b875f3ec2379 at height 361 received
[2026-09-29T23:17:29.301Z DEBUG blacksilk_p2p::net::blocks] peer 2: block a3ee1ae0c717 at height 364 received
[2026-09-29T23:17:29.301Z DEBUG blacksilk_p2p::net::blocks] peer 2: block 3308e704cf65 at height 366 received
[2026-09-29T23:17:30.102Z DEBUG blacksilk_p2p::net::blocks] peer 5: block 78df1e55d2fc at height 373 received
[2026-09-29T23:17:30.102Z DEBUG blacksilk_p2p::net::blocks] peer 4: block 8de0dc359674 at height 371 received
[2026-09-29T23:17:30.102Z DEBUG blacksilk_p2p::net::blocks] peer 1: block 5d171c08791f at height 370 received
[2026-09-29T23:17:30.102Z DEBUG blacksilk_p2p::net::blocks] peer 1: block 28986a2228b2 at height 374 received
[2026-09-29T23:17:30.102Z DEBUG blacksilk_p2p::net::blocks] peer 3: block 114003634d8a at height 372 received
[2026-09-29T23:17:30.141Z DEBUG blacksilk_p2p::net::blocks] peer 2: block 53df939ba13f at height 369 received
[2026-09-29T23:17:30.141Z DEBUG blacksilk_p2p::net::blocks] peer 2: block 07d21e0968cb at height 375 received
[2026-09-29T23:17:30.141Z DEBUG blacksilk_p2p::net::blocks] peer 2: block 4bd37c5c49a1 at height 376 received
[2026-09-29T23:17:31.210Z DEBUG blacksilk_p2p::net::blocks] peer 4: block 8bd80e1c685d at height 377 received
[2026-09-29T23:17:31.210Z DEBUG blacksilk_p2p::net::blocks] peer 4: block 63a9a0dbb960 at height 379 received
[2026-09-29T23:17:31.210Z DEBUG blacksilk_p2p::net::blocks] peer 3: block 137d9e47ac0c at height 382 received
[2026-09-29T23:17:31.210Z DEBUG blacksilk_p2p::net::blocks] peer 2: block bdc745391f92 at height 383 received
[2026-09-29T23:17:31.210Z DEBUG blacksilk_p2p::net::blocks] peer 5: block 672e45622107 at height 381 received
[2026-09-29T23:17:31.210Z DEBUG blacksilk_p2p::net::blocks] peer 1: block c5894c534669 at height 378 received
[2026-09-29T23:17:31.210Z DEBUG blacksilk_p2p::net::blocks] peer 1: block abedb40242a3 at height 380 received
[2026-09-29T23:17:31.210Z DEBUG blacksilk_p2p::net::blocks] peer 5: block 3eedb352c8b6 at height 384 received
[2026-09-29T23:17:32.037Z DEBUG blacksilk_p2p::net::blocks] peer 3: block 6ba6717d0b68 at height 385 received
[2026-09-29T23:17:32.037Z DEBUG blacksilk_p2p::net::blocks] peer 5: block 0db0c225cbe6 at height 388 received
[2026-09-29T23:17:32.037Z DEBUG blacksilk_p2p::net::blocks] peer 3: block fbcb6a4f21f2 at height 391 received
[2026-09-29T23:17:32.037Z DEBUG blacksilk_p2p::net::blocks] peer 5: block 6e175b175a97 at height 389 received
[2026-09-29T23:17:32.037Z DEBUG blacksilk_p2p::net::blocks] peer 3: block aa896abfabbb at height 392 received
[2026-09-29T23:17:32.037Z DEBUG blacksilk_p2p::net::blocks] peer 2: block 31ea22e4e914 at height 386 received
[2026-09-29T23:17:32.037Z DEBUG blacksilk_p2p::net::blocks] peer 4: block 5fc09c5b7b0f at height 390 received
[2026-09-29T23:17:32.037Z DEBUG blacksilk_p2p::net::blocks] peer 2: block 12e308ed7a9b at height 387 received
[2026-09-29T23:17:33.090Z DEBUG blacksilk_p2p::net::blocks] peer 1: block 0a37d3beb5f6 at height 397 received
[2026-09-29T23:17:33.091Z DEBUG blacksilk_p2p::net::blocks] peer 2: block f8078c3dad67 at height 393 received
[2026-09-29T23:17:33.091Z DEBUG blacksilk_p2p::net::blocks] peer 2: block dddea8eaae28 at height 395 received
[2026-09-29T23:17:33.091Z DEBUG blacksilk_p2p::net::blocks] peer 4: block 2a794036f4a8 at height 398 received
[2026-09-29T23:17:33.091Z DEBUG blacksilk_p2p::net::blocks] peer 3: block f99e34b5f189 at height 394 received
[2026-09-29T23:17:33.091Z DEBUG blacksilk_p2p::net::blocks] peer 5: block dcc558d29294 at height 400 received
[2026-09-29T23:17:33.091Z DEBUG blacksilk_p2p::net::blocks] peer 3: block cce0558cfc7e at height 396 received
[2026-09-29T23:17:33.091Z DEBUG blacksilk_p2p::net::blocks] peer 4: block 20787b1a1c6f at height 399 received
[2026-09-29T23:17:33.990Z DEBUG blacksilk_p2p::net::blocks] peer 1: block 69e34cff4ea5 at height 404 received
[2026-09-29T23:17:33.990Z DEBUG blacksilk_p2p::net::blocks] peer 5: block 92990bbb5c44 at height 402 received
[2026-09-29T23:17:33.990Z DEBUG blacksilk_p2p::net::blocks] peer 5: block 23cf1c4d2255 at height 405 received
[2026-09-29T23:17:33.990Z DEBUG blacksilk_p2p::net::blocks] peer 2: block 91d6f3560aac at height 406 received
[2026-09-29T23:17:33.990Z DEBUG blacksilk_p2p::net::blocks] peer 3: block 8d138eee5cc9 at height 401 received
[2026-09-29T23:17:33.991Z DEBUG blacksilk_p2p::net::blocks] peer 3: block 240af780bc59 at height 403 received
[2026-09-29T23:17:33.991Z DEBUG blacksilk_p2p::net::blocks] peer 2: block 94af676d913d at height 407 received
[2026-09-29T23:17:33.991Z DEBUG blacksilk_p2p::net::blocks] peer 2: block 342415939bc1 at height 408 received
[2026-09-29T23:17:35.054Z DEBUG blacksilk_p2p::net::blocks] peer 5: block a465b868108c at height 410 received
[2026-09-29T23:17:35.054Z DEBUG blacksilk_p2p::net::blocks] peer 2: block df6f961eb436 at height 411 received
[2026-09-29T23:17:35.054Z DEBUG blacksilk_p2p::net::blocks] peer 1: block 1c9037158823 at height 409 received
[2026-09-29T23:17:35.054Z DEBUG blacksilk_p2p::net::blocks] peer 3: block e6b7d7c1d130 at height 413 received
[2026-09-29T23:17:35.054Z DEBUG blacksilk_p2p::net::blocks] peer 4: block 67d927f0fbbf at height 414 received
[2026-09-29T23:17:35.054Z DEBUG blacksilk_p2p::net::blocks] peer 1: block b5f83b35efd2 at height 412 received
[2026-09-29T23:17:35.054Z DEBUG blacksilk_p2p::net::blocks] peer 1: block 22dd913c52ec at height 415 received
[2026-09-29T23:17:35.054Z DEBUG blacksilk_p2p::net::blocks] peer 4: block b0513aa9e2f5 at height 416 received
[2026-09-29T23:17:35.899Z DEBUG blacksilk_p2p::net::blocks] peer 5: block 5b7a29651b03 at height 421 received
[2026-09-29T23:17:35.899Z DEBUG blacksilk_p2p::net::blocks] peer 1: block fec8fcb095cd at height 420 received
[2026-09-29T23:17:35.899Z DEBUG blacksilk_p2p::net::blocks] peer 4: block 112f836e28a3 at height 417 received
[2026-09-29T23:17:35.899Z DEBUG blacksilk_p2p::net::blocks] peer 2: block 9c32e81175ca at height 422 received
[2026-09-29T23:17:35.899Z DEBUG blacksilk_p2p::net::blocks] peer 4: block 53ccabebba38 at height 418 received
[2026-09-29T23:17:35.899Z DEBUG blacksilk_p2p::net::blocks] peer 2: block 53491c385daf at height 424 received
[2026-09-29T23:17:35.899Z DEBUG blacksilk_p2p::net::blocks] peer 4: block a5d8aebb1a85 at height 419 received
[2026-09-29T23:17:35.899Z DEBUG blacksilk_p2p::net::blocks] peer 3: block d724e434597d at height 423 received
[2026-09-29T23:17:36.977Z DEBUG blacksilk_p2p::net::blocks] peer 3: block 322df7b896cb at height 425 received
[2026-09-29T23:17:36.977Z DEBUG blacksilk_p2p::net::blocks] peer 3: block 2d585b9d2700 at height 426 received
[2026-09-29T23:17:36.977Z DEBUG blacksilk_p2p::net::blocks] peer 3: block 19034d148c8a at height 431 received
[2026-09-29T23:17:36.977Z DEBUG blacksilk_p2p::net::blocks] peer 1: block 9cb70d9d9f42 at height 428 received
[2026-09-29T23:17:36.977Z DEBUG blacksilk_p2p::net::blocks] peer 4: block de2eb4e41a1b at height 429 received
[2026-09-29T23:17:36.977Z DEBUG blacksilk_p2p::net::blocks] peer 4: block 8a3b2a006d0e at height 430 received
[2026-09-29T23:17:36.977Z DEBUG blacksilk_p2p::net::blocks] peer 4: block b754e0ef8e70 at height 432 received
[2026-09-29T23:17:36.977Z DEBUG blacksilk_p2p::net::blocks] peer 2: block 2c1308e7183b at height 427 received
[2026-09-29T23:17:37.878Z DEBUG blacksilk_p2p::net::blocks] peer 4: block 115807524d43 at height 439 received
[2026-09-29T23:17:37.878Z DEBUG blacksilk_p2p::net::blocks] peer 1: block bbefead341bd at height 435 received
[2026-09-29T23:17:37.878Z DEBUG blacksilk_p2p::net::blocks] peer 3: block 5dc4c0eeb23d at height 433 received
[2026-09-29T23:17:37.878Z DEBUG blacksilk_p2p::net::blocks] peer 5: block 92666a252b22 at height 437 received
[2026-09-29T23:17:37.878Z DEBUG blacksilk_p2p::net::blocks] peer 5: block 49d5f0c3113c at height 438 received
[2026-09-29T23:17:37.879Z DEBUG blacksilk_p2p::net::blocks] peer 3: block 16c2fbd912ac at height 436 received
[2026-09-29T23:17:37.925Z DEBUG blacksilk_p2p::net::blocks] peer 2: block 409f43702dd7 at height 434 received
[2026-09-29T23:17:37.925Z DEBUG blacksilk_p2p::net::blocks] peer 2: block d05284e3bb00 at height 440 received
[2026-09-29T23:17:38.947Z DEBUG blacksilk_p2p::net::blocks] peer 4: block c69d55b9a195 at height 442 received
[2026-09-29T23:17:38.947Z DEBUG blacksilk_p2p::net::blocks] peer 4: block 9aa86dbb054d at height 443 received
[2026-09-29T23:17:38.947Z DEBUG blacksilk_p2p::net::blocks] peer 1: block 261204d5a73c at height 446 received
[2026-09-29T23:17:38.947Z DEBUG blacksilk_p2p::net::blocks] peer 5: block 6daeeba6d076 at height 444 received
[2026-09-29T23:17:38.947Z DEBUG blacksilk_p2p::net::blocks] peer 3: block 62b6bc832f4b at height 445 received
[2026-09-29T23:17:38.947Z DEBUG blacksilk_p2p::net::blocks] peer 5: block 0dfe4bfb13f1 at height 447 received
[2026-09-29T23:17:38.948Z DEBUG blacksilk_p2p::net::blocks] peer 2: block 25797a767583 at height 441 received
[2026-09-29T23:17:38.948Z DEBUG blacksilk_p2p::net::blocks] peer 3: block bbcded829235 at height 448 received
[2026-09-29T23:17:39.733Z DEBUG blacksilk_p2p::net::blocks] peer 5: block 415a4af16859 at height 451 received
[2026-09-29T23:17:39.733Z DEBUG blacksilk_p2p::net::blocks] peer 5: block 274059fedda8 at height 454 received
[2026-09-29T23:17:39.733Z DEBUG blacksilk_p2p::net::blocks] peer 3: block 821f7fed617c at height 453 received
[2026-09-29T23:17:39.733Z DEBUG blacksilk_p2p::net::blocks] peer 3: block 752d972d5b12 at height 455 received
[2026-09-29T23:17:39.733Z DEBUG blacksilk_p2p::net::blocks] peer 4: block c24a7149ff79 at height 449 received
[2026-09-29T23:17:39.733Z DEBUG blacksilk_p2p::net::blocks] peer 4: block 7ec33d0f8d43 at height 450 received
[2026-09-29T23:17:39.733Z DEBUG blacksilk_p2p::net::blocks] peer 3: block 0a8c252d13e2 at height 456 received
[2026-09-29T23:17:39.766Z DEBUG blacksilk_p2p::net::blocks] peer 2: block 12a3f20d471a at height 452 received
[2026-09-29T23:17:40.865Z DEBUG blacksilk_p2p::net::blocks] peer 4: block f6b5470f0577 at height 462 received
[2026-09-29T23:17:40.865Z DEBUG blacksilk_p2p::net::blocks] peer 3: block 8a1ed3d647f6 at height 460 received
[2026-09-29T23:17:40.865Z DEBUG blacksilk_p2p::net::blocks] peer 1: block 57a70d784821 at height 457 received
[2026-09-29T23:17:40.865Z DEBUG blacksilk_p2p::net::blocks] peer 1: block 1ab477aad596 at height 463 received
[2026-09-29T23:17:40.865Z DEBUG blacksilk_p2p::net::blocks] peer 1: block e0f0562be4ab at height 464 received
[2026-09-29T23:17:40.865Z DEBUG blacksilk_p2p::net::blocks] peer 3: block 4bd0fa978bc7 at height 461 received
[2026-09-29T23:17:40.865Z DEBUG blacksilk_p2p::net::blocks] peer 5: block c159ccdb9214 at height 458 received
[2026-09-29T23:17:40.865Z DEBUG blacksilk_p2p::net::blocks] peer 5: block c944d3ec48dc at height 459 received
[2026-09-29T23:17:41.649Z DEBUG blacksilk_p2p::net::blocks] peer 1: block a528b9d96250 at height 472 received
[2026-09-29T23:17:41.650Z DEBUG blacksilk_p2p::net::blocks] peer 4: block 89c87c69e37b at height 469 received
[2026-09-29T23:17:41.650Z DEBUG blacksilk_p2p::net::blocks] peer 2: block d4ca322300b4 at height 466 received
[2026-09-29T23:17:41.670Z DEBUG blacksilk_p2p::net::blocks] peer 5: block cde02243aed8 at height 465 received
[2026-09-29T23:17:41.671Z DEBUG blacksilk_p2p::net::blocks] peer 5: block 4666e415a663 at height 467 received
[2026-09-29T23:17:41.671Z DEBUG blacksilk_p2p::net::blocks] peer 2: block ccebcc1e7c89 at height 470 received
[2026-09-29T23:17:41.671Z DEBUG blacksilk_p2p::net::blocks] peer 5: block 2e59b11054d6 at height 468 received
[2026-09-29T23:17:41.671Z DEBUG blacksilk_p2p::net::blocks] peer 2: block 0f2abd189e9c at height 471 received
[2026-09-29T23:17:42.794Z DEBUG blacksilk_p2p::net::blocks] peer 5: block fb6f50a86e0e at height 474 received
[2026-09-29T23:17:42.794Z DEBUG blacksilk_p2p::net::blocks] peer 1: block 366a7d1a5aa3 at height 476 received
[2026-09-29T23:17:42.794Z DEBUG blacksilk_p2p::net::blocks] peer 1: block 4261345acedf at height 478 received
[2026-09-29T23:17:42.794Z DEBUG blacksilk_p2p::net::blocks] peer 2: block e4fdeeb9f012 at height 473 received
[2026-09-29T23:17:42.794Z DEBUG blacksilk_p2p::net::blocks] peer 4: block 63a563986aca at height 477 received
[2026-09-29T23:17:42.794Z DEBUG blacksilk_p2p::net::blocks] peer 5: block b99d2a84e4c0 at height 475 received
[2026-09-29T23:17:42.794Z DEBUG blacksilk_p2p::net::blocks] peer 3: block a936ed52cf9c at height 479 received
[2026-09-29T23:17:42.794Z DEBUG blacksilk_p2p::net::blocks] peer 3: block 61b9c31a2f3f at height 480 received
[2026-09-29T23:17:43.581Z DEBUG blacksilk_p2p::net::blocks] peer 2: block 86473013abc1 at height 483 received
[2026-09-29T23:17:43.581Z DEBUG blacksilk_p2p::net::blocks] peer 3: block 87cb09332e21 at height 486 received
[2026-09-29T23:17:43.581Z DEBUG blacksilk_p2p::net::blocks] peer 4: block d7fac813f864 at height 481 received
[2026-09-29T23:17:43.582Z DEBUG blacksilk_p2p::net::blocks] peer 5: block 23b37a126809 at height 487 received
[2026-09-29T23:17:43.615Z DEBUG blacksilk_p2p::net::blocks] peer 3: block 96c4607e969f at height 488 received
[2026-09-29T23:17:43.615Z DEBUG blacksilk_p2p::net::blocks] peer 4: block 4584886e99d4 at height 484 received
[2026-09-29T23:17:43.615Z DEBUG blacksilk_p2p::net::blocks] peer 2: block 908fadb31de0 at height 485 received
[2026-09-29T23:17:43.615Z DEBUG blacksilk_p2p::net::blocks] peer 1: block 57d3d8ec3963 at height 482 received
[2026-09-29T23:17:44.616Z DEBUG blacksilk_p2p::net::blocks] peer 1: block 788a6617da37 at height 495 received
[2026-09-29T23:17:44.616Z DEBUG blacksilk_p2p::net::blocks] peer 2: block c1519e0f124a at height 492 received
[2026-09-29T23:17:44.618Z DEBUG blacksilk_p2p::net::blocks] peer 5: block efb0121e7299 at height 489 received
[2026-09-29T23:17:44.656Z DEBUG blacksilk_p2p::net::blocks] peer 4: block 9e17df43fa5a at height 491 received
[2026-09-29T23:17:44.656Z DEBUG blacksilk_p2p::net::blocks] peer 4: block 2b13a7c3f689 at height 493 received
[2026-09-29T23:17:44.656Z DEBUG blacksilk_p2p::net::blocks] peer 3: block f0cf0a7b7649 at height 490 received
[2026-09-29T23:17:44.656Z DEBUG blacksilk_p2p::net::blocks] peer 3: block 650058b6c86a at height 494 received
[2026-09-29T23:17:44.656Z DEBUG blacksilk_p2p::net::blocks] peer 3: block 6c29c2d8035e at height 496 received
[2026-09-29T23:17:45.714Z DEBUG blacksilk_p2p::net::blocks] peer 3: block 83312586edb9 at height 499 received
[2026-09-29T23:17:45.714Z DEBUG blacksilk_p2p::net::blocks] peer 1: block 4cc4e6f373d6 at height 500 received
[2026-09-29T23:17:45.714Z DEBUG blacksilk_p2p::net::blocks] peer 2: block 840f3fb297d7 at height 502 received
[2026-09-29T23:17:45.715Z DEBUG blacksilk_p2p::net::blocks] peer 1: block 491e6ea9a536 at height 501 received
[2026-09-29T23:17:45.715Z DEBUG blacksilk_p2p::net::blocks] peer 5: block e6b9ec16429b at height 498 received
[2026-09-29T23:17:45.715Z DEBUG blacksilk_p2p::net::blocks] peer 1: block 3629bec33bad at height 504 received
[2026-09-29T23:17:45.730Z DEBUG blacksilk_p2p::net::blocks] peer 4: block b7bcb02be4c9 at height 497 received
[2026-09-29T23:17:45.730Z DEBUG blacksilk_p2p::net::blocks] peer 4: block faf11e515c57 at height 503 received
[2026-09-29T23:17:46.513Z DEBUG blacksilk_p2p::net::blocks] peer 4: block ae0cb5f5d5a0 at height 505 received
[2026-09-29T23:17:46.513Z DEBUG blacksilk_p2p::net::blocks] peer 5: block 1bfad6aa5ebd at height 507 received
[2026-09-29T23:17:46.513Z DEBUG blacksilk_p2p::net::blocks] peer 1: block fbf240298d42 at height 506 received
[2026-09-29T23:17:46.544Z DEBUG blacksilk_p2p::net::blocks] peer 3: block 029f3cac8b02 at height 509 received
[2026-09-29T23:17:46.544Z DEBUG blacksilk_p2p::net::blocks] peer 4: block 2935beaae0af at height 510 received
[2026-09-29T23:17:46.544Z DEBUG blacksilk_p2p::net::blocks] peer 4: block d2ecff04c899 at height 512 received
[2026-09-29T23:17:46.544Z DEBUG blacksilk_p2p::net::blocks] peer 1: block 127002dadfc1 at height 508 received
[2026-09-29T23:17:46.544Z DEBUG blacksilk_p2p::net::blocks] peer 1: block 3971110b2c28 at height 511 received
[2026-09-29T23:17:47.630Z DEBUG blacksilk_p2p::net::blocks] peer 2: block a33c630cd86f at height 518 received
[2026-09-29T23:17:47.630Z DEBUG blacksilk_p2p::net::blocks] peer 1: block 4d582548db7e at height 513 received
[2026-09-29T23:17:47.630Z DEBUG blacksilk_p2p::net::blocks] peer 3: block 1f72fdf4d7a8 at height 515 received
[2026-09-29T23:17:47.630Z DEBUG blacksilk_p2p::net::blocks] peer 1: block f8e5c558e258 at height 520 received
[2026-09-29T23:17:47.630Z DEBUG blacksilk_p2p::net::blocks] peer 3: block 1d41dca81d3d at height 519 received
[2026-09-29T23:17:47.664Z DEBUG blacksilk_p2p::net::blocks] peer 5: block 7e05144c33db at height 516 received
[2026-09-29T23:17:47.664Z DEBUG blacksilk_p2p::net::blocks] peer 5: block 9b5aca61b2b5 at height 517 received
[2026-09-29T23:17:47.664Z DEBUG blacksilk_p2p::net::blocks] peer 4: block 2eebab0e6e47 at height 514 received
[2026-09-29T23:17:48.469Z DEBUG blacksilk_p2p::net::blocks] peer 4: block 42d05926732b at height 524 received
[2026-09-29T23:17:48.469Z DEBUG blacksilk_p2p::net::blocks] peer 1: block 1227604c6023 at height 521 received
[2026-09-29T23:17:48.471Z DEBUG blacksilk_p2p::net::blocks] peer 3: block 1790bf184d5b at height 522 received
[2026-09-29T23:17:48.469Z DEBUG blacksilk_p2p::net::blocks] peer 2: block 95211b4184c9 at height 528 received
[2026-09-29T23:17:48.469Z DEBUG blacksilk_p2p::net::blocks] peer 5: block ec06940e0aa8 at height 527 received
[2026-09-29T23:17:48.482Z DEBUG blacksilk_p2p::net::blocks] peer 4: block 617f9dd8f3e4 at height 525 received
[2026-09-29T23:17:48.482Z DEBUG blacksilk_p2p::net::blocks] peer 1: block 1a791bb4139e at height 523 received
[2026-09-29T23:17:48.482Z DEBUG blacksilk_p2p::net::blocks] peer 1: block a2513a20e7e7 at height 526 received
[2026-09-29T23:17:49.544Z DEBUG blacksilk_p2p::net::blocks] peer 5: block 8b1a04bb691b at height 529 received
[2026-09-29T23:17:49.544Z DEBUG blacksilk_p2p::net::blocks] peer 2: block f3920a3e24f0 at height 531 received
[2026-09-29T23:17:49.544Z DEBUG blacksilk_p2p::net::blocks] peer 2: block 74f85a9c5ab9 at height 532 received
[2026-09-29T23:17:49.544Z DEBUG blacksilk_p2p::net::blocks] peer 3: block 9c068a858542 at height 534 received
[2026-09-29T23:17:49.544Z DEBUG blacksilk_p2p::net::blocks] peer 1: block 5c547ff14fd9 at height 530 received
[2026-09-29T23:17:49.544Z DEBUG blacksilk_p2p::net::blocks] peer 3: block 769a8439bb9c at height 536 received
[2026-09-29T23:17:49.544Z DEBUG blacksilk_p2p::net::blocks] peer 1: block ee2b76fd414a at height 533 received
[2026-09-29T23:17:49.544Z DEBUG blacksilk_p2p::net::blocks] peer 1: block 85eb376ae16c at height 535 received
[2026-09-29T23:17:50.374Z DEBUG blacksilk_p2p::net::headers] peer 1: 544 headers up to height 544 accepted (new: true)
[2026-09-29T23:17:50.374Z DEBUG blacksilk_p2p::net::blocks] peer 2: block e18c061c8436 at height 537 received
[2026-09-29T23:17:50.374Z DEBUG blacksilk_p2p::net::blocks] peer 4: block 596964581e8a at height 541 received
[2026-09-29T23:17:50.374Z DEBUG blacksilk_p2p::net::blocks] peer 3: block 5c397d8df253 at height 542 received
[2026-09-29T23:17:50.374Z DEBUG blacksilk_p2p::net::blocks] peer 2: block 3f72dfdbeb07 at height 538 received
[2026-09-29T23:17:50.374Z DEBUG blacksilk_p2p::net::blocks] peer 2: block c6b43fe9912c at height 540 received
[2026-09-29T23:17:50.374Z DEBUG blacksilk_p2p::net::blocks] peer 5: block 9e89f1c40cc2 at height 544 received
[2026-09-29T23:17:50.375Z DEBUG blacksilk_p2p::net::blocks] peer 1: block f052d5bbcf5f at height 539 received
[2026-09-29T23:17:50.375Z DEBUG blacksilk_p2p::net::blocks] peer 1: block d20a14a2a6c5 at height 543 received
[2026-09-29T23:17:50.383Z DEBUG blacksilk_p2p::net::headers] peer 2: 536 headers up to height 544 accepted (new: false)
[2026-09-29T23:17:50.388Z DEBUG blacksilk_p2p::net::headers] peer 5: 536 headers up to height 544 accepted (new: false)
[2026-09-29T23:17:50.393Z DEBUG blacksilk_p2p::net::headers] peer 4: 536 headers up to height 544 accepted (new: false)
[2026-09-29T23:17:50.408Z DEBUG blacksilk_p2p::net::headers] peer 3: 536 headers up to height 544 accepted (new: false)
