Toy proof measurement, W1-CB-B3 item 1 (NUM_RANDOM_CODEWORDS 4 -> 8), 2026-09-27.
Binaries: toy4.exe = zk/tests/toy_measure.rs built against base params.rs (rebuild/core 7163f12);
toy8.exe = same test against item-1 params.rs. Release profile (fat LTO), --test-threads=1.
Machine shared with other agents' builds and a running daa-sim (CPU load ~50%): times are noisy.
Interleaved runs (toy4, toy8) x 3:

BS-ZK-2, 4 cw: 2^8: size 201830-207654 B, prove 218.3-449.4 ms, verify 22.9-26.3 ms
               2^12: size 323796-332244 B, prove 1664.1-2144.4 ms, verify 19.9-42.5 ms
BS-ZK-3, 8 cw: 2^8: size 229350-233830 B, prove 141.7-260.7 ms, verify 24.7-26.8 ms
               2^12: size 351380-356468 B, prove 1938.7-2400.2 ms, verify 29.1-36.1 ms
BS-ZK-2, 4 cw: 2^8: size 204678-206566 B, prove 135.8-265.4 ms, verify 22.8-23.3 ms
               2^12: size 326580-332884 B, prove 1587.2-2108.8 ms, verify 32.1-33.4 ms
BS-ZK-3, 8 cw: 2^8: size 229350-234566 B, prove 172.0-339.0 ms, verify 16.2-28.4 ms
               2^12: size 351348-355284 B, prove 1887.3-2427.4 ms, verify 34.5-35.6 ms
BS-ZK-2, 4 cw: 2^8: size 202374-206054 B, prove 136.1-188.4 ms, verify 21.3-22.6 ms
               2^12: size 323220-331316 B, prove 1504.3-1681.6 ms, verify 24.0-31.7 ms
BS-ZK-3, 8 cw: 2^8: size 228038-234182 B, prove 131.4-230.7 ms, verify 20.1-27.3 ms
               2^12: size 352148-356756 B, prove 1940.3-2316.4 ms, verify 25.3-36.7 ms

Earlier single runs (same day, same binaries' sources):
base:   2^8: 201830-208358 B, prove 90.9-127.8 ms, verify 13.7-22.5 ms; 2^12: 323796-331380 B, prove 1226.5-1443.2 ms, verify 23.9-30.7 ms
item 1: 2^8: 229350-234566 B, prove 149.8-223.3 ms, verify 17.6-26.1 ms; 2^12: 353588-356468 B, prove 1906.2-2094.5 ms, verify 28.2-35.9 ms

Note: the same seeds give different sizes from run to run under BS-ZK-2 and BS-ZK-3 before item 4:
the query-grinding witness depends on thread scheduling (F27-3), and the query positions (hence the
pruned Merkle paths) depend on the witness.
