[2026-09-27T18:25:27Z INFO  blacksilk_node] blacksilk-node 0.1.0 commit unknown
[2026-09-27T18:25:27Z INFO  blacksilk_node] regtest: genesis 087d6fd4efbc45eb0a895dd0680a7fd305208cae239b1b4275d7148b29a569b7, consensus fingerprint 36be52e9489e1aa2e73ada22dc74ebd4fc8af04b55d1d7e43934991d1b1fa1dc
[2026-09-27T18:25:27Z INFO  blacksilk_node] regtest: loading C:/bszkeval/inv-reorg/base-1\node0
[2026-09-27T18:25:27Z INFO  blacksilk_node] chain loaded in 7.7ms: height 0, tip 087d6fd4efbc45eb
[2026-09-27T18:25:27Z INFO  blacksilk_node] P2P listening on 127.0.0.1:47501
[2026-09-27T18:25:27Z INFO  blacksilk_node] RPC listening on http://127.0.0.1:47500
[2026-09-27T18:25:27Z INFO  blacksilk_p2p::net::conn] connected inbound peer 127.0.0.1:36202 (height 0)
[2026-09-27T18:25:27Z INFO  blacksilk_p2p::net::conn] connected inbound peer 127.0.0.1:36203 (height 0)
[2026-09-27T18:25:27Z INFO  blacksilk_p2p::net::conn] connected outbound peer 127.0.0.1:49501 (height 0)
[2026-09-27T18:25:27Z INFO  blacksilk_p2p::net::conn] connected outbound peer 127.0.0.1:49502 (height 0)
[2026-09-27T18:25:30Z INFO  blacksilk_node] block 229a9eb381adeaa9 at height 1 accepted (tip 1)
[2026-09-27T18:25:31Z INFO  blacksilk_node] block af076fcd55f6c3d5 at height 2 accepted (tip 2)
[2026-09-27T18:25:33Z INFO  blacksilk_node] block 26fb4ef3f408e733 at height 3 accepted (tip 3)
[2026-09-27T18:25:34Z INFO  blacksilk_node] block 290719b665986278 at height 4 accepted (tip 4)
[2026-09-27T18:25:35Z INFO  blacksilk_node] block e3e17064959c50d6 at height 5 accepted (tip 5)
[2026-09-27T18:25:36Z INFO  blacksilk_node] block 25c2aa749b600461 at height 6 accepted (tip 6)
[2026-09-27T18:25:38Z INFO  blacksilk_node] block a3e7d270887ef42e at height 7 accepted (tip 7)
[2026-09-27T18:25:39Z INFO  blacksilk_node] block 4e17236c9cbeda3e at height 8 accepted (tip 8)
[2026-09-27T18:25:41Z INFO  blacksilk_node] block c92ac7136c8f4ae9 at height 9 accepted (tip 9)
[2026-09-27T18:25:42Z INFO  blacksilk_node] block c29c1976017808a2 at height 10 accepted (tip 10)
[2026-09-27T18:25:45Z INFO  blacksilk_node] block 6c71ae9a5da7780a at height 11 accepted (tip 11)
[2026-09-27T18:25:53Z INFO  blacksilk_node] block 31207fe3cb9c30f5 at height 12 accepted (tip 12)
[2026-09-27T18:25:54Z INFO  blacksilk_node] block fe3bb4260aa131bc at height 13 accepted (tip 13)
[2026-09-27T18:25:55Z INFO  blacksilk_node] block 9043dde3dd17e80c at height 14 accepted (tip 14)
[2026-09-27T18:26:05Z INFO  blacksilk_node] block a75737c68f629495 at height 15 accepted (tip 15)
[2026-09-27T18:26:12Z INFO  blacksilk_node] block ab1badc1bed8dc41 at height 17 accepted (tip 17)
[2026-09-27T18:26:23Z INFO  blacksilk_node] block 7f07d6707a19aa55 at height 18 accepted (tip 18)
[2026-09-27T18:26:29Z INFO  blacksilk_node] block bc2341b67243c674 at height 19 accepted (tip 19)
[2026-09-27T18:26:31Z INFO  blacksilk_node] block 1639da5e6c017604 at height 20 accepted (tip 20)
[2026-09-27T18:26:33Z INFO  blacksilk_node] block 23ff470c2608ccae at height 21 accepted (tip 21)
[2026-09-27T18:26:59Z INFO  blacksilk_node] block 06921db4e887f726 at height 23 accepted (tip 23)
[2026-09-27T18:27:03Z INFO  blacksilk_node] block dedc1f748a61ebd3 at height 24 accepted (tip 24)
[2026-09-27T18:27:04Z INFO  blacksilk_node] block 7ee941a57c881fb1 at height 25 accepted (tip 25)
[2026-09-27T18:27:11Z INFO  blacksilk_node] block de348d0b470e9c11 at height 26 accepted (tip 26)
[2026-09-27T18:27:25Z INFO  blacksilk_node] block 0e838f89470def1e at height 28 accepted (tip 28)
[2026-09-27T18:27:29Z INFO  blacksilk_node] block 969e668bd94759f4 at height 29 accepted (tip 29)
[2026-09-27T18:27:50Z INFO  blacksilk_node] block d4c84bb72bc602ce at height 30 accepted (tip 30)
[2026-09-27T18:27:56Z INFO  blacksilk_node] block d20bc6f23a75ab8d at height 31 accepted (tip 31)
[2026-09-27T18:27:58Z INFO  blacksilk_node] block 65b86f083d2ba88f at height 32 accepted (tip 32)
[2026-09-27T18:28:08Z INFO  blacksilk_node] block be13db6375e38cb9 at height 33 accepted (tip 33)
[2026-09-27T18:28:18Z INFO  blacksilk_node] block 35bbe25c6811118c at height 34 accepted (tip 34)
[2026-09-27T18:28:22Z INFO  blacksilk_node] block 943587621d472521 at height 35 accepted (tip 35)
[2026-09-27T18:28:34Z INFO  blacksilk_node] block 8571c351d18ab503 at height 36 accepted (tip 36)
[2026-09-27T18:28:58Z INFO  blacksilk_node] block f1db4eae61bb7011 at height 37 accepted (tip 37)
[2026-09-27T18:29:03Z INFO  blacksilk_node] block 8b75210ad6d302b9 at height 38 accepted (tip 38)
[2026-09-27T18:29:18Z INFO  blacksilk_node] block c3fb2d85698831d6 at height 40 accepted (tip 40)
[2026-09-27T18:29:20Z INFO  blacksilk_node] block a8a6979ef33abd74 at height 41 accepted (tip 41)
[2026-09-27T18:29:23Z INFO  blacksilk_node] block 17cbf79960f90d02 at height 42 accepted (tip 42)
[2026-09-27T18:29:48Z INFO  blacksilk_p2p::net::conn] connected inbound peer 127.0.0.1:36278 (height 0)
