[2026-09-29T21:31:06.237Z INFO  blacksilk_miner] mining on regtest at height 0 with 1 threads (light mode; prebuild On: on, 1 build threads)
[2026-09-29T21:31:07.400Z INFO  blacksilk_miner] RandomX key 087d6fd4efbc45eb: light context ready in 1.2s
[2026-09-29T21:31:08.509Z INFO  blacksilk_miner] found block 1 (reward 20.02716064 BLK, 0 txs)
[2026-09-29T21:31:09.715Z INFO  blacksilk_miner] found block 2 (reward 20.02714154 BLK, 0 txs)
[2026-09-29T21:31:10.888Z INFO  blacksilk_miner] found block 3 (reward 20.02712244 BLK, 0 txs)
[2026-09-29T21:31:12.030Z INFO  blacksilk_miner] found block 4 (reward 20.02710334 BLK, 0 txs)
[2026-09-29T21:31:13.175Z INFO  blacksilk_miner] found block 5 (reward 20.02708424 BLK, 0 txs)
[2026-09-29T21:31:14.344Z INFO  blacksilk_miner] found block 6 (reward 20.02706514 BLK, 0 txs)
[2026-09-29T21:31:15.463Z INFO  blacksilk_miner] found block 7 (reward 20.02704604 BLK, 0 txs)
[2026-09-29T21:31:16.648Z INFO  blacksilk_miner] found block 8 (reward 20.02702694 BLK, 0 txs)
[2026-09-29T21:31:17.809Z INFO  blacksilk_miner] found block 9 (reward 20.02700784 BLK, 0 txs)
[2026-09-29T21:31:18.953Z INFO  blacksilk_miner] found block 10 (reward 20.02698875 BLK, 0 txs)
[2026-09-29T21:31:20.072Z INFO  blacksilk_miner] found block 11 (reward 20.02696965 BLK, 0 txs)
[2026-09-29T21:31:21.242Z INFO  blacksilk_miner] found block 12 (reward 20.02695055 BLK, 0 txs)
[2026-09-29T21:31:22.456Z INFO  blacksilk_miner] found block 13 (reward 20.02693145 BLK, 0 txs)
[2026-09-29T21:31:23.725Z INFO  blacksilk_miner] found block 14 (reward 20.02691235 BLK, 0 txs)
[2026-09-29T21:31:25.042Z INFO  blacksilk_miner] found block 15 (reward 20.02689325 BLK, 0 txs)
[2026-09-29T21:31:26.162Z INFO  blacksilk_miner] found block 16 (reward 20.02687415 BLK, 0 txs)
[2026-09-29T21:31:27.316Z INFO  blacksilk_miner] found block 17 (reward 20.02685505 BLK, 0 txs)
[2026-09-29T21:31:28.471Z INFO  blacksilk_miner] found block 18 (reward 20.02683595 BLK, 0 txs)
[2026-09-29T21:31:29.643Z INFO  blacksilk_miner] found block 19 (reward 20.02681685 BLK, 0 txs)
[2026-09-29T21:31:30.773Z INFO  blacksilk_miner] found block 20 (reward 20.02679775 BLK, 0 txs)
[2026-09-29T21:31:31.900Z INFO  blacksilk_miner] found block 21 (reward 20.02677866 BLK, 0 txs)
[2026-09-29T21:31:33.044Z INFO  blacksilk_miner] found block 22 (reward 20.02675956 BLK, 0 txs)
[2026-09-29T21:31:34.135Z INFO  blacksilk_miner] found block 23 (reward 20.02674046 BLK, 0 txs)
[2026-09-29T21:31:35.251Z INFO  blacksilk_miner] found block 24 (reward 20.02672136 BLK, 0 txs)
[2026-09-29T21:31:36.425Z INFO  blacksilk_miner] found block 25 (reward 20.02670226 BLK, 0 txs)
[2026-09-29T21:31:37.558Z INFO  blacksilk_miner] found block 26 (reward 20.02668316 BLK, 0 txs)
[2026-09-29T21:31:38.724Z INFO  blacksilk_miner] found block 27 (reward 20.02666406 BLK, 0 txs)
[2026-09-29T21:31:39.859Z INFO  blacksilk_miner] found block 28 (reward 20.02664496 BLK, 0 txs)
[2026-09-29T21:31:41.069Z INFO  blacksilk_miner] found block 29 (reward 20.02662586 BLK, 0 txs)
[2026-09-29T21:31:42.256Z INFO  blacksilk_miner] found block 30 (reward 20.02660676 BLK, 0 txs)
[2026-09-29T21:31:43.420Z INFO  blacksilk_miner] found block 31 (reward 20.02658767 BLK, 0 txs)
[2026-09-29T21:31:44.612Z INFO  blacksilk_miner] found block 32 (reward 20.02656857 BLK, 0 txs)
[2026-09-29T21:31:45.762Z INFO  blacksilk_miner] found block 33 (reward 20.02654947 BLK, 0 txs)
[2026-09-29T21:31:46.946Z INFO  blacksilk_miner] found block 34 (reward 20.02653037 BLK, 0 txs)
[2026-09-29T21:31:48.134Z INFO  blacksilk_miner] found block 35 (reward 20.02651127 BLK, 0 txs)
[2026-09-29T21:31:49.248Z INFO  blacksilk_miner] found block 36 (reward 20.02649217 BLK, 0 txs)
[2026-09-29T21:31:50.434Z INFO  blacksilk_miner] found block 37 (reward 20.02647307 BLK, 0 txs)
[2026-09-29T21:31:51.696Z INFO  blacksilk_miner] found block 38 (reward 20.02645397 BLK, 0 txs)
[2026-09-29T21:31:52.936Z INFO  blacksilk_miner] found block 39 (reward 20.02643488 BLK, 0 txs)
[2026-09-29T21:31:54.098Z INFO  blacksilk_miner] found block 40 (reward 20.02641578 BLK, 0 txs)
[2026-09-29T21:31:55.204Z INFO  blacksilk_miner] found block 41 (reward 20.02639668 BLK, 0 txs)
[2026-09-29T21:31:56.363Z INFO  blacksilk_miner] found block 42 (reward 20.02637758 BLK, 0 txs)
[2026-09-29T21:31:57.651Z INFO  blacksilk_miner] found block 43 (reward 20.02635848 BLK, 0 txs)
[2026-09-29T21:31:58.795Z INFO  blacksilk_miner] found block 44 (reward 20.02633938 BLK, 0 txs)
[2026-09-29T21:31:59.945Z INFO  blacksilk_miner] found block 45 (reward 20.02632028 BLK, 0 txs)
[2026-09-29T21:32:01.141Z INFO  blacksilk_miner] found block 46 (reward 20.02630119 BLK, 0 txs)
[2026-09-29T21:32:02.369Z INFO  blacksilk_miner] found block 47 (reward 20.02628209 BLK, 0 txs)
[2026-09-29T21:32:03.598Z INFO  blacksilk_miner] found block 48 (reward 20.02626299 BLK, 0 txs)
[2026-09-29T21:32:04.733Z INFO  blacksilk_miner] found block 49 (reward 20.02624389 BLK, 0 txs)
[2026-09-29T21:32:05.889Z INFO  blacksilk_miner] found block 50 (reward 20.02622479 BLK, 0 txs)
[2026-09-29T21:32:06.443Z INFO  blacksilk_miner] hash rate 0.8 H/s (light mode)
[2026-09-29T21:32:07.047Z INFO  blacksilk_miner] found block 51 (reward 20.02620569 BLK, 0 txs)
[2026-09-29T21:32:08.206Z INFO  blacksilk_miner] found block 52 (reward 20.02618659 BLK, 0 txs)
[2026-09-29T21:32:09.383Z INFO  blacksilk_miner] found block 53 (reward 20.02616750 BLK, 0 txs)
[2026-09-29T21:32:10.565Z INFO  blacksilk_miner] found block 54 (reward 20.02614840 BLK, 0 txs)
[2026-09-29T21:32:11.732Z INFO  blacksilk_miner] found block 55 (reward 20.02612930 BLK, 0 txs)
[2026-09-29T21:32:13.009Z INFO  blacksilk_miner] found block 56 (reward 20.02611020 BLK, 0 txs)
[2026-09-29T21:32:14.172Z INFO  blacksilk_miner] found block 57 (reward 20.02609110 BLK, 0 txs)
[2026-09-29T21:32:15.312Z INFO  blacksilk_miner] found block 58 (reward 20.02607200 BLK, 0 txs)
[2026-09-29T21:32:16.436Z INFO  blacksilk_miner] found block 59 (reward 20.02605291 BLK, 0 txs)
[2026-09-29T21:32:17.605Z INFO  blacksilk_miner] found block 60 (reward 20.02603381 BLK, 0 txs)
[2026-09-29T21:32:18.748Z INFO  blacksilk_miner] found block 61 (reward 20.02601471 BLK, 0 txs)
[2026-09-29T21:32:19.857Z INFO  blacksilk_miner] found block 62 (reward 20.02599561 BLK, 0 txs)
[2026-09-29T21:32:20.979Z INFO  blacksilk_miner] found block 63 (reward 20.02597651 BLK, 0 txs)
[2026-09-29T21:32:22.194Z INFO  blacksilk_miner] found block 64 (reward 20.02595741 BLK, 0 txs)
[2026-09-29T21:32:23.335Z INFO  blacksilk_miner] found block 65 (reward 20.02593832 BLK, 0 txs)
[2026-09-29T21:32:24.522Z INFO  blacksilk_miner] found block 66 (reward 20.02591922 BLK, 0 txs)
[2026-09-29T21:32:25.664Z INFO  blacksilk_miner] found block 67 (reward 20.02590012 BLK, 0 txs)
[2026-09-29T21:32:26.774Z INFO  blacksilk_miner] found block 68 (reward 20.02588102 BLK, 0 txs)
[2026-09-29T21:32:27.940Z INFO  blacksilk_miner] found block 69 (reward 20.02586192 BLK, 0 txs)
[2026-09-29T21:32:29.181Z INFO  blacksilk_miner] found block 70 (reward 20.02584282 BLK, 0 txs)
[2026-09-29T21:32:30.363Z INFO  blacksilk_miner] found block 71 (reward 20.02582373 BLK, 0 txs)
[2026-09-29T21:32:31.475Z INFO  blacksilk_miner] found block 72 (reward 20.02580463 BLK, 0 txs)
[2026-09-29T21:32:32.645Z INFO  blacksilk_miner] found block 73 (reward 20.02578553 BLK, 0 txs)
[2026-09-29T21:32:33.818Z INFO  blacksilk_miner] found block 74 (reward 20.02576643 BLK, 0 txs)
[2026-09-29T21:32:35.108Z INFO  blacksilk_miner] found block 75 (reward 20.02574733 BLK, 0 txs)
[2026-09-29T21:32:36.226Z INFO  blacksilk_miner] found block 76 (reward 20.02572824 BLK, 0 txs)
[2026-09-29T21:32:37.356Z INFO  blacksilk_miner] found block 77 (reward 20.02570914 BLK, 0 txs)
[2026-09-29T21:32:38.982Z INFO  blacksilk_miner] found block 78 (reward 20.02569004 BLK, 0 txs)
[2026-09-29T21:32:40.154Z INFO  blacksilk_miner] found block 79 (reward 20.02567094 BLK, 0 txs)
[2026-09-29T21:32:41.291Z INFO  blacksilk_miner] found block 80 (reward 20.02565184 BLK, 0 txs)
[2026-09-29T21:32:42.977Z INFO  blacksilk_miner] found block 81 (reward 20.02563275 BLK, 0 txs)
[2026-09-29T21:32:44.621Z INFO  blacksilk_miner] found block 82 (reward 20.02561365 BLK, 0 txs)
[2026-09-29T21:32:46.767Z INFO  blacksilk_miner] found block 83 (reward 20.02559455 BLK, 0 txs)
[2026-09-29T21:32:47.890Z INFO  blacksilk_miner] found block 84 (reward 20.02557545 BLK, 0 txs)
[2026-09-29T21:32:49.044Z INFO  blacksilk_miner] found block 85 (reward 20.02555635 BLK, 0 txs)
[2026-09-29T21:32:51.340Z INFO  blacksilk_miner] found block 86 (reward 20.02553726 BLK, 0 txs)
[2026-09-29T21:32:53.010Z INFO  blacksilk_miner] found block 87 (reward 20.02551816 BLK, 0 txs)
[2026-09-29T21:32:54.233Z INFO  blacksilk_miner] found block 88 (reward 20.02549906 BLK, 0 txs)
[2026-09-29T21:32:56.311Z INFO  blacksilk_miner] found block 89 (reward 20.02547996 BLK, 0 txs)
[2026-09-29T21:32:57.472Z INFO  blacksilk_miner] found block 90 (reward 20.02546087 BLK, 0 txs)
[2026-09-29T21:33:00.595Z INFO  blacksilk_miner] found block 91 (reward 20.02544177 BLK, 0 txs)
[2026-09-29T21:33:02.268Z INFO  blacksilk_miner] found block 92 (reward 20.02542267 BLK, 0 txs)
[2026-09-29T21:33:04.502Z INFO  blacksilk_miner] found block 93 (reward 20.02540357 BLK, 0 txs)
[2026-09-29T21:33:06.643Z INFO  blacksilk_miner] found block 94 (reward 20.02538447 BLK, 0 txs)
[2026-09-29T21:33:07.779Z INFO  blacksilk_miner] hash rate 1.0 H/s (light mode)
[2026-09-29T21:33:08.314Z INFO  blacksilk_miner] found block 95 (reward 20.02536538 BLK, 0 txs)
[2026-09-29T21:33:09.474Z INFO  blacksilk_miner] found block 96 (reward 20.02534628 BLK, 0 txs)
[2026-09-29T21:33:10.630Z INFO  blacksilk_miner] found block 97 (reward 20.02532718 BLK, 0 txs)
[2026-09-29T21:33:11.787Z INFO  blacksilk_miner] found block 98 (reward 20.02530808 BLK, 0 txs)
[2026-09-29T21:33:13.025Z INFO  blacksilk_miner] found block 99 (reward 20.02528899 BLK, 0 txs)
[2026-09-29T21:33:15.179Z INFO  blacksilk_miner] found block 100 (reward 20.02526989 BLK, 0 txs)
[2026-09-29T21:33:16.851Z INFO  blacksilk_miner] found block 101 (reward 20.02525079 BLK, 0 txs)
[2026-09-29T21:33:18.026Z INFO  blacksilk_miner] found block 102 (reward 20.02523169 BLK, 0 txs)
[2026-09-29T21:33:19.182Z INFO  blacksilk_miner] found block 103 (reward 20.02521260 BLK, 0 txs)
[2026-09-29T21:33:22.803Z INFO  blacksilk_miner] found block 104 (reward 20.02519350 BLK, 0 txs)
[2026-09-29T21:33:24.004Z INFO  blacksilk_miner] found block 105 (reward 20.02517440 BLK, 0 txs)
[2026-09-29T21:33:25.120Z INFO  blacksilk_miner] found block 106 (reward 20.02515530 BLK, 0 txs)
[2026-09-29T21:33:26.251Z INFO  blacksilk_miner] found block 107 (reward 20.02513621 BLK, 0 txs)
[2026-09-29T21:33:28.932Z INFO  blacksilk_miner] found block 108 (reward 20.02511711 BLK, 0 txs)
[2026-09-29T21:33:30.051Z INFO  blacksilk_miner] found block 109 (reward 20.02509801 BLK, 0 txs)
[2026-09-29T21:33:31.178Z INFO  blacksilk_miner] found block 110 (reward 20.02507891 BLK, 0 txs)
[2026-09-29T21:33:32.324Z INFO  blacksilk_miner] found block 111 (reward 20.02505982 BLK, 0 txs)
[2026-09-29T21:33:33.467Z INFO  blacksilk_miner] found block 112 (reward 20.02504072 BLK, 0 txs)
[2026-09-29T21:33:35.180Z INFO  blacksilk_miner] found block 113 (reward 20.02502162 BLK, 0 txs)
[2026-09-29T21:33:36.367Z INFO  blacksilk_miner] found block 114 (reward 20.02500252 BLK, 0 txs)
[2026-09-29T21:33:37.490Z INFO  blacksilk_miner] found block 115 (reward 20.02498343 BLK, 0 txs)
[2026-09-29T21:33:38.705Z INFO  blacksilk_miner] found block 116 (reward 20.02496433 BLK, 0 txs)
[2026-09-29T21:33:42.790Z INFO  blacksilk_miner] found block 117 (reward 20.02494523 BLK, 0 txs)
[2026-09-29T21:33:43.929Z INFO  blacksilk_miner] found block 118 (reward 20.02492613 BLK, 0 txs)
[2026-09-29T21:33:45.643Z INFO  blacksilk_miner] found block 119 (reward 20.02490704 BLK, 0 txs)
[2026-09-29T21:33:48.245Z INFO  blacksilk_miner] found block 120 (reward 20.02488794 BLK, 0 txs)
[2026-09-29T21:33:50.367Z INFO  blacksilk_miner] found block 121 (reward 20.02486884 BLK, 0 txs)
[2026-09-29T21:33:52.037Z INFO  blacksilk_miner] found block 122 (reward 20.02484975 BLK, 0 txs)
[2026-09-29T21:33:55.628Z INFO  blacksilk_miner] found block 123 (reward 20.02483065 BLK, 0 txs)
[2026-09-29T21:34:01.290Z INFO  blacksilk_miner] found block 124 (reward 20.02481155 BLK, 0 txs)
[2026-09-29T21:34:02.950Z INFO  blacksilk_miner] found block 125 (reward 20.02479245 BLK, 0 txs)
[2026-09-29T21:34:04.091Z INFO  blacksilk_miner] found block 126 (reward 20.02477336 BLK, 0 txs)
[2026-09-29T21:34:05.180Z INFO  blacksilk_miner] found block 127 (reward 20.02475426 BLK, 0 txs)
[2026-09-29T21:34:07.782Z INFO  blacksilk_miner] hash rate 1.3 H/s (light mode)
[2026-09-29T21:34:08.276Z INFO  blacksilk_miner] found block 128 (reward 20.02473516 BLK, 0 txs)
[2026-09-29T21:34:11.539Z INFO  blacksilk_miner] found block 129 (reward 20.02471607 BLK, 0 txs)
[2026-09-29T21:34:13.662Z INFO  blacksilk_miner] found block 130 (reward 20.02469697 BLK, 0 txs)
[2026-09-29T21:34:15.822Z INFO  blacksilk_miner] found block 131 (reward 20.02467787 BLK, 0 txs)
[2026-09-29T21:34:17.001Z INFO  blacksilk_miner] found block 132 (reward 20.02465877 BLK, 0 txs)
[2026-09-29T21:34:18.722Z INFO  blacksilk_miner] found block 133 (reward 20.02463968 BLK, 0 txs)
[2026-09-29T21:34:19.870Z INFO  blacksilk_miner] found block 134 (reward 20.02462058 BLK, 0 txs)
[2026-09-29T21:34:28.679Z INFO  blacksilk_miner] found block 135 (reward 20.02460148 BLK, 0 txs)
[2026-09-29T21:34:37.019Z INFO  blacksilk_miner] found block 136 (reward 20.02458239 BLK, 0 txs)
[2026-09-29T21:34:38.164Z INFO  blacksilk_miner] found block 137 (reward 20.02456329 BLK, 0 txs)
[2026-09-29T21:34:39.395Z INFO  blacksilk_miner] found block 138 (reward 20.02454419 BLK, 0 txs)
[2026-09-29T21:34:40.758Z INFO  blacksilk_miner] found block 139 (reward 20.02452510 BLK, 0 txs)
[2026-09-29T21:34:46.150Z INFO  blacksilk_miner] found block 140 (reward 20.02450600 BLK, 0 txs)
[2026-09-29T21:34:47.343Z INFO  blacksilk_miner] found block 141 (reward 20.02448690 BLK, 0 txs)
[2026-09-29T21:34:49.574Z INFO  blacksilk_miner] found block 142 (reward 20.02446781 BLK, 0 txs)
[2026-09-29T21:34:51.336Z INFO  blacksilk_miner] found block 143 (reward 20.02444871 BLK, 0 txs)
[2026-09-29T21:34:54.480Z INFO  blacksilk_miner] found block 144 (reward 20.02442961 BLK, 0 txs)
[2026-09-29T21:34:57.245Z INFO  blacksilk_miner] found block 145 (reward 20.02441052 BLK, 0 txs)
[2026-09-29T21:34:59.859Z INFO  blacksilk_miner] found block 146 (reward 20.02439142 BLK, 0 txs)
[2026-09-29T21:35:02.583Z INFO  blacksilk_miner] found block 147 (reward 20.02437232 BLK, 0 txs)
[2026-09-29T21:35:07.914Z INFO  blacksilk_miner] hash rate 1.5 H/s (light mode)
[2026-09-29T21:35:08.427Z INFO  blacksilk_miner] found block 148 (reward 20.02435322 BLK, 0 txs)
[2026-09-29T21:35:10.565Z INFO  blacksilk_miner] found block 149 (reward 20.02433413 BLK, 0 txs)
[2026-09-29T21:35:11.754Z INFO  blacksilk_miner] found block 150 (reward 20.02431503 BLK, 0 txs)
[2026-09-29T21:35:12.973Z INFO  blacksilk_miner] found block 151 (reward 20.02429593 BLK, 0 txs)
[2026-09-29T21:35:18.751Z INFO  blacksilk_miner] found block 152 (reward 20.02427684 BLK, 0 txs)
[2026-09-29T21:35:23.645Z INFO  blacksilk_miner] found block 153 (reward 20.02425774 BLK, 0 txs)
[2026-09-29T21:35:25.391Z INFO  blacksilk_miner] found block 154 (reward 20.02423864 BLK, 0 txs)
[2026-09-29T21:35:27.536Z INFO  blacksilk_miner] found block 155 (reward 20.02421955 BLK, 0 txs)
[2026-09-29T21:35:29.202Z INFO  blacksilk_miner] found block 156 (reward 20.02420045 BLK, 0 txs)
[2026-09-29T21:35:31.839Z INFO  blacksilk_miner] found block 157 (reward 20.02418136 BLK, 0 txs)
[2026-09-29T21:35:34.471Z INFO  blacksilk_miner] found block 158 (reward 20.02416226 BLK, 0 txs)
[2026-09-29T21:35:40.251Z INFO  blacksilk_miner] found block 159 (reward 20.02414316 BLK, 0 txs)
[2026-09-29T21:35:42.389Z INFO  blacksilk_miner] found block 160 (reward 20.02412407 BLK, 0 txs)
[2026-09-29T21:35:44.558Z INFO  blacksilk_miner] found block 161 (reward 20.02410497 BLK, 0 txs)
[2026-09-29T21:35:51.920Z INFO  blacksilk_miner] found block 162 (reward 20.02408587 BLK, 0 txs)
[2026-09-29T21:35:53.092Z INFO  blacksilk_miner] found block 163 (reward 20.02406678 BLK, 0 txs)
[2026-09-29T21:35:57.404Z INFO  blacksilk_miner] found block 164 (reward 20.02404768 BLK, 0 txs)
[2026-09-29T21:35:59.580Z INFO  blacksilk_miner] found block 165 (reward 20.02402858 BLK, 0 txs)
[2026-09-29T21:36:01.447Z INFO  blacksilk_miner] found block 166 (reward 20.02400949 BLK, 0 txs)
[2026-09-29T21:36:06.740Z INFO  blacksilk_miner] found block 167 (reward 20.02399039 BLK, 0 txs)
[2026-09-29T21:36:09.508Z INFO  blacksilk_miner] hash rate 1.5 H/s (light mode)
[2026-09-29T21:36:10.060Z INFO  blacksilk_miner] found block 168 (reward 20.02397129 BLK, 0 txs)
[2026-09-29T21:36:12.198Z INFO  blacksilk_miner] found block 169 (reward 20.02395220 BLK, 0 txs)
[2026-09-29T21:36:13.351Z INFO  blacksilk_miner] found block 170 (reward 20.02393310 BLK, 0 txs)
[2026-09-29T21:36:17.640Z INFO  blacksilk_miner] found block 171 (reward 20.02391401 BLK, 0 txs)
[2026-09-29T21:36:23.138Z INFO  blacksilk_miner] found block 172 (reward 20.02389491 BLK, 0 txs)
[2026-09-29T21:36:26.312Z INFO  blacksilk_miner] found block 173 (reward 20.02387581 BLK, 0 txs)
[2026-09-29T21:36:34.745Z INFO  blacksilk_miner] found block 174 (reward 20.02385672 BLK, 0 txs)
[2026-09-29T21:36:40.466Z INFO  blacksilk_miner] found block 175 (reward 20.02383762 BLK, 0 txs)
[2026-09-29T21:37:01.741Z INFO  blacksilk_miner] found block 176 (reward 20.02381852 BLK, 0 txs)
[2026-09-29T21:37:12.342Z INFO  blacksilk_miner] hash rate 1.0 H/s (light mode)
[2026-09-29T21:37:13.676Z INFO  blacksilk_miner] found block 177 (reward 20.02379943 BLK, 0 txs)
[2026-09-29T21:37:15.785Z INFO  blacksilk_miner] found block 178 (reward 20.02378033 BLK, 0 txs)
[2026-09-29T21:37:25.639Z INFO  blacksilk_miner] found block 179 (reward 20.02376124 BLK, 0 txs)
[2026-09-29T21:37:36.436Z INFO  blacksilk_miner] found block 180 (reward 20.02374214 BLK, 0 txs)
[2026-09-29T21:37:38.177Z INFO  blacksilk_miner] found block 181 (reward 20.02372304 BLK, 0 txs)
[2026-09-29T21:37:40.774Z INFO  blacksilk_miner] found block 182 (reward 20.02370395 BLK, 0 txs)
[2026-09-29T21:37:41.867Z INFO  blacksilk_miner] found block 183 (reward 20.02368485 BLK, 0 txs)
[2026-09-29T21:37:46.040Z INFO  blacksilk_miner] found block 184 (reward 20.02366575 BLK, 0 txs)
[2026-09-29T21:37:47.700Z INFO  blacksilk_miner] found block 185 (reward 20.02364666 BLK, 0 txs)
[2026-09-29T21:37:49.338Z INFO  blacksilk_miner] found block 186 (reward 20.02362756 BLK, 0 txs)
[2026-09-29T21:37:52.033Z INFO  blacksilk_miner] found block 187 (reward 20.02360847 BLK, 0 txs)
[2026-09-29T21:37:53.885Z INFO  blacksilk_miner] found block 188 (reward 20.02358937 BLK, 0 txs)
[2026-09-29T21:37:59.692Z INFO  blacksilk_miner] found block 189 (reward 20.02357027 BLK, 0 txs)
[2026-09-29T21:38:15.661Z INFO  blacksilk_miner] hash rate 0.9 H/s (light mode)
[2026-09-29T21:38:32.612Z INFO  blacksilk_miner] found block 190 (reward 20.02355118 BLK, 0 txs)
[2026-09-29T21:38:36.803Z INFO  blacksilk_miner] found block 191 (reward 20.02353208 BLK, 0 txs)
[2026-09-29T21:38:42.133Z INFO  blacksilk_miner] found block 192 (reward 20.02351299 BLK, 0 txs)
[2026-09-29T21:38:43.855Z INFO  blacksilk_miner] found block 193 (reward 20.02349389 BLK, 0 txs)
[2026-09-29T21:38:45.034Z INFO  blacksilk_miner] found block 194 (reward 20.02347479 BLK, 0 txs)
[2026-09-29T21:38:49.430Z INFO  blacksilk_miner] found block 195 (reward 20.02345570 BLK, 0 txs)
[2026-09-29T21:38:51.548Z INFO  blacksilk_miner] found block 196 (reward 20.02343660 BLK, 0 txs)
[2026-09-29T21:38:54.801Z INFO  blacksilk_miner] found block 197 (reward 20.02341751 BLK, 0 txs)
[2026-09-29T21:38:56.554Z INFO  blacksilk_miner] found block 198 (reward 20.02339841 BLK, 0 txs)
[2026-09-29T21:39:00.298Z INFO  blacksilk_miner] found block 199 (reward 20.02337932 BLK, 0 txs)
[2026-09-29T21:39:09.051Z INFO  blacksilk_miner] found block 200 (reward 20.02336022 BLK, 0 txs)
[2026-09-29T21:39:10.188Z INFO  blacksilk_miner] found block 201 (reward 20.02334112 BLK, 0 txs)
[2026-09-29T21:39:20.674Z INFO  blacksilk_miner] hash rate 1.5 H/s (light mode)
[2026-09-29T21:39:23.231Z INFO  blacksilk_miner] found block 202 (reward 20.02332203 BLK, 0 txs)
[2026-09-29T21:39:28.191Z INFO  blacksilk_miner] found block 203 (reward 20.02330293 BLK, 0 txs)
[2026-09-29T21:39:33.216Z INFO  blacksilk_miner] found block 204 (reward 20.02328384 BLK, 0 txs)
[2026-09-29T21:39:38.074Z INFO  blacksilk_miner] found block 205 (reward 20.02326474 BLK, 0 txs)
[2026-09-29T21:40:04.743Z INFO  blacksilk_miner] found block 206 (reward 20.02324565 BLK, 0 txs)
[2026-09-29T21:40:19.058Z INFO  blacksilk_miner] found block 207 (reward 20.02322655 BLK, 0 txs)
[2026-09-29T21:40:25.059Z INFO  blacksilk_miner] hash rate 1.5 H/s (light mode)
[2026-09-29T21:40:51.353Z INFO  blacksilk_miner] found block 208 (reward 20.02320745 BLK, 0 txs)
[2026-09-29T21:41:07.817Z INFO  blacksilk_miner] found block 209 (reward 20.02318836 BLK, 0 txs)
[2026-09-29T21:41:11.232Z INFO  blacksilk_miner] found block 210 (reward 20.02316926 BLK, 0 txs)
[2026-09-29T21:41:15.660Z INFO  blacksilk_miner] found block 211 (reward 20.02315017 BLK, 0 txs)
[2026-09-29T21:41:26.388Z INFO  blacksilk_miner] hash rate 1.0 H/s (light mode)
[2026-09-29T21:41:35.860Z INFO  blacksilk_miner] new tip at height 212: work on template 212 abandoned after 3.2s
[2026-09-29T21:41:43.622Z INFO  blacksilk_miner] found block 213 (reward 20.02311198 BLK, 0 txs); not on the node's best chain
[2026-09-29T21:41:46.226Z INFO  blacksilk_miner] new tip at height 214: work on template 214 abandoned after 2.6s
[2026-09-29T21:41:50.065Z INFO  blacksilk_miner] new tip at height 215: work on template 215 abandoned after 3.8s
[2026-09-29T21:41:54.779Z INFO  blacksilk_miner] found block 216 (reward 20.02305469 BLK, 0 txs); not on the node's best chain
[2026-09-29T21:41:59.894Z INFO  blacksilk_miner] found block 217 (reward 20.02303559 BLK, 0 txs)
[2026-09-29T21:42:06.460Z INFO  blacksilk_miner] found block 218 (reward 20.02301650 BLK, 0 txs)
[2026-09-29T21:42:13.185Z INFO  blacksilk_miner] found block 219 (reward 20.02299740 BLK, 0 txs)
[2026-09-29T21:42:26.857Z INFO  blacksilk_miner] found block 220 (reward 20.02297831 BLK, 0 txs)
[2026-09-29T21:42:32.161Z INFO  blacksilk_miner] hash rate 0.8 H/s (light mode)
[2026-09-29T21:42:45.591Z INFO  blacksilk_miner] new tip at height 221: work on template 221 abandoned after 2.7s
[2026-09-29T21:42:49.392Z INFO  blacksilk_miner] new tip at height 222: work on template 222 abandoned after 3.8s
[2026-09-29T21:43:07.523Z INFO  blacksilk_miner] found block 223 (reward 20.02292102 BLK, 0 txs)
[2026-09-29T21:43:19.929Z INFO  blacksilk_miner] new tip at height 224: work on template 224 abandoned after 893.5ms
[2026-09-29T21:43:24.465Z INFO  blacksilk_miner] found block 225 (reward 20.02288283 BLK, 0 txs)
[2026-09-29T21:43:35.402Z INFO  blacksilk_miner] hash rate 0.9 H/s (light mode)
[2026-09-29T21:43:57.259Z INFO  blacksilk_miner] found block 226 (reward 20.02286374 BLK, 0 txs)
[2026-09-29T21:44:06.193Z INFO  blacksilk_miner] new tip at height 227: work on template 227 abandoned after 3.3s
[2026-09-29T21:44:13.658Z INFO  blacksilk_miner] found block 228 (reward 20.02282555 BLK, 0 txs); not on the node's best chain
[2026-09-29T21:44:19.109Z INFO  blacksilk_miner] found block 229 (reward 20.02280645 BLK, 0 txs)
[2026-09-29T21:44:24.621Z INFO  blacksilk_miner] found block 230 (reward 20.02278735 BLK, 0 txs)
[2026-09-29T21:44:34.012Z INFO  blacksilk_miner] new tip at height 231: work on template 231 abandoned after 4.2s
[2026-09-29T21:44:40.011Z INFO  blacksilk_miner] hash rate 1.0 H/s (light mode)
[2026-09-29T21:44:42.755Z INFO  blacksilk_miner] found block 232 (reward 20.02274916 BLK, 0 txs); not on the node's best chain
[2026-09-29T21:44:49.516Z INFO  blacksilk_miner] found block 233 (reward 20.02273007 BLK, 0 txs)
[2026-09-29T21:44:55.570Z INFO  blacksilk_miner] found block 234 (reward 20.02271097 BLK, 0 txs)
[2026-09-29T21:44:58.705Z INFO  blacksilk_miner] found block 235 (reward 20.02269188 BLK, 0 txs)
[2026-09-29T21:45:08.767Z INFO  blacksilk_miner] new tip at height 236: work on template 236 abandoned after 4.9s
[2026-09-29T21:45:15.846Z INFO  blacksilk_miner] found block 237 (reward 20.02265369 BLK, 0 txs)
[2026-09-29T21:45:23.083Z INFO  blacksilk_miner] found block 238 (reward 20.02263459 BLK, 0 txs); not on the node's best chain
[2026-09-29T21:45:34.158Z INFO  blacksilk_miner] found block 239 (reward 20.02261550 BLK, 0 txs); not on the node's best chain
[2026-09-29T21:45:40.646Z INFO  blacksilk_miner] found block 240 (reward 20.02259640 BLK, 0 txs)
[2026-09-29T21:45:46.540Z INFO  blacksilk_miner] hash rate 0.8 H/s (light mode)
[2026-09-29T21:45:47.740Z INFO  blacksilk_miner] found block 241 (reward 20.02257731 BLK, 0 txs)
[2026-09-29T21:45:54.543Z INFO  blacksilk_miner] new tip at height 242: work on template 242 abandoned after 1.1s
[2026-09-29T21:46:14.889Z INFO  blacksilk_miner] found block 243 (reward 20.02288372 BLK, 1 txs)
[2026-09-29T21:46:29.171Z INFO  blacksilk_miner] found block 244 (reward 20.02252002 BLK, 0 txs); not on the node's best chain
[2026-09-29T21:46:36.148Z INFO  blacksilk_miner] found block 245 (reward 20.02250093 BLK, 0 txs); not on the node's best chain
[2026-09-29T21:46:47.385Z INFO  blacksilk_miner] hash rate 0.9 H/s (light mode)
[2026-09-29T21:46:56.625Z INFO  blacksilk_miner] found block 247 (reward 20.02246274 BLK, 0 txs); not on the node's best chain
[2026-09-29T21:46:58.868Z INFO  blacksilk_miner] found block 248 (reward 20.02244364 BLK, 0 txs)
[2026-09-29T21:47:02.319Z INFO  blacksilk_miner] found block 249 (reward 20.02242455 BLK, 0 txs)
[2026-09-29T21:47:11.507Z INFO  blacksilk_miner] found block 250 (reward 20.02240545 BLK, 0 txs)
[2026-09-29T21:47:19.128Z INFO  blacksilk_miner] found block 251 (reward 20.02238636 BLK, 0 txs); not on the node's best chain
[2026-09-29T21:47:33.256Z INFO  blacksilk_miner] new tip at height 252: work on template 252 abandoned after 3.2s
[2026-09-29T21:47:34.783Z INFO  blacksilk_miner] new tip at height 253: work on template 253 abandoned after 1.5s
[2026-09-29T21:47:39.151Z INFO  blacksilk_miner] new tip at height 254: work on template 254 abandoned after 4.2s
[2026-09-29T21:47:51.002Z INFO  blacksilk_miner] hash rate 0.9 H/s (light mode)
[2026-09-29T21:47:53.641Z INFO  blacksilk_miner] new tip at height 255: work on template 255 abandoned after 2.6s
[2026-09-29T21:48:05.275Z INFO  blacksilk_miner] new tip at height 257: work on template 257 abandoned after 5.6s
[2026-09-29T21:48:29.376Z INFO  blacksilk_miner] new tip at height 258: work on template 258 abandoned after 1.5s
[2026-09-29T21:48:32.737Z INFO  blacksilk_miner] found block 259 (reward 20.02223360 BLK, 0 txs)
[2026-09-29T21:48:54.260Z INFO  blacksilk_miner] hash rate 1.2 H/s (light mode)
[2026-09-29T21:48:57.468Z INFO  blacksilk_miner] found block 260 (reward 20.02221451 BLK, 0 txs)
[2026-09-29T21:49:00.330Z INFO  blacksilk_miner] found block 261 (reward 20.02219541 BLK, 0 txs)
[2026-09-29T21:49:06.749Z INFO  blacksilk_miner] found block 262 (reward 20.02217632 BLK, 0 txs)
[2026-09-29T21:49:14.228Z INFO  blacksilk_miner] found block 263 (reward 20.02215722 BLK, 0 txs)
[2026-09-29T21:49:21.623Z INFO  blacksilk_miner] found block 264 (reward 20.02213813 BLK, 0 txs)
[2026-09-29T21:49:29.508Z INFO  blacksilk_miner] found block 265 (reward 20.02211903 BLK, 0 txs)
[2026-09-29T21:49:58.330Z INFO  blacksilk_miner] hash rate 1.5 H/s (light mode)
[2026-09-29T21:50:19.188Z INFO  blacksilk_miner] found block 266 (reward 20.02209994 BLK, 0 txs)
[2026-09-29T21:50:28.881Z INFO  blacksilk_miner] found block 267 (reward 20.02208084 BLK, 0 txs)
[2026-09-29T21:50:37.922Z INFO  blacksilk_miner] found block 268 (reward 20.02206175 BLK, 0 txs)
[2026-09-29T21:50:52.400Z INFO  blacksilk_miner] found block 269 (reward 20.02204265 BLK, 0 txs)
[2026-09-29T21:51:02.743Z INFO  blacksilk_miner] hash rate 1.1 H/s (light mode)
[2026-09-29T21:51:03.718Z INFO  blacksilk_miner] found block 270 (reward 20.02202356 BLK, 0 txs)
[2026-09-29T21:51:07.216Z INFO  blacksilk_miner] found block 271 (reward 20.02200447 BLK, 0 txs)
[2026-09-29T21:51:10.343Z INFO  blacksilk_miner] found block 272 (reward 20.02198537 BLK, 0 txs)
[2026-09-29T21:51:28.195Z INFO  blacksilk_miner] found block 273 (reward 20.02196628 BLK, 0 txs)
[2026-09-29T21:51:36.528Z INFO  blacksilk_miner] found block 274 (reward 20.02194718 BLK, 0 txs); not on the node's best chain
[2026-09-29T21:51:41.010Z INFO  blacksilk_miner] found block 275 (reward 20.02192809 BLK, 0 txs)
[2026-09-29T21:51:42.583Z INFO  blacksilk_miner] found block 276 (reward 20.02190899 BLK, 0 txs)
[2026-09-29T21:51:45.530Z INFO  blacksilk_miner] found block 277 (reward 20.02188990 BLK, 0 txs)
[2026-09-29T21:51:48.814Z INFO  blacksilk_miner] found block 278 (reward 20.02187081 BLK, 0 txs)
[2026-09-29T21:51:53.301Z INFO  blacksilk_miner] new tip at height 279: work on template 279 abandoned after 4.5s
[2026-09-29T21:51:54.716Z INFO  blacksilk_miner] found block 280 (reward 20.02183262 BLK, 0 txs)
[2026-09-29T21:52:01.335Z INFO  blacksilk_miner] found block 281 (reward 20.02181352 BLK, 0 txs)
[2026-09-29T21:52:05.891Z INFO  blacksilk_miner] hash rate 1.2 H/s (light mode)
[2026-09-29T21:52:05.891Z INFO  blacksilk_miner] new tip at height 282: work on template 282 abandoned after 4.6s
[2026-09-29T21:52:12.958Z INFO  blacksilk_miner] new tip at height 283: work on template 283 abandoned after 1.5s
[2026-09-29T21:52:23.139Z INFO  blacksilk_miner] found block 284 (reward 20.02175624 BLK, 0 txs)
[2026-09-29T21:52:28.909Z INFO  blacksilk_miner] found block 285 (reward 20.02173715 BLK, 0 txs)
[2026-09-29T21:52:33.032Z INFO  blacksilk_miner] new tip at height 286: work on template 286 abandoned after 4.1s
[2026-09-29T21:52:36.762Z INFO  blacksilk_miner] found block 287 (reward 20.02169896 BLK, 0 txs)
[2026-09-29T21:52:38.177Z INFO  blacksilk_miner] found block 288 (reward 20.02167986 BLK, 0 txs)
[2026-09-29T21:52:45.537Z INFO  blacksilk_miner] new tip at height 289: work on template 289 abandoned after 2.1s
[2026-09-29T21:52:52.777Z INFO  blacksilk_miner] new tip at height 290: work on template 290 abandoned after 2.2s
[2026-09-29T21:52:55.009Z INFO  blacksilk_miner] found block 291 (reward 20.02162258 BLK, 0 txs)
[2026-09-29T21:52:57.499Z INFO  blacksilk_miner] found block 292 (reward 20.02160349 BLK, 0 txs)
[2026-09-29T21:53:01.502Z INFO  blacksilk_miner] new tip at height 293: work on template 293 abandoned after 4.0s
[2026-09-29T21:53:06.802Z INFO  blacksilk_miner] hash rate 1.5 H/s (light mode)
[2026-09-29T21:53:10.099Z INFO  blacksilk_miner] new tip at height 294: work on template 294 abandoned after 3.3s
[2026-09-29T21:53:12.327Z INFO  blacksilk_miner] new tip at height 295: work on template 295 abandoned after 2.2s
[2026-09-29T21:53:13.440Z INFO  blacksilk_miner] found block 296 (reward 20.02152711 BLK, 0 txs)
[2026-09-29T21:53:15.203Z INFO  blacksilk_miner] found block 297 (reward 20.02150802 BLK, 0 txs)
[2026-09-29T21:53:20.603Z INFO  blacksilk_miner] found block 298 (reward 20.02148892 BLK, 0 txs)
[2026-09-29T21:53:22.772Z INFO  blacksilk_miner] found block 299 (reward 20.02146983 BLK, 0 txs)
[2026-09-29T21:53:27.523Z INFO  blacksilk_miner] found block 300 (reward 20.02145073 BLK, 0 txs)
[2026-09-29T21:53:30.848Z INFO  blacksilk_miner] found block 301 (reward 20.02143164 BLK, 0 txs)
[2026-09-29T21:53:32.014Z INFO  blacksilk_miner] found block 302 (reward 20.02141255 BLK, 0 txs)
[2026-09-29T21:53:45.650Z INFO  blacksilk_miner] new tip at height 303: work on template 303 abandoned after 2.8s
[2026-09-29T21:53:48.995Z INFO  blacksilk_miner] new tip at height 304: work on template 304 abandoned after 3.3s
[2026-09-29T21:53:51.126Z INFO  blacksilk_miner] found block 305 (reward 20.02135526 BLK, 0 txs)
[2026-09-29T21:53:57.118Z INFO  blacksilk_miner] found block 306 (reward 20.02133617 BLK, 0 txs)
[2026-09-29T21:54:05.532Z INFO  blacksilk_miner] found block 307 (reward 20.02131708 BLK, 0 txs)
[2026-09-29T21:54:10.963Z INFO  blacksilk_miner] hash rate 1.7 H/s (light mode)
[2026-09-29T21:54:24.734Z INFO  blacksilk_miner] found block 308 (reward 20.02129798 BLK, 0 txs)
[2026-09-29T21:54:30.733Z INFO  blacksilk_miner] new tip at height 309: work on template 309 abandoned after 511.8ms
[2026-09-29T21:54:38.805Z INFO  blacksilk_miner] new tip at height 310: work on template 310 abandoned after 2.6s
[2026-09-29T21:54:39.970Z INFO  blacksilk_miner] new tip at height 311: work on template 311 abandoned after 1.2s
[2026-09-29T21:54:46.247Z INFO  blacksilk_miner] new tip at height 312: work on template 312 abandoned after 1.1s
[2026-09-29T21:54:49.798Z INFO  blacksilk_miner] found block 313 (reward 20.02154711 BLK, 1 txs)
[2026-09-29T21:54:53.658Z INFO  blacksilk_miner] found block 314 (reward 20.02118342 BLK, 0 txs)
[2026-09-29T21:55:06.832Z INFO  blacksilk_miner] new tip at height 315: work on template 315 abandoned after 2.8s
[2026-09-29T21:55:08.412Z INFO  blacksilk_miner] found block 316 (reward 20.02114523 BLK, 0 txs)
[2026-09-29T21:55:11.118Z INFO  blacksilk_miner] found block 317 (reward 20.02112614 BLK, 0 txs)
[2026-09-29T21:55:16.617Z INFO  blacksilk_miner] hash rate 1.8 H/s (light mode)
[2026-09-29T21:55:17.688Z INFO  blacksilk_miner] found block 318 (reward 20.02110705 BLK, 0 txs)
[2026-09-29T21:55:34.171Z INFO  blacksilk_miner] found block 319 (reward 20.02143255 BLK, 1 txs)
[2026-09-29T21:55:37.747Z INFO  blacksilk_miner] found block 320 (reward 20.02106886 BLK, 0 txs)
[2026-09-29T21:55:45.507Z INFO  blacksilk_miner] found block 321 (reward 20.02104976 BLK, 0 txs)
[2026-09-29T21:55:50.407Z INFO  blacksilk_miner] found block 322 (reward 20.02103067 BLK, 0 txs)
[2026-09-29T21:55:57.178Z INFO  blacksilk_miner] found block 323 (reward 20.02101158 BLK, 0 txs)
[2026-09-29T21:55:58.872Z INFO  blacksilk_miner] found block 324 (reward 20.02099248 BLK, 0 txs)
[2026-09-29T21:56:07.630Z INFO  blacksilk_miner] new tip at height 325: work on template 325 abandoned after 3.7s
[2026-09-29T21:56:18.252Z INFO  blacksilk_miner] hash rate 1.7 H/s (light mode)
[2026-09-29T21:56:19.520Z INFO  blacksilk_miner] new tip at height 326: work on template 326 abandoned after 1.3s
[2026-09-29T21:56:39.234Z INFO  blacksilk_miner] found block 327 (reward 20.02127980 BLK, 1 txs)
[2026-09-29T21:56:41.157Z INFO  blacksilk_miner] found block 328 (reward 20.02091611 BLK, 0 txs)
[2026-09-29T21:56:44.452Z INFO  blacksilk_miner] found block 329 (reward 20.02089702 BLK, 0 txs)
[2026-09-29T21:56:50.163Z INFO  blacksilk_miner] found block 330 (reward 20.02122252 BLK, 1 txs); not on the node's best chain
[2026-09-29T21:56:52.568Z INFO  blacksilk_miner] found block 331 (reward 20.02085883 BLK, 0 txs)
[2026-09-29T21:56:56.866Z INFO  blacksilk_miner] new tip at height 332: work on template 332 abandoned after 4.3s
[2026-09-29T21:57:15.918Z INFO  blacksilk_miner] found block 333 (reward 20.02116524 BLK, 1 txs); not on the node's best chain
[2026-09-29T21:57:18.047Z INFO  blacksilk_miner] new tip at height 334: work on template 334 abandoned after 2.1s
[2026-09-29T21:57:23.668Z INFO  blacksilk_miner] hash rate 1.4 H/s (light mode)
