[2026-09-29T21:31:06.021Z INFO  blacksilk_node] blacksilk-node 0.1.0 commit 64d89d4a17e8abaa060c1146ea30a492c373f1c9
[2026-09-29T21:31:06.021Z INFO  blacksilk_node] regtest: genesis 087d6fd4efbc45eb0a895dd0680a7fd305208cae239b1b4275d7148b29a569b7, consensus fingerprint 5fb8ef8f74efa7631e2d9aa5f809fc0d9ab9273fdc54d45e5aad73f889c5e72b
[2026-09-29T21:31:06.021Z INFO  blacksilk_node] regtest: loading C:/bszkeval/w4-lab-scratch/run2\node0
[2026-09-29T21:31:06.031Z INFO  blacksilk_node] chain loaded in 9.5ms: height 0, tip 087d6fd4efbc45eb
[2026-09-29T21:31:06.035Z INFO  blacksilk_node] P2P listening on 127.0.0.1:52001
[2026-09-29T21:31:06.035Z INFO  blacksilk_node] RPC listening on http://127.0.0.1:52000
[2026-09-29T21:31:06.040Z WARN  blacksilk_node::cookie] the data directory C:/bszkeval/w4-lab-scratch/run2\node0 is outside your user profile: on Windows the RPC cookie is protected only by that directory's permissions; make sure other users cannot read it
[2026-09-29T21:31:06.041Z INFO  blacksilk_node::serve] RPC credential written to C:/bszkeval/w4-lab-scratch/run2\node0\rpc.cookie (clients read it: --rpc-cookie)
[2026-09-29T21:31:06.238Z INFO  blacksilk_chain::manager::template] caught up at height 0: block templates are served from now on
[2026-09-29T21:31:06.385Z INFO  blacksilk_p2p::net::conn] connected inbound peer 127.0.0.1:10622 (height 0)
[2026-09-29T21:31:06.389Z INFO  blacksilk_p2p::net::conn] connected inbound peer 127.0.0.1:10631 (height 0)
[2026-09-29T21:31:06.416Z INFO  blacksilk_p2p::net::conn] connected outbound peer 127.0.0.1:54001 (height 0)
[2026-09-29T21:31:06.416Z INFO  blacksilk_p2p::net::conn] connected outbound peer 127.0.0.1:54002 (height 0)
[2026-09-29T21:31:06.416Z DEBUG blacksilk_p2p::net::addr_relay] peer 4: addr with 1 entries
[2026-09-29T21:31:06.426Z DEBUG blacksilk_p2p::net::addr_relay] peer 3: addr with 1 entries
[2026-09-29T21:31:06.442Z DEBUG blacksilk_p2p::net::addr_relay] peer 1: getaddr answered with 4 addresses
[2026-09-29T21:31:06.442Z DEBUG blacksilk_p2p::net::addr_relay] peer 1: addr with 1 entries
[2026-09-29T21:31:06.453Z DEBUG blacksilk_p2p::net::addr_relay] peer 2: getaddr answered with 4 addresses
[2026-09-29T21:31:06.453Z DEBUG blacksilk_p2p::net::addr_relay] peer 2: addr with 1 entries
[2026-09-29T21:31:06.475Z DEBUG blacksilk_p2p::net::addr_relay] peer 4: addr with 1 entries
[2026-09-29T21:31:06.475Z DEBUG blacksilk_p2p::net::addr_relay] peer 2: addr with 1 entries
[2026-09-29T21:31:06.475Z DEBUG blacksilk_p2p::net::addr_relay] peer 127.0.0.1:10631: 1 addresses over the rate limit dropped
[2026-09-29T21:31:06.475Z DEBUG blacksilk_p2p::net::addr_relay] peer 2: addr with 1 entries
[2026-09-29T21:31:06.475Z DEBUG blacksilk_p2p::net::addr_relay] peer 127.0.0.1:10631: 1 addresses over the rate limit dropped
[2026-09-29T21:31:06.475Z DEBUG blacksilk_p2p::net::addr_relay] peer 3: addr with 1 entries
[2026-09-29T21:31:06.500Z DEBUG blacksilk_p2p::net::addr_relay] peer 3: addr with 4 entries
[2026-09-29T21:31:06.500Z DEBUG blacksilk_p2p::net::addr_relay] peer 4: addr with 4 entries
[2026-09-29T21:31:08.509Z INFO  blacksilk_node] block 3f083ee786d54e06 at height 1 accepted (tip 1)
[2026-09-29T21:31:09.715Z INFO  blacksilk_node] block 16bb0cd9c935bf41 at height 2 accepted (tip 2)
[2026-09-29T21:31:10.888Z INFO  blacksilk_node] block 76d73e5b879d26a6 at height 3 accepted (tip 3)
[2026-09-29T21:31:12.030Z INFO  blacksilk_node] block 528400351317c822 at height 4 accepted (tip 4)
[2026-09-29T21:31:13.174Z INFO  blacksilk_node] block 2ed378073beea2db at height 5 accepted (tip 5)
[2026-09-29T21:31:14.344Z INFO  blacksilk_node] block 015c7c834f5a12c7 at height 6 accepted (tip 6)
[2026-09-29T21:31:15.463Z INFO  blacksilk_node] block e09057d018ad9c4d at height 7 accepted (tip 7)
[2026-09-29T21:31:16.648Z INFO  blacksilk_node] block 41c5bb406dea584f at height 8 accepted (tip 8)
[2026-09-29T21:31:17.808Z INFO  blacksilk_node] block 1315ac056965bb96 at height 9 accepted (tip 9)
[2026-09-29T21:31:18.952Z INFO  blacksilk_node] block 37ea14d00e662ac4 at height 10 accepted (tip 10)
[2026-09-29T21:31:20.072Z INFO  blacksilk_node] block b2fb3b25329ef337 at height 11 accepted (tip 11)
[2026-09-29T21:31:21.242Z INFO  blacksilk_node] block 6cbb1ad767fb6650 at height 12 accepted (tip 12)
[2026-09-29T21:31:22.456Z INFO  blacksilk_node] block 76b9e690f08e6a78 at height 13 accepted (tip 13)
[2026-09-29T21:31:23.725Z INFO  blacksilk_node] block cc6c00b65ef1a818 at height 14 accepted (tip 14)
[2026-09-29T21:31:25.042Z INFO  blacksilk_node] block 34104a54d76db356 at height 15 accepted (tip 15)
[2026-09-29T21:31:26.161Z INFO  blacksilk_node] block afc0a4efd7d49614 at height 16 accepted (tip 16)
[2026-09-29T21:31:27.316Z INFO  blacksilk_node] block b3d2883b5c775b5a at height 17 accepted (tip 17)
[2026-09-29T21:31:28.471Z INFO  blacksilk_node] block 44b44083cd75d65c at height 18 accepted (tip 18)
[2026-09-29T21:31:29.643Z INFO  blacksilk_node] block 05657a8f685ed28c at height 19 accepted (tip 19)
[2026-09-29T21:31:30.773Z INFO  blacksilk_node] block d90bebcb1d8ec850 at height 20 accepted (tip 20)
[2026-09-29T21:31:31.900Z INFO  blacksilk_node] block 4f39648cc9d7d256 at height 21 accepted (tip 21)
[2026-09-29T21:31:33.044Z INFO  blacksilk_node] block ab3e4b80212b0ea0 at height 22 accepted (tip 22)
[2026-09-29T21:31:34.134Z INFO  blacksilk_node] block 89e362a27cdb2405 at height 23 accepted (tip 23)
[2026-09-29T21:31:35.250Z INFO  blacksilk_node] block 63f979d1fe80ed6b at height 24 accepted (tip 24)
[2026-09-29T21:31:36.425Z INFO  blacksilk_node] block 058e25075ed05dfe at height 25 accepted (tip 25)
[2026-09-29T21:31:37.558Z INFO  blacksilk_node] block f1ccfb84f83d7c7d at height 26 accepted (tip 26)
[2026-09-29T21:31:38.723Z INFO  blacksilk_node] block be0c5ece82ffe134 at height 27 accepted (tip 27)
[2026-09-29T21:31:39.859Z INFO  blacksilk_node] block 83dea9de0e208f0e at height 28 accepted (tip 28)
[2026-09-29T21:31:41.068Z INFO  blacksilk_node] block 4baf122265d76024 at height 29 accepted (tip 29)
[2026-09-29T21:31:42.256Z INFO  blacksilk_node] block ef44171e23fe6cde at height 30 accepted (tip 30)
[2026-09-29T21:31:43.419Z INFO  blacksilk_node] block 53adb8ca6eb8b6ae at height 31 accepted (tip 31)
[2026-09-29T21:31:44.611Z INFO  blacksilk_node] block c29e673eff611623 at height 32 accepted (tip 32)
[2026-09-29T21:31:45.762Z INFO  blacksilk_node] block 5e44af928e4b657f at height 33 accepted (tip 33)
[2026-09-29T21:31:46.946Z INFO  blacksilk_node] block faf782c2450190c9 at height 34 accepted (tip 34)
[2026-09-29T21:31:48.134Z INFO  blacksilk_node] block b46453cd4ff79020 at height 35 accepted (tip 35)
[2026-09-29T21:31:49.248Z INFO  blacksilk_node] block 19ec4a3f211dd378 at height 36 accepted (tip 36)
[2026-09-29T21:31:50.433Z INFO  blacksilk_node] block 812bea4fa44777b3 at height 37 accepted (tip 37)
[2026-09-29T21:31:51.696Z INFO  blacksilk_node] block 2117e5a5a6fecb3e at height 38 accepted (tip 38)
[2026-09-29T21:31:52.936Z INFO  blacksilk_node] block 9162463c523b7a09 at height 39 accepted (tip 39)
[2026-09-29T21:31:54.098Z INFO  blacksilk_node] block 6c1e3cf4b7884709 at height 40 accepted (tip 40)
[2026-09-29T21:31:55.204Z INFO  blacksilk_node] block 9c1106924cf30b54 at height 41 accepted (tip 41)
[2026-09-29T21:31:56.363Z INFO  blacksilk_node] block ddef1482dec3558f at height 42 accepted (tip 42)
[2026-09-29T21:31:57.650Z INFO  blacksilk_node] block 5a36eb4007b20ce6 at height 43 accepted (tip 43)
[2026-09-29T21:31:58.794Z INFO  blacksilk_node] block 7688763a22e6a9d3 at height 44 accepted (tip 44)
[2026-09-29T21:31:59.945Z INFO  blacksilk_node] block a1f0ac22e29e5509 at height 45 accepted (tip 45)
[2026-09-29T21:32:01.141Z INFO  blacksilk_node] block cec9ce749e2a1f4f at height 46 accepted (tip 46)
[2026-09-29T21:32:02.369Z INFO  blacksilk_node] block d1b66b5cf3f54f33 at height 47 accepted (tip 47)
[2026-09-29T21:32:03.598Z INFO  blacksilk_node] block 37949aa7fb2bc564 at height 48 accepted (tip 48)
[2026-09-29T21:32:04.732Z INFO  blacksilk_node] block 744803a15fe61546 at height 49 accepted (tip 49)
[2026-09-29T21:32:05.889Z INFO  blacksilk_node] block 6e3a3b45ad50ccf6 at height 50 accepted (tip 50)
[2026-09-29T21:32:07.046Z INFO  blacksilk_node] block db91f68584176d16 at height 51 accepted (tip 51)
[2026-09-29T21:32:08.205Z INFO  blacksilk_node] block ca359a867f7217d1 at height 52 accepted (tip 52)
[2026-09-29T21:32:09.382Z INFO  blacksilk_node] block 47273ffa739b39fe at height 53 accepted (tip 53)
[2026-09-29T21:32:10.564Z INFO  blacksilk_node] block f95aea0634f28338 at height 54 accepted (tip 54)
[2026-09-29T21:32:11.732Z INFO  blacksilk_node] block 340ec7dfcb8aa67c at height 55 accepted (tip 55)
[2026-09-29T21:32:13.009Z INFO  blacksilk_node] block 5f8d0aae7d091e69 at height 56 accepted (tip 56)
[2026-09-29T21:32:14.171Z INFO  blacksilk_node] block 00714fd78f834585 at height 57 accepted (tip 57)
[2026-09-29T21:32:15.312Z INFO  blacksilk_node] block ff4f8dc4f3d30d17 at height 58 accepted (tip 58)
[2026-09-29T21:32:16.436Z INFO  blacksilk_node] block 5b825f0d72458bc2 at height 59 accepted (tip 59)
[2026-09-29T21:32:17.604Z INFO  blacksilk_node] block 859b8a77f0514737 at height 60 accepted (tip 60)
[2026-09-29T21:32:18.747Z INFO  blacksilk_node] block fc369394189899c5 at height 61 accepted (tip 61)
[2026-09-29T21:32:19.857Z INFO  blacksilk_node] block 52156ecafa12c6ad at height 62 accepted (tip 62)
[2026-09-29T21:32:20.979Z INFO  blacksilk_node] block 2714f493fb47ea8d at height 63 accepted (tip 63)
[2026-09-29T21:32:22.193Z INFO  blacksilk_node] block 6b35300031026578 at height 64 accepted (tip 64)
[2026-09-29T21:32:23.335Z INFO  blacksilk_node] block 0147e15fb99bdedd at height 65 accepted (tip 65)
[2026-09-29T21:32:24.522Z INFO  blacksilk_node] block d2f66a8b6ed7902a at height 66 accepted (tip 66)
[2026-09-29T21:32:25.664Z INFO  blacksilk_node] block 414fb799d583da98 at height 67 accepted (tip 67)
[2026-09-29T21:32:26.774Z INFO  blacksilk_node] block 74431727243b2633 at height 68 accepted (tip 68)
[2026-09-29T21:32:27.940Z INFO  blacksilk_node] block 0a21db8968998a45 at height 69 accepted (tip 69)
[2026-09-29T21:32:29.181Z INFO  blacksilk_node] block 8970e71edf8d14e3 at height 70 accepted (tip 70)
[2026-09-29T21:32:30.363Z INFO  blacksilk_node] block c806aab64f4a0d55 at height 71 accepted (tip 71)
[2026-09-29T21:32:31.475Z INFO  blacksilk_node] block d05476a7069200df at height 72 accepted (tip 72)
[2026-09-29T21:32:32.645Z INFO  blacksilk_node] block 6a74c226b77e18b1 at height 73 accepted (tip 73)
[2026-09-29T21:32:33.818Z INFO  blacksilk_node] block 9272452c3e8b2e21 at height 74 accepted (tip 74)
[2026-09-29T21:32:35.108Z INFO  blacksilk_node] block 7f83adcb1ceb8c8d at height 75 accepted (tip 75)
[2026-09-29T21:32:36.226Z INFO  blacksilk_node] block 8cc0837c2090d8d3 at height 76 accepted (tip 76)
[2026-09-29T21:32:37.356Z INFO  blacksilk_node] block d926e34999ca570d at height 77 accepted (tip 77)
[2026-09-29T21:32:38.982Z INFO  blacksilk_node] block 6b0d99faed88c2f0 at height 78 accepted (tip 78)
[2026-09-29T21:32:40.154Z INFO  blacksilk_node] block 27da0764cbc7f23f at height 79 accepted (tip 79)
[2026-09-29T21:32:41.290Z INFO  blacksilk_node] block 2c98d221c8cbb538 at height 80 accepted (tip 80)
[2026-09-29T21:32:42.977Z INFO  blacksilk_node] block 621cdc47121e8d90 at height 81 accepted (tip 81)
[2026-09-29T21:32:44.621Z INFO  blacksilk_node] block 869ce62c7ca609a8 at height 82 accepted (tip 82)
[2026-09-29T21:32:46.767Z INFO  blacksilk_node] block cceff24110832404 at height 83 accepted (tip 83)
[2026-09-29T21:32:47.890Z INFO  blacksilk_node] block ce5c589195e912ea at height 84 accepted (tip 84)
[2026-09-29T21:32:49.044Z INFO  blacksilk_node] block dcd0da87e919379c at height 85 accepted (tip 85)
[2026-09-29T21:32:51.339Z INFO  blacksilk_node] block b923443b0da2ee4c at height 86 accepted (tip 86)
[2026-09-29T21:32:53.010Z INFO  blacksilk_node] block 15658e2ceca055c4 at height 87 accepted (tip 87)
[2026-09-29T21:32:54.233Z INFO  blacksilk_node] block a197763ac87f745e at height 88 accepted (tip 88)
[2026-09-29T21:32:56.311Z INFO  blacksilk_node] block 08076cfaecaf0c62 at height 89 accepted (tip 89)
[2026-09-29T21:32:57.472Z INFO  blacksilk_node] block 90208b461b335f06 at height 90 accepted (tip 90)
[2026-09-29T21:33:00.595Z INFO  blacksilk_node] block 4904d7b56725a4e8 at height 91 accepted (tip 91)
[2026-09-29T21:33:02.268Z INFO  blacksilk_node] block 6bdf3c0343f27657 at height 92 accepted (tip 92)
[2026-09-29T21:33:04.502Z INFO  blacksilk_node] block 1a8f8078a838615b at height 93 accepted (tip 93)
[2026-09-29T21:33:06.643Z INFO  blacksilk_node] block 845ca6fb0d20c255 at height 94 accepted (tip 94)
[2026-09-29T21:33:08.314Z INFO  blacksilk_node] block 1f6dbce0d23924ae at height 95 accepted (tip 95)
[2026-09-29T21:33:09.473Z INFO  blacksilk_node] block d350b77f225444c5 at height 96 accepted (tip 96)
[2026-09-29T21:33:10.630Z INFO  blacksilk_node] block 4c273eadd6ebf009 at height 97 accepted (tip 97)
[2026-09-29T21:33:11.787Z INFO  blacksilk_node] block 80400890d107d0bb at height 98 accepted (tip 98)
[2026-09-29T21:33:13.025Z INFO  blacksilk_node] block 4f341234dac62401 at height 99 accepted (tip 99)
[2026-09-29T21:33:15.179Z INFO  blacksilk_node] block af11023251a4b9a8 at height 100 accepted (tip 100)
[2026-09-29T21:33:16.851Z INFO  blacksilk_node] block 81c1fada7a7c7c6e at height 101 accepted (tip 101)
[2026-09-29T21:33:18.026Z INFO  blacksilk_node] block 7775c44287d4397b at height 102 accepted (tip 102)
[2026-09-29T21:33:19.182Z INFO  blacksilk_node] block 777da460ec8d1cdb at height 103 accepted (tip 103)
[2026-09-29T21:33:22.803Z INFO  blacksilk_node] block 24bfe5c082234088 at height 104 accepted (tip 104)
[2026-09-29T21:33:24.004Z INFO  blacksilk_node] block 14ff76cb6929ee0b at height 105 accepted (tip 105)
[2026-09-29T21:33:25.120Z INFO  blacksilk_node] block a04ae780590e87b1 at height 106 accepted (tip 106)
[2026-09-29T21:33:26.251Z INFO  blacksilk_node] block 357ccbc7f286166a at height 107 accepted (tip 107)
[2026-09-29T21:33:28.931Z INFO  blacksilk_node] block a63f239e1222a15d at height 108 accepted (tip 108)
[2026-09-29T21:33:30.051Z INFO  blacksilk_node] block 4a75eb110c3eb81c at height 109 accepted (tip 109)
[2026-09-29T21:33:31.178Z INFO  blacksilk_node] block 81f737a4710bf8f0 at height 110 accepted (tip 110)
[2026-09-29T21:33:32.324Z INFO  blacksilk_node] block 09b268a00eeec092 at height 111 accepted (tip 111)
[2026-09-29T21:33:33.466Z INFO  blacksilk_node] block 10908dbf1efc39ef at height 112 accepted (tip 112)
[2026-09-29T21:33:35.180Z INFO  blacksilk_node] block ebaa653a14cb7fd1 at height 113 accepted (tip 113)
[2026-09-29T21:33:36.366Z INFO  blacksilk_node] block 83c425210773c91a at height 114 accepted (tip 114)
[2026-09-29T21:33:37.490Z INFO  blacksilk_node] block 97cefe88a0563c0b at height 115 accepted (tip 115)
[2026-09-29T21:33:38.705Z INFO  blacksilk_node] block 956532ac5163048e at height 116 accepted (tip 116)
[2026-09-29T21:33:42.790Z INFO  blacksilk_node] block 52ecad2935ec254d at height 117 accepted (tip 117)
[2026-09-29T21:33:43.929Z INFO  blacksilk_node] block f8bf4d786020e9ad at height 118 accepted (tip 118)
[2026-09-29T21:33:45.643Z INFO  blacksilk_node] block d9fac676ac26fdb8 at height 119 accepted (tip 119)
[2026-09-29T21:33:48.245Z INFO  blacksilk_node] block c489d8295a0541c2 at height 120 accepted (tip 120)
[2026-09-29T21:33:50.367Z INFO  blacksilk_node] block ee25c15fdd43b7f5 at height 121 accepted (tip 121)
[2026-09-29T21:33:52.037Z INFO  blacksilk_node] block 0d30be5926b30a55 at height 122 accepted (tip 122)
[2026-09-29T21:33:55.627Z INFO  blacksilk_node] block 09efe455a046f6f7 at height 123 accepted (tip 123)
[2026-09-29T21:34:01.289Z INFO  blacksilk_node] block 22218c119bb47b86 at height 124 accepted (tip 124)
[2026-09-29T21:34:02.950Z INFO  blacksilk_node] block 508a912660df7f01 at height 125 accepted (tip 125)
[2026-09-29T21:34:04.091Z INFO  blacksilk_node] block 7d295a7094e7c579 at height 126 accepted (tip 126)
[2026-09-29T21:34:05.180Z INFO  blacksilk_node] block b7727fc22430ee4c at height 127 accepted (tip 127)
[2026-09-29T21:34:08.275Z INFO  blacksilk_node] block 32b3571041f1acce at height 128 accepted (tip 128)
[2026-09-29T21:34:11.539Z INFO  blacksilk_node] block 0460ba563d367756 at height 129 accepted (tip 129)
[2026-09-29T21:34:13.662Z INFO  blacksilk_node] block a40885d79f6d8076 at height 130 accepted (tip 130)
[2026-09-29T21:34:15.822Z INFO  blacksilk_node] block b1e2b209df278f4e at height 131 accepted (tip 131)
[2026-09-29T21:34:17.001Z INFO  blacksilk_node] block d4227764b66be3f8 at height 132 accepted (tip 132)
[2026-09-29T21:34:18.722Z INFO  blacksilk_node] block 15b7cbac225fdc6b at height 133 accepted (tip 133)
[2026-09-29T21:34:19.870Z INFO  blacksilk_node] block a87b80bf7da9719e at height 134 accepted (tip 134)
[2026-09-29T21:34:28.679Z INFO  blacksilk_node] block 98fdbd90808dd1f3 at height 135 accepted (tip 135)
[2026-09-29T21:34:37.019Z INFO  blacksilk_node] block ff18b01d833a5c94 at height 136 accepted (tip 136)
[2026-09-29T21:34:38.164Z INFO  blacksilk_node] block 31bf9ded3f35ce4f at height 137 accepted (tip 137)
[2026-09-29T21:34:39.395Z INFO  blacksilk_node] block e566c39debeb4a4d at height 138 accepted (tip 138)
[2026-09-29T21:34:40.758Z INFO  blacksilk_node] block 6681ca5d61bbebf4 at height 139 accepted (tip 139)
[2026-09-29T21:34:46.149Z INFO  blacksilk_node] block df18684b99e3fc47 at height 140 accepted (tip 140)
[2026-09-29T21:34:47.343Z INFO  blacksilk_node] block c2a78b9950895a2e at height 141 accepted (tip 141)
[2026-09-29T21:34:49.574Z INFO  blacksilk_node] block 978c5c3e9e4376e2 at height 142 accepted (tip 142)
[2026-09-29T21:34:51.336Z INFO  blacksilk_node] block 60644c954058c28a at height 143 accepted (tip 143)
[2026-09-29T21:34:54.479Z INFO  blacksilk_node] block 08014b3a609185c2 at height 144 accepted (tip 144)
[2026-09-29T21:34:57.245Z INFO  blacksilk_node] block d559062076e86bcd at height 145 accepted (tip 145)
[2026-09-29T21:34:59.859Z INFO  blacksilk_node] block bfda021cb9e76ef8 at height 146 accepted (tip 146)
[2026-09-29T21:35:02.583Z INFO  blacksilk_node] block c00bed193cf8939c at height 147 accepted (tip 147)
[2026-09-29T21:35:08.427Z INFO  blacksilk_node] block 79bb33db5cc4014d at height 148 accepted (tip 148)
[2026-09-29T21:35:10.564Z INFO  blacksilk_node] block 4d277446191be78f at height 149 accepted (tip 149)
[2026-09-29T21:35:11.754Z INFO  blacksilk_node] block 3d7dec5711641585 at height 150 accepted (tip 150)
[2026-09-29T21:35:12.973Z INFO  blacksilk_node] block 9840f5567fa39ab5 at height 151 accepted (tip 151)
[2026-09-29T21:35:18.750Z INFO  blacksilk_node] block d567fb1ea3f2a30b at height 152 accepted (tip 152)
[2026-09-29T21:35:23.645Z INFO  blacksilk_node] block e01758bdf679c133 at height 153 accepted (tip 153)
[2026-09-29T21:35:25.391Z INFO  blacksilk_node] block 443ff84544f736eb at height 154 accepted (tip 154)
[2026-09-29T21:35:27.535Z INFO  blacksilk_node] block 017270b52cca2efb at height 155 accepted (tip 155)
[2026-09-29T21:35:29.201Z INFO  blacksilk_node] block 0b6c210cf8e1b643 at height 156 accepted (tip 156)
[2026-09-29T21:35:31.839Z INFO  blacksilk_node] block 4e2190b3c2900da1 at height 157 accepted (tip 157)
[2026-09-29T21:35:34.471Z INFO  blacksilk_node] block a491c4d210d275a0 at height 158 accepted (tip 158)
[2026-09-29T21:35:40.251Z INFO  blacksilk_node] block 5d0df67f90d797f6 at height 159 accepted (tip 159)
[2026-09-29T21:35:42.389Z INFO  blacksilk_node] block 935ee44821014f98 at height 160 accepted (tip 160)
[2026-09-29T21:35:44.557Z INFO  blacksilk_node] block 6a36183ee5dda99c at height 161 accepted (tip 161)
[2026-09-29T21:35:51.920Z INFO  blacksilk_node] block c740653cd2792259 at height 162 accepted (tip 162)
[2026-09-29T21:35:53.092Z INFO  blacksilk_node] block 2d55e8daff501bae at height 163 accepted (tip 163)
[2026-09-29T21:35:57.404Z INFO  blacksilk_node] block 475f4b9b42db9ca1 at height 164 accepted (tip 164)
[2026-09-29T21:35:59.580Z INFO  blacksilk_node] block fe70fff6cc229efd at height 165 accepted (tip 165)
[2026-09-29T21:36:01.447Z INFO  blacksilk_node] block 1030ed235f43e2f7 at height 166 accepted (tip 166)
[2026-09-29T21:36:06.740Z INFO  blacksilk_node] block b2212b399c2b5773 at height 167 accepted (tip 167)
[2026-09-29T21:36:10.059Z INFO  blacksilk_node] block 6f1e736ab59c5fec at height 168 accepted (tip 168)
[2026-09-29T21:36:12.198Z INFO  blacksilk_node] block 10bfa6fd2516bb38 at height 169 accepted (tip 169)
[2026-09-29T21:36:13.350Z INFO  blacksilk_node] block 5569c4f86d4d4417 at height 170 accepted (tip 170)
[2026-09-29T21:36:17.640Z INFO  blacksilk_node] block 2bababcd250e842f at height 171 accepted (tip 171)
[2026-09-29T21:36:23.137Z INFO  blacksilk_node] block c26997bac37867f8 at height 172 accepted (tip 172)
[2026-09-29T21:36:26.312Z INFO  blacksilk_node] block 577c4439f62457a8 at height 173 accepted (tip 173)
[2026-09-29T21:36:34.745Z INFO  blacksilk_node] block 0fc9ae366b37112b at height 174 accepted (tip 174)
[2026-09-29T21:36:40.466Z INFO  blacksilk_node] block 1ea5d814abf1db6c at height 175 accepted (tip 175)
[2026-09-29T21:37:01.741Z INFO  blacksilk_node] block 5e3aabdbefe616be at height 176 accepted (tip 176)
[2026-09-29T21:37:13.675Z INFO  blacksilk_node] block fa4b1b4140e8bc21 at height 177 accepted (tip 177)
[2026-09-29T21:37:15.785Z INFO  blacksilk_node] block febcce96540ec780 at height 178 accepted (tip 178)
[2026-09-29T21:37:25.639Z INFO  blacksilk_node] block d4cadda19f6a144e at height 179 accepted (tip 179)
[2026-09-29T21:37:36.436Z INFO  blacksilk_node] block 75949c4a176e0223 at height 180 accepted (tip 180)
[2026-09-29T21:37:38.176Z INFO  blacksilk_node] block c49416d117d7c646 at height 181 accepted (tip 181)
[2026-09-29T21:37:40.774Z INFO  blacksilk_node] block c0c35935ec5da624 at height 182 accepted (tip 182)
[2026-09-29T21:37:41.867Z INFO  blacksilk_node] block 1017f818a5239ff6 at height 183 accepted (tip 183)
[2026-09-29T21:37:46.040Z INFO  blacksilk_node] block 09fed550a5803288 at height 184 accepted (tip 184)
[2026-09-29T21:37:47.699Z INFO  blacksilk_node] block acf96f3b79c5a322 at height 185 accepted (tip 185)
[2026-09-29T21:37:49.337Z INFO  blacksilk_node] block 9d93d29ad493d447 at height 186 accepted (tip 186)
[2026-09-29T21:37:52.033Z INFO  blacksilk_node] block b8c330e91f65eeb8 at height 187 accepted (tip 187)
[2026-09-29T21:37:53.885Z INFO  blacksilk_node] block 758e1d11a16d9da0 at height 188 accepted (tip 188)
[2026-09-29T21:37:59.692Z INFO  blacksilk_node] block 9469e9d084112128 at height 189 accepted (tip 189)
[2026-09-29T21:38:32.611Z INFO  blacksilk_node] block 12ef20a733e8f3a5 at height 190 accepted (tip 190)
[2026-09-29T21:38:36.803Z INFO  blacksilk_node] block 1b0e9becf7844640 at height 191 accepted (tip 191)
[2026-09-29T21:38:42.133Z INFO  blacksilk_node] block a8be1727358e3188 at height 192 accepted (tip 192)
[2026-09-29T21:38:43.854Z INFO  blacksilk_node] block 2a005d5f7cb5f9a0 at height 193 accepted (tip 193)
[2026-09-29T21:38:45.034Z INFO  blacksilk_node] block 300c0650085b6c78 at height 194 accepted (tip 194)
[2026-09-29T21:38:49.429Z INFO  blacksilk_node] block 9190562df5f858b0 at height 195 accepted (tip 195)
[2026-09-29T21:38:51.548Z INFO  blacksilk_node] block 6816fcdcb343174a at height 196 accepted (tip 196)
[2026-09-29T21:38:54.801Z INFO  blacksilk_node] block d674e9590dc9180b at height 197 accepted (tip 197)
[2026-09-29T21:38:56.554Z INFO  blacksilk_node] block 29566710d9714151 at height 198 accepted (tip 198)
[2026-09-29T21:39:00.298Z INFO  blacksilk_node] block 5ffc639280c79bc7 at height 199 accepted (tip 199)
[2026-09-29T21:39:09.051Z INFO  blacksilk_node] block 9dd0ab775e771ed5 at height 200 accepted (tip 200)
[2026-09-29T21:39:10.188Z INFO  blacksilk_node] block 2a02c1723b2003b2 at height 201 accepted (tip 201)
[2026-09-29T21:39:23.230Z INFO  blacksilk_node] block 8c20f30f28ae782c at height 202 accepted (tip 202)
[2026-09-29T21:39:28.190Z INFO  blacksilk_node] block dd04ac9fe82a64c6 at height 203 accepted (tip 203)
[2026-09-29T21:39:33.216Z INFO  blacksilk_node] block 93cd6bdab616c7b9 at height 204 accepted (tip 204)
[2026-09-29T21:39:38.074Z INFO  blacksilk_node] block 749f2b8390061bb5 at height 205 accepted (tip 205)
[2026-09-29T21:40:04.743Z INFO  blacksilk_node] block f82616799a78b4bc at height 206 accepted (tip 206)
[2026-09-29T21:40:19.058Z INFO  blacksilk_node] block 8172cb543c3d9407 at height 207 accepted (tip 207)
[2026-09-29T21:40:51.352Z INFO  blacksilk_node] block 3c52ca9854770de8 at height 208 accepted (tip 208)
[2026-09-29T21:41:07.817Z INFO  blacksilk_node] block 5710e4d9673d350b at height 209 accepted (tip 209)
[2026-09-29T21:41:11.232Z INFO  blacksilk_node] block 307ddbb32422d26a at height 210 accepted (tip 210)
[2026-09-29T21:41:15.660Z INFO  blacksilk_node] block 96adfb14623b1d50 at height 211 accepted (tip 211)
[2026-09-29T21:41:34.908Z DEBUG blacksilk_p2p::net::headers] peer 4: 1 headers up to height 212 accepted (new: true)
[2026-09-29T21:41:34.992Z DEBUG blacksilk_p2p::net::blocks] peer 4: block 75b5848bfac5 at height 212 received
[2026-09-29T21:41:35.031Z DEBUG blacksilk_p2p::net::headers] peer 1: 1 headers up to height 212 accepted (new: false)
[2026-09-29T21:41:35.179Z DEBUG blacksilk_p2p::net::headers] peer 2: 1 headers up to height 212 accepted (new: false)
[2026-09-29T21:41:42.284Z DEBUG blacksilk_p2p::net::headers] peer 4: 1 headers up to height 213 accepted (new: true)
[2026-09-29T21:41:42.349Z DEBUG blacksilk_p2p::net::headers] peer 3: 1 headers up to height 213 accepted (new: false)
[2026-09-29T21:41:42.349Z DEBUG blacksilk_p2p::net::headers] peer 1: 1 headers up to height 213 accepted (new: false)
[2026-09-29T21:41:42.349Z DEBUG blacksilk_p2p::net::headers] peer 2: 1 headers up to height 213 accepted (new: false)
[2026-09-29T21:41:42.359Z DEBUG blacksilk_p2p::net::blocks] peer 4: block 43719561d742 at height 213 received
[2026-09-29T21:41:43.622Z INFO  blacksilk_node] block 86108804d7897240 at height 213 accepted (tip 213)
[2026-09-29T21:41:45.391Z DEBUG blacksilk_p2p::net::headers] peer 4: 1 headers up to height 214 accepted (new: true)
[2026-09-29T21:41:45.391Z DEBUG blacksilk_p2p::net::headers] peer 1: 1 headers up to height 214 accepted (new: false)
[2026-09-29T21:41:45.481Z DEBUG blacksilk_p2p::net::blocks] peer 4: block 96485a3a8bde at height 214 received
[2026-09-29T21:41:45.525Z DEBUG blacksilk_p2p::net::headers] peer 3: 1 headers up to height 214 accepted (new: false)
[2026-09-29T21:41:49.080Z DEBUG blacksilk_p2p::net::headers] peer 4: 1 headers up to height 215 accepted (new: true)
[2026-09-29T21:41:49.150Z DEBUG blacksilk_p2p::net::blocks] peer 4: block 6e891091d58e at height 215 received
[2026-09-29T21:41:54.496Z DEBUG blacksilk_p2p::net::headers] peer 4: 1 headers up to height 216 accepted (new: true)
[2026-09-29T21:41:54.573Z DEBUG blacksilk_p2p::net::headers] peer 1: 1 headers up to height 216 accepted (new: false)
[2026-09-29T21:41:54.609Z DEBUG blacksilk_p2p::net::blocks] peer 4: block 4038035b0cb9 at height 216 received
[2026-09-29T21:41:54.671Z DEBUG blacksilk_p2p::net::headers] peer 2: 1 headers up to height 216 accepted (new: false)
[2026-09-29T21:41:54.755Z DEBUG blacksilk_p2p::net::headers] peer 3: 1 headers up to height 216 accepted (new: false)
[2026-09-29T21:41:54.779Z INFO  blacksilk_node] block 231c9b09a7253ffe at height 216 accepted (tip 216)
[2026-09-29T21:41:59.894Z INFO  blacksilk_node] block feb9e086d0a80fb6 at height 217 accepted (tip 217)
[2026-09-29T21:42:06.459Z INFO  blacksilk_node] block ab037b835e3b51ee at height 218 accepted (tip 218)
[2026-09-29T21:42:13.185Z INFO  blacksilk_node] block 744cce4cfdd878d4 at height 219 accepted (tip 219)
[2026-09-29T21:42:14.737Z DEBUG blacksilk_p2p::net::headers] peer 4: 1 headers up to height 219 accepted (new: true)
[2026-09-29T21:42:15.137Z DEBUG blacksilk_p2p::net::headers] peer 2: 1 headers up to height 219 accepted (new: true)
[2026-09-29T21:42:15.142Z DEBUG blacksilk_p2p::net::headers] peer 1: 1 headers up to height 219 accepted (new: true)
[2026-09-29T21:42:15.438Z DEBUG blacksilk_p2p::net::headers] peer 3: 1 headers up to height 219 accepted (new: true)
[2026-09-29T21:42:26.857Z INFO  blacksilk_node] block ed471bc8d37d06e1 at height 220 accepted (tip 220)
[2026-09-29T21:42:44.550Z DEBUG blacksilk_p2p::net::headers] peer 4: 1 headers up to height 221 accepted (new: true)
[2026-09-29T21:42:44.550Z DEBUG blacksilk_p2p::net::headers] peer 3: 1 headers up to height 221 accepted (new: false)
[2026-09-29T21:42:44.568Z DEBUG blacksilk_p2p::net::headers] peer 2: 1 headers up to height 221 accepted (new: false)
[2026-09-29T21:42:44.651Z DEBUG blacksilk_p2p::net::blocks] peer 4: block be9536870dab at height 221 received
[2026-09-29T21:42:44.986Z DEBUG blacksilk_p2p::net::headers] peer 1: 1 headers up to height 221 accepted (new: false)
[2026-09-29T21:42:48.705Z DEBUG blacksilk_p2p::net::headers] peer 4: 1 headers up to height 222 accepted (new: true)
[2026-09-29T21:42:48.856Z DEBUG blacksilk_p2p::net::blocks] peer 4: block ec5c13e5c29c at height 222 received
[2026-09-29T21:42:48.857Z DEBUG blacksilk_p2p::net::headers] peer 2: 1 headers up to height 222 accepted (new: false)
[2026-09-29T21:42:48.860Z DEBUG blacksilk_p2p::net::headers] peer 3: 1 headers up to height 222 accepted (new: false)
[2026-09-29T21:42:48.976Z DEBUG blacksilk_p2p::net::headers] peer 1: 1 headers up to height 222 accepted (new: false)
[2026-09-29T21:43:07.523Z INFO  blacksilk_node] block 5b9c9ad6d6ed989e at height 223 accepted (tip 223)
[2026-09-29T21:43:19.053Z DEBUG blacksilk_p2p::net::headers] peer 4: 1 headers up to height 224 accepted (new: true)
[2026-09-29T21:43:19.121Z DEBUG blacksilk_p2p::net::blocks] peer 4: block 77c319689e90 at height 224 received
[2026-09-29T21:43:19.156Z DEBUG blacksilk_p2p::net::headers] peer 2: 1 headers up to height 224 accepted (new: false)
[2026-09-29T21:43:19.172Z DEBUG blacksilk_p2p::net::headers] peer 1: 1 headers up to height 224 accepted (new: false)
[2026-09-29T21:43:19.172Z DEBUG blacksilk_p2p::net::headers] peer 3: 1 headers up to height 224 accepted (new: false)
[2026-09-29T21:43:24.465Z INFO  blacksilk_node] block 578eb62e5dfe4b08 at height 225 accepted (tip 225)
[2026-09-29T21:43:57.259Z INFO  blacksilk_node] block 8d08943b7296e541 at height 226 accepted (tip 226)
[2026-09-29T21:44:05.800Z DEBUG blacksilk_p2p::net::headers] peer 4: 1 headers up to height 227 accepted (new: true)
[2026-09-29T21:44:05.869Z DEBUG blacksilk_p2p::net::blocks] peer 4: block cd395663cad3 at height 227 received
[2026-09-29T21:44:05.977Z DEBUG blacksilk_p2p::net::headers] peer 3: 1 headers up to height 227 accepted (new: false)
[2026-09-29T21:44:06.111Z DEBUG blacksilk_p2p::net::headers] peer 1: 1 headers up to height 227 accepted (new: false)
[2026-09-29T21:44:06.111Z DEBUG blacksilk_p2p::net::headers] peer 2: 1 headers up to height 227 accepted (new: false)
[2026-09-29T21:44:13.511Z DEBUG blacksilk_p2p::net::headers] peer 4: 1 headers up to height 228 accepted (new: true)
[2026-09-29T21:44:13.511Z DEBUG blacksilk_p2p::net::headers] peer 1: 1 headers up to height 228 accepted (new: false)
[2026-09-29T21:44:13.611Z DEBUG blacksilk_p2p::net::blocks] peer 4: block 4e2b8577d67a at height 228 received
[2026-09-29T21:44:13.658Z INFO  blacksilk_node] block 90b13df76d647751 at height 228 accepted (tip 228)
[2026-09-29T21:44:13.658Z DEBUG blacksilk_p2p::net::headers] peer 3: 1 headers up to height 228 accepted (new: false)
[2026-09-29T21:44:19.108Z INFO  blacksilk_node] block e0654125847f0f4f at height 229 accepted (tip 229)
[2026-09-29T21:44:24.621Z INFO  blacksilk_node] block 9109aa66ac41a006 at height 230 accepted (tip 230)
[2026-09-29T21:44:24.927Z DEBUG blacksilk_p2p::net::headers] peer 4: 1 headers up to height 230 accepted (new: true)
[2026-09-29T21:44:24.931Z DEBUG blacksilk_p2p::net::headers] peer 1: 1 headers up to height 230 accepted (new: true)
[2026-09-29T21:44:25.042Z DEBUG blacksilk_p2p::net::headers] peer 2: 1 headers up to height 230 accepted (new: true)
[2026-09-29T21:44:25.123Z DEBUG blacksilk_p2p::net::headers] peer 3: 1 headers up to height 230 accepted (new: true)
[2026-09-29T21:44:33.668Z DEBUG blacksilk_p2p::net::headers] peer 4: 1 headers up to height 231 accepted (new: true)
[2026-09-29T21:44:33.668Z DEBUG blacksilk_p2p::net::headers] peer 1: 1 headers up to height 231 accepted (new: false)
[2026-09-29T21:44:33.739Z DEBUG blacksilk_p2p::net::blocks] peer 2: block 666de0b5b397 at height 230 received
[2026-09-29T21:44:33.777Z DEBUG blacksilk_p2p::net::blocks] peer 4: block 82ea5949d759 at height 231 received
[2026-09-29T21:44:33.779Z INFO  blacksilk_chain::manager::fork_choice] reorganization: disconnecting 1 block(s) above height 229
[2026-09-29T21:44:33.785Z INFO  blacksilk_chain::manager::fork_choice] mempool after the reorganization: Revalidation { checked: 0, invalid: 0, ring_changed: 0 }; returned transactions: Readmission { readmitted: 0, already_pooled: 0, other_rules: 0, conflicts: 0, invalid: 0, ring_changed: 0, no_room: 0, over_budget: 0 }; 0 beyond the readmission budget, not captured
[2026-09-29T21:44:33.813Z DEBUG blacksilk_p2p::net::headers] peer 2: 1 headers up to height 231 accepted (new: false)
[2026-09-29T21:44:33.829Z DEBUG blacksilk_p2p::net::headers] peer 3: 1 headers up to height 231 accepted (new: false)
[2026-09-29T21:44:42.376Z DEBUG blacksilk_p2p::net::headers] peer 4: 1 headers up to height 232 accepted (new: true)
[2026-09-29T21:44:42.468Z DEBUG blacksilk_p2p::net::blocks] peer 4: block 923a9a526f44 at height 232 received
[2026-09-29T21:44:42.651Z DEBUG blacksilk_p2p::net::headers] peer 2: 1 headers up to height 232 accepted (new: false)
[2026-09-29T21:44:42.754Z INFO  blacksilk_node] block bb04e66b319107ba at height 232 accepted (tip 232)
[2026-09-29T21:44:49.516Z INFO  blacksilk_node] block 94f89b1125119e2d at height 233 accepted (tip 233)
[2026-09-29T21:44:55.570Z INFO  blacksilk_node] block 51965f4503fe43ae at height 234 accepted (tip 234)
[2026-09-29T21:44:58.676Z DEBUG blacksilk_p2p::net::headers] peer 4: 1 headers up to height 234 accepted (new: true)
[2026-09-29T21:44:58.705Z INFO  blacksilk_node] block 768d485a01d7ab0b at height 235 accepted (tip 235)
[2026-09-29T21:45:08.000Z DEBUG blacksilk_p2p::net::headers] peer 4: 1 headers up to height 236 accepted (new: true)
[2026-09-29T21:45:08.091Z DEBUG blacksilk_p2p::net::blocks] peer 4: block f8be7fba914e at height 236 received
[2026-09-29T21:45:15.846Z INFO  blacksilk_node] block d1a1c94ff810ea59 at height 237 accepted (tip 237)
[2026-09-29T21:45:22.679Z DEBUG blacksilk_p2p::net::headers] peer 4: 1 headers up to height 238 accepted (new: true)
[2026-09-29T21:45:22.751Z DEBUG blacksilk_p2p::net::blocks] peer 4: block 10d4c93f9355 at height 238 received
[2026-09-29T21:45:22.817Z DEBUG blacksilk_p2p::net::headers] peer 3: 1 headers up to height 238 accepted (new: false)
[2026-09-29T21:45:22.817Z DEBUG blacksilk_p2p::net::headers] peer 1: 1 headers up to height 238 accepted (new: false)
[2026-09-29T21:45:22.847Z DEBUG blacksilk_p2p::net::headers] peer 2: 1 headers up to height 238 accepted (new: false)
[2026-09-29T21:45:23.082Z INFO  blacksilk_node] block 795316819227c8d3 at height 238 accepted (tip 238)
[2026-09-29T21:45:33.820Z DEBUG blacksilk_p2p::net::headers] peer 4: 1 headers up to height 239 accepted (new: true)
[2026-09-29T21:45:33.820Z DEBUG blacksilk_p2p::net::headers] peer 1: 1 headers up to height 239 accepted (new: false)
[2026-09-29T21:45:33.903Z DEBUG blacksilk_p2p::net::blocks] peer 4: block e32fdca47011 at height 239 received
[2026-09-29T21:45:33.903Z DEBUG blacksilk_p2p::net::headers] peer 3: 1 headers up to height 239 accepted (new: false)
[2026-09-29T21:45:34.148Z DEBUG blacksilk_p2p::net::headers] peer 2: 1 headers up to height 239 accepted (new: false)
[2026-09-29T21:45:34.157Z INFO  blacksilk_node] block e18d690480c82b91 at height 239 accepted (tip 239)
[2026-09-29T21:45:40.645Z INFO  blacksilk_node] block 339d84da7d837acf at height 240 accepted (tip 240)
[2026-09-29T21:45:47.740Z INFO  blacksilk_node] block e521057566f615b3 at height 241 accepted (tip 241)
[2026-09-29T21:45:53.664Z DEBUG blacksilk_p2p::net::headers] peer 4: 1 headers up to height 242 accepted (new: true)
[2026-09-29T21:45:53.664Z DEBUG blacksilk_p2p::net::headers] peer 3: 1 headers up to height 242 accepted (new: false)
[2026-09-29T21:45:53.763Z DEBUG blacksilk_p2p::net::blocks] peer 4: block b36faf50dfe8 at height 242 received
[2026-09-29T21:45:53.930Z DEBUG blacksilk_p2p::net::headers] peer 1: 1 headers up to height 242 accepted (new: false)
[2026-09-29T21:45:53.967Z DEBUG blacksilk_p2p::net::headers] peer 2: 1 headers up to height 242 accepted (new: false)
[2026-09-29T21:46:14.889Z INFO  blacksilk_node] block 8ce31a61556c008c at height 243 accepted (tip 243)
[2026-09-29T21:46:28.083Z DEBUG blacksilk_p2p::net::headers] peer 4: 1 headers up to height 244 accepted (new: true)
[2026-09-29T21:46:28.083Z DEBUG blacksilk_p2p::net::headers] peer 1: 1 headers up to height 244 accepted (new: false)
[2026-09-29T21:46:28.164Z DEBUG blacksilk_p2p::net::blocks] peer 4: block 3b94950ffb97 at height 244 received
[2026-09-29T21:46:28.191Z DEBUG blacksilk_p2p::net::headers] peer 3: 1 headers up to height 244 accepted (new: false)
[2026-09-29T21:46:28.419Z DEBUG blacksilk_p2p::net::headers] peer 2: 1 headers up to height 244 accepted (new: false)
[2026-09-29T21:46:29.171Z INFO  blacksilk_node] block 3c5019b20edcc4cc at height 244 accepted (tip 244)
[2026-09-29T21:46:34.676Z DEBUG blacksilk_p2p::net::headers] peer 4: 1 headers up to height 245 accepted (new: true)
[2026-09-29T21:46:34.756Z DEBUG blacksilk_p2p::net::blocks] peer 4: block 01898a5a9993 at height 245 received
[2026-09-29T21:46:35.025Z DEBUG blacksilk_p2p::net::headers] peer 3: 1 headers up to height 245 accepted (new: false)
[2026-09-29T21:46:35.065Z DEBUG blacksilk_p2p::net::headers] peer 1: 1 headers up to height 245 accepted (new: false)
[2026-09-29T21:46:36.148Z INFO  blacksilk_node] block ae21d2fc0025d3da at height 245 accepted (tip 245)
[2026-09-29T21:46:52.637Z DEBUG blacksilk_p2p::net::headers] peer 4: 1 headers up to height 246 accepted (new: true)
[2026-09-29T21:46:52.768Z DEBUG blacksilk_p2p::net::blocks] peer 4: block f71d9ca18aec at height 246 received
[2026-09-29T21:46:52.837Z DEBUG blacksilk_p2p::net::headers] peer 1: 1 headers up to height 246 accepted (new: false)
[2026-09-29T21:46:55.056Z DEBUG blacksilk_p2p::net::headers] peer 4: 1 headers up to height 247 accepted (new: true)
[2026-09-29T21:46:55.127Z DEBUG blacksilk_p2p::net::blocks] peer 4: block 549fb15cf17f at height 247 received
[2026-09-29T21:46:55.150Z DEBUG blacksilk_p2p::net::headers] peer 2: 1 headers up to height 247 accepted (new: false)
[2026-09-29T21:46:55.190Z DEBUG blacksilk_p2p::net::headers] peer 3: 1 headers up to height 247 accepted (new: false)
[2026-09-29T21:46:55.269Z DEBUG blacksilk_p2p::net::headers] peer 1: 1 headers up to height 247 accepted (new: false)
[2026-09-29T21:46:56.625Z INFO  blacksilk_node] block c98b8e24702695be at height 247 accepted (tip 247)
[2026-09-29T21:46:58.868Z INFO  blacksilk_node] block e8517af85561fd2a at height 248 accepted (tip 248)
[2026-09-29T21:47:02.319Z INFO  blacksilk_node] block 3c635b6019553767 at height 249 accepted (tip 249)
[2026-09-29T21:47:11.507Z INFO  blacksilk_node] block d4e0c376bbf6c786 at height 250 accepted (tip 250)
[2026-09-29T21:47:17.493Z DEBUG blacksilk_p2p::net::headers] peer 4: 1 headers up to height 251 accepted (new: true)
[2026-09-29T21:47:17.493Z DEBUG blacksilk_p2p::net::headers] peer 1: 1 headers up to height 251 accepted (new: false)
[2026-09-29T21:47:17.592Z DEBUG blacksilk_p2p::net::blocks] peer 4: block c9e2216b88e1 at height 251 received
[2026-09-29T21:47:19.128Z INFO  blacksilk_node] block 5d469c8c3be252be at height 251 accepted (tip 251)
[2026-09-29T21:47:32.515Z DEBUG blacksilk_p2p::net::headers] peer 4: 1 headers up to height 252 accepted (new: true)
[2026-09-29T21:47:32.515Z DEBUG blacksilk_p2p::net::headers] peer 1: 1 headers up to height 252 accepted (new: false)
[2026-09-29T21:47:32.515Z DEBUG blacksilk_p2p::net::headers] peer 2: 1 headers up to height 252 accepted (new: false)
[2026-09-29T21:47:32.586Z DEBUG blacksilk_p2p::net::blocks] peer 4: block 6326bb4534d5 at height 252 received
[2026-09-29T21:47:32.816Z DEBUG blacksilk_p2p::net::headers] peer 3: 1 headers up to height 252 accepted (new: false)
[2026-09-29T21:47:34.505Z DEBUG blacksilk_p2p::net::headers] peer 4: 1 headers up to height 253 accepted (new: true)
[2026-09-29T21:47:34.623Z DEBUG blacksilk_p2p::net::blocks] peer 4: block d6d414231c36 at height 253 received
[2026-09-29T21:47:38.977Z DEBUG blacksilk_p2p::net::headers] peer 4: 1 headers up to height 254 accepted (new: true)
[2026-09-29T21:47:39.087Z DEBUG blacksilk_p2p::net::blocks] peer 4: block e59437e9c134 at height 254 received
[2026-09-29T21:47:39.163Z DEBUG blacksilk_p2p::net::headers] peer 1: 1 headers up to height 254 accepted (new: false)
[2026-09-29T21:47:39.194Z DEBUG blacksilk_p2p::net::headers] peer 2: 1 headers up to height 254 accepted (new: false)
[2026-09-29T21:47:39.228Z DEBUG blacksilk_p2p::net::headers] peer 3: 1 headers up to height 254 accepted (new: false)
[2026-09-29T21:47:53.074Z DEBUG blacksilk_p2p::net::headers] peer 4: 1 headers up to height 255 accepted (new: true)
[2026-09-29T21:47:53.074Z DEBUG blacksilk_p2p::net::headers] peer 1: 1 headers up to height 255 accepted (new: false)
[2026-09-29T21:47:53.159Z DEBUG blacksilk_p2p::net::blocks] peer 4: block 7061827391ce at height 255 received
[2026-09-29T21:47:53.269Z DEBUG blacksilk_p2p::net::headers] peer 2: 1 headers up to height 255 accepted (new: false)
[2026-09-29T21:47:58.641Z DEBUG blacksilk_p2p::net::headers] peer 4: 1 headers up to height 256 accepted (new: true)
[2026-09-29T21:47:58.773Z DEBUG blacksilk_p2p::net::blocks] peer 4: block 43f3d1c37636 at height 256 received
[2026-09-29T21:48:04.151Z DEBUG blacksilk_p2p::net::headers] peer 4: 1 headers up to height 257 accepted (new: true)
[2026-09-29T21:48:04.298Z DEBUG blacksilk_p2p::net::blocks] peer 4: block 3578a00e6907 at height 257 received
[2026-09-29T21:48:04.370Z DEBUG blacksilk_p2p::net::headers] peer 3: 1 headers up to height 257 accepted (new: false)
[2026-09-29T21:48:04.434Z DEBUG blacksilk_p2p::net::headers] peer 1: 1 headers up to height 257 accepted (new: false)
[2026-09-29T21:48:04.434Z DEBUG blacksilk_p2p::net::headers] peer 2: 1 headers up to height 257 accepted (new: false)
[2026-09-29T21:48:28.697Z DEBUG blacksilk_p2p::net::headers] peer 4: 1 headers up to height 258 accepted (new: true)
[2026-09-29T21:48:28.697Z DEBUG blacksilk_p2p::net::headers] peer 1: 1 headers up to height 258 accepted (new: false)
[2026-09-29T21:48:28.773Z DEBUG blacksilk_p2p::net::headers] peer 3: 1 headers up to height 258 accepted (new: false)
[2026-09-29T21:48:28.773Z DEBUG blacksilk_p2p::net::blocks] peer 4: block 9c28dbb22ba6 at height 258 received
[2026-09-29T21:48:28.878Z DEBUG blacksilk_p2p::net::headers] peer 2: 1 headers up to height 258 accepted (new: false)
[2026-09-29T21:48:30.448Z INFO  blacksilk_p2p::net::conn] disconnected peer 127.0.0.1:54002
[2026-09-29T21:48:30.448Z INFO  blacksilk_p2p::net::conn] disconnected peer 127.0.0.1:10631
[2026-09-29T21:48:30.448Z INFO  blacksilk_p2p::net::conn] disconnected peer 127.0.0.1:10622
[2026-09-29T21:48:31.357Z DEBUG blacksilk_p2p::net::conn] 127.0.0.1:54002: transport handshake failed: Io(Os { code: 10054, kind: ConnectionReset, message: "An existing connection was forcibly closed by the remote host." })
[2026-09-29T21:48:32.737Z INFO  blacksilk_node] block 4978e9703ba53d33 at height 259 accepted (tip 259)
[2026-09-29T21:48:41.783Z DEBUG blacksilk_p2p::net::conn] 127.0.0.1:54002: transport handshake failed: Io(Os { code: 10053, kind: ConnectionAborted, message: "An established connection was aborted by the software in your host machine." })
[2026-09-29T21:48:52.238Z DEBUG blacksilk_p2p::net::conn] 127.0.0.1:54002: transport handshake failed: Io(Os { code: 10054, kind: ConnectionReset, message: "An existing connection was forcibly closed by the remote host." })
[2026-09-29T21:48:57.468Z INFO  blacksilk_node] block c68b8cf141c912cb at height 260 accepted (tip 260)
[2026-09-29T21:49:00.330Z INFO  blacksilk_node] block 6364ea838537ea7a at height 261 accepted (tip 261)
[2026-09-29T21:49:02.691Z DEBUG blacksilk_p2p::net::conn] 127.0.0.1:54002: transport handshake failed: Io(Os { code: 10054, kind: ConnectionReset, message: "An existing connection was forcibly closed by the remote host." })
[2026-09-29T21:49:06.749Z INFO  blacksilk_node] block 8dcd023c415b929e at height 262 accepted (tip 262)
[2026-09-29T21:49:13.154Z DEBUG blacksilk_p2p::net::conn] 127.0.0.1:54002: transport handshake failed: Io(Os { code: 10054, kind: ConnectionReset, message: "An existing connection was forcibly closed by the remote host." })
[2026-09-29T21:49:14.228Z INFO  blacksilk_node] block 9353bd4f9d7b5dbc at height 263 accepted (tip 263)
[2026-09-29T21:49:21.623Z INFO  blacksilk_node] block 20aec0025cc60021 at height 264 accepted (tip 264)
[2026-09-29T21:49:23.574Z DEBUG blacksilk_p2p::net::conn] 127.0.0.1:54002: transport handshake failed: Io(Os { code: 10053, kind: ConnectionAborted, message: "An established connection was aborted by the software in your host machine." })
[2026-09-29T21:49:29.507Z INFO  blacksilk_node] block c8e5791273c03bff at height 265 accepted (tip 265)
[2026-09-29T21:49:33.998Z DEBUG blacksilk_p2p::net::conn] 127.0.0.1:54002: transport handshake failed: Io(Os { code: 10054, kind: ConnectionReset, message: "An existing connection was forcibly closed by the remote host." })
[2026-09-29T21:49:44.855Z DEBUG blacksilk_p2p::net::conn] 127.0.0.1:54002: transport handshake failed: Io(Os { code: 10053, kind: ConnectionAborted, message: "An established connection was aborted by the software in your host machine." })
[2026-09-29T21:49:55.666Z DEBUG blacksilk_p2p::net::conn] 127.0.0.1:54002: transport handshake failed: Io(Os { code: 10053, kind: ConnectionAborted, message: "An established connection was aborted by the software in your host machine." })
[2026-09-29T21:50:06.541Z DEBUG blacksilk_p2p::net::conn] 127.0.0.1:54002: transport handshake failed: Io(Os { code: 10054, kind: ConnectionReset, message: "An existing connection was forcibly closed by the remote host." })
[2026-09-29T21:50:17.503Z DEBUG blacksilk_p2p::net::conn] 127.0.0.1:54002: transport handshake failed: Io(Os { code: 10054, kind: ConnectionReset, message: "An existing connection was forcibly closed by the remote host." })
[2026-09-29T21:50:19.188Z INFO  blacksilk_node] block dd1e711ecdd022d8 at height 266 accepted (tip 266)
[2026-09-29T21:50:28.460Z DEBUG blacksilk_p2p::net::conn] 127.0.0.1:54002: transport handshake failed: Io(Os { code: 10053, kind: ConnectionAborted, message: "An established connection was aborted by the software in your host machine." })
[2026-09-29T21:50:28.881Z INFO  blacksilk_node] block 8fbb4ef2f0cafd6e at height 267 accepted (tip 267)
[2026-09-29T21:50:37.922Z INFO  blacksilk_node] block 1b78cb66ccd7f725 at height 268 accepted (tip 268)
[2026-09-29T21:50:39.231Z DEBUG blacksilk_p2p::net::conn] 127.0.0.1:54002: transport handshake failed: Io(Custom { kind: UnexpectedEof, error: "early eof" })
[2026-09-29T21:50:49.733Z DEBUG blacksilk_p2p::net::conn] 127.0.0.1:54002: transport handshake failed: Io(Os { code: 10053, kind: ConnectionAborted, message: "An established connection was aborted by the software in your host machine." })
[2026-09-29T21:50:52.400Z INFO  blacksilk_node] block 7c032dea190dbec9 at height 269 accepted (tip 269)
[2026-09-29T21:51:00.476Z DEBUG blacksilk_p2p::net::conn] 127.0.0.1:54002: transport handshake failed: Io(Os { code: 10053, kind: ConnectionAborted, message: "An established connection was aborted by the software in your host machine." })
[2026-09-29T21:51:03.718Z INFO  blacksilk_node] block e321af8f4a93e50a at height 270 accepted (tip 270)
[2026-09-29T21:51:07.216Z INFO  blacksilk_node] block f9c2dea34de37ce6 at height 271 accepted (tip 271)
[2026-09-29T21:51:10.342Z INFO  blacksilk_node] block 76220d1be13894de at height 272 accepted (tip 272)
[2026-09-29T21:51:11.131Z DEBUG blacksilk_p2p::net::conn] 127.0.0.1:54002: transport handshake failed: Io(Os { code: 10054, kind: ConnectionReset, message: "An existing connection was forcibly closed by the remote host." })
[2026-09-29T21:51:21.677Z DEBUG blacksilk_p2p::net::conn] 127.0.0.1:54002: transport handshake failed: Io(Os { code: 10054, kind: ConnectionReset, message: "An existing connection was forcibly closed by the remote host." })
[2026-09-29T21:51:28.194Z INFO  blacksilk_node] block 4ebb77f7e21b94c7 at height 273 accepted (tip 273)
[2026-09-29T21:51:32.325Z INFO  blacksilk_p2p::net::conn] connected outbound peer 127.0.0.1:54002 (height 274)
[2026-09-29T21:51:32.350Z DEBUG blacksilk_p2p::net::addr_relay] peer 5: addr with 1 entries
[2026-09-29T21:51:32.405Z DEBUG blacksilk_p2p::net::addr_relay] peer 5: addr with 4 entries
[2026-09-29T21:51:32.942Z INFO  blacksilk_p2p::net::conn] connected inbound peer 127.0.0.1:11352 (height 274)
[2026-09-29T21:51:33.024Z DEBUG blacksilk_p2p::net::addr_relay] peer 6: getaddr answered with 4 addresses
[2026-09-29T21:51:33.024Z DEBUG blacksilk_p2p::net::addr_relay] peer 6: addr with 1 entries
[2026-09-29T21:51:33.511Z INFO  blacksilk_p2p::net::conn] connected inbound peer 127.0.0.1:11359 (height 274)
[2026-09-29T21:51:33.577Z DEBUG blacksilk_p2p::net::addr_relay] peer 7: getaddr answered with 4 addresses
[2026-09-29T21:51:33.577Z DEBUG blacksilk_p2p::net::addr_relay] peer 7: addr with 1 entries
[2026-09-29T21:51:33.730Z DEBUG blacksilk_p2p::net::addr_relay] peer 5: addr with 1 entries
[2026-09-29T21:51:35.244Z DEBUG blacksilk_p2p::net::headers] peer 5: 16 headers up to height 274 accepted (new: true)
[2026-09-29T21:51:35.244Z DEBUG blacksilk_p2p::net::headers] peer 6: 16 headers up to height 274 accepted (new: false)
[2026-09-29T21:51:35.244Z DEBUG blacksilk_p2p::net::headers] peer 7: 16 headers up to height 274 accepted (new: false)
[2026-09-29T21:51:35.397Z DEBUG blacksilk_p2p::net::blocks] peer 5: block 69c9e3590854 at height 262 received
[2026-09-29T21:51:35.397Z DEBUG blacksilk_p2p::net::blocks] peer 7: block 67369f39405b at height 261 received
[2026-09-29T21:51:35.397Z DEBUG blacksilk_p2p::net::blocks] peer 5: block ee4b80002c2f at height 264 received
[2026-09-29T21:51:35.397Z DEBUG blacksilk_p2p::net::blocks] peer 6: block 898ffe4e68d4 at height 259 received
[2026-09-29T21:51:35.397Z DEBUG blacksilk_p2p::net::blocks] peer 7: block 3113b430e5c9 at height 265 received
[2026-09-29T21:51:35.397Z DEBUG blacksilk_p2p::net::blocks] peer 5: block 3b8400bb7650 at height 267 received
[2026-09-29T21:51:35.397Z DEBUG blacksilk_p2p::net::blocks] peer 6: block 031e3110822f at height 260 received
[2026-09-29T21:51:35.397Z DEBUG blacksilk_p2p::net::blocks] peer 7: block a94cdc815239 at height 266 received
[2026-09-29T21:51:35.397Z DEBUG blacksilk_p2p::net::blocks] peer 6: block 793ab2de8857 at height 263 received
[2026-09-29T21:51:35.492Z DEBUG blacksilk_p2p::net::blocks] peer 6: block b726c9255685 at height 271 received
[2026-09-29T21:51:35.492Z DEBUG blacksilk_p2p::net::blocks] peer 7: block 6fe0cd9692bb at height 269 received
[2026-09-29T21:51:35.492Z DEBUG blacksilk_p2p::net::blocks] peer 6: block 9ed7d3fe7b6c at height 274 received
[2026-09-29T21:51:35.492Z DEBUG blacksilk_p2p::net::blocks] peer 7: block 45312b9264fc at height 272 received
[2026-09-29T21:51:35.499Z DEBUG blacksilk_p2p::net::blocks] peer 5: block cba69bf9c985 at height 268 received
[2026-09-29T21:51:35.499Z DEBUG blacksilk_p2p::net::blocks] peer 5: block e7bdb34dcd11 at height 270 received
[2026-09-29T21:51:35.499Z DEBUG blacksilk_p2p::net::blocks] peer 5: block 882dc82ce560 at height 273 received
[2026-09-29T21:51:35.509Z WARN  blacksilk_chain::manager::fork_choice] reorganization: disconnecting 15 block(s) above height 258. A reorganization this deep suggests a network partition or a hash-power attack; no depth limit applies
[2026-09-29T21:51:35.512Z INFO  blacksilk_chain::manager::fork_choice] mempool after the reorganization: Revalidation { checked: 0, invalid: 0, ring_changed: 0 }; returned transactions: Readmission { readmitted: 0, already_pooled: 0, other_rules: 0, conflicts: 0, invalid: 0, ring_changed: 0, no_room: 0, over_budget: 0 }; 0 beyond the readmission budget, not captured
[2026-09-29T21:51:36.527Z INFO  blacksilk_node] block 434989cf7a8d6e95 at height 274 accepted (tip 274)
[2026-09-29T21:51:41.009Z INFO  blacksilk_node] block 860d8ecc00852e47 at height 275 accepted (tip 275)
[2026-09-29T21:51:42.583Z INFO  blacksilk_node] block 4f4181b59530f563 at height 276 accepted (tip 276)
[2026-09-29T21:51:45.530Z INFO  blacksilk_node] block cb1b9dceff472715 at height 277 accepted (tip 277)
[2026-09-29T21:51:48.813Z INFO  blacksilk_node] block acb77e636260cf02 at height 278 accepted (tip 278)
[2026-09-29T21:51:53.116Z DEBUG blacksilk_p2p::net::headers] peer 5: 1 headers up to height 279 accepted (new: true)
[2026-09-29T21:51:53.194Z DEBUG blacksilk_p2p::net::blocks] peer 5: block cfa676f76052 at height 279 received
[2026-09-29T21:51:53.258Z DEBUG blacksilk_p2p::net::headers] peer 3: 1 headers up to height 279 accepted (new: false)
[2026-09-29T21:51:54.716Z INFO  blacksilk_node] block 366f1d1542fb40af at height 280 accepted (tip 280)
[2026-09-29T21:51:55.196Z DEBUG blacksilk_p2p::net::headers] peer 5: 1 headers up to height 280 accepted (new: true)
[2026-09-29T21:51:55.353Z DEBUG blacksilk_p2p::net::headers] peer 3: 1 headers up to height 280 accepted (new: true)
[2026-09-29T21:51:55.364Z DEBUG blacksilk_p2p::net::headers] peer 7: 1 headers up to height 280 accepted (new: true)
[2026-09-29T21:51:55.545Z DEBUG blacksilk_p2p::net::headers] peer 6: 1 headers up to height 280 accepted (new: true)
[2026-09-29T21:52:01.334Z INFO  blacksilk_node] block 7d44fe0f20951877 at height 281 accepted (tip 281)
[2026-09-29T21:52:05.367Z DEBUG blacksilk_p2p::net::headers] peer 5: 1 headers up to height 282 accepted (new: true)
[2026-09-29T21:52:05.424Z DEBUG blacksilk_p2p::net::blocks] peer 5: block 1a049c2ed4c9 at height 282 received
[2026-09-29T21:52:05.459Z DEBUG blacksilk_p2p::net::headers] peer 3: 1 headers up to height 282 accepted (new: false)
[2026-09-29T21:52:05.496Z DEBUG blacksilk_p2p::net::headers] peer 7: 1 headers up to height 282 accepted (new: false)
[2026-09-29T21:52:12.155Z DEBUG blacksilk_p2p::net::headers] peer 5: 1 headers up to height 283 accepted (new: true)
[2026-09-29T21:52:12.236Z DEBUG blacksilk_p2p::net::blocks] peer 5: block a0adcf99bc8f at height 283 received
[2026-09-29T21:52:12.377Z DEBUG blacksilk_p2p::net::headers] peer 7: 1 headers up to height 283 accepted (new: false)
[2026-09-29T21:52:12.378Z DEBUG blacksilk_p2p::net::headers] peer 3: 1 headers up to height 283 accepted (new: false)
[2026-09-29T21:52:12.405Z DEBUG blacksilk_p2p::net::headers] peer 6: 1 headers up to height 283 accepted (new: false)
[2026-09-29T21:52:18.687Z DEBUG blacksilk_p2p::net::stem] stem tx a9e607afe0a8 -> peer 3
[2026-09-29T21:52:23.138Z INFO  blacksilk_node] block b3af85045cdfbf1d at height 284 accepted (tip 284)
[2026-09-29T21:52:28.909Z INFO  blacksilk_node] block 77cf875e3239b539 at height 285 accepted (tip 285)
[2026-09-29T21:52:32.869Z DEBUG blacksilk_p2p::net::headers] peer 5: 1 headers up to height 286 accepted (new: true)
[2026-09-29T21:52:32.919Z DEBUG blacksilk_p2p::net::blocks] peer 5: block eb1739045b41 at height 286 received
[2026-09-29T21:52:36.762Z INFO  blacksilk_node] block 7fd1f13d0cde90ed at height 287 accepted (tip 287)
[2026-09-29T21:52:38.177Z INFO  blacksilk_node] block 2976fa95968c82fa at height 288 accepted (tip 288)
[2026-09-29T21:52:45.240Z DEBUG blacksilk_p2p::net::headers] peer 5: 1 headers up to height 289 accepted (new: true)
[2026-09-29T21:52:45.298Z DEBUG blacksilk_p2p::net::blocks] peer 5: block 5e78715ee463 at height 289 received
[2026-09-29T21:52:45.424Z DEBUG blacksilk_p2p::net::headers] peer 6: 1 headers up to height 289 accepted (new: false)
[2026-09-29T21:52:52.565Z DEBUG blacksilk_p2p::net::headers] peer 5: 1 headers up to height 290 accepted (new: true)
[2026-09-29T21:52:52.652Z DEBUG blacksilk_p2p::net::blocks] peer 5: block 8e2c2095e5d3 at height 290 received
[2026-09-29T21:52:52.711Z DEBUG blacksilk_p2p::net::headers] peer 6: 1 headers up to height 290 accepted (new: false)
[2026-09-29T21:52:52.770Z DEBUG blacksilk_p2p::net::headers] peer 3: 1 headers up to height 290 accepted (new: false)
[2026-09-29T21:52:55.009Z INFO  blacksilk_node] block e1d440102425ebb0 at height 291 accepted (tip 291)
[2026-09-29T21:52:57.498Z INFO  blacksilk_node] block 672c611fd3af2b10 at height 292 accepted (tip 292)
[2026-09-29T21:53:01.195Z DEBUG blacksilk_p2p::net::headers] peer 5: 1 headers up to height 293 accepted (new: true)
[2026-09-29T21:53:01.259Z DEBUG blacksilk_p2p::net::blocks] peer 5: block be5ec6fcb777 at height 293 received
[2026-09-29T21:53:01.344Z DEBUG blacksilk_p2p::net::headers] peer 6: 1 headers up to height 293 accepted (new: false)
[2026-09-29T21:53:01.344Z DEBUG blacksilk_p2p::net::headers] peer 3: 1 headers up to height 293 accepted (new: false)
[2026-09-29T21:53:09.816Z DEBUG blacksilk_p2p::net::headers] peer 5: 1 headers up to height 294 accepted (new: true)
[2026-09-29T21:53:09.892Z DEBUG blacksilk_p2p::net::blocks] peer 5: block 8d70560d2b89 at height 294 received
[2026-09-29T21:53:09.969Z DEBUG blacksilk_p2p::net::headers] peer 3: 1 headers up to height 294 accepted (new: false)
[2026-09-29T21:53:09.969Z DEBUG blacksilk_p2p::net::headers] peer 6: 1 headers up to height 294 accepted (new: false)
[2026-09-29T21:53:11.660Z DEBUG blacksilk_p2p::net::headers] peer 5: 1 headers up to height 295 accepted (new: true)
[2026-09-29T21:53:11.749Z DEBUG blacksilk_p2p::net::blocks] peer 5: block 45b83be0219a at height 295 received
[2026-09-29T21:53:11.810Z DEBUG blacksilk_p2p::net::headers] peer 6: 1 headers up to height 295 accepted (new: false)
[2026-09-29T21:53:11.828Z DEBUG blacksilk_p2p::net::headers] peer 3: 1 headers up to height 295 accepted (new: false)
[2026-09-29T21:53:13.440Z INFO  blacksilk_node] block c68c4faf4e9fa6d7 at height 296 accepted (tip 296)
[2026-09-29T21:53:15.203Z INFO  blacksilk_node] block bbd3d04d8b266837 at height 297 accepted (tip 297)
[2026-09-29T21:53:20.603Z INFO  blacksilk_node] block abfa4644531b1b4f at height 298 accepted (tip 298)
[2026-09-29T21:53:22.771Z INFO  blacksilk_node] block 427530adf25fb281 at height 299 accepted (tip 299)
[2026-09-29T21:53:23.766Z DEBUG blacksilk_p2p::net::headers] peer 5: 1 headers up to height 299 accepted (new: true)
[2026-09-29T21:53:27.523Z INFO  blacksilk_node] block ffcc90655f2e8ad5 at height 300 accepted (tip 300)
[2026-09-29T21:53:30.847Z INFO  blacksilk_node] block 808abc2277d24de1 at height 301 accepted (tip 301)
[2026-09-29T21:53:32.014Z INFO  blacksilk_node] block a38e3d304fbf8bb9 at height 302 accepted (tip 302)
[2026-09-29T21:53:45.250Z DEBUG blacksilk_p2p::net::headers] peer 5: 1 headers up to height 303 accepted (new: true)
[2026-09-29T21:53:45.350Z DEBUG blacksilk_p2p::net::blocks] peer 5: block 4545fb84997c at height 303 received
[2026-09-29T21:53:45.631Z DEBUG blacksilk_p2p::net::headers] peer 7: 1 headers up to height 303 accepted (new: false)
[2026-09-29T21:53:45.631Z DEBUG blacksilk_p2p::net::headers] peer 6: 1 headers up to height 303 accepted (new: false)
[2026-09-29T21:53:45.631Z DEBUG blacksilk_p2p::net::headers] peer 3: 1 headers up to height 303 accepted (new: false)
[2026-09-29T21:53:48.679Z DEBUG blacksilk_p2p::net::headers] peer 5: 1 headers up to height 304 accepted (new: true)
[2026-09-29T21:53:48.755Z DEBUG blacksilk_p2p::net::blocks] peer 5: block 88baccf73b12 at height 304 received
[2026-09-29T21:53:49.016Z DEBUG blacksilk_p2p::net::headers] peer 3: 1 headers up to height 304 accepted (new: false)
[2026-09-29T21:53:49.016Z DEBUG blacksilk_p2p::net::headers] peer 7: 1 headers up to height 304 accepted (new: false)
[2026-09-29T21:53:49.017Z DEBUG blacksilk_p2p::net::headers] peer 6: 1 headers up to height 304 accepted (new: false)
[2026-09-29T21:53:51.126Z INFO  blacksilk_node] block 919f9f5862a8ae43 at height 305 accepted (tip 305)
[2026-09-29T21:53:57.118Z INFO  blacksilk_node] block c57e40f55e5b71c6 at height 306 accepted (tip 306)
[2026-09-29T21:54:05.532Z INFO  blacksilk_node] block 1f1663f7da9a19c0 at height 307 accepted (tip 307)
[2026-09-29T21:54:24.733Z INFO  blacksilk_node] block d6955eedcc44210c at height 308 accepted (tip 308)
[2026-09-29T21:54:30.252Z DEBUG blacksilk_p2p::net::headers] peer 5: 1 headers up to height 309 accepted (new: true)
[2026-09-29T21:54:30.323Z DEBUG blacksilk_p2p::net::blocks] peer 5: block ab644e2c0e0d at height 309 received
[2026-09-29T21:54:30.437Z DEBUG blacksilk_p2p::net::headers] peer 6: 1 headers up to height 309 accepted (new: false)
[2026-09-29T21:54:30.437Z DEBUG blacksilk_p2p::net::headers] peer 3: 1 headers up to height 309 accepted (new: false)
[2026-09-29T21:54:30.437Z DEBUG blacksilk_p2p::net::headers] peer 7: 1 headers up to height 309 accepted (new: false)
[2026-09-29T21:54:38.294Z DEBUG blacksilk_p2p::net::headers] peer 5: 1 headers up to height 310 accepted (new: true)
[2026-09-29T21:54:38.366Z DEBUG blacksilk_p2p::net::blocks] peer 5: block 51c142b0507b at height 310 received
[2026-09-29T21:54:38.498Z DEBUG blacksilk_p2p::net::headers] peer 3: 1 headers up to height 310 accepted (new: false)
[2026-09-29T21:54:39.609Z DEBUG blacksilk_p2p::net::headers] peer 5: 1 headers up to height 311 accepted (new: true)
[2026-09-29T21:54:39.685Z DEBUG blacksilk_p2p::net::blocks] peer 5: block 132b5114c21e at height 311 received
[2026-09-29T21:54:45.814Z DEBUG blacksilk_p2p::net::headers] peer 5: 1 headers up to height 312 accepted (new: true)
[2026-09-29T21:54:45.891Z DEBUG blacksilk_p2p::net::blocks] peer 5: block 95658ee81c0d at height 312 received
[2026-09-29T21:54:45.994Z DEBUG blacksilk_p2p::net::headers] peer 7: 1 headers up to height 312 accepted (new: false)
[2026-09-29T21:54:45.994Z DEBUG blacksilk_p2p::net::headers] peer 6: 1 headers up to height 312 accepted (new: false)
[2026-09-29T21:54:46.009Z DEBUG blacksilk_p2p::net::headers] peer 3: 1 headers up to height 312 accepted (new: false)
[2026-09-29T21:54:49.771Z INFO  blacksilk_node] block 1a3c9a9f20f875c0 at height 313 accepted (tip 313)
[2026-09-29T21:54:53.658Z INFO  blacksilk_node] block 2a6ff1536a24789d at height 314 accepted (tip 314)
[2026-09-29T21:55:06.644Z DEBUG blacksilk_p2p::net::headers] peer 5: 1 headers up to height 315 accepted (new: true)
[2026-09-29T21:55:06.699Z DEBUG blacksilk_p2p::net::blocks] peer 5: block 8a48b435ed56 at height 315 received
[2026-09-29T21:55:06.836Z DEBUG blacksilk_p2p::net::headers] peer 6: 1 headers up to height 315 accepted (new: false)
[2026-09-29T21:55:08.411Z INFO  blacksilk_node] block 4fc9524922b25e8f at height 316 accepted (tip 316)
[2026-09-29T21:55:11.118Z INFO  blacksilk_node] block ffe4ac8077238f9d at height 317 accepted (tip 317)
[2026-09-29T21:55:17.688Z INFO  blacksilk_node] block ecea09f24f2b3a22 at height 318 accepted (tip 318)
[2026-09-29T21:55:34.170Z INFO  blacksilk_node] block aa42d66c59455439 at height 319 accepted (tip 319)
[2026-09-29T21:55:34.297Z DEBUG blacksilk_p2p::net::headers] peer 5: 1 headers up to height 319 accepted (new: true)
[2026-09-29T21:55:34.409Z DEBUG blacksilk_p2p::net::headers] peer 7: 1 headers up to height 319 accepted (new: true)
[2026-09-29T21:55:34.470Z DEBUG blacksilk_p2p::net::headers] peer 3: 1 headers up to height 319 accepted (new: true)
[2026-09-29T21:55:34.471Z DEBUG blacksilk_p2p::net::headers] peer 6: 1 headers up to height 319 accepted (new: true)
[2026-09-29T21:55:37.747Z INFO  blacksilk_node] block 5cd69ebbe80c5e05 at height 320 accepted (tip 320)
[2026-09-29T21:55:45.506Z INFO  blacksilk_node] block ae13008699ff1bc4 at height 321 accepted (tip 321)
[2026-09-29T21:55:50.407Z INFO  blacksilk_node] block 06d157c2e2f48549 at height 322 accepted (tip 322)
[2026-09-29T21:55:50.992Z DEBUG blacksilk_p2p::net::headers] peer 5: 1 headers up to height 322 accepted (new: true)
[2026-09-29T21:55:51.178Z DEBUG blacksilk_p2p::net::headers] peer 6: 1 headers up to height 322 accepted (new: true)
[2026-09-29T21:55:51.198Z DEBUG blacksilk_p2p::net::headers] peer 3: 1 headers up to height 322 accepted (new: true)
[2026-09-29T21:55:51.363Z DEBUG blacksilk_p2p::net::headers] peer 7: 1 headers up to height 322 accepted (new: true)
[2026-09-29T21:55:57.178Z INFO  blacksilk_node] block 73088c1c7f2a6e4e at height 323 accepted (tip 323)
[2026-09-29T21:55:58.872Z INFO  blacksilk_node] block d447139d6e19cd1b at height 324 accepted (tip 324)
[2026-09-29T21:55:59.756Z DEBUG blacksilk_p2p::net::stem] stem tx 8181d6c5d984 -> peer 5
[2026-09-29T21:56:07.004Z DEBUG blacksilk_p2p::net::headers] peer 5: 1 headers up to height 325 accepted (new: true)
[2026-09-29T21:56:07.078Z DEBUG blacksilk_p2p::net::blocks] peer 5: block c53658cd49c7 at height 325 received
[2026-09-29T21:56:07.243Z DEBUG blacksilk_p2p::net::headers] peer 7: 1 headers up to height 325 accepted (new: false)
[2026-09-29T21:56:07.365Z DEBUG blacksilk_p2p::net::headers] peer 6: 1 headers up to height 325 accepted (new: false)
[2026-09-29T21:56:07.405Z DEBUG blacksilk_p2p::net::headers] peer 3: 1 headers up to height 325 accepted (new: false)
[2026-09-29T21:56:19.202Z DEBUG blacksilk_p2p::net::headers] peer 5: 1 headers up to height 326 accepted (new: true)
[2026-09-29T21:56:19.278Z DEBUG blacksilk_p2p::net::blocks] peer 5: block 7a24828e8af1 at height 326 received
[2026-09-29T21:56:19.299Z DEBUG blacksilk_p2p::net::headers] peer 6: 1 headers up to height 326 accepted (new: false)
[2026-09-29T21:56:19.441Z DEBUG blacksilk_p2p::net::headers] peer 3: 1 headers up to height 326 accepted (new: false)
[2026-09-29T21:56:19.542Z DEBUG blacksilk_p2p::net::headers] peer 7: 1 headers up to height 326 accepted (new: false)
[2026-09-29T21:56:39.234Z INFO  blacksilk_node] block 3d9388a784824dc7 at height 327 accepted (tip 327)
[2026-09-29T21:56:41.156Z INFO  blacksilk_node] block a00318814bae3471 at height 328 accepted (tip 328)
[2026-09-29T21:56:44.452Z INFO  blacksilk_node] block d3449cbb1f73ca73 at height 329 accepted (tip 329)
[2026-09-29T21:56:49.208Z DEBUG blacksilk_p2p::net::headers] peer 5: 1 headers up to height 330 accepted (new: true)
[2026-09-29T21:56:49.288Z DEBUG blacksilk_p2p::net::blocks] peer 5: block 908169ee8529 at height 330 received
[2026-09-29T21:56:49.394Z DEBUG blacksilk_p2p::net::headers] peer 7: 1 headers up to height 330 accepted (new: false)
[2026-09-29T21:56:49.471Z DEBUG blacksilk_p2p::net::headers] peer 3: 1 headers up to height 330 accepted (new: false)
[2026-09-29T21:56:49.555Z DEBUG blacksilk_p2p::net::headers] peer 6: 1 headers up to height 330 accepted (new: false)
[2026-09-29T21:56:50.163Z INFO  blacksilk_node] block ade896cb7296b26a at height 330 accepted (tip 330)
[2026-09-29T21:56:52.568Z INFO  blacksilk_node] block 40e7aedbff6c254b at height 331 accepted (tip 331)
[2026-09-29T21:56:56.200Z DEBUG blacksilk_p2p::net::headers] peer 5: 1 headers up to height 332 accepted (new: true)
[2026-09-29T21:56:56.255Z DEBUG blacksilk_p2p::net::blocks] peer 5: block 34d63eea50cb at height 332 received
[2026-09-29T21:57:15.518Z DEBUG blacksilk_p2p::net::headers] peer 5: 1 headers up to height 333 accepted (new: true)
[2026-09-29T21:57:15.580Z DEBUG blacksilk_p2p::net::blocks] peer 5: block e4aca4678262 at height 333 received
[2026-09-29T21:57:15.918Z INFO  blacksilk_node] block 71435578aaf34f42 at height 333 accepted (tip 333)
[2026-09-29T21:57:17.703Z DEBUG blacksilk_p2p::net::headers] peer 5: 1 headers up to height 334 accepted (new: true)
[2026-09-29T21:57:17.766Z DEBUG blacksilk_p2p::net::blocks] peer 5: block f0ca2bb42d0e at height 334 received
[2026-09-29T21:57:17.848Z DEBUG blacksilk_p2p::net::headers] peer 6: 1 headers up to height 334 accepted (new: false)
[2026-09-29T21:57:17.952Z DEBUG blacksilk_p2p::net::headers] peer 3: 1 headers up to height 334 accepted (new: false)
[2026-09-29T21:57:17.976Z DEBUG blacksilk_p2p::net::headers] peer 7: 1 headers up to height 334 accepted (new: false)
[2026-09-29T21:57:48.734Z INFO  blacksilk_p2p::net::conn] connected inbound peer 127.0.0.1:11554 (height 0)
[2026-09-29T21:57:48.734Z DEBUG blacksilk_p2p::net::addr_relay] peer 8: getaddr answered with 5 addresses
[2026-09-29T21:57:48.735Z DEBUG blacksilk_p2p::net::addr_relay] peer 8: addr with 1 entries
[2026-09-29T21:57:48.830Z DEBUG blacksilk_p2p::net::addr_relay] peer 7: addr with 1 entries
[2026-09-29T21:57:48.865Z DEBUG blacksilk_p2p::net::addr_relay] peer 3: addr with 1 entries
