[2026-09-29T21:57:48.464Z INFO  blacksilk_node] blacksilk-node 0.1.0 commit 64d89d4a17e8abaa060c1146ea30a492c373f1c9
[2026-09-29T21:57:48.464Z INFO  blacksilk_node] regtest: genesis 087d6fd4efbc45eb0a895dd0680a7fd305208cae239b1b4275d7148b29a569b7, consensus fingerprint 5fb8ef8f74efa7631e2d9aa5f809fc0d9ab9273fdc54d45e5aad73f889c5e72b
[2026-09-29T21:57:48.464Z INFO  blacksilk_node] regtest: loading C:/bszkeval/w4-lab-scratch/run2\node-late
[2026-09-29T21:57:48.470Z INFO  blacksilk_node] chain loaded in 6.0ms: height 0, tip 087d6fd4efbc45eb
[2026-09-29T21:57:48.473Z INFO  blacksilk_node] P2P listening on 127.0.0.1:52101
[2026-09-29T21:57:48.474Z INFO  blacksilk_node] RPC listening on http://127.0.0.1:52100
[2026-09-29T21:57:48.478Z WARN  blacksilk_node::cookie] the data directory C:/bszkeval/w4-lab-scratch/run2\node-late is outside your user profile: on Windows the RPC cookie is protected only by that directory's permissions; make sure other users cannot read it
[2026-09-29T21:57:48.478Z INFO  blacksilk_node::serve] RPC credential written to C:/bszkeval/w4-lab-scratch/run2\node-late\rpc.cookie (clients read it: --rpc-cookie)
[2026-09-29T21:57:48.734Z INFO  blacksilk_p2p::net::conn] connected outbound peer 127.0.0.1:52001 (height 334)
[2026-09-29T21:57:48.734Z DEBUG blacksilk_p2p::net::addr_relay] peer 1: addr with 1 entries
[2026-09-29T21:57:48.735Z DEBUG blacksilk_p2p::net::addr_relay] peer 1: addr with 5 entries
[2026-09-29T21:57:50.590Z INFO  blacksilk_chain::manager::template] caught up at height 0: block templates are served from now on
[2026-09-29T21:57:50.834Z DEBUG blacksilk_p2p::net::blocks] peer 1: block 3f083ee786d5 at height 1 received
[2026-09-29T21:57:50.834Z DEBUG blacksilk_p2p::net::blocks] peer 1: block 16bb0cd9c935 at height 2 received
[2026-09-29T21:57:50.834Z DEBUG blacksilk_p2p::net::blocks] peer 1: block 76d73e5b879d at height 3 received
[2026-09-29T21:57:50.835Z INFO  blacksilk_p2p::net::conn] connected outbound peer 127.0.0.1:52041 (height 334)
[2026-09-29T21:57:50.835Z INFO  blacksilk_p2p::net::conn] connected block-relay-only outbound peer 127.0.0.1:52061 (height 334)
[2026-09-29T21:57:50.835Z INFO  blacksilk_p2p::net::conn] connected outbound peer 127.0.0.1:52081 (height 334)
[2026-09-29T21:57:50.835Z INFO  blacksilk_p2p::net::conn] connected outbound peer 127.0.0.1:52021 (height 334)
[2026-09-29T21:57:50.835Z DEBUG blacksilk_p2p::net::addr_relay] peer 2: addr with 1 entries
[2026-09-29T21:57:50.835Z DEBUG blacksilk_p2p::net::addr_relay] peer 4: addr with 1 entries
[2026-09-29T21:57:50.835Z DEBUG blacksilk_p2p::net::addr_relay] peer 5: addr with 1 entries
[2026-09-29T21:57:50.835Z DEBUG blacksilk_p2p::net::addr_relay] peer 2: addr with 5 entries
[2026-09-29T21:57:50.835Z DEBUG blacksilk_p2p::net::addr_relay] peer 5: addr with 5 entries
[2026-09-29T21:57:50.835Z DEBUG blacksilk_p2p::net::addr_relay] peer 4: addr with 5 entries
[2026-09-29T21:57:50.845Z DEBUG blacksilk_p2p::net::blocks] peer 3: block 41c5bb406dea at height 8 received
[2026-09-29T21:57:50.846Z DEBUG blacksilk_p2p::net::blocks] peer 5: block 015c7c834f5a at height 6 received
[2026-09-29T21:57:50.846Z DEBUG blacksilk_p2p::net::blocks] peer 4: block 528400351317 at height 4 received
[2026-09-29T21:57:50.846Z DEBUG blacksilk_p2p::net::blocks] peer 1: block e09057d018ad at height 7 received
[2026-09-29T21:57:50.846Z DEBUG blacksilk_p2p::net::blocks] peer 4: block 2ed378073bee at height 5 received
[2026-09-29T21:57:51.644Z DEBUG blacksilk_p2p::net::blocks] peer 4: block 76b9e690f08e at height 13 received
[2026-09-29T21:57:51.644Z DEBUG blacksilk_p2p::net::blocks] peer 1: block 37ea14d00e66 at height 10 received
[2026-09-29T21:57:51.644Z DEBUG blacksilk_p2p::net::blocks] peer 1: block 6cbb1ad767fb at height 12 received
[2026-09-29T21:57:51.644Z DEBUG blacksilk_p2p::net::blocks] peer 1: block 34104a54d76d at height 15 received
[2026-09-29T21:57:51.644Z DEBUG blacksilk_p2p::net::blocks] peer 2: block 1315ac056965 at height 9 received
[2026-09-29T21:57:51.644Z DEBUG blacksilk_p2p::net::blocks] peer 2: block cc6c00b65ef1 at height 14 received
[2026-09-29T21:57:51.644Z DEBUG blacksilk_p2p::net::blocks] peer 2: block afc0a4efd7d4 at height 16 received
[2026-09-29T21:57:51.649Z DEBUG blacksilk_p2p::net::blocks] peer 5: block b2fb3b25329e at height 11 received
[2026-09-29T21:57:52.477Z DEBUG blacksilk_p2p::net::blocks] peer 3: block 44b44083cd75 at height 18 received
[2026-09-29T21:57:52.477Z DEBUG blacksilk_p2p::net::blocks] peer 2: block ab3e4b80212b at height 22 received
[2026-09-29T21:57:52.477Z DEBUG blacksilk_p2p::net::blocks] peer 4: block b3d2883b5c77 at height 17 received
[2026-09-29T21:57:52.477Z DEBUG blacksilk_p2p::net::blocks] peer 3: block 05657a8f685e at height 19 received
[2026-09-29T21:57:52.477Z DEBUG blacksilk_p2p::net::blocks] peer 2: block 89e362a27cdb at height 23 received
[2026-09-29T21:57:52.477Z DEBUG blacksilk_p2p::net::blocks] peer 4: block 4f39648cc9d7 at height 21 received
[2026-09-29T21:57:52.477Z DEBUG blacksilk_p2p::net::blocks] peer 5: block d90bebcb1d8e at height 20 received
[2026-09-29T21:57:52.477Z DEBUG blacksilk_p2p::net::blocks] peer 5: block 63f979d1fe80 at height 24 received
[2026-09-29T21:57:53.288Z DEBUG blacksilk_p2p::net::blocks] peer 2: block ef44171e23fe at height 30 received
[2026-09-29T21:57:53.288Z DEBUG blacksilk_p2p::net::blocks] peer 4: block f1ccfb84f83d at height 26 received
[2026-09-29T21:57:53.288Z DEBUG blacksilk_p2p::net::blocks] peer 5: block 058e25075ed0 at height 25 received
[2026-09-29T21:57:53.288Z DEBUG blacksilk_p2p::net::blocks] peer 4: block be0c5ece82ff at height 27 received
[2026-09-29T21:57:53.288Z DEBUG blacksilk_p2p::net::blocks] peer 2: block 53adb8ca6eb8 at height 31 received
[2026-09-29T21:57:53.288Z DEBUG blacksilk_p2p::net::blocks] peer 4: block 83dea9de0e20 at height 28 received
[2026-09-29T21:57:53.288Z DEBUG blacksilk_p2p::net::blocks] peer 5: block 4baf122265d7 at height 29 received
[2026-09-29T21:57:53.288Z DEBUG blacksilk_p2p::net::blocks] peer 5: block c29e673eff61 at height 32 received
[2026-09-29T21:57:54.058Z DEBUG blacksilk_p2p::net::blocks] peer 2: block 2117e5a5a6fe at height 38 received
[2026-09-29T21:57:54.058Z DEBUG blacksilk_p2p::net::blocks] peer 3: block 812bea4fa447 at height 37 received
[2026-09-29T21:57:54.058Z DEBUG blacksilk_p2p::net::blocks] peer 5: block faf782c24501 at height 34 received
[2026-09-29T21:57:54.058Z DEBUG blacksilk_p2p::net::blocks] peer 1: block 5e44af928e4b at height 33 received
[2026-09-29T21:57:54.058Z DEBUG blacksilk_p2p::net::blocks] peer 5: block 19ec4a3f211d at height 36 received
[2026-09-29T21:57:54.058Z DEBUG blacksilk_p2p::net::blocks] peer 1: block b46453cd4ff7 at height 35 received
[2026-09-29T21:57:54.058Z DEBUG blacksilk_p2p::net::blocks] peer 5: block 9162463c523b at height 39 received
[2026-09-29T21:57:54.058Z DEBUG blacksilk_p2p::net::blocks] peer 1: block 6c1e3cf4b788 at height 40 received
[2026-09-29T21:57:55.088Z DEBUG blacksilk_p2p::net::blocks] peer 1: block 7688763a22e6 at height 44 received
[2026-09-29T21:57:55.088Z DEBUG blacksilk_p2p::net::blocks] peer 4: block 5a36eb4007b2 at height 43 received
[2026-09-29T21:57:55.088Z DEBUG blacksilk_p2p::net::blocks] peer 3: block 9c1106924cf3 at height 41 received
[2026-09-29T21:57:55.088Z DEBUG blacksilk_p2p::net::blocks] peer 1: block d1b66b5cf3f5 at height 47 received
[2026-09-29T21:57:55.088Z DEBUG blacksilk_p2p::net::blocks] peer 4: block a1f0ac22e29e at height 45 received
[2026-09-29T21:57:55.088Z DEBUG blacksilk_p2p::net::blocks] peer 3: block ddef1482dec3 at height 42 received
[2026-09-29T21:57:55.088Z DEBUG blacksilk_p2p::net::blocks] peer 1: block 37949aa7fb2b at height 48 received
[2026-09-29T21:57:55.088Z DEBUG blacksilk_p2p::net::blocks] peer 4: block cec9ce749e2a at height 46 received
[2026-09-29T21:57:55.891Z DEBUG blacksilk_p2p::net::blocks] peer 2: block 744803a15fe6 at height 49 received
[2026-09-29T21:57:55.891Z DEBUG blacksilk_p2p::net::blocks] peer 2: block 5f8d0aae7d09 at height 56 received
[2026-09-29T21:57:55.891Z DEBUG blacksilk_p2p::net::blocks] peer 5: block db91f6858417 at height 51 received
[2026-09-29T21:57:55.891Z DEBUG blacksilk_p2p::net::blocks] peer 5: block ca359a867f72 at height 52 received
[2026-09-29T21:57:55.903Z DEBUG blacksilk_p2p::net::blocks] peer 4: block 6e3a3b45ad50 at height 50 received
[2026-09-29T21:57:55.903Z DEBUG blacksilk_p2p::net::blocks] peer 1: block 340ec7dfcb8a at height 55 received
[2026-09-29T21:57:55.918Z DEBUG blacksilk_p2p::net::blocks] peer 3: block 47273ffa739b at height 53 received
[2026-09-29T21:57:55.918Z DEBUG blacksilk_p2p::net::blocks] peer 3: block f95aea0634f2 at height 54 received
[2026-09-29T21:57:56.709Z DEBUG blacksilk_p2p::net::blocks] peer 2: block 00714fd78f83 at height 57 received
[2026-09-29T21:57:56.709Z DEBUG blacksilk_p2p::net::blocks] peer 1: block 6b3530003102 at height 64 received
[2026-09-29T21:57:56.709Z DEBUG blacksilk_p2p::net::blocks] peer 2: block fc3693941898 at height 61 received
[2026-09-29T21:57:56.709Z DEBUG blacksilk_p2p::net::blocks] peer 2: block 2714f493fb47 at height 63 received
[2026-09-29T21:57:56.709Z DEBUG blacksilk_p2p::net::blocks] peer 3: block 52156ecafa12 at height 62 received
[2026-09-29T21:57:56.727Z DEBUG blacksilk_p2p::net::blocks] peer 5: block ff4f8dc4f3d3 at height 58 received
[2026-09-29T21:57:56.727Z DEBUG blacksilk_p2p::net::blocks] peer 5: block 5b825f0d7245 at height 59 received
[2026-09-29T21:57:56.727Z DEBUG blacksilk_p2p::net::blocks] peer 5: block 859b8a77f051 at height 60 received
[2026-09-29T21:57:57.494Z DEBUG blacksilk_p2p::net::blocks] peer 4: block d2f66a8b6ed7 at height 66 received
[2026-09-29T21:57:57.494Z DEBUG blacksilk_p2p::net::blocks] peer 4: block 414fb799d583 at height 67 received
[2026-09-29T21:57:57.495Z DEBUG blacksilk_p2p::net::blocks] peer 4: block d05476a70692 at height 72 received
[2026-09-29T21:57:57.510Z DEBUG blacksilk_p2p::net::blocks] peer 1: block 0147e15fb99b at height 65 received
[2026-09-29T21:57:57.510Z DEBUG blacksilk_p2p::net::blocks] peer 1: block 74431727243b at height 68 received
[2026-09-29T21:57:57.510Z DEBUG blacksilk_p2p::net::blocks] peer 1: block c806aab64f4a at height 71 received
[2026-09-29T21:57:57.526Z DEBUG blacksilk_p2p::net::blocks] peer 5: block 0a21db896899 at height 69 received
[2026-09-29T21:57:57.526Z DEBUG blacksilk_p2p::net::blocks] peer 5: block 8970e71edf8d at height 70 received
[2026-09-29T21:57:58.296Z DEBUG blacksilk_p2p::net::blocks] peer 3: block 9272452c3e8b at height 74 received
[2026-09-29T21:57:58.296Z DEBUG blacksilk_p2p::net::blocks] peer 3: block d926e34999ca at height 77 received
[2026-09-29T21:57:58.296Z DEBUG blacksilk_p2p::net::blocks] peer 2: block 6a74c226b77e at height 73 received
[2026-09-29T21:57:58.296Z DEBUG blacksilk_p2p::net::blocks] peer 2: block 6b0d99faed88 at height 78 received
[2026-09-29T21:57:58.298Z DEBUG blacksilk_p2p::net::blocks] peer 1: block 7f83adcb1ceb at height 75 received
[2026-09-29T21:57:58.298Z DEBUG blacksilk_p2p::net::blocks] peer 1: block 2c98d221c8cb at height 80 received
[2026-09-29T21:57:58.322Z DEBUG blacksilk_p2p::net::blocks] peer 5: block 8cc0837c2090 at height 76 received
[2026-09-29T21:57:58.322Z DEBUG blacksilk_p2p::net::blocks] peer 5: block 27da0764cbc7 at height 79 received
[2026-09-29T21:57:58.833Z DEBUG blacksilk_p2p::net::blocks] peer 1: block ce5c589195e9 at height 84 received
[2026-09-29T21:57:58.866Z DEBUG blacksilk_p2p::net::blocks] peer 1: block dcd0da87e919 at height 85 received
[2026-09-29T21:57:58.872Z DEBUG blacksilk_p2p::net::blocks] peer 4: block 869ce62c7ca6 at height 82 received
[2026-09-29T21:57:58.872Z DEBUG blacksilk_p2p::net::blocks] peer 3: block b923443b0da2 at height 86 received
[2026-09-29T21:57:58.872Z DEBUG blacksilk_p2p::net::blocks] peer 4: block a197763ac87f at height 88 received
[2026-09-29T21:57:58.872Z DEBUG blacksilk_p2p::net::blocks] peer 3: block 15658e2ceca0 at height 87 received
[2026-09-29T21:57:58.872Z DEBUG blacksilk_p2p::net::blocks] peer 5: block 621cdc47121e at height 81 received
[2026-09-29T21:57:58.872Z DEBUG blacksilk_p2p::net::blocks] peer 5: block cceff2411083 at height 83 received
[2026-09-29T21:57:59.849Z DEBUG blacksilk_p2p::net::blocks] peer 5: block 1f6dbce0d239 at height 95 received
[2026-09-29T21:57:59.849Z DEBUG blacksilk_p2p::net::blocks] peer 4: block d350b77f2254 at height 96 received
[2026-09-29T21:57:59.849Z DEBUG blacksilk_p2p::net::blocks] peer 2: block 08076cfaecaf at height 89 received
[2026-09-29T21:57:59.849Z DEBUG blacksilk_p2p::net::blocks] peer 2: block 90208b461b33 at height 90 received
[2026-09-29T21:57:59.849Z DEBUG blacksilk_p2p::net::blocks] peer 2: block 6bdf3c0343f2 at height 92 received
[2026-09-29T21:57:59.849Z DEBUG blacksilk_p2p::net::blocks] peer 3: block 4904d7b56725 at height 91 received
[2026-09-29T21:57:59.849Z DEBUG blacksilk_p2p::net::blocks] peer 3: block 1a8f8078a838 at height 93 received
[2026-09-29T21:57:59.849Z DEBUG blacksilk_p2p::net::blocks] peer 3: block 845ca6fb0d20 at height 94 received
[2026-09-29T21:58:00.649Z DEBUG blacksilk_p2p::net::blocks] peer 3: block 4c273eadd6eb at height 97 received
[2026-09-29T21:58:00.649Z DEBUG blacksilk_p2p::net::blocks] peer 4: block 24bfe5c08223 at height 104 received
[2026-09-29T21:58:00.649Z DEBUG blacksilk_p2p::net::blocks] peer 3: block af11023251a4 at height 100 received
[2026-09-29T21:58:00.649Z DEBUG blacksilk_p2p::net::blocks] peer 3: block 81c1fada7a7c at height 101 received
[2026-09-29T21:58:00.651Z DEBUG blacksilk_p2p::net::blocks] peer 2: block 777da460ec8d at height 103 received
[2026-09-29T21:58:00.677Z DEBUG blacksilk_p2p::net::blocks] peer 1: block 80400890d107 at height 98 received
[2026-09-29T21:58:00.677Z DEBUG blacksilk_p2p::net::blocks] peer 1: block 4f341234dac6 at height 99 received
[2026-09-29T21:58:00.677Z DEBUG blacksilk_p2p::net::blocks] peer 1: block 7775c44287d4 at height 102 received
[2026-09-29T21:58:01.451Z DEBUG blacksilk_p2p::net::blocks] peer 4: block a63f239e1222 at height 108 received
[2026-09-29T21:58:01.451Z DEBUG blacksilk_p2p::net::blocks] peer 4: block 4a75eb110c3e at height 109 received
[2026-09-29T21:58:01.451Z DEBUG blacksilk_p2p::net::blocks] peer 2: block 14ff76cb6929 at height 105 received
[2026-09-29T21:58:01.451Z DEBUG blacksilk_p2p::net::blocks] peer 5: block 09b268a00eee at height 111 received
[2026-09-29T21:58:01.451Z DEBUG blacksilk_p2p::net::blocks] peer 2: block a04ae780590e at height 106 received
[2026-09-29T21:58:01.451Z DEBUG blacksilk_p2p::net::blocks] peer 3: block 357ccbc7f286 at height 107 received
[2026-09-29T21:58:01.451Z DEBUG blacksilk_p2p::net::blocks] peer 2: block 81f737a4710b at height 110 received
[2026-09-29T21:58:01.451Z DEBUG blacksilk_p2p::net::blocks] peer 3: block 10908dbf1efc at height 112 received
[2026-09-29T21:58:01.999Z DEBUG blacksilk_p2p::net::blocks] peer 4: block 97cefe88a056 at height 115 received
[2026-09-29T21:58:01.999Z DEBUG blacksilk_p2p::net::blocks] peer 3: block ebaa653a14cb at height 113 received
[2026-09-29T21:58:01.999Z DEBUG blacksilk_p2p::net::blocks] peer 1: block 956532ac5163 at height 116 received
[2026-09-29T21:58:01.999Z DEBUG blacksilk_p2p::net::blocks] peer 2: block d9fac676ac26 at height 119 received
[2026-09-29T21:58:01.999Z DEBUG blacksilk_p2p::net::blocks] peer 3: block 52ecad2935ec at height 117 received
[2026-09-29T21:58:01.999Z DEBUG blacksilk_p2p::net::blocks] peer 2: block c489d8295a05 at height 120 received
[2026-09-29T21:58:02.000Z DEBUG blacksilk_p2p::net::blocks] peer 5: block 83c425210773 at height 114 received
[2026-09-29T21:58:02.000Z DEBUG blacksilk_p2p::net::blocks] peer 5: block f8bf4d786020 at height 118 received
[2026-09-29T21:58:02.786Z DEBUG blacksilk_p2p::net::blocks] peer 5: block ee25c15fdd43 at height 121 received
[2026-09-29T21:58:02.786Z DEBUG blacksilk_p2p::net::blocks] peer 4: block b7727fc22430 at height 127 received
[2026-09-29T21:58:02.786Z DEBUG blacksilk_p2p::net::blocks] peer 2: block 0d30be5926b3 at height 122 received
[2026-09-29T21:58:02.786Z DEBUG blacksilk_p2p::net::blocks] peer 5: block 32b3571041f1 at height 128 received
[2026-09-29T21:58:02.786Z DEBUG blacksilk_p2p::net::blocks] peer 3: block 09efe455a046 at height 123 received
[2026-09-29T21:58:02.786Z DEBUG blacksilk_p2p::net::blocks] peer 2: block 7d295a7094e7 at height 126 received
[2026-09-29T21:58:02.786Z DEBUG blacksilk_p2p::net::blocks] peer 3: block 22218c119bb4 at height 124 received
[2026-09-29T21:58:02.786Z DEBUG blacksilk_p2p::net::blocks] peer 3: block 508a912660df at height 125 received
[2026-09-29T21:58:03.618Z DEBUG blacksilk_p2p::net::blocks] peer 2: block ff18b01d833a at height 136 received
[2026-09-29T21:58:03.618Z DEBUG blacksilk_p2p::net::blocks] peer 1: block a87b80bf7da9 at height 134 received
[2026-09-29T21:58:03.618Z DEBUG blacksilk_p2p::net::blocks] peer 3: block 0460ba563d36 at height 129 received
[2026-09-29T21:58:03.618Z DEBUG blacksilk_p2p::net::blocks] peer 5: block a40885d79f6d at height 130 received
[2026-09-29T21:58:03.618Z DEBUG blacksilk_p2p::net::blocks] peer 3: block d4227764b66b at height 132 received
[2026-09-29T21:58:03.618Z DEBUG blacksilk_p2p::net::blocks] peer 5: block b1e2b209df27 at height 131 received
[2026-09-29T21:58:03.618Z DEBUG blacksilk_p2p::net::blocks] peer 3: block 98fdbd90808d at height 135 received
[2026-09-29T21:58:03.618Z DEBUG blacksilk_p2p::net::blocks] peer 5: block 15b7cbac225f at height 133 received
[2026-09-29T21:58:04.455Z DEBUG blacksilk_p2p::net::blocks] peer 2: block c2a78b995089 at height 141 received
[2026-09-29T21:58:04.455Z DEBUG blacksilk_p2p::net::blocks] peer 4: block e566c39debeb at height 138 received
[2026-09-29T21:58:04.455Z DEBUG blacksilk_p2p::net::blocks] peer 5: block 31bf9ded3f35 at height 137 received
[2026-09-29T21:58:04.455Z DEBUG blacksilk_p2p::net::blocks] peer 3: block 08014b3a6091 at height 144 received
[2026-09-29T21:58:04.455Z DEBUG blacksilk_p2p::net::blocks] peer 4: block 60644c954058 at height 143 received
[2026-09-29T21:58:04.455Z DEBUG blacksilk_p2p::net::blocks] peer 5: block 6681ca5d61bb at height 139 received
[2026-09-29T21:58:04.455Z DEBUG blacksilk_p2p::net::blocks] peer 2: block 978c5c3e9e43 at height 142 received
[2026-09-29T21:58:04.455Z DEBUG blacksilk_p2p::net::blocks] peer 5: block df18684b99e3 at height 140 received
[2026-09-29T21:58:04.968Z DEBUG blacksilk_p2p::net::blocks] peer 2: block c00bed193cf8 at height 147 received
[2026-09-29T21:58:04.968Z DEBUG blacksilk_p2p::net::blocks] peer 1: block d567fb1ea3f2 at height 152 received
[2026-09-29T21:58:04.968Z DEBUG blacksilk_p2p::net::blocks] peer 5: block d559062076e8 at height 145 received
[2026-09-29T21:58:04.968Z DEBUG blacksilk_p2p::net::blocks] peer 3: block bfda021cb9e7 at height 146 received
[2026-09-29T21:58:04.968Z DEBUG blacksilk_p2p::net::blocks] peer 5: block 3d7dec571164 at height 150 received
[2026-09-29T21:58:04.968Z DEBUG blacksilk_p2p::net::blocks] peer 3: block 79bb33db5cc4 at height 148 received
[2026-09-29T21:58:04.968Z DEBUG blacksilk_p2p::net::blocks] peer 5: block 9840f5567fa3 at height 151 received
[2026-09-29T21:58:04.968Z DEBUG blacksilk_p2p::net::blocks] peer 3: block 4d277446191b at height 149 received
[2026-09-29T21:58:05.757Z DEBUG blacksilk_p2p::net::blocks] peer 4: block 5d0df67f90d7 at height 159 received
[2026-09-29T21:58:05.757Z DEBUG blacksilk_p2p::net::blocks] peer 2: block 0b6c210cf8e1 at height 156 received
[2026-09-29T21:58:05.793Z DEBUG blacksilk_p2p::net::blocks] peer 1: block 443ff84544f7 at height 154 received
[2026-09-29T21:58:05.793Z DEBUG blacksilk_p2p::net::blocks] peer 1: block 4e2190b3c290 at height 157 received
[2026-09-29T21:58:05.793Z DEBUG blacksilk_p2p::net::blocks] peer 1: block a491c4d210d2 at height 158 received
[2026-09-29T21:58:05.794Z DEBUG blacksilk_p2p::net::blocks] peer 5: block e01758bdf679 at height 153 received
[2026-09-29T21:58:05.794Z DEBUG blacksilk_p2p::net::blocks] peer 5: block 017270b52cca at height 155 received
[2026-09-29T21:58:05.794Z DEBUG blacksilk_p2p::net::blocks] peer 5: block 935ee4482101 at height 160 received
[2026-09-29T21:58:06.559Z DEBUG blacksilk_p2p::net::blocks] peer 2: block fe70fff6cc22 at height 165 received
[2026-09-29T21:58:06.559Z DEBUG blacksilk_p2p::net::blocks] peer 4: block 1030ed235f43 at height 166 received
[2026-09-29T21:58:06.559Z DEBUG blacksilk_p2p::net::blocks] peer 3: block 6a36183ee5dd at height 161 received
[2026-09-29T21:58:06.559Z DEBUG blacksilk_p2p::net::blocks] peer 4: block 6f1e736ab59c at height 168 received
[2026-09-29T21:58:06.559Z DEBUG blacksilk_p2p::net::blocks] peer 3: block c740653cd279 at height 162 received
[2026-09-29T21:58:06.559Z DEBUG blacksilk_p2p::net::blocks] peer 3: block 475f4b9b42db at height 164 received
[2026-09-29T21:58:06.559Z DEBUG blacksilk_p2p::net::blocks] peer 5: block 2d55e8daff50 at height 163 received
[2026-09-29T21:58:06.559Z DEBUG blacksilk_p2p::net::blocks] peer 5: block b2212b399c2b at height 167 received
[2026-09-29T21:58:07.377Z DEBUG blacksilk_p2p::net::blocks] peer 5: block 10bfa6fd2516 at height 169 received
[2026-09-29T21:58:07.377Z DEBUG blacksilk_p2p::net::blocks] peer 1: block 5569c4f86d4d at height 170 received
[2026-09-29T21:58:07.377Z DEBUG blacksilk_p2p::net::blocks] peer 2: block 1ea5d814abf1 at height 175 received
[2026-09-29T21:58:07.377Z DEBUG blacksilk_p2p::net::blocks] peer 1: block 2bababcd250e at height 171 received
[2026-09-29T21:58:07.377Z DEBUG blacksilk_p2p::net::blocks] peer 5: block 0fc9ae366b37 at height 174 received
[2026-09-29T21:58:07.377Z DEBUG blacksilk_p2p::net::blocks] peer 3: block c26997bac378 at height 172 received
[2026-09-29T21:58:07.377Z DEBUG blacksilk_p2p::net::blocks] peer 1: block 577c4439f624 at height 173 received
[2026-09-29T21:58:07.377Z DEBUG blacksilk_p2p::net::blocks] peer 5: block 5e3aabdbefe6 at height 176 received
[2026-09-29T21:58:07.894Z DEBUG blacksilk_p2p::net::blocks] peer 3: block c0c35935ec5d at height 182 received
[2026-09-29T21:58:07.894Z DEBUG blacksilk_p2p::net::blocks] peer 1: block c49416d117d7 at height 181 received
[2026-09-29T21:58:07.894Z DEBUG blacksilk_p2p::net::blocks] peer 3: block 09fed550a580 at height 184 received
[2026-09-29T21:58:07.896Z DEBUG blacksilk_p2p::net::blocks] peer 4: block d4cadda19f6a at height 179 received
[2026-09-29T21:58:07.896Z DEBUG blacksilk_p2p::net::blocks] peer 4: block 75949c4a176e at height 180 received
[2026-09-29T21:58:07.896Z DEBUG blacksilk_p2p::net::blocks] peer 5: block fa4b1b4140e8 at height 177 received
[2026-09-29T21:58:07.896Z DEBUG blacksilk_p2p::net::blocks] peer 5: block febcce96540e at height 178 received
[2026-09-29T21:58:07.896Z DEBUG blacksilk_p2p::net::blocks] peer 5: block 1017f818a523 at height 183 received
[2026-09-29T21:58:08.726Z DEBUG blacksilk_p2p::net::blocks] peer 4: block 9d93d29ad493 at height 186 received
[2026-09-29T21:58:08.726Z DEBUG blacksilk_p2p::net::blocks] peer 3: block b8c330e91f65 at height 187 received
[2026-09-29T21:58:08.726Z DEBUG blacksilk_p2p::net::blocks] peer 4: block a8be1727358e at height 192 received
[2026-09-29T21:58:08.726Z DEBUG blacksilk_p2p::net::blocks] peer 3: block 9469e9d08411 at height 189 received
[2026-09-29T21:58:08.726Z DEBUG blacksilk_p2p::net::blocks] peer 3: block 12ef20a733e8 at height 190 received
[2026-09-29T21:58:08.744Z DEBUG blacksilk_p2p::net::blocks] peer 5: block acf96f3b79c5 at height 185 received
[2026-09-29T21:58:08.744Z DEBUG blacksilk_p2p::net::blocks] peer 5: block 758e1d11a16d at height 188 received
[2026-09-29T21:58:08.744Z DEBUG blacksilk_p2p::net::blocks] peer 5: block 1b0e9becf784 at height 191 received
[2026-09-29T21:58:09.480Z DEBUG blacksilk_p2p::net::blocks] peer 2: block 9dd0ab775e77 at height 200 received
[2026-09-29T21:58:09.480Z DEBUG blacksilk_p2p::net::blocks] peer 1: block 2a005d5f7cb5 at height 193 received
[2026-09-29T21:58:09.480Z DEBUG blacksilk_p2p::net::blocks] peer 5: block 6816fcdcb343 at height 196 received
[2026-09-29T21:58:09.480Z DEBUG blacksilk_p2p::net::blocks] peer 1: block 300c0650085b at height 194 received
[2026-09-29T21:58:09.480Z DEBUG blacksilk_p2p::net::blocks] peer 5: block 29566710d971 at height 198 received
[2026-09-29T21:58:09.480Z DEBUG blacksilk_p2p::net::blocks] peer 1: block 9190562df5f8 at height 195 received
[2026-09-29T21:58:09.480Z DEBUG blacksilk_p2p::net::blocks] peer 3: block 5ffc639280c7 at height 199 received
[2026-09-29T21:58:09.530Z DEBUG blacksilk_p2p::net::blocks] peer 4: block d674e9590dc9 at height 197 received
[2026-09-29T21:58:10.251Z DEBUG blacksilk_p2p::net::blocks] peer 4: block 2a02c1723b20 at height 201 received
[2026-09-29T21:58:10.251Z DEBUG blacksilk_p2p::net::blocks] peer 4: block 8c20f30f28ae at height 202 received
[2026-09-29T21:58:10.251Z DEBUG blacksilk_p2p::net::blocks] peer 4: block 749f2b839006 at height 205 received
[2026-09-29T21:58:10.251Z DEBUG blacksilk_p2p::net::blocks] peer 1: block 8172cb543c3d at height 207 received
[2026-09-29T21:58:10.251Z DEBUG blacksilk_p2p::net::blocks] peer 3: block dd04ac9fe82a at height 203 received
[2026-09-29T21:58:10.251Z DEBUG blacksilk_p2p::net::blocks] peer 5: block f82616799a78 at height 206 received
[2026-09-29T21:58:10.251Z DEBUG blacksilk_p2p::net::blocks] peer 1: block 3c52ca985477 at height 208 received
[2026-09-29T21:58:10.251Z DEBUG blacksilk_p2p::net::blocks] peer 3: block 93cd6bdab616 at height 204 received
[2026-09-29T21:58:11.064Z DEBUG blacksilk_p2p::net::blocks] peer 2: block 5710e4d9673d at height 209 received
[2026-09-29T21:58:11.064Z DEBUG blacksilk_p2p::net::blocks] peer 3: block 43719561d742 at height 213 received
[2026-09-29T21:58:11.064Z DEBUG blacksilk_p2p::net::blocks] peer 5: block 96adfb14623b at height 211 received
[2026-09-29T21:58:11.064Z DEBUG blacksilk_p2p::net::blocks] peer 1: block 96485a3a8bde at height 214 received
[2026-09-29T21:58:11.064Z DEBUG blacksilk_p2p::net::blocks] peer 2: block 75b5848bfac5 at height 212 received
[2026-09-29T21:58:11.064Z DEBUG blacksilk_p2p::net::blocks] peer 5: block 6e891091d58e at height 215 received
[2026-09-29T21:58:11.064Z DEBUG blacksilk_p2p::net::blocks] peer 3: block 4038035b0cb9 at height 216 received
[2026-09-29T21:58:11.073Z DEBUG blacksilk_p2p::net::blocks] peer 4: block 307ddbb32422 at height 210 received
[2026-09-29T21:58:11.862Z DEBUG blacksilk_p2p::net::blocks] peer 2: block 744cce4cfdd8 at height 219 received
[2026-09-29T21:58:11.862Z DEBUG blacksilk_p2p::net::blocks] peer 4: block ab037b835e3b at height 218 received
[2026-09-29T21:58:11.862Z DEBUG blacksilk_p2p::net::blocks] peer 3: block ed471bc8d37d at height 220 received
[2026-09-29T21:58:11.862Z DEBUG blacksilk_p2p::net::blocks] peer 5: block feb9e086d0a8 at height 217 received
[2026-09-29T21:58:11.862Z DEBUG blacksilk_p2p::net::blocks] peer 4: block be9536870dab at height 221 received
[2026-09-29T21:58:11.862Z DEBUG blacksilk_p2p::net::blocks] peer 3: block ec5c13e5c29c at height 222 received
[2026-09-29T21:58:11.862Z DEBUG blacksilk_p2p::net::blocks] peer 5: block 77c319689e90 at height 224 received
[2026-09-29T21:58:11.862Z DEBUG blacksilk_p2p::net::blocks] peer 3: block 5b9c9ad6d6ed at height 223 received
[2026-09-29T21:58:12.386Z DEBUG blacksilk_p2p::net::blocks] peer 5: block cd395663cad3 at height 227 received
[2026-09-29T21:58:12.387Z DEBUG blacksilk_p2p::net::blocks] peer 3: block 578eb62e5dfe at height 225 received
[2026-09-29T21:58:12.387Z DEBUG blacksilk_p2p::net::blocks] peer 5: block 923a9a526f44 at height 232 received
[2026-09-29T21:58:12.387Z DEBUG blacksilk_p2p::net::blocks] peer 3: block 4e2b8577d67a at height 228 received
[2026-09-29T21:58:12.387Z DEBUG blacksilk_p2p::net::blocks] peer 3: block 82ea5949d759 at height 231 received
[2026-09-29T21:58:12.387Z DEBUG blacksilk_p2p::net::blocks] peer 1: block 8d08943b7296 at height 226 received
[2026-09-29T21:58:12.387Z DEBUG blacksilk_p2p::net::blocks] peer 1: block e0654125847f at height 229 received
[2026-09-29T21:58:12.387Z DEBUG blacksilk_p2p::net::blocks] peer 4: block 666de0b5b397 at height 230 received
[2026-09-29T21:58:13.199Z DEBUG blacksilk_p2p::net::blocks] peer 1: block 51965f4503fe at height 234 received
[2026-09-29T21:58:13.199Z DEBUG blacksilk_p2p::net::blocks] peer 5: block 768d485a01d7 at height 235 received
[2026-09-29T21:58:13.199Z DEBUG blacksilk_p2p::net::blocks] peer 2: block 94f89b112511 at height 233 received
[2026-09-29T21:58:13.199Z DEBUG blacksilk_p2p::net::blocks] peer 1: block f8be7fba914e at height 236 received
[2026-09-29T21:58:13.199Z DEBUG blacksilk_p2p::net::blocks] peer 5: block e32fdca47011 at height 239 received
[2026-09-29T21:58:13.199Z DEBUG blacksilk_p2p::net::blocks] peer 2: block 10d4c93f9355 at height 238 received
[2026-09-29T21:58:13.199Z DEBUG blacksilk_p2p::net::blocks] peer 2: block 339d84da7d83 at height 240 received
[2026-09-29T21:58:13.199Z DEBUG blacksilk_p2p::net::blocks] peer 3: block d1a1c94ff810 at height 237 received
[2026-09-29T21:58:13.993Z DEBUG blacksilk_p2p::net::blocks] peer 4: block f71d9ca18aec at height 246 received
[2026-09-29T21:58:13.993Z DEBUG blacksilk_p2p::net::blocks] peer 5: block e521057566f6 at height 241 received
[2026-09-29T21:58:13.993Z DEBUG blacksilk_p2p::net::blocks] peer 2: block 01898a5a9993 at height 245 received
[2026-09-29T21:58:13.993Z DEBUG blacksilk_p2p::net::blocks] peer 2: block 549fb15cf17f at height 247 received
[2026-09-29T21:58:13.994Z DEBUG blacksilk_p2p::net::blocks] peer 3: block b36faf50dfe8 at height 242 received
[2026-09-29T21:58:13.994Z DEBUG blacksilk_p2p::net::blocks] peer 1: block 8ce31a61556c at height 243 received
[2026-09-29T21:58:13.994Z DEBUG blacksilk_p2p::net::blocks] peer 3: block e8517af85561 at height 248 received
[2026-09-29T21:58:13.994Z DEBUG blacksilk_p2p::net::blocks] peer 1: block 3b94950ffb97 at height 244 received
[2026-09-29T21:58:14.787Z DEBUG blacksilk_p2p::net::blocks] peer 2: block d4e0c376bbf6 at height 250 received
[2026-09-29T21:58:14.787Z DEBUG blacksilk_p2p::net::blocks] peer 1: block c9e2216b88e1 at height 251 received
[2026-09-29T21:58:14.787Z DEBUG blacksilk_p2p::net::blocks] peer 5: block 6326bb4534d5 at height 252 received
[2026-09-29T21:58:14.787Z DEBUG blacksilk_p2p::net::blocks] peer 3: block e59437e9c134 at height 254 received
[2026-09-29T21:58:14.787Z DEBUG blacksilk_p2p::net::blocks] peer 4: block 3c635b601955 at height 249 received
[2026-09-29T21:58:14.787Z DEBUG blacksilk_p2p::net::blocks] peer 2: block d6d414231c36 at height 253 received
[2026-09-29T21:58:14.787Z DEBUG blacksilk_p2p::net::blocks] peer 1: block 7061827391ce at height 255 received
[2026-09-29T21:58:14.787Z DEBUG blacksilk_p2p::net::blocks] peer 3: block 43f3d1c37636 at height 256 received
[2026-09-29T21:58:15.328Z DEBUG blacksilk_p2p::net::blocks] peer 4: block 3578a00e6907 at height 257 received
[2026-09-29T21:58:15.329Z DEBUG blacksilk_p2p::net::blocks] peer 5: block 031e3110822f at height 260 received
[2026-09-29T21:58:15.331Z DEBUG blacksilk_p2p::net::blocks] peer 2: block 793ab2de8857 at height 263 received
[2026-09-29T21:58:15.330Z DEBUG blacksilk_p2p::net::blocks] peer 3: block 67369f39405b at height 261 received
[2026-09-29T21:58:15.330Z DEBUG blacksilk_p2p::net::blocks] peer 1: block 9c28dbb22ba6 at height 258 received
[2026-09-29T21:58:15.344Z DEBUG blacksilk_p2p::net::blocks] peer 4: block 898ffe4e68d4 at height 259 received
[2026-09-29T21:58:15.344Z DEBUG blacksilk_p2p::net::blocks] peer 1: block 69c9e3590854 at height 262 received
[2026-09-29T21:58:15.344Z DEBUG blacksilk_p2p::net::blocks] peer 1: block ee4b80002c2f at height 264 received
[2026-09-29T21:58:16.139Z DEBUG blacksilk_p2p::net::blocks] peer 3: block 3113b430e5c9 at height 265 received
[2026-09-29T21:58:16.139Z DEBUG blacksilk_p2p::net::blocks] peer 1: block 3b8400bb7650 at height 267 received
[2026-09-29T21:58:16.139Z DEBUG blacksilk_p2p::net::blocks] peer 2: block 45312b9264fc at height 272 received
[2026-09-29T21:58:16.139Z DEBUG blacksilk_p2p::net::blocks] peer 3: block cba69bf9c985 at height 268 received
[2026-09-29T21:58:16.139Z DEBUG blacksilk_p2p::net::blocks] peer 4: block b726c9255685 at height 271 received
[2026-09-29T21:58:16.139Z DEBUG blacksilk_p2p::net::blocks] peer 5: block a94cdc815239 at height 266 received
[2026-09-29T21:58:16.140Z DEBUG blacksilk_p2p::net::blocks] peer 3: block e7bdb34dcd11 at height 270 received
[2026-09-29T21:58:16.140Z DEBUG blacksilk_p2p::net::blocks] peer 5: block 6fe0cd9692bb at height 269 received
[2026-09-29T21:58:16.968Z DEBUG blacksilk_p2p::net::blocks] peer 2: block cfa676f76052 at height 279 received
[2026-09-29T21:58:16.968Z DEBUG blacksilk_p2p::net::blocks] peer 3: block 9ed7d3fe7b6c at height 274 received
[2026-09-29T21:58:16.968Z DEBUG blacksilk_p2p::net::blocks] peer 1: block 860d8ecc0085 at height 275 received
[2026-09-29T21:58:16.968Z DEBUG blacksilk_p2p::net::blocks] peer 5: block 882dc82ce560 at height 273 received
[2026-09-29T21:58:16.968Z DEBUG blacksilk_p2p::net::blocks] peer 1: block 4f4181b59530 at height 276 received
[2026-09-29T21:58:16.968Z DEBUG blacksilk_p2p::net::blocks] peer 5: block acb77e636260 at height 278 received
[2026-09-29T21:58:16.984Z DEBUG blacksilk_p2p::net::blocks] peer 4: block cb1b9dceff47 at height 277 received
[2026-09-29T21:58:16.984Z DEBUG blacksilk_p2p::net::blocks] peer 4: block 366f1d1542fb at height 280 received
[2026-09-29T21:58:17.760Z DEBUG blacksilk_p2p::net::blocks] peer 2: block 1a049c2ed4c9 at height 282 received
[2026-09-29T21:58:17.761Z DEBUG blacksilk_p2p::net::blocks] peer 2: block a0adcf99bc8f at height 283 received
[2026-09-29T21:58:17.761Z DEBUG blacksilk_p2p::net::blocks] peer 1: block 77cf875e3239 at height 285 received
[2026-09-29T21:58:17.761Z DEBUG blacksilk_p2p::net::blocks] peer 2: block eb1739045b41 at height 286 received
[2026-09-29T21:58:17.761Z DEBUG blacksilk_p2p::net::blocks] peer 5: block 7d44fe0f2095 at height 281 received
[2026-09-29T21:58:17.761Z DEBUG blacksilk_p2p::net::blocks] peer 1: block 2976fa95968c at height 288 received
[2026-09-29T21:58:17.761Z DEBUG blacksilk_p2p::net::blocks] peer 5: block b3af85045cdf at height 284 received
[2026-09-29T21:58:17.761Z DEBUG blacksilk_p2p::net::blocks] peer 5: block 7fd1f13d0cde at height 287 received
[2026-09-29T21:58:18.577Z DEBUG blacksilk_p2p::net::blocks] peer 1: block 45b83be0219a at height 295 received
[2026-09-29T21:58:18.577Z DEBUG blacksilk_p2p::net::blocks] peer 3: block 5e78715ee463 at height 289 received
[2026-09-29T21:58:18.577Z DEBUG blacksilk_p2p::net::blocks] peer 4: block be5ec6fcb777 at height 293 received
[2026-09-29T21:58:18.577Z DEBUG blacksilk_p2p::net::blocks] peer 3: block c68c4faf4e9f at height 296 received
[2026-09-29T21:58:18.577Z DEBUG blacksilk_p2p::net::blocks] peer 5: block 8d70560d2b89 at height 294 received
[2026-09-29T21:58:18.577Z DEBUG blacksilk_p2p::net::blocks] peer 2: block 8e2c2095e5d3 at height 290 received
[2026-09-29T21:58:18.577Z DEBUG blacksilk_p2p::net::blocks] peer 2: block e1d440102425 at height 291 received
[2026-09-29T21:58:18.577Z DEBUG blacksilk_p2p::net::blocks] peer 2: block 672c611fd3af at height 292 received
[2026-09-29T21:58:19.366Z DEBUG blacksilk_p2p::net::blocks] peer 5: block a38e3d304fbf at height 302 received
[2026-09-29T21:58:19.366Z DEBUG blacksilk_p2p::net::blocks] peer 1: block abfa4644531b at height 298 received
[2026-09-29T21:58:19.366Z DEBUG blacksilk_p2p::net::blocks] peer 4: block 427530adf25f at height 299 received
[2026-09-29T21:58:19.366Z DEBUG blacksilk_p2p::net::blocks] peer 3: block 88baccf73b12 at height 304 received
[2026-09-29T21:58:19.366Z DEBUG blacksilk_p2p::net::blocks] peer 1: block ffcc90655f2e at height 300 received
[2026-09-29T21:58:19.366Z DEBUG blacksilk_p2p::net::blocks] peer 4: block 4545fb84997c at height 303 received
[2026-09-29T21:58:19.366Z DEBUG blacksilk_p2p::net::blocks] peer 2: block bbd3d04d8b26 at height 297 received
[2026-09-29T21:58:19.366Z DEBUG blacksilk_p2p::net::blocks] peer 2: block 808abc2277d2 at height 301 received
[2026-09-29T21:58:20.181Z DEBUG blacksilk_p2p::net::blocks] peer 5: block 919f9f5862a8 at height 305 received
[2026-09-29T21:58:20.181Z DEBUG blacksilk_p2p::net::blocks] peer 3: block d6955eedcc44 at height 308 received
[2026-09-29T21:58:20.181Z DEBUG blacksilk_p2p::net::blocks] peer 2: block c57e40f55e5b at height 306 received
[2026-09-29T21:58:20.181Z DEBUG blacksilk_p2p::net::blocks] peer 1: block 1f1663f7da9a at height 307 received
[2026-09-29T21:58:20.181Z DEBUG blacksilk_p2p::net::blocks] peer 2: block 51c142b0507b at height 310 received
[2026-09-29T21:58:20.181Z DEBUG blacksilk_p2p::net::blocks] peer 1: block ab644e2c0e0d at height 309 received
[2026-09-29T21:58:20.181Z DEBUG blacksilk_p2p::net::blocks] peer 2: block 95658ee81c0d at height 312 received
[2026-09-29T21:58:20.181Z DEBUG blacksilk_p2p::net::blocks] peer 1: block 132b5114c21e at height 311 received
[2026-09-29T21:58:21.008Z DEBUG blacksilk_p2p::net::blocks] peer 5: block 2a6ff1536a24 at height 314 received
[2026-09-29T21:58:21.008Z DEBUG blacksilk_p2p::net::blocks] peer 4: block 4fc9524922b2 at height 316 received
[2026-09-29T21:58:21.008Z DEBUG blacksilk_p2p::net::blocks] peer 5: block ffe4ac807723 at height 317 received
[2026-09-29T21:58:21.008Z DEBUG blacksilk_p2p::net::blocks] peer 2: block 8a48b435ed56 at height 315 received
[2026-09-29T21:58:21.008Z DEBUG blacksilk_p2p::net::blocks] peer 5: block ecea09f24f2b at height 318 received
[2026-09-29T21:58:21.008Z DEBUG blacksilk_p2p::net::blocks] peer 3: block 1a3c9a9f20f8 at height 313 received
[2026-09-29T21:58:21.008Z DEBUG blacksilk_p2p::net::blocks] peer 3: block aa42d66c5945 at height 319 received
[2026-09-29T21:58:21.008Z DEBUG blacksilk_p2p::net::blocks] peer 3: block 5cd69ebbe80c at height 320 received
[2026-09-29T21:58:21.521Z DEBUG blacksilk_p2p::net::blocks] peer 4: block 73088c1c7f2a at height 323 received
[2026-09-29T21:58:21.521Z DEBUG blacksilk_p2p::net::blocks] peer 4: block d447139d6e19 at height 324 received
[2026-09-29T21:58:21.521Z DEBUG blacksilk_p2p::net::blocks] peer 4: block c53658cd49c7 at height 325 received
[2026-09-29T21:58:21.521Z DEBUG blacksilk_p2p::net::blocks] peer 3: block ae13008699ff at height 321 received
[2026-09-29T21:58:21.521Z DEBUG blacksilk_p2p::net::blocks] peer 1: block a00318814bae at height 328 received
[2026-09-29T21:58:21.522Z DEBUG blacksilk_p2p::net::blocks] peer 3: block 06d157c2e2f4 at height 322 received
[2026-09-29T21:58:21.522Z DEBUG blacksilk_p2p::net::blocks] peer 5: block 7a24828e8af1 at height 326 received
[2026-09-29T21:58:21.522Z DEBUG blacksilk_p2p::net::blocks] peer 3: block 3d9388a78482 at height 327 received
[2026-09-29T21:58:22.144Z DEBUG blacksilk_p2p::net::headers] peer 1: 334 headers up to height 334 accepted (new: true)
[2026-09-29T21:58:22.145Z DEBUG blacksilk_p2p::net::blocks] peer 1: block 34d63eea50cb at height 332 received
[2026-09-29T21:58:22.145Z DEBUG blacksilk_p2p::net::blocks] peer 5: block d3449cbb1f73 at height 329 received
[2026-09-29T21:58:22.145Z DEBUG blacksilk_p2p::net::blocks] peer 5: block f0ca2bb42d0e at height 334 received
[2026-09-29T21:58:22.145Z DEBUG blacksilk_p2p::net::blocks] peer 2: block 908169ee8529 at height 330 received
[2026-09-29T21:58:22.145Z DEBUG blacksilk_p2p::net::blocks] peer 4: block e4aca4678262 at height 333 received
[2026-09-29T21:58:22.145Z DEBUG blacksilk_p2p::net::blocks] peer 2: block 40e7aedbff6c at height 331 received
[2026-09-29T21:58:22.147Z DEBUG blacksilk_p2p::net::headers] peer 3: 326 headers up to height 334 accepted (new: false)
[2026-09-29T21:58:22.153Z DEBUG blacksilk_p2p::net::headers] peer 4: 326 headers up to height 334 accepted (new: false)
[2026-09-29T21:58:22.160Z DEBUG blacksilk_p2p::net::headers] peer 2: 326 headers up to height 334 accepted (new: false)
[2026-09-29T21:58:22.167Z DEBUG blacksilk_p2p::net::headers] peer 5: 326 headers up to height 334 accepted (new: false)
